Component: ARM Compiler 6.16 Tool: armlink [5dfeaa00]

==============================================================================

Section Cross References

    startup_samg55.o(RESET) refers to startup_samg55.o(STACK) for __initial_sp
    startup_samg55.o(RESET) refers to startup_samg55.o(.text) for Reset_Handler
    startup_samg55.o(RESET) refers to lto-llvm-22260d.o(.text.NMI_Handler) for NMI_Handler
    startup_samg55.o(RESET) refers to lto-llvm-22260d.o(.text.MemManage_Handler) for MemManage_Handler
    startup_samg55.o(RESET) refers to lto-llvm-22260d.o(.text.BusFault_Handler) for BusFault_Handler
    startup_samg55.o(RESET) refers to lto-llvm-22260d.o(.text.UsageFault_Handler) for UsageFault_Handler
    startup_samg55.o(RESET) refers to lto-llvm-22260d.o(.text.SUPC_Handler) for SUPC_Handler
    startup_samg55.o(RESET) refers to lto-llvm-22260d.o(.text.RSTC_Handler) for RSTC_Handler
    startup_samg55.o(RESET) refers to lto-llvm-22260d.o(.text.FLEXCOM0_Handler) for FLEXCOM0_Handler
    startup_samg55.o(RESET) refers to lto-llvm-22260d.o(.text.PIOA_Handler) for PIOA_Handler
    startup_samg55.o(RESET) refers to lto-llvm-22260d.o(.text.PIOB_Handler) for PIOB_Handler
    startup_samg55.o(RESET) refers to lto-llvm-22260d.o(.text.FLEXCOM4_Handler) for FLEXCOM4_Handler
    startup_samg55.o(RESET) refers to lto-llvm-22260d.o(.text.TC2_Handler) for TC2_Handler
    startup_samg55.o(RESET) refers to lto-llvm-22260d.o(.text.TC3_Handler) for TC3_Handler
    startup_samg55.o(RESET) refers to lto-llvm-22260d.o(.text.TC4_Handler) for TC4_Handler
    startup_samg55.o(RESET) refers to lto-llvm-22260d.o(.text.ADC_Handler) for ADC_Handler
    startup_samg55.o(RESET) refers to lto-llvm-22260d.o(.text.UDP_Handler) for UDP_Handler
    startup_samg55.o(.text) refers to lto-llvm-22260d.o(.text.SystemInit) for SystemInit
    startup_samg55.o(.text) refers to entry.o(.ARM.Collect$$$$00000000) for __main
    macmib.o(.text) refers to memmovea.o(.text) for __aeabi_memcpy
    macmib.o(.text) refers to macmib.o(.bss) for .bss
    macmib.o(.text) refers to lto-llvm-22260d.o(.text.MacRtGetRequestSync) for MacRtGetRequestSync
    macmib.o(.text) refers to macmib.o(.constdata) for .constdata
    macmib.o(.text) refers to macmib.o(i.__ARM_common_memcpy4_5) for __ARM_common_memcpy4_5
    macmib.o(.text) refers to lto-llvm-22260d.o(.text.MacRtSetRequestSync) for MacRtSetRequestSync
    macmib.o(.text) refers to memcmp.o(.text) for memcmp
    macmib.o(.text) refers to memseta.o(.text) for __aeabi_memclr
    macmib.o(.text) refers to macmib.o(i.__ARM_common_memclr4_6) for __ARM_common_memclr4_6
    macmib.o(.text) refers to lto-llvm-22260d.o(.text.Random32) for Random32
    macsublayer.o(.text) refers to lto-llvm-22260d.o(.text.oss_get_up_time_ms) for oss_get_up_time_ms
    macsublayer.o(.text) refers to memmovea.o(.text) for __aeabi_memcpy
    macsublayer.o(.text) refers to macmib.o(.text) for MacMlmeGetRequestSync
    macsublayer.o(.text) refers to maclow.o(.text) for MacLowResetRequest
    macsublayer.o(.text) refers to lto-llvm-22260d.o(.text.MacRtSetCoordinator) for MacRtSetCoordinator
    macsublayer.o(.text) refers to macmib.o(i.__ARM_common_memclr4_6) for __ARM_common_memclr4_6
    macsublayer.o(.text) refers to macsublayer.o(.bss) for .bss
    macsublayer.o(.text) refers to macsublayer.o(.constdata) for .constdata
    macsublayer.o(.text) refers to macmib.o(.bss) for g_MacMib
    macsublayer.o(.text) refers to macsublayer.o(.data) for .data
    macsublayer.o(.text) refers to macconstants.o(.data) for g_ToneMapDefault
    macsublayer.o(.text) refers to lto-llvm-22260d.o(.text.MacRtGetPhyTime) for MacRtGetPhyTime
    macsublayer.o(.text) refers to lto-llvm-22260d.o(.text.Random32Ex) for Random32Ex
    macsublayer.o(.text) refers to macsublayer.o(i.__ARM_common_memcpy4_10) for __ARM_common_memcpy4_10
    macsublayer.o(.text) refers to macconstants.o(.text) for MacConstantsInitialize
    macsublayer.o(.text) refers to lto-llvm-22260d.o(.text.MacRtGetRequestSync) for MacRtGetRequestSync
    macsublayer.o(.text) refers to memseta.o(.text) for __aeabi_memset
    macsublayer.o(.text) refers to macconstants.o(.bss) for g_NeighbourEntryDefault
    protoloadng.o(.text) refers to memseta.o(.text) for __aeabi_memclr4
    protoloadng.o(.text) refers to lto-llvm-22260d.o(.text.Timer_Unregister) for Timer_Unregister
    protoloadng.o(.text) refers to lto-llvm-22260d.o(.text.Timer_Register) for Timer_Register
    protoloadng.o(.text) refers to lto-llvm-22260d.o(.text.Timer_IsPast) for Timer_IsPast
    protoloadng.o(.text) refers to protoloadng_getset.o(.text) for GetAdpShortAddress
    protoloadng.o(.text) refers to protoloadng.o(.bss) for .bss
    protoloadng.o(.text) refers to proto6lowpan.o(.text) for LoWPAN_Encode_CMD_Loadng
    protoloadng.o(.text) refers to adpmacinterface.o(.text) for AdpMac_DataRequestHelper
[...]
    LoWPAN_Decode_MeshHeader                 0x0040d243   Thumb Code    72  proto6lowpan.o(.text)
    LoWPAN_Encode_Frag1Header                0x0040d28b   Thumb Code    72  proto6lowpan.o(.text)
    LoWPAN_Decode_Frag1Header                0x0040d2d3   Thumb Code    60  proto6lowpan.o(.text)
    LoWPAN_Encode_FragNHeader                0x0040d30f   Thumb Code    80  proto6lowpan.o(.text)
    LoWPAN_Decode_FragNHeader                0x0040d35f   Thumb Code    74  proto6lowpan.o(.text)
    LoWPAN_IsMeshHeader                      0x0040d3a9   Thumb Code    28  proto6lowpan.o(.text)
    LoWPAN_IsIPv6Header                      0x0040d3c5   Thumb Code    22  proto6lowpan.o(.text)
    LoWPAN_IsCompressedIPv6Header            0x0040d3db   Thumb Code    28  proto6lowpan.o(.text)
    LoWPAN_IsBroadcastHeader                 0x0040d3f7   Thumb Code    22  proto6lowpan.o(.text)
    LoWPAN_IsEscHeader                       0x0040d40d   Thumb Code    22  proto6lowpan.o(.text)
    LoWPAN_IsFrag1Header                     0x0040d423   Thumb Code    26  proto6lowpan.o(.text)
    LoWPAN_IsFragNHeader                     0x0040d43d   Thumb Code    26  proto6lowpan.o(.text)
    LoWPAN_Decode_EscHeader                  0x0040d457   Thumb Code    48  proto6lowpan.o(.text)
    LoWPAN_Decode_IPv6                       0x0040d487   Thumb Code    24  proto6lowpan.o(.text)
    GetFragmentedDataEntry                   0x0040d49f   Thumb Code   216  proto6lowpan.o(.text)
    AddFragment                              0x0040d577   Thumb Code   172  proto6lowpan.o(.text)
    DataFragmentReceived                     0x0040d623   Thumb Code   166  proto6lowpan.o(.text)
    LoWPAN_DataSend_Callback                 0x0040d6c9   Thumb Code     2  proto6lowpan.o(.text)
    IsGroupAddress                           0x0040d6cb   Thumb Code    60  proto6lowpan.o(.text)
    SearchBroadcastLogTable                  0x0040d707   Thumb Code    66  proto6lowpan.o(.text)
    AddBroadcastLogTable                     0x0040d749   Thumb Code   112  proto6lowpan.o(.text)
    IPv6_IsValid                             0x0040d7bd   Thumb Code   126  protorfc6282.o(.text)
    IPv6_GetShortDestinationAddress          0x0040d83b   Thumb Code   172  protorfc6282.o(.text)
    IPv6_IsMulticast                         0x0040d8e7   Thumb Code    22  protorfc6282.o(.text)
    IPv6_RepairHeader                        0x0040d9c9   Thumb Code   140  protorfc6282.o(.text)
    IPv6_DecompressHeader                    0x0040decd   Thumb Code   990  protorfc6282.o(.text)
    IPv6_CompressHeader                      0x0040e615   Thumb Code  1446  protorfc6282.o(.text)
    ProtoLoadNg_RouteCost_GetLinkCostUnidirectional_CapacityMetric 0x0040ebbd   Thumb Code   270  protoloadng_routecost_capacitymetric.o(.text)
    ProtoLoadNg_RouteCost_GetLinkCost_CapacityMetric 0x0040eccb   Thumb Code    56  protoloadng_routecost_capacitymetric.o(.text)
    ProtoLoadNg_RouteCost_WeakLinkAdjust_CapacityMetric 0x0040ed03   Thumb Code     4  protoloadng_routecost_capacitymetric.o(.text)
    ProtoLoadNg_RouteCost_GetLinkCostUnidirectional_CompositeMetric 0x0040ed0d   Thumb Code   564  protoloadng_routecost_compositemetric.o(.text)
    ProtoLoadNg_RouteCost_GetLinkCost_CompositeMetric 0x0040ef41   Thumb Code   300  protoloadng_routecost_compositemetric.o(.text)
    ProtoLoadNg_RouteCost_WeakLinkAdjust_CompositeMetric 0x0040f06d   Thumb Code     4  protoloadng_routecost_compositemetric.o(.text)
    ProtoLoadNg_RouteCost_GetLinkCost_HopCount 0x0040f085   Thumb Code     4  protoloadng_routecost_hopcount.o(.text)
    ProtoLoadNg_RouteCost_GetLinkCostUnidirectional_HopCount 0x0040f089   Thumb Code     4  protoloadng_routecost_hopcount.o(.text)
    ProtoLoadNg_RouteCost_WeakLinkAdjust_HopCount 0x0040f08d   Thumb Code     4  protoloadng_routecost_hopcount.o(.text)
    rand                                     0x0040f091   Thumb Code    20  rand.o(.text)
    srand                                    0x0040f0a5   Thumb Code     6  rand.o(.text)
    ___aeabi_memcpy8$move                    0x0040f0b5   Thumb Code     0  memmovea.o(.text)
    __aeabi_memcpy                           0x0040f0b5   Thumb Code    64  memmovea.o(.text)
    __aeabi_memcpy4                          0x0040f0b5   Thumb Code     0  memmovea.o(.text)
    __aeabi_memmove                          0x0040f0b5   Thumb Code     0  memmovea.o(.text)
    __aeabi_memmove4                         0x0040f0b5   Thumb Code     0  memmovea.o(.text)
    __aeabi_memmove8                         0x0040f0b5   Thumb Code     0  memmovea.o(.text)
    __aeabi_memset                           0x0040f0f5   Thumb Code    14  memseta.o(.text)
    __aeabi_memset4                          0x0040f0f5   Thumb Code     0  memseta.o(.text)
    __aeabi_memset8                          0x0040f0f5   Thumb Code     0  memseta.o(.text)
    __aeabi_memclr                           0x0040f103   Thumb Code     4  memseta.o(.text)
    __aeabi_memclr4                          0x0040f103   Thumb Code     0  memseta.o(.text)
    __aeabi_memclr8                          0x0040f103   Thumb Code     0  memseta.o(.text)
    memset                                   0x0040f107   Thumb Code    18  memseta.o(.text)
    memchr                                   0x0040f119   Thumb Code    20  memchr.o(.text)
    memcmp                                   0x0040f12d   Thumb Code    26  memcmp.o(.text)
    __aeabi_dadd                             0x0040f147   Thumb Code   322  dadd.o(.text)
    __aeabi_dsub                             0x0040f289   Thumb Code     6  dadd.o(.text)
    __aeabi_drsub                            0x0040f28f   Thumb Code     6  dadd.o(.text)
    __aeabi_dmul                             0x0040f295   Thumb Code   228  dmul.o(.text)
    __aeabi_ddiv                             0x0040f379   Thumb Code   222  ddiv.o(.text)
    __ARM_scalbn                             0x0040f457   Thumb Code    46  dscalb.o(.text)
    scalbn                                   0x0040f457   Thumb Code     0  dscalb.o(.text)
    __aeabi_ui2d                             0x0040f485   Thumb Code    26  dfltui.o(.text)
    __aeabi_f2uiz                            0x0040f49f   Thumb Code    40  ffixui.o(.text)
    __aeabi_d2uiz                            0x0040f4c7   Thumb Code    50  dfixui.o(.text)
    __aeabi_cdcmpeq                          0x0040f4f9   Thumb Code     0  cdcmple.o(.text)
    __aeabi_cdcmple                          0x0040f4f9   Thumb Code    48  cdcmple.o(.text)
    __aeabi_cdrcmple                         0x0040f529   Thumb Code    48  cdrcmple.o(.text)
    __aeabi_d2f                              0x0040f559   Thumb Code    56  d2f.o(.text)
    __aeabi_uidiv                            0x0040f591   Thumb Code     0  uidiv.o(.text)
    __aeabi_uidivmod                         0x0040f591   Thumb Code    44  uidiv.o(.text)
    __aeabi_uldivmod                         0x0040f5bd   Thumb Code    98  uldiv.o(.text)
    __aeabi_llsl                             0x0040f61f   Thumb Code    30  llshl.o(.text)
    _ll_shift_l                              0x0040f61f   Thumb Code     0  llshl.o(.text)
    __aeabi_llsr                             0x0040f63d   Thumb Code    32  llushr.o(.text)
    _ll_ushift_r                             0x0040f63d   Thumb Code     0  llushr.o(.text)
    __aeabi_lasr                             0x0040f65d   Thumb Code    36  llsshr.o(.text)
    _ll_sshift_r                             0x0040f65d   Thumb Code     0  llsshr.o(.text)
    __I$use$fp                               0x0040f681   Thumb Code     0  iusefp.o(.text)
    _float_round                             0x0040f681   Thumb Code    18  fepilogue.o(.text)
    _float_epilogue                          0x0040f693   Thumb Code    92  fepilogue.o(.text)
    _double_round                            0x0040f6ef   Thumb Code    30  depilogue.o(.text)
    _double_epilogue                         0x0040f70d   Thumb Code   156  depilogue.o(.text)
    __aeabi_d2ulz                            0x0040f7a9   Thumb Code    48  dfixul.o(.text)
    __scatterload                            0x0040f7d9   Thumb Code    28  init.o(.text)
    __scatterload_rt2                        0x0040f7d9   Thumb Code     0  init.o(.text)
    ADC_Handler                              0x0040f7fd   Thumb Code    66  lto-llvm-22260d.o(.text.ADC_Handler)
    AdpConfGet100BufPtr                      0x0040f841   Thumb Code    24  lto-llvm-22260d.o(.text.AdpConfGet100BufPtr)
    AdpConfGet1280BufPtr                     0x0040f859   Thumb Code    24  lto-llvm-22260d.o(.text.AdpConfGet1280BufPtr)
    AdpConfGet400BufPtr                      0x0040f871   Thumb Code    24  lto-llvm-22260d.o(.text.AdpConfGet400BufPtr)
    AdpConfGetFragmentedTransferTablePtr     0x0040f889   Thumb Code    24  lto-llvm-22260d.o(.text.AdpConfGetFragmentedTransferTablePtr)
    AdpConfGetProcessQueuePtr                0x0040f8a1   Thumb Code    24  lto-llvm-22260d.o(.text.AdpConfGetProcessQueuePtr)
    BootstrapWrapper_ForceJoinStatus         0x004115e1   Thumb Code    44  lto-llvm-22260d.o(.text.BootstrapWrapper_ForceJoinStatus)
    BootstrapWrapper_ForceJoined             0x0041160d   Thumb Code    32  lto-llvm-22260d.o(.text.BootstrapWrapper_ForceJoined)
    BootstrapWrapper_InitEapPsk              0x0041162d   Thumb Code   154  lto-llvm-22260d.o(.text.BootstrapWrapper_InitEapPsk)
    BootstrapWrapper_JoinRequest             0x004116c9   Thumb Code   278  lto-llvm-22260d.o(.text.BootstrapWrapper_JoinRequest)
    BootstrapWrapper_LeaveRequest            0x004117e1   Thumb Code    94  lto-llvm-22260d.o(.text.BootstrapWrapper_LeaveRequest)
    BootstrapWrapper_ProcessMessage          0x00411841   Thumb Code   386  lto-llvm-22260d.o(.text.BootstrapWrapper_ProcessMessage)
    BootstrapWrapper_Reset                   0x004119c5   Thumb Code    28  lto-llvm-22260d.o(.text.BootstrapWrapper_Reset)
    BusFault_Handler                         0x004119e1   Thumb Code    12  lto-llvm-22260d.o(.text.BusFault_Handler)
    FLEXCOM0_Handler                         0x004119ed   Thumb Code   102  lto-llvm-22260d.o(.text.FLEXCOM0_Handler)
    FLEXCOM4_Handler                         0x00411a55   Thumb Code   300  lto-llvm-22260d.o(.text.FLEXCOM4_Handler)
    HyALDataRequest                          0x00411b81   Thumb Code   248  lto-llvm-22260d.o(.text.HyALDataRequest)
    HyALEventHandler                         0x00411c79   Thumb Code    14  lto-llvm-22260d.o(.text.HyALEventHandler)
    HyALGetNeighbourTableSize                0x00411c89   Thumb Code    12  lto-llvm-22260d.o(.text.HyALGetNeighbourTableSize)
    HyALGetRequestSync                       0x00411c95   Thumb Code    42  lto-llvm-22260d.o(.text.HyALGetRequestSync)
    HyALInitialize                           0x00411cc1   Thumb Code   704  lto-llvm-22260d.o(.text.HyALInitialize)
    HyALResetRequest                         0x00411f81   Thumb Code    34  lto-llvm-22260d.o(.text.HyALResetRequest)
    HyALScanRequest                          0x00411fa5   Thumb Code    34  lto-llvm-22260d.o(.text.HyALScanRequest)
    HyALSetRequestSync                       0x00411fc9   Thumb Code    42  lto-llvm-22260d.o(.text.HyALSetRequestSync)
    HyALStartRequest                         0x00411ff5   Thumb Code    34  lto-llvm-22260d.o(.text.HyALStartRequest)
    MacRtEventHandler                        0x004128f9   Thumb Code   362  lto-llvm-22260d.o(.text.MacRtEventHandler)
    MacRtGetPhyTime                          0x00412a65   Thumb Code    28  lto-llvm-22260d.o(.text.MacRtGetPhyTime)
    MacRtGetRequestSync                      0x00412a81   Thumb Code    22  lto-llvm-22260d.o(.text.MacRtGetRequestSync)
    MacRtGetToneMapResponseData              0x00412a99   Thumb Code    34  lto-llvm-22260d.o(.text.MacRtGetToneMapResponseData)
    MacRtInitialize                          0x00412abd   Thumb Code   838  lto-llvm-22260d.o(.text.MacRtInitialize)
    MacRtResetRequest                        0x00412e05   Thumb Code   636  lto-llvm-22260d.o(.text.MacRtResetRequest)
    MacRtSetCoordinator                      0x004130ad   Thumb Code    20  lto-llvm-22260d.o(.text.MacRtSetCoordinator)
    MacRtSetRequestSync                      0x004130c1   Thumb Code   634  lto-llvm-22260d.o(.text.MacRtSetRequestSync)
    MacRtTxRequest                           0x0041333d   Thumb Code    76  lto-llvm-22260d.o(.text.MacRtTxRequest)
    MemManage_Handler                        0x00413389   Thumb Code    12  lto-llvm-22260d.o(.text.MemManage_Handler)
    NMI_Handler                              0x00413395   Thumb Code    12  lto-llvm-22260d.o(.text.NMI_Handler)
    PIOA_Handler                             0x004133a1   Thumb Code    14  lto-llvm-22260d.o(.text.PIOA_Handler)
    PIOB_Handler                             0x004133b1   Thumb Code    14  lto-llvm-22260d.o(.text.PIOB_Handler)
    PalRfEventHandler                        0x004133c1   Thumb Code  1034  lto-llvm-22260d.o(.text.PalRfEventHandler)
    PalRfGetParam                            0x004137cd   Thumb Code  1240  lto-llvm-22260d.o(.text.PalRfGetParam)
    PalRfGetParamLen                         0x00413ca5   Thumb Code   606  lto-llvm-22260d.o(.text.PalRfGetParamLen)
    PalRfGetPhyTime                          0x00413f05   Thumb Code   230  lto-llvm-22260d.o(.text.PalRfGetPhyTime)
    PalRfInitialize                          0x00413fed   Thumb Code   566  lto-llvm-22260d.o(.text.PalRfInitialize)
    PalRfResetRequest                        0x00414225   Thumb Code    92  lto-llvm-22260d.o(.text.PalRfResetRequest)
    PalRfSetParam                            0x00414281   Thumb Code   110  lto-llvm-22260d.o(.text.PalRfSetParam)
    PalRfTxCancel                            0x004142f1   Thumb Code    40  lto-llvm-22260d.o(.text.PalRfTxCancel)
    PalRfTxRequest                           0x00414319   Thumb Code   210  lto-llvm-22260d.o(.text.PalRfTxRequest)
    Queue_Pop                                0x004147ed   Thumb Code    22  lto-llvm-22260d.o(.text.Queue_Pop)
    Queue_Push                               0x00414805   Thumb Code    84  lto-llvm-22260d.o(.text.Queue_Push)
    RSTC_Handler                             0x00414859   Thumb Code    58  lto-llvm-22260d.o(.text.RSTC_Handler)
    Random16Ex                               0x00414895   Thumb Code    50  lto-llvm-22260d.o(.text.Random16Ex)
    Random32                                 0x004148c9   Thumb Code    40  lto-llvm-22260d.o(.text.Random32)
    Random32Ex                               0x004148f1   Thumb Code    70  lto-llvm-22260d.o(.text.Random32Ex)
    Random_Initialize                        0x00414939   Thumb Code   130  lto-llvm-22260d.o(.text.Random_Initialize)
    RoutingGetMib                            0x004149bd   Thumb Code     4  lto-llvm-22260d.o(.text.RoutingGetMib)
    RoutingSetMib                            0x004149c1   Thumb Code     4  lto-llvm-22260d.o(.text.RoutingSetMib)
    Routing_AddBlacklistOnMedium             0x004149c5   Thumb Code     4  lto-llvm-22260d.o(.text.Routing_AddBlacklistOnMedium)
    Routing_AddCircularRoute                 0x004149c9   Thumb Code     4  lto-llvm-22260d.o(.text.Routing_AddCircularRoute)
    Routing_AddRoute                         0x004149cd   Thumb Code     4  lto-llvm-22260d.o(.text.Routing_AddRoute)
    Routing_AdpDefaultCoordRouteEnabled      0x004149d1   Thumb Code    28  lto-llvm-22260d.o(.text.Routing_AdpDefaultCoordRouteEnabled)
    Routing_AdpRREPWait                      0x004149ed   Thumb Code    22  lto-llvm-22260d.o(.text.Routing_AdpRREPWait)
    Routing_DeleteRoute                      0x00414a05   Thumb Code     4  lto-llvm-22260d.o(.text.Routing_DeleteRoute)
    Routing_DiscoverPath                     0x00414a09   Thumb Code    50  lto-llvm-22260d.o(.text.Routing_DiscoverPath)
    Routing_DiscoverRoute                    0x00414a3d   Thumb Code    74  lto-llvm-22260d.o(.text.Routing_DiscoverRoute)
    Routing_GetDiscoverRouteGlobalSeqNo      0x00414a89   Thumb Code    26  lto-llvm-22260d.o(.text.Routing_GetDiscoverRouteGlobalSeqNo)
    Routing_GetRoute                         0x00414aa5   Thumb Code     4  lto-llvm-22260d.o(.text.Routing_GetRoute)
    Routing_GetRouteAndMediaType             0x00414aa9   Thumb Code     4  lto-llvm-22260d.o(.text.Routing_GetRouteAndMediaType)
    Routing_GetRouteEntry                    0x00414aad   Thumb Code    38  lto-llvm-22260d.o(.text.Routing_GetRouteEntry)
    Routing_IsAutoRREQDisabled               0x00414ad5   Thumb Code    32  lto-llvm-22260d.o(.text.Routing_IsAutoRREQDisabled)
    Routing_IsDisabled                       0x00414af5   Thumb Code    28  lto-llvm-22260d.o(.text.Routing_IsDisabled)
    Routing_IsInDestinationAddressSet        0x00414b11   Thumb Code     4  lto-llvm-22260d.o(.text.Routing_IsInDestinationAddressSet)
    Routing_NotifyRouteError                 0x00414b15   Thumb Code     4  lto-llvm-22260d.o(.text.Routing_NotifyRouteError)
    Routing_ProcessMessage                   0x00414b19   Thumb Code    28  lto-llvm-22260d.o(.text.Routing_ProcessMessage)
    Routing_RefreshRoute                     0x00414b35   Thumb Code     4  lto-llvm-22260d.o(.text.Routing_RefreshRoute)
    Routing_RemoveBlacklistOnMedium          0x00414b39   Thumb Code     4  lto-llvm-22260d.o(.text.Routing_RemoveBlacklistOnMedium)
    Routing_Reset                            0x00414b3d   Thumb Code   132  lto-llvm-22260d.o(.text.Routing_Reset)
    Routing_RouteExists                      0x00414bc1   Thumb Code     4  lto-llvm-22260d.o(.text.Routing_RouteExists)
    Routing_SetDiscoverRouteGlobalSeqNo      0x00414bc5   Thumb Code    38  lto-llvm-22260d.o(.text.Routing_SetDiscoverRouteGlobalSeqNo)
    SUPC_Handler                             0x00414bed   Thumb Code    30  lto-llvm-22260d.o(.text.SUPC_Handler)
    SystemInit                               0x00414c0d   Thumb Code    46  lto-llvm-22260d.o(.text.SystemInit)
    TC2_Handler                              0x00414c3d   Thumb Code  1198  lto-llvm-22260d.o(.text.TC2_Handler)
    TC3_Handler                              0x004150ed   Thumb Code   286  lto-llvm-22260d.o(.text.TC3_Handler)
    TC4_Handler                              0x0041520d   Thumb Code   152  lto-llvm-22260d.o(.text.TC4_Handler)
    Timer_EventHandler                       0x004152a5   Thumb Code   112  lto-llvm-22260d.o(.text.Timer_EventHandler)
    Timer_IsPast                             0x00415315   Thumb Code    22  lto-llvm-22260d.o(.text.Timer_IsPast)
    Timer_IsPast10Seconds                    0x0041532d   Thumb Code    22  lto-llvm-22260d.o(.text.Timer_IsPast10Seconds)
    Timer_IsPastCmp                          0x00415345   Thumb Code    12  lto-llvm-22260d.o(.text.Timer_IsPastCmp)
    Timer_IsRegistered                       0x00415351   Thumb Code    58  lto-llvm-22260d.o(.text.Timer_IsRegistered)
    Timer_Register                           0x0041538d   Thumb Code   128  lto-llvm-22260d.o(.text.Timer_Register)
    Timer_ResetAll                           0x0041540d   Thumb Code    14  lto-llvm-22260d.o(.text.Timer_ResetAll)
    Timer_SignedSysGetUpTime10Seconds        0x0041541d   Thumb Code    12  lto-llvm-22260d.o(.text.Timer_SignedSysGetUpTime10Seconds)
    Timer_SignedSysGetUpTimeTenthsSeconds    0x00415429   Thumb Code    12  lto-llvm-22260d.o(.text.Timer_SignedSysGetUpTimeTenthsSeconds)
    Timer_Unregister                         0x00415435   Thumb Code    66  lto-llvm-22260d.o(.text.Timer_Unregister)
    UDP_Handler                              0x00415479   Thumb Code  6652  lto-llvm-22260d.o(.text.UDP_Handler)
    UsageFault_Handler                       0x00416e99   Thumb Code    12  lto-llvm-22260d.o(.text.UsageFault_Handler)
    cipher_wrapper_ccm_auth_decrypt          0x0041fb29   Thumb Code   198  lto-llvm-22260d.o(.text.cipher_wrapper_ccm_auth_decrypt)
    cipher_wrapper_ccm_encrypt_and_tag       0x0041fbf1   Thumb Code    64  lto-llvm-22260d.o(.text.cipher_wrapper_ccm_encrypt_and_tag)
    cipher_wrapper_ccm_free                  0x0041fc31   Thumb Code    80  lto-llvm-22260d.o(.text.cipher_wrapper_ccm_free)
    cipher_wrapper_ccm_init                  0x0041fc81   Thumb Code    10  lto-llvm-22260d.o(.text.cipher_wrapper_ccm_init)
    cipher_wrapper_ccm_setkey                0x0041fc8d   Thumb Code   216  lto-llvm-22260d.o(.text.cipher_wrapper_ccm_setkey)
    crypto_init                              0x00420649   Thumb Code   124  lto-llvm-22260d.o(.text.crypto_init)
    fputc                                    0x00421c2d   Thumb Code    50  lto-llvm-22260d.o(.text.fputc)
    main                                     0x00422215   Thumb Code    42  lto-llvm-22260d.o(.text.main)
    oss_get_up_time_ms                       0x00423f89   Thumb Code    12  lto-llvm-22260d.o(.text.oss_get_up_time_ms)
    __0printf                                0x0042ebc5   Thumb Code    22  printfa.o(i.__0printf)
    __1printf                                0x0042ebc5   Thumb Code     0  printfa.o(i.__0printf)
    __2printf                                0x0042ebc5   Thumb Code     0  printfa.o(i.__0printf)
    __c89printf                              0x0042ebc5   Thumb Code     0  printfa.o(i.__0printf)
    printf                                   0x0042ebc5   Thumb Code     0  printfa.o(i.__0printf)
    __ARM_common_memclr4_6                   0x0042ebe5   Thumb Code     8  macmib.o(i.__ARM_common_memclr4_6)
    __ARM_common_memclr4_8                   0x0042ebed   Thumb Code     8  protoloadng.o(i.__ARM_common_memclr4_8)
    __ARM_common_memcpy4_10                  0x0042ebf5   Thumb Code    18  macsublayer.o(i.__ARM_common_memcpy4_10)
    __ARM_common_memcpy4_5                   0x0042ec07   Thumb Code    10  macmib.o(i.__ARM_common_memcpy4_5)
    __scatterload_copy                       0x0042ec11   Thumb Code    14  handlers.o(i.__scatterload_copy)
    __scatterload_null                       0x0042ec1f   Thumb Code     2  handlers.o(i.__scatterload_null)
    __scatterload_zeroinit                   0x0042ec21   Thumb Code    14  handlers.o(i.__scatterload_zeroinit)
    puts                                     0x0042f4e5   Thumb Code    30  puts.o(i.puts)
    atpl_bin_cena_start                      0x00430800   Number         0  atpl_bin_multi.o(.rodata)
    atpl_bin_cena_end                        0x00440000   Number         0  atpl_bin_multi.o(.rodata)
    atpl_bin_fcc_start                       0x00440000   Number         0  atpl_bin_multi.o(.rodata)
    atpl_bin_fcc_end                         0x00450700   Number         0  atpl_bin_multi.o(.rodata)
    Region$$Table$$Base                      0x00452004   Number         0  anon$$obj.o(Region$$Table)
    Region$$Table$$Limit                     0x00452034   Number         0  anon$$obj.o(Region$$Table)
    g_ToneMapDefault                         0x20000257   Data           3  macconstants.o(.data)
    g_BandInformation                        0x2000025a   Data           4  macconstants.o(.data)
    g_MacMib                                 0x20000380   Data         180  macmib.o(.bss)
    g_LoadNgContext                          0x200007f8   Data         296  protoloadng.o(.bss)
    g_MacMibRF                               0x200009a0   Data         172  macrfmib.o(.bss)
    g_AdpExecutionContext                    0x20000de4   Data        2450  adp.o(.bss)
    g_NeighbourEntryDefault                  0x20001776   Data          18  macconstants.o(.bss)
    __stdout                                 0x200021c0   Data          84  lto-llvm-22260d.o(.bss)
    __initial_sp                             0x20020a50   Data           0  startup_samg55.o(STACK)



==============================================================================

Memory Map of the image

  Image Entry point : 0x00400109

  Load Region LR_IROM1 (Base: 0x00400000, Size: 0x000523c0, Max: 0x00080000, ABSOLUTE)

    Execution Region ER_IROM1 (Exec base: 0x00400000, Load base: 0x00400000, Size: 0x00052034, Max: 0x00080000, ABSOLUTE)

    Exec Addr    Load Addr    Size         Type   Attr      Idx    E Section Name        Object

    0x00400000   0x00400000   0x00000108   Data   RO            3    RESET               startup_samg55.o
    0x00400108   0x00400108   0x00000000   Code   RO          240  * .ARM.Collect$$$$00000000  mc_w.l(entry.o)
    0x00400108   0x00400108   0x00000004   Code   RO          576    .ARM.Collect$$$$00000001  mc_w.l(entry2.o)
    0x0040010c   0x0040010c   0x00000004   Code   RO          579    .ARM.Collect$$$$00000004  mc_w.l(entry5.o)
    0x00400110   0x00400110   0x00000000   Code   RO          581    .ARM.Collect$$$$00000008  mc_w.l(entry7b.o)
    0x00400110   0x00400110   0x00000000   Code   RO          583    .ARM.Collect$$$$0000000A  mc_w.l(entry8b.o)
    0x00400110   0x00400110   0x00000008   Code   RO          584    .ARM.Collect$$$$0000000B  mc_w.l(entry9a.o)
    0x00400118   0x00400118   0x00000000   Code   RO          586    .ARM.Collect$$$$0000000D  mc_w.l(entry10a.o)
    0x00400118   0x00400118   0x00000000   Code   RO          588    .ARM.Collect$$$$0000000F  mc_w.l(entry11a.o)
    0x00400118   0x00400118   0x00000004   Code   RO          577    .ARM.Collect$$$$00002712  mc_w.l(entry2.o)
    0x0040011c   0x0040011c   0x00000024   Code   RO            4    .text               startup_samg55.o
    0x00400140   0x00400140   0x00000ff0   Code   RO          142    .text               lib-g3-keil-mac.lib(macmib.o)
    0x00401130   0x00401130   0x00000f50   Code   RO          150    .text               lib-g3-keil-mac.lib(macsublayer.o)
    0x00402080   0x00402080   0x000029a0   Code   RO          157    .text               lib-g3-keil-loadng-hyb.lib(protoloadng.o)
    0x00404a20   0x00404a20   0x00000c9c   Code   RO          162    .text               lib-g3-keil-loadng-hyb.lib(protoloadng_getset.o)
    0x004056bc   0x004056bc   0x0000104c   Code   RO          164    .text               lib-g3-keil-mac-rf.lib(macrfmib.o)
    0x00406708   0x00406708   0x00000618   Code   RO          168    .text               lib-g3-keil-mac-rf.lib(macrfsublayer.o)
    0x00406d20   0x00406d20   0x000006c8   Code   RO          173    .text               lib-g3-keil-adp-hyb.lib(adp.o)
    0x004073e8   0x004073e8   0x000000e0   Code   RO          176    .text               lib-g3-keil-adp-hyb.lib(adpdata.o)
    0x004074c8   0x004074c8   0x00000060   Code   RO          178    .text               lib-g3-keil-adp-hyb.lib(adpdiscovery.o)
    0x00407528   0x00407528   0x00000ec8   Code   RO          180    .text               lib-g3-keil-adp-hyb.lib(adpgetset.o)
    0x004083f0   0x004083f0   0x00000108   Code   RO          183    .text               lib-g3-keil-adp-hyb.lib(adplbp.o)
    0x004084f8   0x004084f8   0x00000cd8   Code   RO          185    .text               lib-g3-keil-adp-hyb.lib(adpmacinterface.o)
    0x004091d0   0x004091d0   0x0000037c   Code   RO          196    .text               lib-g3-keil-adp-hyb.lib(adpnetwork.o)
    0x0040954c   0x0040954c   0x00000084   Code   RO          199    .text               lib-g3-keil-adp-hyb.lib(adppathdiscovery.o)
    0x004095d0   0x004095d0   0x00000030   Code   RO          201    .text               lib-g3-keil-adp-hyb.lib(adpreset.o)
    0x00409600   0x00409600   0x0000002c   Code   RO          203    .text               lib-g3-keil-adp-hyb.lib(adproutediscovery.o)
    0x0040962c   0x0040962c   0x00000094   Code   RO          205    .text               lib-g3-keil-mac.lib(macconstants.o)
    0x004096c0   0x004096c0   0x00001378   Code   RO          210    .text               lib-g3-keil-mac.lib(maclow.o)
    0x0040aa38   0x0040aa38   0x0000008a   Code   RO          215    .text               lib-g3-keil-loadng-hyb.lib(protoloadng_routecost.o)
    0x0040aac2   0x0040aac2   0x00000002   PAD
    0x0040aac4   0x0040aac4   0x00001956   Code   RO          217    .text               lib-g3-keil-mac-rf.lib(macrflow.o)
    0x0040c41a   0x0040c41a   0x00000002   PAD
    0x0040c41c   0x0040c41c   0x00000d04   Code   RO          222    .text               lib-g3-keil-adp-hyb.lib(adpcommon.o)
    0x0040d120   0x0040d120   0x0000069c   Code   RO          224    .text               lib-g3-keil-adp-hyb.lib(proto6lowpan.o)
    0x0040d7bc   0x0040d7bc   0x000013fe   Code   RO          226    .text               lib-g3-keil-adp-hyb.lib(protorfc6282.o)
    0x0040ebba   0x0040ebba   0x00000002   PAD
    0x0040ebbc   0x0040ebbc   0x00000150   Code   RO          228    .text               lib-g3-keil-loadng-hyb.lib(protoloadng_routecost_capacitymetric.o)
    0x0040ed0c   0x0040ed0c   0x00000378   Code   RO          230    .text               lib-g3-keil-loadng-hyb.lib(protoloadng_routecost_compositemetric.o)
    0x0040f084   0x0040f084   0x0000000c   Code   RO          232    .text               lib-g3-keil-loadng-hyb.lib(protoloadng_routecost_hopcount.o)
    0x0040f090   0x0040f090   0x00000024   Code   RO          249    .text               mc_w.l(rand.o)
    0x0040f0b4   0x0040f0b4   0x00000040   Code   RO          254    .text               mc_w.l(memmovea.o)
    0x0040f0f4   0x0040f0f4   0x00000024   Code   RO          258    .text               mc_w.l(memseta.o)
    0x0040f118   0x0040f118   0x00000014   Code   RO          264    .text               mc_w.l(memchr.o)
    0x0040f12c   0x0040f12c   0x0000001a   Code   RO          266    .text               mc_w.l(memcmp.o)
    0x0040f146   0x0040f146   0x0000014e   Code   RO          533    .text               mf_w.l(dadd.o)
    0x0040f294   0x0040f294   0x000000e4   Code   RO          535    .text               mf_w.l(dmul.o)
    0x0040f378   0x0040f378   0x000000de   Code   RO          537    .text               mf_w.l(ddiv.o)
    0x0040f456   0x0040f456   0x0000002e   Code   RO          539    .text               mf_w.l(dscalb.o)
    0x0040f484   0x0040f484   0x0000001a   Code   RO          541    .text               mf_w.l(dfltui.o)
    0x0040f49e   0x0040f49e   0x00000028   Code   RO          543    .text               mf_w.l(ffixui.o)
    0x0040f4c6   0x0040f4c6   0x00000032   Code   RO          545    .text               mf_w.l(dfixui.o)
    0x0040f4f8   0x0040f4f8   0x00000030   Code   RO          547    .text               mf_w.l(cdcmple.o)
    0x0040f528   0x0040f528   0x00000030   Code   RO          549    .text               mf_w.l(cdrcmple.o)
    0x0040f558   0x0040f558   0x00000038   Code   RO          551    .text               mf_w.l(d2f.o)
    0x0040f590   0x0040f590   0x0000002c   Code   RO          599    .text               mc_w.l(uidiv.o)
    0x0040f5bc   0x0040f5bc   0x00000062   Code   RO          601    .text               mc_w.l(uldiv.o)
    0x0040f61e   0x0040f61e   0x0000001e   Code   RO          603    .text               mc_w.l(llshl.o)
    0x0040f63c   0x0040f63c   0x00000020   Code   RO          605    .text               mc_w.l(llushr.o)
    0x0040f65c   0x0040f65c   0x00000024   Code   RO          607    .text               mc_w.l(llsshr.o)
    0x0040f680   0x0040f680   0x00000000   Code   RO          609    .text               mc_w.l(iusefp.o)
    0x0040f680   0x0040f680   0x0000006e   Code   RO          610    .text               mf_w.l(fepilogue.o)
    0x0040f6ee   0x0040f6ee   0x000000ba   Code   RO          612    .text               mf_w.l(depilogue.o)
    0x0040f7a8   0x0040f7a8   0x00000030   Code   RO          614    .text               mf_w.l(dfixul.o)
    0x0040f7d8   0x0040f7d8   0x00000024   Code   RO          616    .text               mc_w.l(init.o)
    0x0040f7fc   0x0040f7fc   0x00000042   Code   RO         1224    .text.ADC_Handler   lto-llvm-22260d.o
    0x0040f83e   0x0040f83e   0x00000002   PAD
    0x0040f840   0x0040f840   0x00000018   Code   RO          946    .text.AdpConfGet100BufPtr  lto-llvm-22260d.o
    0x0040f858   0x0040f858   0x00000018   Code   RO          942    .text.AdpConfGet1280BufPtr  lto-llvm-22260d.o
    0x0040f870   0x0040f870   0x00000018   Code   RO          944    .text.AdpConfGet400BufPtr  lto-llvm-22260d.o
    0x0040f888   0x0040f888   0x00000018   Code   RO          958    .text.AdpConfGetFragmentedTransferTablePtr  lto-llvm-22260d.o
    0x0040f8a0   0x0040f8a0   0x00000018   Code   RO          954    .text.AdpConfGetProcessQueuePtr  lto-llvm-22260d.o
    0x0040f8b8   0x0040f8b8   0x00000042   Code   RO          778    .text.AdpNotification_AdpdDataIndication  lto-llvm-22260d.o
    0x0040f8fa   0x0040f8fa   0x00000002   PAD
    0x0040f8fc   0x0040f8fc   0x00000026   Code   RO          812    .text.AdpNotification_BufferIndication  lto-llvm-22260d.o
    0x0040f922   0x0040f922   0x00000002   PAD
    0x0040f924   0x0040f924   0x0000002a   Code   RO          776    .text.AdpNotification_DataConfirm  lto-llvm-22260d.o
    0x0040f94e   0x0040f94e   0x00000002   PAD
    0x0040f950   0x0040f950   0x00000024   Code   RO          780    .text.AdpNotification_DiscoveryConfirm  lto-llvm-22260d.o
    0x0040f974   0x0040f974   0x00000046   Code   RO          782    .text.AdpNotification_DiscoveryIndication  lto-llvm-22260d.o
    0x0040f9ba   0x0040f9ba   0x00000002   PAD
    0x0040f9bc   0x0040f9bc   0x00000724   Code   RO          798    .text.AdpNotification_GetConfirm  lto-llvm-22260d.o
    0x004100e0   0x004100e0   0x0000005c   Code   RO          800    .text.AdpNotification_GetMacConfirm  lto-llvm-22260d.o
    0x0041013c   0x0041013c   0x00000350   Code   RO          720    .text.AdpNotification_LbpConfirm  lto-llvm-22260d.o
    0x0041048c   0x0041048c   0x0000002a   Code   RO          802    .text.AdpNotification_LbpConfirm.44  lto-llvm-22260d.o
    0x004104b6   0x004104b6   0x00000002   PAD
    0x004104b8   0x004104b8   0x00000b7c   Code   RO          722    .text.AdpNotification_LbpIndication  lto-llvm-22260d.o
    0x00411034   0x00411034   0x00000058   Code   RO          804    .text.AdpNotification_LbpIndication.45  lto-llvm-22260d.o
    0x0041108c   0x0041108c   0x00000036   Code   RO          786    .text.AdpNotification_NetworkJoinConfirm  lto-llvm-22260d.o
    0x004110c2   0x004110c2   0x00000002   PAD
    0x004110c4   0x004110c4   0x00000026   Code   RO          790    .text.AdpNotification_NetworkLeaveConfirm  lto-llvm-22260d.o
    0x004110ea   0x004110ea   0x00000002   PAD
    0x004110ec   0x004110ec   0x00000020   Code   RO          788    .text.AdpNotification_NetworkLeaveIndication  lto-llvm-22260d.o
    0x0041110c   0x0041110c   0x00000026   Code   RO          784    .text.AdpNotification_NetworkStartConfirm  lto-llvm-22260d.o
    0x00411132   0x00411132   0x00000002   PAD
    0x00411134   0x00411134   0x000000a4   Code   RO          810    .text.AdpNotification_NetworkStatusIndication  lto-llvm-22260d.o
    0x004111d8   0x004111d8   0x0000015c   Code   RO          808    .text.AdpNotification_PathDiscoveryConfirm  lto-llvm-22260d.o
    0x00411334   0x00411334   0x00000026   Code   RO          792    .text.AdpNotification_ResetConfirm  lto-llvm-22260d.o
    0x0041135a   0x0041135a   0x00000002   PAD
    0x0041135c   0x0041135c   0x00000026   Code   RO          806    .text.AdpNotification_RouteDiscoveryConfirm  lto-llvm-22260d.o
    0x00411382   0x00411382   0x00000002   PAD
    0x00411384   0x00411384   0x00000040   Code   RO          794    .text.AdpNotification_SetConfirm  lto-llvm-22260d.o
    0x004113c4   0x004113c4   0x00000040   Code   RO          796    .text.AdpNotification_SetMacConfirm  lto-llvm-22260d.o
    0x00411404   0x00411404   0x00000022   Code   RO          814    .text.AppAdpNotification_PREQIndication  lto-llvm-22260d.o
    0x00411426   0x00411426   0x00000002   PAD
    0x00411428   0x00411428   0x0000009e   Code   RO          818    .text.AppAdpNotification_RouteNotFoundIndication  lto-llvm-22260d.o
    0x004114c6   0x004114c6   0x00000002   PAD
    0x004114c8   0x004114c8   0x0000009e   Code   RO          816    .text.AppAdpNotification_UpdNonVolatileDataIndication  lto-llvm-22260d.o
    0x00411566   0x00411566   0x00000002   PAD
    0x00411568   0x00411568   0x00000034   Code   RO          822    .text.BootstrapNotification_JoinIndication  lto-llvm-22260d.o
    0x0041159c   0x0041159c   0x00000044   Code   RO          824    .text.BootstrapNotification_LeaveIndication  lto-llvm-22260d.o
    0x004115e0   0x004115e0   0x0000002c   Code   RO          930    .text.BootstrapWrapper_ForceJoinStatus  lto-llvm-22260d.o
    0x0041160c   0x0041160c   0x00000020   Code   RO          932    .text.BootstrapWrapper_ForceJoined  lto-llvm-22260d.o
    0x0041162c   0x0041162c   0x0000009a   Code   RO          934    .text.BootstrapWrapper_InitEapPsk  lto-llvm-22260d.o
    0x004116c6   0x004116c6   0x00000002   PAD
    0x004116c8   0x004116c8   0x00000116   Code   RO          936    .text.BootstrapWrapper_JoinRequest  lto-llvm-22260d.o
    0x004117de   0x004117de   0x00000002   PAD
    0x004117e0   0x004117e0   0x0000005e   Code   RO          938    .text.BootstrapWrapper_LeaveRequest  lto-llvm-22260d.o
    0x0041183e   0x0041183e   0x00000002   PAD
    0x00411840   0x00411840   0x00000182   Code   RO          940    .text.BootstrapWrapper_ProcessMessage  lto-llvm-22260d.o
    0x004119c2   0x004119c2   0x00000002   PAD
    0x004119c4   0x004119c4   0x0000001c   Code   RO          928    .text.BootstrapWrapper_Reset  lto-llvm-22260d.o
    0x004119e0   0x004119e0   0x0000000c   Code   RO          890    .text.BusFault_Handler  lto-llvm-22260d.o
    0x004119ec   0x004119ec   0x00000066   Code   RO         1184    .text.FLEXCOM0_Handler  lto-llvm-22260d.o
    0x00411a52   0x00411a52   0x00000002   PAD
    0x00411a54   0x00411a54   0x0000012c   Code   RO         1170    .text.FLEXCOM4_Handler  lto-llvm-22260d.o
    0x00411b80   0x00411b80   0x000000f8   Code   RO         1058    .text.HyALDataRequest  lto-llvm-22260d.o
    0x00411c78   0x00411c78   0x0000000e   Code   RO         1056    .text.HyALEventHandler  lto-llvm-22260d.o
    0x00411c86   0x00411c86   0x00000002   PAD
    0x00411c88   0x00411c88   0x0000000c   Code   RO         1070    .text.HyALGetNeighbourTableSize  lto-llvm-22260d.o
    0x00411c94   0x00411c94   0x0000002a   Code   RO         1066    .text.HyALGetRequestSync  lto-llvm-22260d.o
    0x00411cbe   0x00411cbe   0x00000002   PAD
    0x00411cc0   0x00411cc0   0x000002c0   Code   RO         1014    .text.HyALInitialize  lto-llvm-22260d.o
    0x00411f80   0x00411f80   0x00000022   Code   RO         1062    .text.HyALResetRequest  lto-llvm-22260d.o
    0x00411fa2   0x00411fa2   0x00000002   PAD
    0x00411fa4   0x00411fa4   0x00000022   Code   RO         1060    .text.HyALScanRequest  lto-llvm-22260d.o
    0x00411fc6   0x00411fc6   0x00000002   PAD
    0x00411fc8   0x00411fc8   0x0000002a   Code   RO         1068    .text.HyALSetRequestSync  lto-llvm-22260d.o
    0x00411ff2   0x00411ff2   0x00000002   PAD
    0x00411ff4   0x00411ff4   0x00000022   Code   RO         1064    .text.HyALStartRequest  lto-llvm-22260d.o
    0x00412016   0x00412016   0x00000002   PAD
    0x00412018   0x00412018   0x0000003e   Code   RO          744    .text.MacNotification_BeaconNotify  lto-llvm-22260d.o
    0x00412056   0x00412056   0x00000002   PAD
    0x00412058   0x00412058   0x0000003e   Code   RO          764    .text.MacNotification_BeaconNotifyRF  lto-llvm-22260d.o
    0x00412096   0x00412096   0x00000002   PAD
    0x00412098   0x00412098   0x000000b6   Code   RO          750    .text.MacNotification_CommStatusIndication  lto-llvm-22260d.o
    0x0041214e   0x0041214e   0x00000002   PAD
    0x00412150   0x00412150   0x000000b6   Code   RO          770    .text.MacNotification_CommStatusIndicationRF  lto-llvm-22260d.o
    0x00412206   0x00412206   0x00000002   PAD
    0x00412208   0x00412208   0x0000003e   Code   RO          734    .text.MacNotification_DataConfirm  lto-llvm-22260d.o
    0x00412246   0x00412246   0x00000002   PAD
    0x00412248   0x00412248   0x0000003e   Code   RO          754    .text.MacNotification_DataConfirmRF  lto-llvm-22260d.o
    0x00412286   0x00412286   0x00000002   PAD
    0x00412288   0x00412288   0x00000118   Code   RO          736    .text.MacNotification_DataIndication  lto-llvm-22260d.o
    0x004123a0   0x004123a0   0x00000118   Code   RO          756    .text.MacNotification_DataIndicationRF  lto-llvm-22260d.o
    0x004124b8   0x004124b8   0x00000032   Code   RO          738    .text.MacNotification_GetConfirm  lto-llvm-22260d.o
    0x004124ea   0x004124ea   0x00000002   PAD
    0x004124ec   0x004124ec   0x00000032   Code   RO          758    .text.MacNotification_GetConfirmRF  lto-llvm-22260d.o
    0x0041251e   0x0041251e   0x00000002   PAD
    0x00412520   0x00412520   0x00000132   Code   RO          752    .text.MacNotification_MacSnifferIndication  lto-llvm-22260d.o
    0x00412652   0x00412652   0x00000002   PAD
    0x00412654   0x00412654   0x00000132   Code   RO          772    .text.MacNotification_MacSnifferIndicationRF  lto-llvm-22260d.o
    0x00412786   0x00412786   0x00000002   PAD
    0x00412788   0x00412788   0x00000026   Code   RO          742    .text.MacNotification_ResetConfirm  lto-llvm-22260d.o
    0x004127ae   0x004127ae   0x00000002   PAD
    0x004127b0   0x004127b0   0x00000026   Code   RO          762    .text.MacNotification_ResetConfirmRF  lto-llvm-22260d.o
    0x004127d6   0x004127d6   0x00000002   PAD
    0x004127d8   0x004127d8   0x00000026   Code   RO          746    .text.MacNotification_ScanConfirm  lto-llvm-22260d.o
    0x004127fe   0x004127fe   0x00000002   PAD
    0x00412800   0x00412800   0x00000026   Code   RO          766    .text.MacNotification_ScanConfirmRF  lto-llvm-22260d.o
    0x00412826   0x00412826   0x00000002   PAD
    0x00412828   0x00412828   0x00000040   Code   RO          740    .text.MacNotification_SetConfirm  lto-llvm-22260d.o
    0x00412868   0x00412868   0x00000040   Code   RO          760    .text.MacNotification_SetConfirmRF  lto-llvm-22260d.o
    0x004128a8   0x004128a8   0x00000026   Code   RO          748    .text.MacNotification_StartConfirm  lto-llvm-22260d.o
    0x004128ce   0x004128ce   0x00000002   PAD
    0x004128d0   0x004128d0   0x00000026   Code   RO          768    .text.MacNotification_StartConfirmRF  lto-llvm-22260d.o
    0x004128f6   0x004128f6   0x00000002   PAD
    0x004128f8   0x004128f8   0x0000016a   Code   RO          910    .text.MacRtEventHandler  lto-llvm-22260d.o
    0x00412a62   0x00412a62   0x00000002   PAD
    0x00412a64   0x00412a64   0x0000001c   Code   RO          918    .text.MacRtGetPhyTime  lto-llvm-22260d.o
    0x00412a80   0x00412a80   0x00000016   Code   RO          922    .text.MacRtGetRequestSync  lto-llvm-22260d.o
    0x00412a96   0x00412a96   0x00000002   PAD
    0x00412a98   0x00412a98   0x00000022   Code   RO          916    .text.MacRtGetToneMapResponseData  lto-llvm-22260d.o
    0x00412aba   0x00412aba   0x00000002   PAD
    0x00412abc   0x00412abc   0x00000346   Code   RO          898    .text.MacRtInitialize  lto-llvm-22260d.o
    0x00412e02   0x00412e02   0x00000002   PAD
    0x00412e04   0x00412e04   0x000002a8   Code   RO          914    .text.MacRtResetRequest  lto-llvm-22260d.o
    0x004130ac   0x004130ac   0x00000014   Code   RO          920    .text.MacRtSetCoordinator  lto-llvm-22260d.o
    0x004130c0   0x004130c0   0x0000027a   Code   RO          924    .text.MacRtSetRequestSync  lto-llvm-22260d.o
    0x0041333a   0x0041333a   0x00000002   PAD
    0x0041333c   0x0041333c   0x0000004c   Code   RO          912    .text.MacRtTxRequest  lto-llvm-22260d.o
    0x00413388   0x00413388   0x0000000c   Code   RO          888    .text.MemManage_Handler  lto-llvm-22260d.o
    0x00413394   0x00413394   0x0000000c   Code   RO          884    .text.NMI_Handler   lto-llvm-22260d.o
    0x004133a0   0x004133a0   0x0000000e   Code   RO         1220    .text.PIOA_Handler  lto-llvm-22260d.o
    0x004133ae   0x004133ae   0x00000002   PAD
    0x004133b0   0x004133b0   0x0000000e   Code   RO         1222    .text.PIOB_Handler  lto-llvm-22260d.o
    0x004133be   0x004133be   0x00000002   PAD
    0x004133c0   0x004133c0   0x0000040a   Code   RO          644    .text.PalRfEventHandler  lto-llvm-22260d.o
    0x004137ca   0x004137ca   0x00000002   PAD
    0x004137cc   0x004137cc   0x000004d8   Code   RO          654    .text.PalRfGetParam  lto-llvm-22260d.o
    0x00413ca4   0x00413ca4   0x0000025e   Code   RO          658    .text.PalRfGetParamLen  lto-llvm-22260d.o
    0x00413f02   0x00413f02   0x00000002   PAD
    0x00413f04   0x00413f04   0x000000e6   Code   RO          652    .text.PalRfGetPhyTime  lto-llvm-22260d.o
    0x00413fea   0x00413fea   0x00000002   PAD
    0x00413fec   0x00413fec   0x00000236   Code   RO          636    .text.PalRfInitialize  lto-llvm-22260d.o
    0x00414222   0x00414222   0x00000002   PAD
    0x00414224   0x00414224   0x0000005c   Code   RO          650    .text.PalRfResetRequest  lto-llvm-22260d.o
    0x00414280   0x00414280   0x0000006e   Code   RO          656    .text.PalRfSetParam  lto-llvm-22260d.o
    0x004142ee   0x004142ee   0x00000002   PAD
    0x004142f0   0x004142f0   0x00000028   Code   RO          648    .text.PalRfTxCancel  lto-llvm-22260d.o
    0x00414318   0x00414318   0x000000d2   Code   RO          646    .text.PalRfTxRequest  lto-llvm-22260d.o
    0x004143ea   0x004143ea   0x00000002   PAD
    0x004143ec   0x004143ec   0x00000400   Code   RO          714    .text.Process_Joining0  lto-llvm-22260d.o
    0x004147ec   0x004147ec   0x00000016   Code   RO          868    .text.Queue_Pop     lto-llvm-22260d.o
    0x00414802   0x00414802   0x00000002   PAD
    0x00414804   0x00414804   0x00000054   Code   RO          866    .text.Queue_Push    lto-llvm-22260d.o
    0x00414858   0x00414858   0x0000003a   Code   RO          894    .text.RSTC_Handler  lto-llvm-22260d.o
    0x00414892   0x00414892   0x00000002   PAD
    0x00414894   0x00414894   0x00000032   Code   RO          860    .text.Random16Ex    lto-llvm-22260d.o
    0x004148c6   0x004148c6   0x00000002   PAD
    0x004148c8   0x004148c8   0x00000028   Code   RO          862    .text.Random32      lto-llvm-22260d.o
    0x004148f0   0x004148f0   0x00000046   Code   RO          864    .text.Random32Ex    lto-llvm-22260d.o
    0x00414936   0x00414936   0x00000002   PAD
    0x00414938   0x00414938   0x00000082   Code   RO          858    .text.Random_Initialize  lto-llvm-22260d.o
    0x004149ba   0x004149ba   0x00000002   PAD
    0x004149bc   0x004149bc   0x00000004   Code   RO          968    .text.RoutingGetMib  lto-llvm-22260d.o
    0x004149c0   0x004149c0   0x00000004   Code   RO          980    .text.RoutingSetMib  lto-llvm-22260d.o
    0x004149c4   0x004149c4   0x00000004   Code   RO         1008    .text.Routing_AddBlacklistOnMedium  lto-llvm-22260d.o
    0x004149c8   0x004149c8   0x00000004   Code   RO          996    .text.Routing_AddCircularRoute  lto-llvm-22260d.o
    0x004149cc   0x004149cc   0x00000004   Code   RO          992    .text.Routing_AddRoute  lto-llvm-22260d.o
    0x004149d0   0x004149d0   0x0000001c   Code   RO          972    .text.Routing_AdpDefaultCoordRouteEnabled  lto-llvm-22260d.o
    0x004149ec   0x004149ec   0x00000016   Code   RO          974    .text.Routing_AdpRREPWait  lto-llvm-22260d.o
    0x00414a02   0x00414a02   0x00000002   PAD
    0x00414a04   0x00414a04   0x00000004   Code   RO          998    .text.Routing_DeleteRoute  lto-llvm-22260d.o
    0x00414a08   0x00414a08   0x00000032   Code   RO          982    .text.Routing_DiscoverPath  lto-llvm-22260d.o
    0x00414a3a   0x00414a3a   0x00000002   PAD
    0x00414a3c   0x00414a3c   0x0000004a   Code   RO          986    .text.Routing_DiscoverRoute  lto-llvm-22260d.o
    0x00414a86   0x00414a86   0x00000002   PAD
    0x00414a88   0x00414a88   0x0000001a   Code   RO          976    .text.Routing_GetDiscoverRouteGlobalSeqNo  lto-llvm-22260d.o
    0x00414aa2   0x00414aa2   0x00000002   PAD
    0x00414aa4   0x00414aa4   0x00000004   Code   RO         1002    .text.Routing_GetRoute  lto-llvm-22260d.o
    0x00414aa8   0x00414aa8   0x00000004   Code   RO         1004    .text.Routing_GetRouteAndMediaType  lto-llvm-22260d.o
    0x00414aac   0x00414aac   0x00000026   Code   RO         1006    .text.Routing_GetRouteEntry  lto-llvm-22260d.o
    0x00414ad2   0x00414ad2   0x00000002   PAD
    0x00414ad4   0x00414ad4   0x00000020   Code   RO          970    .text.Routing_IsAutoRREQDisabled  lto-llvm-22260d.o
    0x00414af4   0x00414af4   0x0000001c   Code   RO          966    .text.Routing_IsDisabled  lto-llvm-22260d.o
    0x00414b10   0x00414b10   0x00000004   Code   RO          988    .text.Routing_IsInDestinationAddressSet  lto-llvm-22260d.o
    0x00414b14   0x00414b14   0x00000004   Code   RO          984    .text.Routing_NotifyRouteError  lto-llvm-22260d.o
    0x00414b18   0x00414b18   0x0000001c   Code   RO          990    .text.Routing_ProcessMessage  lto-llvm-22260d.o
    0x00414b34   0x00414b34   0x00000004   Code   RO          994    .text.Routing_RefreshRoute  lto-llvm-22260d.o
    0x00414b38   0x00414b38   0x00000004   Code   RO         1010    .text.Routing_RemoveBlacklistOnMedium  lto-llvm-22260d.o
    0x00414b3c   0x00414b3c   0x00000084   Code   RO          964    .text.Routing_Reset  lto-llvm-22260d.o
    0x00414bc0   0x00414bc0   0x00000004   Code   RO         1000    .text.Routing_RouteExists  lto-llvm-22260d.o
    0x00414bc4   0x00414bc4   0x00000026   Code   RO          978    .text.Routing_SetDiscoverRouteGlobalSeqNo  lto-llvm-22260d.o
    0x00414bea   0x00414bea   0x00000002   PAD
    0x00414bec   0x00414bec   0x0000001e   Code   RO          882    .text.SUPC_Handler  lto-llvm-22260d.o
    0x00414c0a   0x00414c0a   0x00000002   PAD
    0x00414c0c   0x00414c0c   0x0000002e   Code   RO          634    .text.SystemInit    lto-llvm-22260d.o
    0x00414c3a   0x00414c3a   0x00000002   PAD
    0x00414c3c   0x00414c3c   0x000004ae   Code   RO         1174    .text.TC2_Handler   lto-llvm-22260d.o
    0x004150ea   0x004150ea   0x00000002   PAD
    0x004150ec   0x004150ec   0x0000011e   Code   RO          896    .text.TC3_Handler   lto-llvm-22260d.o
    0x0041520a   0x0041520a   0x00000002   PAD
    0x0041520c   0x0041520c   0x00000098   Code   RO         1172    .text.TC4_Handler   lto-llvm-22260d.o
    0x004152a4   0x004152a4   0x00000070   Code   RO          838    .text.Timer_EventHandler  lto-llvm-22260d.o
    0x00415314   0x00415314   0x00000016   Code   RO          840    .text.Timer_IsPast  lto-llvm-22260d.o
    0x0041532a   0x0041532a   0x00000002   PAD
    0x0041532c   0x0041532c   0x00000016   Code   RO          852    .text.Timer_IsPast10Seconds  lto-llvm-22260d.o
    0x00415342   0x00415342   0x00000002   PAD
    0x00415344   0x00415344   0x0000000c   Code   RO          856    .text.Timer_IsPastCmp  lto-llvm-22260d.o
    0x00415350   0x00415350   0x0000003a   Code   RO          848    .text.Timer_IsRegistered  lto-llvm-22260d.o
    0x0041538a   0x0041538a   0x00000002   PAD
    0x0041538c   0x0041538c   0x00000080   Code   RO          844    .text.Timer_Register  lto-llvm-22260d.o
    0x0041540c   0x0041540c   0x0000000e   Code   RO          850    .text.Timer_ResetAll  lto-llvm-22260d.o
    0x0041541a   0x0041541a   0x00000002   PAD
    0x0041541c   0x0041541c   0x0000000c   Code   RO          854    .text.Timer_SignedSysGetUpTime10Seconds  lto-llvm-22260d.o
    0x00415428   0x00415428   0x0000000c   Code   RO          846    .text.Timer_SignedSysGetUpTimeTenthsSeconds  lto-llvm-22260d.o
    0x00415434   0x00415434   0x00000042   Code   RO          842    .text.Timer_Unregister  lto-llvm-22260d.o
    0x00415476   0x00415476   0x00000002   PAD
    0x00415478   0x00415478   0x00001a20   Code   RO         1206    .text.UDP_Handler   lto-llvm-22260d.o
    0x00416e98   0x00416e98   0x0000000c   Code   RO          892    .text.UsageFault_Handler  lto-llvm-22260d.o
    0x00416ea4   0x00416ea4   0x00000026   Code   RO         1026    .text._Callback_HyALMacWrpBeaconNotify  lto-llvm-22260d.o
    0x00416eca   0x00416eca   0x00000002   PAD
    0x00416ecc   0x00416ecc   0x00000026   Code   RO         1046    .text._Callback_HyALMacWrpBeaconNotifyRF  lto-llvm-22260d.o
    0x00416ef2   0x00416ef2   0x00000002   PAD
    0x00416ef4   0x00416ef4   0x00000028   Code   RO         1032    .text._Callback_HyALMacWrpCommStatusIndication  lto-llvm-22260d.o
    0x00416f1c   0x00416f1c   0x00000028   Code   RO         1052    .text._Callback_HyALMacWrpCommStatusIndicationRF  lto-llvm-22260d.o
    0x00416f44   0x00416f44   0x000001b4   Code   RO         1016    .text._Callback_HyALMacWrpDataConfirm  lto-llvm-22260d.o
    0x004170f8   0x004170f8   0x000001b8   Code   RO         1036    .text._Callback_HyALMacWrpDataConfirmRF  lto-llvm-22260d.o
    0x004172b0   0x004172b0   0x00000188   Code   RO         1018    .text._Callback_HyALMacWrpDataIndication  lto-llvm-22260d.o
    0x00417438   0x00417438   0x0000018a   Code   RO         1038    .text._Callback_HyALMacWrpDataIndicationRF  lto-llvm-22260d.o
    0x004175c2   0x004175c2   0x00000002   PAD
    0x004175c4   0x004175c4   0x00000012   Code   RO         1020    .text._Callback_HyALMacWrpGetConfirm  lto-llvm-22260d.o
    0x004175d6   0x004175d6   0x00000002   PAD
    0x004175d8   0x004175d8   0x00000012   Code   RO         1040    .text._Callback_HyALMacWrpGetConfirmRF  lto-llvm-22260d.o
    0x004175ea   0x004175ea   0x00000002   PAD
    0x004175ec   0x004175ec   0x00000072   Code   RO         1024    .text._Callback_HyALMacWrpResetConfirm  lto-llvm-22260d.o
    0x0041765e   0x0041765e   0x00000002   PAD
    0x00417660   0x00417660   0x00000072   Code   RO         1044    .text._Callback_HyALMacWrpResetConfirmRF  lto-llvm-22260d.o
    0x004176d2   0x004176d2   0x00000002   PAD
    0x004176d4   0x004176d4   0x0000005c   Code   RO         1028    .text._Callback_HyALMacWrpScanConfirm  lto-llvm-22260d.o
    0x00417730   0x00417730   0x0000005c   Code   RO         1048    .text._Callback_HyALMacWrpScanConfirmRF  lto-llvm-22260d.o
    0x0041778c   0x0041778c   0x00000012   Code   RO         1022    .text._Callback_HyALMacWrpSetConfirm  lto-llvm-22260d.o
    0x0041779e   0x0041779e   0x00000002   PAD
    0x004177a0   0x004177a0   0x00000012   Code   RO         1042    .text._Callback_HyALMacWrpSetConfirmRF  lto-llvm-22260d.o
    0x004177b2   0x004177b2   0x00000002   PAD
    0x004177b4   0x004177b4   0x00000012   Code   RO         1034    .text._Callback_HyALMacWrpSnifferIndication  lto-llvm-22260d.o
    0x004177c6   0x004177c6   0x00000002   PAD
    0x004177c8   0x004177c8   0x00000012   Code   RO         1054    .text._Callback_HyALMacWrpSnifferIndicationRF  lto-llvm-22260d.o
    0x004177da   0x004177da   0x00000002   PAD
    0x004177dc   0x004177dc   0x00000072   Code   RO         1030    .text._Callback_HyALMacWrpStartConfirm  lto-llvm-22260d.o
    0x0041784e   0x0041784e   0x00000002   PAD
    0x00417850   0x00417850   0x00000072   Code   RO         1050    .text._Callback_HyALMacWrpStartConfirmRF  lto-llvm-22260d.o
    0x004178c2   0x004178c2   0x00000002   PAD
    0x004178c4   0x004178c4   0x00000012   Code   RO         1072    .text._Callback_MacWrapperMcpsDataConfirm  lto-llvm-22260d.o
    0x004178d6   0x004178d6   0x00000002   PAD
    0x004178d8   0x004178d8   0x00000012   Code   RO         1092    .text._Callback_MacWrapperMcpsDataConfirmRF  lto-llvm-22260d.o
    0x004178ea   0x004178ea   0x00000002   PAD
    0x004178ec   0x004178ec   0x00000012   Code   RO         1074    .text._Callback_MacWrapperMcpsDataIndication  lto-llvm-22260d.o
    0x004178fe   0x004178fe   0x00000002   PAD
    0x00417900   0x00417900   0x00000012   Code   RO         1094    .text._Callback_MacWrapperMcpsDataIndicationRF  lto-llvm-22260d.o
    0x00417912   0x00417912   0x00000002   PAD
    0x00417914   0x00417914   0x00000012   Code   RO         1090    .text._Callback_MacWrapperMcpsMacSnifferIndication  lto-llvm-22260d.o
    0x00417926   0x00417926   0x00000002   PAD
    0x00417928   0x00417928   0x00000012   Code   RO         1110    .text._Callback_MacWrapperMcpsMacSnifferIndicationRF  lto-llvm-22260d.o
    0x0041793a   0x0041793a   0x00000002   PAD
    0x0041793c   0x0041793c   0x00000012   Code   RO         1082    .text._Callback_MacWrapperMlmeBeaconNotify  lto-llvm-22260d.o
    0x0041794e   0x0041794e   0x00000002   PAD
    0x00417950   0x00417950   0x00000012   Code   RO         1102    .text._Callback_MacWrapperMlmeBeaconNotifyRF  lto-llvm-22260d.o
    0x00417962   0x00417962   0x00000002   PAD
    0x00417964   0x00417964   0x00000012   Code   RO         1088    .text._Callback_MacWrapperMlmeCommStatusIndication  lto-llvm-22260d.o
    0x00417976   0x00417976   0x00000002   PAD
    0x00417978   0x00417978   0x00000012   Code   RO         1108    .text._Callback_MacWrapperMlmeCommStatusIndicationRF  lto-llvm-22260d.o
    0x0041798a   0x0041798a   0x00000002   PAD
    0x0041798c   0x0041798c   0x00000012   Code   RO         1076    .text._Callback_MacWrapperMlmeGetConfirm  lto-llvm-22260d.o
    0x0041799e   0x0041799e   0x00000002   PAD
    0x004179a0   0x004179a0   0x00000012   Code   RO         1096    .text._Callback_MacWrapperMlmeGetConfirmRF  lto-llvm-22260d.o
    0x004179b2   0x004179b2   0x00000002   PAD
    0x004179b4   0x004179b4   0x00000012   Code   RO         1080    .text._Callback_MacWrapperMlmeResetConfirm  lto-llvm-22260d.o
    0x004179c6   0x004179c6   0x00000002   PAD
    0x004179c8   0x004179c8   0x00000012   Code   RO         1100    .text._Callback_MacWrapperMlmeResetConfirmRF  lto-llvm-22260d.o
    0x004179da   0x004179da   0x00000002   PAD
    0x004179dc   0x004179dc   0x00000012   Code   RO         1084    .text._Callback_MacWrapperMlmeScanConfirm  lto-llvm-22260d.o
    0x004179ee   0x004179ee   0x00000002   PAD
    0x004179f0   0x004179f0   0x00000012   Code   RO         1104    .text._Callback_MacWrapperMlmeScanConfirmRF  lto-llvm-22260d.o
    0x00417a02   0x00417a02   0x00000002   PAD
    0x00417a04   0x00417a04   0x00000012   Code   RO         1078    .text._Callback_MacWrapperMlmeSetConfirm  lto-llvm-22260d.o
    0x00417a16   0x00417a16   0x00000002   PAD
    0x00417a18   0x00417a18   0x00000012   Code   RO         1098    .text._Callback_MacWrapperMlmeSetConfirmRF  lto-llvm-22260d.o
    0x00417a2a   0x00417a2a   0x00000002   PAD
    0x00417a2c   0x00417a2c   0x00000012   Code   RO         1086    .text._Callback_MacWrapperMlmeStartConfirm  lto-llvm-22260d.o
    0x00417a3e   0x00417a3e   0x00000002   PAD
    0x00417a40   0x00417a40   0x00000012   Code   RO         1106    .text._Callback_MacWrapperMlmeStartConfirmRF  lto-llvm-22260d.o
    0x00417a52   0x00417a52   0x00000002   PAD
    0x00417a54   0x00417a54   0x00000002   Code   RO          694    .text._Dummy_Callback_DataSend  lto-llvm-22260d.o
    0x00417a56   0x00417a56   0x00000002   PAD
    0x00417a58   0x00417a58   0x000000ba   Code   RO          692    .text._Join_Callback_DataSend  lto-llvm-22260d.o
    0x00417b12   0x00417b12   0x00000002   PAD
    0x00417b14   0x00417b14   0x0000031a   Code   RO          698    .text._Join_Process_Accepted  lto-llvm-22260d.o
    0x00417e2e   0x00417e2e   0x00000002   PAD
    0x00417e30   0x00417e30   0x00000920   Code   RO          696    .text._Join_Process_Challenge  lto-llvm-22260d.o
    0x00418750   0x00418750   0x0000006e   Code   RO          690    .text._Join_TimerExpired_Callback  lto-llvm-22260d.o
    0x004187be   0x004187be   0x00000002   PAD
    0x004187c0   0x004187c0   0x0000026e   Code   RO          700    .text._ProcessParameters  lto-llvm-22260d.o
    0x00418a2e   0x00418a2e   0x00000002   PAD
    0x00418a30   0x00418a30   0x00000036   Code   RO          702    .text._Rekey_TimerExpired_Callback  lto-llvm-22260d.o
    0x00418a66   0x00418a66   0x00000002   PAD
    0x00418a68   0x00418a68   0x0000002a   Code   RO          886    .text.__NVIC_SystemReset  lto-llvm-22260d.o
    0x00418a92   0x00418a92   0x00000002   PAD
    0x00418a94   0x00418a94   0x00000056   Code   RO          638    .text._at86rf_exception_cb  lto-llvm-22260d.o
    0x00418aea   0x00418aea   0x00000002   PAD
    0x00418aec   0x00418aec   0x00000040   Code   RO          642    .text._at86rf_rx_ind_cb  lto-llvm-22260d.o
    0x00418b2c   0x00418b2c   0x0000004e   Code   RO          640    .text._at86rf_tx_cfm_cb  lto-llvm-22260d.o
    0x00418b7a   0x00418b7a   0x00000002   PAD
    0x00418b7c   0x00418b7c   0x000000f0   Code   RO         1256    .text._bbc_frame_duration  lto-llvm-22260d.o
    0x00418c6c   0x00418c6c   0x00000038   Code   RO          906    .text._exception_event_cb  lto-llvm-22260d.o
    0x00418ca4   0x00418ca4   0x000002ba   Code   RO         1274    .text._get_req      lto-llvm-22260d.o
    0x00418f5e   0x00418f5e   0x00000002   PAD
    0x00418f60   0x00418f60   0x00000168   Code   RO         1276    .text._get_timer_ref  lto-llvm-22260d.o
    0x004190c8   0x004190c8   0x000001e8   Code   RO         1278    .text._get_tone_map_rsp  lto-llvm-22260d.o
    0x004192b0   0x004192b0   0x00000942   Code   RO         1290    .text._handler_atpl360_ext_int  lto-llvm-22260d.o
    0x00419bf2   0x00419bf2   0x00000002   PAD
    0x00419bf4   0x00419bf4   0x00000088   Code   RO          878    .text._oss_1ms_timer_handler  lto-llvm-22260d.o
    0x00419c7c   0x00419c7c   0x000000d4   Code   RO         1270    .text._pll_set_chn_cfg  lto-llvm-22260d.o
    0x00419d50   0x00419d50   0x00000012   Code   RO          904    .text._plme_get_confirm_cb  lto-llvm-22260d.o
    0x00419d62   0x00419d62   0x00000002   PAD
    0x00419d64   0x00419d64   0x0000001e   Code   RO         1194    .text._prf_if_int_handler  lto-llvm-22260d.o
    0x00419d82   0x00419d82   0x00000002   PAD
    0x00419d84   0x00419d84   0x0000003a   Code   RO          902    .text._process_frame_cb  lto-llvm-22260d.o
    0x00419dbe   0x00419dbe   0x00000002   PAD
    0x00419dc0   0x00419dc0   0x0000018c   Code   RO          724    .text._rekeying_process  lto-llvm-22260d.o
    0x00419f4c   0x00419f4c   0x0000006a   Code   RO          908    .text._restore_configuration  lto-llvm-22260d.o
    0x00419fb6   0x00419fb6   0x00000002   PAD
    0x00419fb8   0x00419fb8   0x0000082c   Code   RO         1266    .text._rf215_band_opm_to_phy_config  lto-llvm-22260d.o
    0x0041a7e4   0x0041a7e4   0x000000d4   Code   RO         1238    .text._rf215_rx_agcr  lto-llvm-22260d.o
    0x0041a8b8   0x0041a8b8   0x000000e6   Code   RO         1236    .text._rf215_rx_psdu_end  lto-llvm-22260d.o
    0x0041a99e   0x0041a99e   0x00000002   PAD
    0x0041a9a0   0x0041a9a0   0x000004e4   Code   RO         1234    .text._rf215_rx_start  lto-llvm-22260d.o
    0x0041ae84   0x0041ae84   0x0000023c   Code   RO         1260    .text._rxfe_regs    lto-llvm-22260d.o
    0x0041b0c0   0x0041b0c0   0x00000050   Code   RO         1280    .text._set_callbacks  lto-llvm-22260d.o
    0x0041b110   0x0041b110   0x00000182   Code   RO         1282    .text._set_coordinator  lto-llvm-22260d.o
    0x0041b292   0x0041b292   0x00000002   PAD
    0x0041b294   0x0041b294   0x00000458   Code   RO         1286    .text._set_req      lto-llvm-22260d.o
    0x0041b6ec   0x0041b6ec   0x0000018a   Code   RO         1284    .text._set_spec15_compliance  lto-llvm-22260d.o
    0x0041b876   0x0041b876   0x00000002   PAD
    0x0041b878   0x0041b878   0x00000282   Code   RO         1244    .text._tx_abort     lto-llvm-22260d.o
    0x0041bafa   0x0041bafa   0x00000002   PAD
    0x0041bafc   0x0041bafc   0x00000028   Code   RO          900    .text._tx_confirm_cb  lto-llvm-22260d.o
    0x0041bb24   0x0041bb24   0x00000420   Code   RO         1246    .text._tx_param_cfg  lto-llvm-22260d.o
    0x0041bf44   0x0041bf44   0x00000204   Code   RO         1240    .text._tx_prog_handler  lto-llvm-22260d.o
    0x0041c148   0x0041c148   0x0000029c   Code   RO         1242    .text._tx_prog_start  lto-llvm-22260d.o
    0x0041c3e4   0x0041c3e4   0x000001d6   Code   RO         1288    .text._tx_request   lto-llvm-22260d.o
    0x0041c5ba   0x0041c5ba   0x00000002   PAD
    0x0041c5bc   0x0041c5bc   0x00000294   Code   RO         1248    .text._tx_txprep    lto-llvm-22260d.o
    0x0041c850   0x0041c850   0x00000170   Code   RO         1258    .text._txfe_regs    lto-llvm-22260d.o
    0x0041c9c0   0x0041c9c0   0x00000080   Code   RO         1166    .text._usi_prot_id2idx  lto-llvm-22260d.o
    0x0041ca40   0x0041ca40   0x0000016c   Code   RO          710    .text.add_lbds_list_entry  lto-llvm-22260d.o
    0x0041cbac   0x0041cbac   0x00000036   Code   RO          726    .text.adp_mac_serial_if_init  lto-llvm-22260d.o
    0x0041cbe2   0x0041cbe2   0x00000002   PAD
    0x0041cbe4   0x0041cbe4   0x000001e4   Code   RO          728    .text.adp_mac_serial_if_process  lto-llvm-22260d.o
    0x0041cdc8   0x0041cdc8   0x00000210   Code   RO          730    .text.adp_mac_serial_if_set_state  lto-llvm-22260d.o
    0x0041cfd8   0x0041cfd8   0x0000000a   Code   RO         1118    .text.aes_crypt_ecb_wrap  lto-llvm-22260d.o
    0x0041cfe2   0x0041cfe2   0x00000002   PAD
    0x0041cfe4   0x0041cfe4   0x00000026   Code   RO         1124    .text.aes_ctx_alloc  lto-llvm-22260d.o
    0x0041d00a   0x0041d00a   0x00000002   PAD
    0x0041d00c   0x0041d00c   0x0000002c   Code   RO         1126    .text.aes_ctx_free  lto-llvm-22260d.o
    0x0041d038   0x0041d038   0x000001b4   Code   RO         1122    .text.aes_setkey_dec_wrap  lto-llvm-22260d.o
    0x0041d1ec   0x0041d1ec   0x00000004   Code   RO         1120    .text.aes_setkey_enc_wrap  lto-llvm-22260d.o
    0x0041d1f0   0x0041d1f0   0x00000346   Code   RO         1264    .text.at86rf_enable  lto-llvm-22260d.o
    0x0041d536   0x0041d536   0x00000002   PAD
    0x0041d538   0x0041d538   0x000007c6   Code   RO         1268    .text.at86rf_pib_set  lto-llvm-22260d.o
    0x0041dcfe   0x0041dcfe   0x00000002   PAD
    0x0041dd00   0x0041dd00   0x0000076a   Code   RO         1250    .text.at86rf_tx_req  lto-llvm-22260d.o
    0x0041e46a   0x0041e46a   0x00000002   PAD
    0x0041e46c   0x0041e46c   0x00000122   Code   RO         1272    .text.atpl360_boot_download_firmware  lto-llvm-22260d.o
    0x0041e58e   0x0041e58e   0x00000002   PAD
    0x0041e590   0x0041e590   0x000001aa   Code   RO         1292    .text.atpl360_enable  lto-llvm-22260d.o
    0x0041e73a   0x0041e73a   0x00000002   PAD
    0x0041e73c   0x0041e73c   0x0000011c   Code   RO          712    .text.bs_get_short_addr_by_ext  lto-llvm-22260d.o
    0x0041e858   0x0041e858   0x00000214   Code   RO         1114    .text.buffer_alloc_calloc  lto-llvm-22260d.o
    0x0041ea6c   0x0041ea6c   0x000001a0   Code   RO         1116    .text.buffer_alloc_free  lto-llvm-22260d.o
    0x0041ec0c   0x0041ec0c   0x00000f1c   Code   RO         1112    .text.ccm_auth_crypt  lto-llvm-22260d.o
    0x0041fb28   0x0041fb28   0x000000c6   Code   RO          684    .text.cipher_wrapper_ccm_auth_decrypt  lto-llvm-22260d.o
    0x0041fbee   0x0041fbee   0x00000002   PAD
    0x0041fbf0   0x0041fbf0   0x00000040   Code   RO          686    .text.cipher_wrapper_ccm_encrypt_and_tag  lto-llvm-22260d.o
    0x0041fc30   0x0041fc30   0x00000050   Code   RO          688    .text.cipher_wrapper_ccm_free  lto-llvm-22260d.o
    0x0041fc80   0x0041fc80   0x0000000a   Code   RO          680    .text.cipher_wrapper_ccm_init  lto-llvm-22260d.o
    0x0041fc8a   0x0041fc8a   0x00000002   PAD
    0x0041fc8c   0x0041fc8c   0x000000d8   Code   RO          682    .text.cipher_wrapper_ccm_setkey  lto-llvm-22260d.o
    0x0041fd64   0x0041fd64   0x000005d8   Code   RO          678    .text.cipher_wrapper_cipher_cmac_finish  lto-llvm-22260d.o
    0x0042033c   0x0042033c   0x00000070   Code   RO          674    .text.cipher_wrapper_cipher_cmac_starts  lto-llvm-22260d.o
    0x004203ac   0x004203ac   0x0000029a   Code   RO          676    .text.cipher_wrapper_cipher_cmac_update  lto-llvm-22260d.o
    0x00420646   0x00420646   0x00000002   PAD
    0x00420648   0x00420648   0x0000007c   Code   RO          660    .text.crypto_init   lto-llvm-22260d.o
    0x004206c4   0x004206c4   0x000000c0   Code   RO          706    .text.device_is_in_list  lto-llvm-22260d.o
    0x00420784   0x00420784   0x000004a4   Code   RO          668    .text.eax_auth_data  lto-llvm-22260d.o
    0x00420c28   0x00420c28   0x000003f0   Code   RO          666    .text.eax_auth_header  lto-llvm-22260d.o
    0x00421018   0x00421018   0x000001a8   Code   RO          672    .text.eax_compute_tag  lto-llvm-22260d.o
    0x004211c0   0x004211c0   0x00000514   Code   RO          670    .text.eax_crypt_data  lto-llvm-22260d.o
    0x004216d4   0x004216d4   0x00000222   Code   RO          662    .text.eax_init_and_key  lto-llvm-22260d.o
    0x004218f6   0x004218f6   0x00000002   PAD
    0x004218f8   0x004218f8   0x000001de   Code   RO          664    .text.eax_init_message  lto-llvm-22260d.o
    0x00421ad6   0x00421ad6   0x00000002   PAD
    0x00421ad8   0x00421ad8   0x00000154   Code   RO         1202    .text.flexcom_enable  lto-llvm-22260d.o
    0x00421c2c   0x00421c2c   0x00000032   Code   RO          626    .text.fputc         lto-llvm-22260d.o
    0x00421c5e   0x00421c5e   0x00000002   PAD
    0x00421c60   0x00421c60   0x00000166   Code   RO         1136    .text.gcm_mult      lto-llvm-22260d.o
    0x00421dc6   0x00421dc6   0x00000002   PAD
    0x00421dc8   0x00421dc8   0x0000013c   Code   RO          718    .text.get_bootstrap_slot_by_addr  lto-llvm-22260d.o
    0x00421f04   0x00421f04   0x0000011c   Code   RO          704    .text.get_lbds_count  lto-llvm-22260d.o
    0x00422020   0x00422020   0x000001f4   Code   RO          716    .text.log_show_slots_status  lto-llvm-22260d.o
    0x00422214   0x00422214   0x0000002a   Code   RO          926    .text.main          lto-llvm-22260d.o
    0x0042223e   0x0042223e   0x00000002   PAD
    0x00422240   0x00422240   0x000007d0   Code   RO         1134    .text.mbedtls_aes_crypt_ecb  lto-llvm-22260d.o
    0x00422a10   0x00422a10   0x00000cd6   Code   RO         1132    .text.mbedtls_aes_setkey_enc  lto-llvm-22260d.o
    0x004236e6   0x004236e6   0x00000002   PAD
    0x004236e8   0x004236e8   0x000008a0   Code   RO         1138    .text.mbedtls_gcm_update  lto-llvm-22260d.o
    0x00423f88   0x00423f88   0x0000000c   Code   RO          870    .text.oss_get_up_time_ms  lto-llvm-22260d.o
    0x00423f94   0x00423f94   0x0000076a   Code   RO          874    .text.oss_init      lto-llvm-22260d.o
    0x004246fe   0x004246fe   0x00000002   PAD
    0x00424700   0x00424700   0x00000052   Code   RO          872    .text.oss_register_task  lto-llvm-22260d.o
    0x00424752   0x00424752   0x00000002   PAD
    0x00424754   0x00424754   0x00000d24   Code   RO          876    .text.oss_start     lto-llvm-22260d.o
    0x00425478   0x00425478   0x000001fc   Code   RO         1144    .text.pcrc_calculate_crc  lto-llvm-22260d.o
    0x00425674   0x00425674   0x000000c2   Code   RO         1218    .text.pio_handler_process  lto-llvm-22260d.o
    0x00425736   0x00425736   0x00000002   PAD
    0x00425738   0x00425738   0x00000166   Code   RO          880    .text.pl360_g3_coup_tx_config  lto-llvm-22260d.o
    0x0042589e   0x0042589e   0x00000002   PAD
    0x004258a0   0x004258a0   0x00000004   Code   RO         1128    .text.platform_calloc_uninit  lto-llvm-22260d.o
    0x004258a4   0x004258a4   0x00000002   Code   RO         1130    .text.platform_free_uninit  lto-llvm-22260d.o
    0x004258a6   0x004258a6   0x00000002   PAD
    0x004258a8   0x004258a8   0x0000007e   Code   RO         1216    .text.pmc_switch_mck_to_mainck  lto-llvm-22260d.o
    0x00425926   0x00425926   0x00000002   PAD
    0x00425928   0x00425928   0x00000074   Code   RO         1160    .text.pplc_if_delay  lto-llvm-22260d.o
    0x0042599c   0x0042599c   0x00000016   Code   RO         1158    .text.pplc_if_enable_interrupt  lto-llvm-22260d.o
    0x004259b2   0x004259b2   0x00000002   PAD
    0x004259b4   0x004259b4   0x00000004   Code   RO         1164    .text.pplc_if_get_thermal_warning  lto-llvm-22260d.o
    0x004259b8   0x004259b8   0x0000010a   Code   RO         1146    .text.pplc_if_init  lto-llvm-22260d.o
    0x00425ac2   0x00425ac2   0x00000002   PAD
    0x00425ac4   0x00425ac4   0x00000020   Code   RO         1152    .text.pplc_if_int_handler  lto-llvm-22260d.o
    0x00425ae4   0x00425ae4   0x0000003e   Code   RO         1148    .text.pplc_if_reset  lto-llvm-22260d.o
    0x00425b22   0x00425b22   0x00000002   PAD
    0x00425b24   0x00425b24   0x0000016c   Code   RO         1154    .text.pplc_if_send_boot_cmd  lto-llvm-22260d.o
    0x00425c90   0x00425c90   0x000001fc   Code   RO         1156    .text.pplc_if_send_wrrd_cmd  lto-llvm-22260d.o
    0x00425e8c   0x00425e8c   0x000000ce   Code   RO         1150    .text.pplc_if_set_handler  lto-llvm-22260d.o
    0x00425f5a   0x00425f5a   0x00000002   PAD
    0x00425f5c   0x00425f5c   0x00000004   Code   RO         1162    .text.pplc_if_set_stby_mode  lto-llvm-22260d.o
    0x00425f60   0x00425f60   0x0000004e   Code   RO         1196    .text.prf_if_enable_interrupt  lto-llvm-22260d.o
    0x00425fae   0x00425fae   0x00000002   PAD
    0x00425fb0   0x00425fb0   0x0000019e   Code   RO         1188    .text.prf_if_init   lto-llvm-22260d.o
    0x0042614e   0x0042614e   0x00000002   PAD
    0x00426150   0x00426150   0x00000018   Code   RO         1186    .text.prf_if_is_spi_busy  lto-llvm-22260d.o
    0x00426168   0x00426168   0x00000038   Code   RO         1200    .text.prf_if_led    lto-llvm-22260d.o
    0x004261a0   0x004261a0   0x0000001a   Code   RO         1190    .text.prf_if_reset  lto-llvm-22260d.o
    0x004261ba   0x004261ba   0x00000002   PAD
    0x004261bc   0x004261bc   0x000001fa   Code   RO         1198    .text.prf_if_send_spi_cmd  lto-llvm-22260d.o
    0x004263b6   0x004263b6   0x00000002   PAD
    0x004263b8   0x004263b8   0x00000088   Code   RO         1192    .text.prf_if_set_handler  lto-llvm-22260d.o
    0x00426440   0x00426440   0x00000d52   Code   RO          828    .text.process_MIB_get_confirm  lto-llvm-22260d.o
    0x00427192   0x00427192   0x00000002   PAD
    0x00427194   0x00427194   0x000011ac   Code   RO          826    .text.process_MIB_set_request  lto-llvm-22260d.o
    0x00428340   0x00428340   0x00000090   Code   RO          708    .text.remove_lbds_list_entry  lto-llvm-22260d.o
    0x004283d0   0x004283d0   0x000009bc   Code   RO         1254    .text.rf215_bbc_set_phy_cfg  lto-llvm-22260d.o
    0x00428d8c   0x00428d8c   0x000001f4   Code   RO         1262    .text.rf215_fe_upd_phy_cfg  lto-llvm-22260d.o
    0x00428f80   0x00428f80   0x00001182   Code   RO         1226    .text.rf215_irq_handler  lto-llvm-22260d.o
    0x0042a102   0x0042a102   0x00000002   PAD
    0x0042a104   0x0042a104   0x0000011e   Code   RO         1228    .text.rf215_spi_write_upd  lto-llvm-22260d.o
    0x0042a222   0x0042a222   0x00000002   PAD
    0x0042a224   0x0042a224   0x00000136   Code   RO         1230    .text.rf215_trx_rx_listen  lto-llvm-22260d.o
    0x0042a35a   0x0042a35a   0x00000002   PAD
    0x0042a35c   0x0042a35c   0x000000ec   Code   RO         1232    .text.rf215_trx_upd_sync  lto-llvm-22260d.o
    0x0042a448   0x0042a448   0x000004cc   Code   RO         1252    .text.rf215_tx_auto_stop  lto-llvm-22260d.o
    0x0042a914   0x0042a914   0x00000a88   Code   RO          820    .text.serial_if_coordinator_api_parser  lto-llvm-22260d.o
    0x0042b39c   0x0042b39c   0x00000c38   Code   RO          774    .text.serial_if_g3adp_api_parser  lto-llvm-22260d.o
    0x0042bfd4   0x0042bfd4   0x0000071c   Code   RO          732    .text.serial_if_g3mac_api_parser  lto-llvm-22260d.o
    0x0042c6f0   0x0042c6f0   0x0000033c   Code   RO         1012    .text.store_persistent_info  lto-llvm-22260d.o
    0x0042ca2c   0x0042ca2c   0x00000114   Code   RO         1182    .text.timer_1us_cancel_int  lto-llvm-22260d.o
    0x0042cb40   0x0042cb40   0x0000004e   Code   RO         1178    .text.timer_1us_enable_interrupt  lto-llvm-22260d.o
    0x0042cb8e   0x0042cb8e   0x00000002   PAD
    0x0042cb90   0x0042cb90   0x000000e6   Code   RO         1176    .text.timer_1us_get  lto-llvm-22260d.o
    0x0042cc76   0x0042cc76   0x00000002   PAD
    0x0042cc78   0x0042cc78   0x000003ba   Code   RO         1180    .text.timer_1us_set_int  lto-llvm-22260d.o
    0x0042d032   0x0042d032   0x00000002   PAD
    0x0042d034   0x0042d034   0x000001c6   Code   RO         1296    .text.udc_iface_disable  lto-llvm-22260d.o
    0x0042d1fa   0x0042d1fa   0x00000002   PAD
    0x0042d1fc   0x0042d1fc   0x000001fa   Code   RO         1300    .text.udc_iface_enable  lto-llvm-22260d.o
    0x0042d3f6   0x0042d3f6   0x00000002   PAD
    0x0042d3f8   0x0042d3f8   0x00000112   Code   RO         1294    .text.udc_stop      lto-llvm-22260d.o
    0x0042d50a   0x0042d50a   0x00000002   PAD
    0x0042d50c   0x0042d50c   0x0000004e   Code   RO         1298    .text.udc_valid_address  lto-llvm-22260d.o
    0x0042d55a   0x0042d55a   0x00000002   PAD
    0x0042d55c   0x0042d55c   0x0000026a   Code   RO         1208    .text.udd_ctrl_in_sent  lto-llvm-22260d.o
    0x0042d7c6   0x0042d7c6   0x00000002   PAD
    0x0042d7c8   0x0042d7c8   0x000000f6   Code   RO         1210    .text.udd_ep_ack_out_received  lto-llvm-22260d.o
    0x0042d8be   0x0042d8be   0x00000002   PAD
    0x0042d8c0   0x0042d8c0   0x000002f8   Code   RO         1212    .text.udd_ep_in_sent  lto-llvm-22260d.o
    0x0042dbb8   0x0042dbb8   0x0000014c   Code   RO         1214    .text.udd_ep_run    lto-llvm-22260d.o
    0x0042dd04   0x0042dd04   0x00000010   Code   RO         1304    .text.udi_cdc_comm_disable  lto-llvm-22260d.o
    0x0042dd14   0x0042dd14   0x0000004c   Code   RO         1302    .text.udi_cdc_comm_enable  lto-llvm-22260d.o
    0x0042dd60   0x0042dd60   0x00000066   Code   RO         1306    .text.udi_cdc_comm_setup  lto-llvm-22260d.o
    0x0042ddc6   0x0042ddc6   0x00000002   PAD
    0x0042ddc8   0x0042ddc8   0x0000001e   Code   RO         1314    .text.udi_cdc_data_disable  lto-llvm-22260d.o
    0x0042dde6   0x0042dde6   0x00000002   PAD
    0x0042dde8   0x0042dde8   0x00000090   Code   RO         1312    .text.udi_cdc_data_enable  lto-llvm-22260d.o
    0x0042de78   0x0042de78   0x0000006a   Code   RO         1326    .text.udi_cdc_data_received  lto-llvm-22260d.o
    0x0042dee2   0x0042dee2   0x00000002   PAD
    0x0042dee4   0x0042dee4   0x0000003c   Code   RO         1322    .text.udi_cdc_data_sent  lto-llvm-22260d.o
    0x0042df20   0x0042df20   0x00000004   Code   RO         1316    .text.udi_cdc_data_setup  lto-llvm-22260d.o
    0x0042df24   0x0042df24   0x00000004   Code   RO         1318    .text.udi_cdc_data_sof_notify  lto-llvm-22260d.o
    0x0042df28   0x0042df28   0x00000004   Code   RO         1308    .text.udi_cdc_getsetting  lto-llvm-22260d.o
    0x0042df2c   0x0042df2c   0x00000002   Code   RO         1310    .text.udi_cdc_line_coding_received  lto-llvm-22260d.o
    0x0042df2e   0x0042df2e   0x00000002   PAD
    0x0042df30   0x0042df30   0x00000344   Code   RO         1324    .text.udi_cdc_rx_start  lto-llvm-22260d.o
    0x0042e274   0x0042e274   0x00000056   Code   RO         1328    .text.udi_cdc_serial_state_msg_sent  lto-llvm-22260d.o
    0x0042e2ca   0x0042e2ca   0x00000002   PAD
    0x0042e2cc   0x0042e2cc   0x0000010a   Code   RO         1320    .text.udi_cdc_tx_send  lto-llvm-22260d.o
    0x0042e3d6   0x0042e3d6   0x00000002   PAD
    0x0042e3d8   0x0042e3d8   0x0000023a   Code   RO         1142    .text.usb_wrp_udc_write_buf  lto-llvm-22260d.o
    0x0042e612   0x0042e612   0x00000002   PAD
    0x0042e614   0x0042e614   0x00000590   Code   RO         1168    .text.usi_send_cmd  lto-llvm-22260d.o
    0x0042eba4   0x0042eba4   0x0000000a   Ven    RO         1353    Veneer$$Code        anon$$obj.o
    0x0042ebae   0x0042ebae   0x0000000a   Ven    RO         1354    Veneer$$Code        anon$$obj.o
    0x0042ebb8   0x0042ebb8   0x0000000a   Ven    RO         1355    Veneer$$Code        anon$$obj.o
    0x0042ebc2   0x0042ebc2   0x00000002   PAD
    0x0042ebc4   0x0042ebc4   0x00000020   Code   RO          505    i.__0printf         mc_w.l(printfa.o)
    0x0042ebe4   0x0042ebe4   0x00000008   Code   RO          146    i.__ARM_common_memclr4_6  lib-g3-keil-mac.lib(macmib.o)
    0x0042ebec   0x0042ebec   0x00000008   Code   RO          160    i.__ARM_common_memclr4_8  lib-g3-keil-loadng-hyb.lib(protoloadng.o)
    0x0042ebf4   0x0042ebf4   0x00000012   Code   RO          155    i.__ARM_common_memcpy4_10  lib-g3-keil-mac.lib(macsublayer.o)
    0x0042ec06   0x0042ec06   0x0000000a   Code   RO          148    i.__ARM_common_memcpy4_5  lib-g3-keil-mac.lib(macmib.o)
    0x0042ec10   0x0042ec10   0x0000000e   Code   RO         1347    i.__scatterload_copy  mc_w.l(handlers.o)
    0x0042ec1e   0x0042ec1e   0x00000002   Code   RO         1348    i.__scatterload_null  mc_w.l(handlers.o)
    0x0042ec20   0x0042ec20   0x0000000e   Code   RO         1349    i.__scatterload_zeroinit  mc_w.l(handlers.o)
    0x0042ec2e   0x0042ec2e   0x00000002   PAD
    0x0042ec30   0x0042ec30   0x00000184   Code   RO          512    i._fp_digits        mc_w.l(printfa.o)
    0x0042edb4   0x0042edb4   0x000006dc   Code   RO          513    i._printf_core      mc_w.l(printfa.o)
    0x0042f490   0x0042f490   0x00000024   Code   RO          514    i._printf_post_padding  mc_w.l(printfa.o)
    0x0042f4b4   0x0042f4b4   0x0000002e   Code   RO          515    i._printf_pre_padding  mc_w.l(printfa.o)
    0x0042f4e2   0x0042f4e2   0x00000002   PAD
    0x0042f4e4   0x0042f4e4   0x00000024   Code   RO          243    i.puts              mc_w.l(puts.o)
    0x0042f508   0x0042f508   0x000000bc   Data   RO          144    .constdata          lib-g3-keil-mac.lib(macmib.o)
    0x0042f5c4   0x0042f5c4   0x0000037c   Data   RO          152    .constdata          lib-g3-keil-mac.lib(macsublayer.o)
    0x0042f940   0x0042f940   0x000000b4   Data   RO          166    .constdata          lib-g3-keil-mac-rf.lib(macrfmib.o)
    0x0042f9f4   0x0042f9f4   0x0000035c   Data   RO          170    .constdata          lib-g3-keil-mac-rf.lib(macrfsublayer.o)
    0x0042fd50   0x0042fd50   0x0000000e   Data   RO          181    .constdata          lib-g3-keil-adp-hyb.lib(adpgetset.o)
    0x0042fd5e   0x0042fd5e   0x0000000c   Data   RO          207    .constdata          lib-g3-keil-mac.lib(macconstants.o)
    0x0042fd6a   0x0042fd6a   0x00000002   PAD
    0x0042fd6c   0x0042fd6c   0x000003c0   Data   RO          212    .constdata          lib-g3-keil-mac.lib(maclow.o)
    0x0043012c   0x0043012c   0x00000668   Data   RO          219    .constdata          lib-g3-keil-mac-rf.lib(macrflow.o)
    0x00430794   0x00430794   0x0000006c   PAD
    0x00430800   0x00430800   0x0001ff00   Data   RO           13    .rodata             atpl_bin_multi.o
    0x00450700   0x00450700   0x00000c34   Data   RO         1333    .rodata             lto-llvm-22260d.o
    0x00451334   0x00451334   0x00000020   Data   RO         1336    .rodata.cst16       lto-llvm-22260d.o
    0x00451354   0x00451354   0x00000010   Data   RO         1332    .rodata.cst4        lto-llvm-22260d.o
    0x00451364   0x00451364   0x00000010   Data   RO         1337    .rodata.cst8        lto-llvm-22260d.o
    0x00451374   0x00451374   0x00000c8d   Data   RO         1334    .rodata.str1.1      lto-llvm-22260d.o
    0x00452001   0x00452001   0x00000003   PAD
    0x00452004   0x00452004   0x00000030   Data   RO         1346    Region$$Table       anon$$obj.o


    Execution Region RW_IRAM1 (Exec base: 0x20000000, Load base: 0x00452040, Size: 0x00020a50, Max: 0x00028000, ABSOLUTE)

    Exec Addr    Load Addr    Size         Type   Attr      Idx    E Section Name        Object

    0x20000000   0x00452040   0x00000254   Code   RO         1204    .ramfunc            lto-llvm-22260d.o
    0x20000254   0x00452294   0x00000001   Data   RW          153    .data               lib-g3-keil-mac.lib(macsublayer.o)
    0x20000255   0x00452295   0x00000001   Data   RW          171    .data               lib-g3-keil-mac-rf.lib(macrfsublayer.o)
    0x20000256   0x00452296   0x00000001   Data   RW          197    .data               lib-g3-keil-adp-hyb.lib(adpnetwork.o)
    0x20000257   0x00452297   0x00000007   Data   RW          208    .data               lib-g3-keil-mac.lib(macconstants.o)
    0x2000025e   0x0045229e   0x00000002   PAD
    0x20000260   0x004522a0   0x0000000c   Data   RW          213    .data               lib-g3-keil-mac.lib(maclow.o)
    0x2000026c   0x004522ac   0x00000008   Data   RW          220    .data               lib-g3-keil-mac-rf.lib(macrflow.o)
    0x20000274   0x004522b4   0x00000004   Data   RW          250    .data               mc_w.l(rand.o)
    0x20000278   0x004522b8   0x000000fc   Data   RW         1331    .data               lto-llvm-22260d.o
    0x20000374   0x004523b4   0x0000000c   PAD
    0x20000380        -       0x000000d4   Zero   RW          143    .bss                lib-g3-keil-mac.lib(macmib.o)
    0x20000454        -       0x000003a4   Zero   RW          151    .bss                lib-g3-keil-mac.lib(macsublayer.o)
    0x200007f8        -       0x000001a8   Zero   RW          158    .bss                lib-g3-keil-loadng-hyb.lib(protoloadng.o)
    0x200009a0        -       0x000000c0   Zero   RW          165    .bss                lib-g3-keil-mac-rf.lib(macrfmib.o)
    0x20000a60        -       0x00000384   Zero   RW          169    .bss                lib-g3-keil-mac-rf.lib(macrfsublayer.o)
    0x20000de4        -       0x00000992   Zero   RW          174    .bss                lib-g3-keil-adp-hyb.lib(adp.o)
    0x20001776        -       0x00000012   Zero   RW          206    .bss                lib-g3-keil-mac.lib(macconstants.o)
    0x20001788        -       0x000003c0   Zero   RW          211    .bss                lib-g3-keil-mac.lib(maclow.o)
    0x20001b48        -       0x00000668   Zero   RW          218    .bss                lib-g3-keil-mac-rf.lib(macrflow.o)
    0x200021b0   0x004523b4   0x00000010   PAD
    0x200021c0        -       0x0001c890   Zero   RW         1330    .bss                lto-llvm-22260d.o
    0x2001ea50        -       0x00002000   Zero   RW            1    STACK               startup_samg55.o


==============================================================================

Image component sizes


      Code (inc. data)   RO Data    RW Data    ZI Data      Debug   Object Name

         0          0     130816          0          0          0   atpl_bin_multi.o
    128152      10252       6401        252     116880     662615   lto-llvm-22260d.o
        36          8        264          0       8192        872   startup_samg55.o

    ----------------------------------------------------------------------
    128576      10260     137532        252     125084     663487   Object Totals
        30          0         48          0          0          0   (incl. Generated)
       358          0          3          0         12          0   (incl. Padding)

    ----------------------------------------------------------------------

      Code (inc. data)   RO Data    RW Data    ZI Data      Debug   Library Member Name

      1736         14          0          0       2450        248   adp.o
      3332         32          0          0          0        784   adpcommon.o
       224          8          0          0          0        152   adpdata.o
        96         14          0          0          0        108   adpdiscovery.o
      3784         34         14          0          0        628   adpgetset.o
       264          8          0          0          0        196   adplbp.o
      3288         64          0          0          0       1344   adpmacinterface.o
       892         24          0          1          0        464   adpnetwork.o
       132         10          0          0          0        104   adppathdiscovery.o
        48         10          0          0          0         96   adpreset.o
        44          8          0          0          0        100   adproutediscovery.o
      1692          4          0          0          0        996   proto6lowpan.o
      5118         82          0          0          0        624   protorfc6282.o
     10664        122          0          0        424       2192   protoloadng.o
      3228         34          0          0          0        724   protoloadng_getset.o
       138          0          0          0          0        188   protoloadng_routecost.o
       336          6          0          0          0        212   protoloadng_routecost_capacitymetric.o
       888         20          0          0          0        212   protoloadng_routecost_compositemetric.o
        12          0          0          0          0        152   protoloadng_routecost_hopcount.o
      6486        100       1640          8       1640        764   macrflow.o
      4172        248        180          0        192        356   macrfmib.o
      1560         46        860          1        900        616   macrfsublayer.o
       148         18         12          7         18         68   macconstants.o
      4984         90        960         12        960        612   maclow.o
      4098        214        188          0        212        512   macmib.o
      3938         92        892          1        932        896   macsublayer.o
         0          0          0          0          0          0   entry.o
         0          0          0          0          0          0   entry10a.o
         0          0          0          0          0          0   entry11a.o
         8          4          0          0          0          0   entry2.o
         4          0          0          0          0          0   entry5.o
         0          0          0          0          0          0   entry7b.o
         0          0          0          0          0          0   entry8b.o
         8          4          0          0          0          0   entry9a.o
        30          0          0          0          0          0   handlers.o
        36          8          0          0          0         68   init.o
         0          0          0          0          0          0   iusefp.o
        30          0          0          0          0         68   llshl.o
        36          0          0          0          0         68   llsshr.o
        32          0          0          0          0         68   llushr.o
        20          0          0          0          0         68   memchr.o
        26          0          0          0          0         80   memcmp.o
        64          0          0          0          0         76   memmovea.o
        36          0          0          0          0        108   memseta.o
      2258         90          0          0          0        452   printfa.o
        36          6          0          0          0         80   puts.o
        36         10          0          4          0        136   rand.o
        44          0          0          0          0         80   uidiv.o
        98          0          0          0          0         92   uldiv.o
        48          0          0          0          0         68   cdcmple.o
        48          0          0          0          0         68   cdrcmple.o
        56          0          0          0          0         88   d2f.o
       334          0          0          0          0        148   dadd.o
       222          0          0          0          0        100   ddiv.o
       186          0          0          0          0        176   depilogue.o
        50          0          0          0          0         76   dfixui.o
        48          0          0          0          0         68   dfixul.o
        26          0          0          0          0         76   dfltui.o
       228          0          0          0          0         96   dmul.o
        46          0          0          0          0         80   dscalb.o
       110          0          0          0          0        168   fepilogue.o
        40          0          0          0          0         68   ffixui.o

    ----------------------------------------------------------------------
     65556       1424       4856         36       7744      16072   Library Totals
        10          0        110          2         16          0   (incl. Padding)

    ----------------------------------------------------------------------

      Code (inc. data)   RO Data    RW Data    ZI Data      Debug   Library Name

     20650        312         14          1       2450       5844   lib-g3-keil-adp-hyb.lib
     15266        182          0          0        424       3680   lib-g3-keil-loadng-hyb.lib
     12218        394       2680          9       2732       1736   lib-g3-keil-mac-rf.lib
     13168        414       2052         20       2122       2088   lib-g3-keil-mac.lib
      2802        122          0          4          0       1444   mc_w.l
      1442          0          0          0          0       1280   mf_w.l

    ----------------------------------------------------------------------
     65556       1424       4856         36       7744      16072   Library Totals

    ----------------------------------------------------------------------

==============================================================================


      Code (inc. data)   RO Data    RW Data    ZI Data      Debug   

    194132      11684     142388        288     132828     676175   Grand Totals
    194132      11684     142388        288     132828     676175   ELF Image Totals
    194132      11684     142388        288          0          0   ROM Totals

==============================================================================

    Total RO  Size (Code + RO Data)               336520 ( 328.63kB)
    Total RW  Size (RW Data + ZI Data)            133116 ( 130.00kB)
    Total ROM Size (Code + RO Data + RW Data)     336808 ( 328.91kB)

==============================================================================

