<!doctype html public "-//w3c//dtd html 4.0 transitional//en">
<html><head>
<title>Static Call Graph - [.\obj\apps_template_app.axf]</title></head>
<body><HR>
<H1>Static Call Graph for image .\obj\apps_template_app.axf</H1><HR>
<BR><P>#&#060CALLGRAPH&#062# ARM Linker, 5060960: Last Updated: Wed May 10 08:59:49 2023
<BR><P>
<H3>Maximum Stack Usage =       3624 bytes + Unknown(Functions without stacksize, Cycles, Untraceable Function Pointers)</H3><H3>
Call chain for Maximum Stack Depth:</H3>
__rt_entry_main &rArr; main &rArr; oss_start &rArr; AdpEventHandler &rArr; AdpMac_EventHandler &rArr; _ProcessMacNotifications &rArr; ADP_ProcessIncomingMessage &rArr; BootstrapWrapper_ProcessMessage &rArr; LBP_ProcessMessage &rArr; _Join_Process_Challenge &rArr; _ProcessParameters &rArr; AdpSetRequestSync &rArr; AdpSetMib &rArr; BootstrapWrapper_InitEapPsk &rArr; LBP_InitEapPsk &rArr; EAP_PSK_Initialize &rArr; aes_wrapper_aes_setkey_enc &rArr; mbedtls_aes_setkey_enc
<P>
<H3>
Functions with no stack information
</H3><UL>
 <LI><a href="#[2f8]">__user_initial_stackheap</a>
</UL>
</UL>
<P>
<H3>
Mutually Recursive functions
</H3> <LI><a href="#[26]">NMI_Handler</a>&nbsp;&nbsp;&nbsp;&rArr;&nbsp;&nbsp;&nbsp;<a href="#[26]">NMI_Handler</a><BR>
 <LI><a href="#[27]">HardFault_Handler</a>&nbsp;&nbsp;&nbsp;&rArr;&nbsp;&nbsp;&nbsp;<a href="#[27]">HardFault_Handler</a><BR>
 <LI><a href="#[28]">MemManage_Handler</a>&nbsp;&nbsp;&nbsp;&rArr;&nbsp;&nbsp;&nbsp;<a href="#[28]">MemManage_Handler</a><BR>
 <LI><a href="#[29]">BusFault_Handler</a>&nbsp;&nbsp;&nbsp;&rArr;&nbsp;&nbsp;&nbsp;<a href="#[29]">BusFault_Handler</a><BR>
 <LI><a href="#[2a]">UsageFault_Handler</a>&nbsp;&nbsp;&nbsp;&rArr;&nbsp;&nbsp;&nbsp;<a href="#[2a]">UsageFault_Handler</a><BR>
 <LI><a href="#[2b]">SVC_Handler</a>&nbsp;&nbsp;&nbsp;&rArr;&nbsp;&nbsp;&nbsp;<a href="#[2b]">SVC_Handler</a><BR>
 <LI><a href="#[2c]">DebugMon_Handler</a>&nbsp;&nbsp;&nbsp;&rArr;&nbsp;&nbsp;&nbsp;<a href="#[2c]">DebugMon_Handler</a><BR>
 <LI><a href="#[2d]">PendSV_Handler</a>&nbsp;&nbsp;&nbsp;&rArr;&nbsp;&nbsp;&nbsp;<a href="#[2d]">PendSV_Handler</a><BR>
 <LI><a href="#[2e]">SysTick_Handler</a>&nbsp;&nbsp;&nbsp;&rArr;&nbsp;&nbsp;&nbsp;<a href="#[2e]">SysTick_Handler</a><BR>
 <LI><a href="#[4c]">ARM_Handler</a>&nbsp;&nbsp;&nbsp;&rArr;&nbsp;&nbsp;&nbsp;<a href="#[4c]">ARM_Handler</a><BR>
 <LI><a href="#[1d5]">LOADNG_SetMib</a>&nbsp;&nbsp;&nbsp;&rArr;&nbsp;&nbsp;&nbsp;<a href="#[1d3]">AdpSetRequestSync</a><BR>
 <LI><a href="#[427]">gcm_mask</a>&nbsp;&nbsp;&nbsp;&rArr;&nbsp;&nbsp;&nbsp;<a href="#[3d6]">mbedtls_cipher_update</a><BR>
 <LI><a href="#[415]">ipv6ProcessPacket</a>&nbsp;&nbsp;&nbsp;&rArr;&nbsp;&nbsp;&nbsp;<a href="#[443]">ipv6ForwardPacket</a><BR>
 <LI><a href="#[436]">icmpv6SendErrorMessage</a>&nbsp;&nbsp;&nbsp;&rArr;&nbsp;&nbsp;&nbsp;<a href="#[42e]">ipv6SendDatagram</a><BR>
 <LI><a href="#[457]">ipv6ParseFragmentHeader</a>&nbsp;&nbsp;&nbsp;&rArr;&nbsp;&nbsp;&nbsp;<a href="#[415]">ipv6ProcessPacket</a><BR>
 <LI><a href="#[489]">ndpSendNeighborAdv</a>&nbsp;&nbsp;&nbsp;&rArr;&nbsp;&nbsp;&nbsp;<a href="#[42e]">ipv6SendDatagram</a><BR>
 <LI><a href="#[428]">icmpv6ProcessEchoRequest</a>&nbsp;&nbsp;&nbsp;&rArr;&nbsp;&nbsp;&nbsp;<a href="#[42e]">ipv6SendDatagram</a><BR>
 <LI><a href="#[445]">ndpSendRedirect</a>&nbsp;&nbsp;&nbsp;&rArr;&nbsp;&nbsp;&nbsp;<a href="#[42e]">ipv6SendDatagram</a><BR>
 <LI><a href="#[48b]">ndpSendNeighborSol</a>&nbsp;&nbsp;&nbsp;&rArr;&nbsp;&nbsp;&nbsp;<a href="#[42e]">ipv6SendDatagram</a><BR>
 <LI><a href="#[4db]">portable_delay_cycles</a>&nbsp;&nbsp;&nbsp;&rArr;&nbsp;&nbsp;&nbsp;<a href="#[4db]">portable_delay_cycles</a><BR>
 <LI><a href="#[534]">udi_cdc_multi_read_buf</a>&nbsp;&nbsp;&nbsp;&rArr;&nbsp;&nbsp;&nbsp;<a href="#[530]">udi_cdc_rx_start</a><BR>
 <LI><a href="#[1ac]">_GenerateRouteError</a>&nbsp;&nbsp;&nbsp;&rArr;&nbsp;&nbsp;&nbsp;<a href="#[1a9]">_RREQRERRWait_FindEmptyQueueSlot</a><BR>
 <LI><a href="#[1a9]">_RREQRERRWait_FindEmptyQueueSlot</a>&nbsp;&nbsp;&nbsp;&rArr;&nbsp;&nbsp;&nbsp;<a href="#[1a7]">_DiscoverRoute</a><BR>
 <LI><a href="#[1be]">_ProcessMessage</a>&nbsp;&nbsp;&nbsp;&rArr;&nbsp;&nbsp;&nbsp;<a href="#[1be]">_ProcessMessage</a><BR>
 <LI><a href="#[2c0]">_Decompress_NextHeaders</a>&nbsp;&nbsp;&nbsp;&rArr;&nbsp;&nbsp;&nbsp;<a href="#[2c0]">_Decompress_NextHeaders</a><BR>
 <LI><a href="#[149]">_sys_exit</a>&nbsp;&nbsp;&nbsp;&rArr;&nbsp;&nbsp;&nbsp;<a href="#[149]">_sys_exit</a><BR>
</UL>
<P>
<H3>
Function Pointers
</H3><UL>
 <LI><a href="#[4b]">ADC_Handler</a> from adc2.o(i.ADC_Handler) referenced from startup_samg55.o(RESET)
 <LI><a href="#[4c]">ARM_Handler</a> from startup_samg55.o(.text) referenced from startup_samg55.o(RESET)
 <LI><a href="#[c0]">AppAdpDataConfirm</a> from app_adp_mng.o(i.AppAdpDataConfirm) referenced from app_adp_mng.o(i.adp_app_init)
 <LI><a href="#[c1]">AppAdpDataIndication</a> from app_adp_mng.o(i.AppAdpDataIndication) referenced from app_adp_mng.o(i.adp_app_init)
 <LI><a href="#[c2]">AppAdpDiscoveryConfirm</a> from app_adp_mng.o(i.AppAdpDiscoveryConfirm) referenced from app_adp_mng.o(i.adp_app_init)
 <LI><a href="#[c3]">AppAdpDiscoveryIndication</a> from app_adp_mng.o(i.AppAdpDiscoveryIndication) referenced from app_adp_mng.o(i.adp_app_init)
 <LI><a href="#[cb]">AppAdpGetConfirm</a> from app_adp_mng.o(i.AppAdpGetConfirm) referenced from app_adp_mng.o(i.adp_app_init)
 <LI><a href="#[cd]">AppAdpLbpConfirm</a> from app_adp_mng.o(i.AppAdpLbpConfirm) referenced from app_adp_mng.o(i.adp_app_init)
 <LI><a href="#[ce]">AppAdpLbpIndication</a> from app_adp_mng.o(i.AppAdpLbpIndication) referenced from app_adp_mng.o(i.adp_app_init)
 <LI><a href="#[cc]">AppAdpMacGetConfirm</a> from app_adp_mng.o(i.AppAdpMacGetConfirm) referenced from app_adp_mng.o(i.adp_app_init)
 <LI><a href="#[ca]">AppAdpMacSetConfirm</a> from app_adp_mng.o(i.AppAdpMacSetConfirm) referenced from app_adp_mng.o(i.adp_app_init)
 <LI><a href="#[c5]">AppAdpNetworkJoinConfirm</a> from app_adp_mng.o(i.AppAdpNetworkJoinConfirm) referenced from app_adp_mng.o(i.adp_app_init)
 <LI><a href="#[c7]">AppAdpNetworkLeaveConfirm</a> from app_adp_mng.o(i.AppAdpNetworkLeaveConfirm) referenced from app_adp_mng.o(i.adp_app_init)
 <LI><a href="#[c6]">AppAdpNetworkLeaveIndication</a> from app_adp_mng.o(i.AppAdpNetworkLeaveIndication) referenced from app_adp_mng.o(i.adp_app_init)
 <LI><a href="#[c4]">AppAdpNetworkStartConfirm</a> from app_adp_mng.o(i.AppAdpNetworkStartConfirm) referenced from app_adp_mng.o(i.adp_app_init)
 <LI><a href="#[d1]">AppAdpNetworkStatusIndication</a> from app_adp_mng.o(i.AppAdpNetworkStatusIndication) referenced from app_adp_mng.o(i.adp_app_init)
 <LI><a href="#[d2]">AppAdpNotification_BufferIndication</a> from app_adp_mng.o(i.AppAdpNotification_BufferIndication) referenced from app_adp_mng.o(i.adp_app_init)
 <LI><a href="#[d3]">AppAdpNotification_PREQIndication</a> from app_adp_mng.o(i.AppAdpNotification_PREQIndication) referenced from app_adp_mng.o(i.adp_app_init)
 <LI><a href="#[d4]">AppAdpNotification_UpdNonVolatileDataIndication</a> from app_adp_mng.o(i.AppAdpNotification_UpdNonVolatileDataIndication) referenced from app_adp_mng.o(i.adp_app_init)
 <LI><a href="#[d0]">AppAdpPathDiscoveryConfirm</a> from app_adp_mng.o(i.AppAdpPathDiscoveryConfirm) referenced from app_adp_mng.o(i.adp_app_init)
 <LI><a href="#[c8]">AppAdpResetConfirm</a> from app_adp_mng.o(i.AppAdpResetConfirm) referenced from app_adp_mng.o(i.adp_app_init)
 <LI><a href="#[cf]">AppAdpRouteDiscoveryConfirm</a> from app_adp_mng.o(i.AppAdpRouteDiscoveryConfirm) referenced from app_adp_mng.o(i.adp_app_init)
 <LI><a href="#[c9]">AppAdpSetConfirm</a> from app_adp_mng.o(i.AppAdpSetConfirm) referenced from app_adp_mng.o(i.adp_app_init)
 <LI><a href="#[29]">BusFault_Handler</a> from startup_samg55.o(.text) referenced from startup_samg55.o(RESET)
 <LI><a href="#[4f]">CRCCU_Handler</a> from startup_samg55.o(.text) referenced from startup_samg55.o(RESET)
 <LI><a href="#[2c]">DebugMon_Handler</a> from startup_samg55.o(.text) referenced from startup_samg55.o(RESET)
 <LI><a href="#[d]">DisableIrq</a> from network_adapter_g3.o(i.DisableIrq) referenced 2 times from network_adapter_g3.o(.data)
 <LI><a href="#[35]">EFC_Handler</a> from startup_samg55.o(.text) referenced from startup_samg55.o(RESET)
 <LI><a href="#[c]">EnableIrq</a> from network_adapter_g3.o(i.EnableIrq) referenced 2 times from network_adapter_g3.o(.data)
 <LI><a href="#[37]">FLEXCOM0_Handler</a> from prf_if.o(i.FLEXCOM0_Handler) referenced from startup_samg55.o(RESET)
 <LI><a href="#[38]">FLEXCOM1_Handler</a> from startup_samg55.o(.text) referenced from startup_samg55.o(RESET)
 <LI><a href="#[3c]">FLEXCOM2_Handler</a> from startup_samg55.o(.text) referenced from startup_samg55.o(RESET)
 <LI><a href="#[41]">FLEXCOM3_Handler</a> from startup_samg55.o(.text) referenced from startup_samg55.o(RESET)
 <LI><a href="#[42]">FLEXCOM4_Handler</a> from busart_if.o(i.FLEXCOM4_Handler) referenced from startup_samg55.o(RESET)
 <LI><a href="#[43]">FLEXCOM5_Handler</a> from startup_samg55.o(.text) referenced from startup_samg55.o(RESET)
 <LI><a href="#[44]">FLEXCOM6_Handler</a> from startup_samg55.o(.text) referenced from startup_samg55.o(RESET)
 <LI><a href="#[36]">FLEXCOM7_Handler</a> from startup_samg55.o(.text) referenced from startup_samg55.o(RESET)
 <LI><a href="#[27]">HardFault_Handler</a> from startup_samg55.o(.text) referenced from startup_samg55.o(RESET)
 <LI><a href="#[3e]">I2SC0_Handler</a> from startup_samg55.o(.text) referenced from startup_samg55.o(RESET)
 <LI><a href="#[3f]">I2SC1_Handler</a> from startup_samg55.o(.text) referenced from startup_samg55.o(RESET)
 <LI><a href="#[a]">Init</a> from network_adapter_g3.o(i.Init) referenced 2 times from network_adapter_g3.o(.data)
 <LI><a href="#[5c]">LoWPAN_DataSend_Callback</a> from proto6lowpan.o(.text) referenced from adp.o(.text)
 <LI><a href="#[3d]">MEM2MEM_Handler</a> from startup_samg55.o(.text) referenced from startup_samg55.o(RESET)
 <LI><a href="#[24]">MacRtCbPlmeGetConfirm</a> from maclow.o(.text) referenced 2 times from maclow.o(.data)
 <LI><a href="#[22]">MacRtCbProcessFrame</a> from maclow.o(.text) referenced 2 times from maclow.o(.data)
 <LI><a href="#[23]">MacRtCbTxConfirm</a> from maclow.o(.text) referenced 2 times from maclow.o(.data)
 <LI><a href="#[28]">MemManage_Handler</a> from startup_samg55.o(.text) referenced from startup_samg55.o(RESET)
 <LI><a href="#[26]">NMI_Handler</a> from startup_samg55.o(.text) referenced from startup_samg55.o(RESET)
 <LI><a href="#[248]">Network_Join_Confirm</a> from adpnetwork.o(.text) referenced 2 times from adpnetwork.o(.text)
 <LI><a href="#[24d]">Network_Kick_Notify</a> from adpnetwork.o(.text) referenced 2 times from adpnetwork.o(.text)
 <LI><a href="#[251]">Network_Leave_Callback</a> from adpnetwork.o(.text) referenced from adpnetwork.o(.text)
 <LI><a href="#[3b]">PDMIC0_Handler</a> from startup_samg55.o(.text) referenced from startup_samg55.o(RESET)
 <LI><a href="#[40]">PDMIC1_Handler</a> from startup_samg55.o(.text) referenced from startup_samg55.o(RESET)
 <LI><a href="#[39]">PIOA_Handler</a> from pio_handler.o(i.PIOA_Handler) referenced from startup_samg55.o(RESET)
 <LI><a href="#[3a]">PIOB_Handler</a> from pio_handler.o(i.PIOB_Handler) referenced from startup_samg55.o(RESET)
 <LI><a href="#[34]">PMC_Handler</a> from startup_samg55.o(.text) referenced from startup_samg55.o(RESET)
 <LI><a href="#[20]">PalRFCbDataConfirm</a> from macrflow.o(.text) referenced 2 times from macrflow.o(.data)
 <LI><a href="#[21]">PalRFCbDataIndication</a> from macrflow.o(.text) referenced 2 times from macrflow.o(.data)
 <LI><a href="#[2d]">PendSV_Handler</a> from startup_samg55.o(.text) referenced from startup_samg55.o(RESET)
 <LI><a href="#[30]">RSTC_Handler</a> from startup_samg55.o(.text) referenced from startup_samg55.o(RESET)
 <LI><a href="#[31]">RTC_Handler</a> from startup_samg55.o(.text) referenced from startup_samg55.o(RESET)
 <LI><a href="#[32]">RTT_Handler</a> from startup_samg55.o(.text) referenced from startup_samg55.o(RESET)
 <LI><a href="#[12]">ReadPhyReg</a> from network_adapter_g3.o(i.ReadPhyReg) referenced 2 times from network_adapter_g3.o(.data)
 <LI><a href="#[25]">Reset_Handler</a> from startup_samg55.o(.text) referenced from startup_samg55.o(RESET)
 <LI><a href="#[e]">RxEventHandler</a> from network_adapter_g3.o(i.RxEventHandler) referenced 2 times from network_adapter_g3.o(.data)
 <LI><a href="#[2f]">SUPC_Handler</a> from hal.o(i.SUPC_Handler) referenced from startup_samg55.o(RESET)
 <LI><a href="#[2b]">SVC_Handler</a> from startup_samg55.o(.text) referenced from startup_samg55.o(RESET)
 <LI><a href="#[10]">SetMacFilter</a> from network_adapter_g3.o(i.SetMacFilter) referenced 2 times from network_adapter_g3.o(.data)
 <LI><a href="#[2e]">SysTick_Handler</a> from startup_samg55.o(.text) referenced from startup_samg55.o(RESET)
 <LI><a href="#[50]">SystemInit</a> from system_samg55.o(i.SystemInit) referenced from startup_samg55.o(.text)
 <LI><a href="#[45]">TC0_Handler</a> from startup_samg55.o(.text) referenced from startup_samg55.o(RESET)
 <LI><a href="#[46]">TC1_Handler</a> from startup_samg55.o(.text) referenced from startup_samg55.o(RESET)
 <LI><a href="#[47]">TC2_Handler</a> from timer_1us.o(i.TC2_Handler) referenced from startup_samg55.o(RESET)
 <LI><a href="#[48]">TC3_Handler</a> from hal.o(i.TC3_Handler) referenced from startup_samg55.o(RESET)
 <LI><a href="#[49]">TC4_Handler</a> from busart_if.o(i.TC4_Handler) referenced from startup_samg55.o(RESET)
 <LI><a href="#[4a]">TC5_Handler</a> from startup_samg55.o(.text) referenced from startup_samg55.o(RESET)
 <LI><a href="#[b]">Tick</a> from network_adapter_g3.o(i.Tick) referenced 2 times from network_adapter_g3.o(.data)
 <LI><a href="#[4e]">UDP_Handler</a> from udp_device.o(i.UDP_Handler) referenced from startup_samg55.o(RESET)
 <LI><a href="#[4d]">UHP_Handler</a> from startup_samg55.o(.text) referenced from startup_samg55.o(RESET)
 <LI><a href="#[2a]">UsageFault_Handler</a> from startup_samg55.o(.text) referenced from startup_samg55.o(RESET)
 <LI><a href="#[33]">WDT_Handler</a> from startup_samg55.o(.text) referenced from startup_samg55.o(RESET)
 <LI><a href="#[11]">WritePhyReg</a> from network_adapter_g3.o(i.WritePhyReg) referenced 2 times from network_adapter_g3.o(.data)
 <LI><a href="#[5d]">_Callback_DataSend</a> from adpdata.o(.text) referenced from adpdata.o(.text)
 <LI><a href="#[70]">_Callback_FragTimer</a> from adpcommon.o(.text) referenced from adpcommon.o(.text)
 <LI><a href="#[66]">_Callback_HyALBeaconNotify</a> from adpmacinterface.o(.text) referenced from adpmacinterface.o(.text)
 <LI><a href="#[69]">_Callback_HyALCommStatusIndication</a> from adpmacinterface.o(.text) referenced from adpmacinterface.o(.text)
 <LI><a href="#[61]">_Callback_HyALDataConfirm</a> from adpmacinterface.o(.text) referenced from adpmacinterface.o(.text)
 <LI><a href="#[62]">_Callback_HyALDataIndication</a> from adpmacinterface.o(.text) referenced from adpmacinterface.o(.text)
 <LI><a href="#[63]">_Callback_HyALGetConfirm</a> from adpmacinterface.o(.text) referenced from adpmacinterface.o(.text)
 <LI><a href="#[7c]">_Callback_HyALMacWrpBeaconNotify</a> from hyal.o(i._Callback_HyALMacWrpBeaconNotify) referenced from hyal.o(i.HyALInitialize)
 <LI><a href="#[86]">_Callback_HyALMacWrpBeaconNotifyRF</a> from hyal.o(i._Callback_HyALMacWrpBeaconNotifyRF) referenced from hyal.o(i.HyALInitialize)
 <LI><a href="#[7f]">_Callback_HyALMacWrpCommStatusIndication</a> from hyal.o(i._Callback_HyALMacWrpCommStatusIndication) referenced from hyal.o(i.HyALInitialize)
 <LI><a href="#[89]">_Callback_HyALMacWrpCommStatusIndicationRF</a> from hyal.o(i._Callback_HyALMacWrpCommStatusIndicationRF) referenced from hyal.o(i.HyALInitialize)
 <LI><a href="#[77]">_Callback_HyALMacWrpDataConfirm</a> from hyal.o(i._Callback_HyALMacWrpDataConfirm) referenced from hyal.o(i.HyALInitialize)
 <LI><a href="#[81]">_Callback_HyALMacWrpDataConfirmRF</a> from hyal.o(i._Callback_HyALMacWrpDataConfirmRF) referenced from hyal.o(i.HyALInitialize)
 <LI><a href="#[78]">_Callback_HyALMacWrpDataIndication</a> from hyal.o(i._Callback_HyALMacWrpDataIndication) referenced from hyal.o(i.HyALInitialize)
 <LI><a href="#[82]">_Callback_HyALMacWrpDataIndicationRF</a> from hyal.o(i._Callback_HyALMacWrpDataIndicationRF) referenced from hyal.o(i.HyALInitialize)
 <LI><a href="#[79]">_Callback_HyALMacWrpGetConfirm</a> from hyal.o(i._Callback_HyALMacWrpGetConfirm) referenced from hyal.o(i.HyALInitialize)
 <LI><a href="#[83]">_Callback_HyALMacWrpGetConfirmRF</a> from hyal.o(i._Callback_HyALMacWrpGetConfirmRF) referenced from hyal.o(i.HyALInitialize)
 <LI><a href="#[7b]">_Callback_HyALMacWrpResetConfirm</a> from hyal.o(i._Callback_HyALMacWrpResetConfirm) referenced from hyal.o(i.HyALInitialize)
 <LI><a href="#[85]">_Callback_HyALMacWrpResetConfirmRF</a> from hyal.o(i._Callback_HyALMacWrpResetConfirmRF) referenced from hyal.o(i.HyALInitialize)
 <LI><a href="#[7d]">_Callback_HyALMacWrpScanConfirm</a> from hyal.o(i._Callback_HyALMacWrpScanConfirm) referenced from hyal.o(i.HyALInitialize)
 <LI><a href="#[87]">_Callback_HyALMacWrpScanConfirmRF</a> from hyal.o(i._Callback_HyALMacWrpScanConfirmRF) referenced from hyal.o(i.HyALInitialize)
 <LI><a href="#[7a]">_Callback_HyALMacWrpSetConfirm</a> from hyal.o(i._Callback_HyALMacWrpSetConfirm) referenced from hyal.o(i.HyALInitialize)
 <LI><a href="#[84]">_Callback_HyALMacWrpSetConfirmRF</a> from hyal.o(i._Callback_HyALMacWrpSetConfirmRF) referenced from hyal.o(i.HyALInitialize)
 <LI><a href="#[80]">_Callback_HyALMacWrpSnifferIndication</a> from hyal.o(i._Callback_HyALMacWrpSnifferIndication) referenced from hyal.o(i.HyALInitialize)
 <LI><a href="#[8a]">_Callback_HyALMacWrpSnifferIndicationRF</a> from hyal.o(i._Callback_HyALMacWrpSnifferIndicationRF) referenced from hyal.o(i.HyALInitialize)
 <LI><a href="#[7e]">_Callback_HyALMacWrpStartConfirm</a> from hyal.o(i._Callback_HyALMacWrpStartConfirm) referenced from hyal.o(i.HyALInitialize)
 <LI><a href="#[88]">_Callback_HyALMacWrpStartConfirmRF</a> from hyal.o(i._Callback_HyALMacWrpStartConfirmRF) referenced from hyal.o(i.HyALInitialize)
 <LI><a href="#[65]">_Callback_HyALResetConfirm</a> from adpmacinterface.o(.text) referenced from adpmacinterface.o(.text)
 <LI><a href="#[67]">_Callback_HyALScanConfirm</a> from adpmacinterface.o(.text) referenced from adpmacinterface.o(.text)
 <LI><a href="#[64]">_Callback_HyALSetConfirm</a> from adpmacinterface.o(.text) referenced from adpmacinterface.o(.text)
 <LI><a href="#[68]">_Callback_HyALStartConfirm</a> from adpmacinterface.o(.text) referenced from adpmacinterface.o(.text)
 <LI><a href="#[5e]">_Callback_MAC_BeaconNotifyIndication</a> from adpdiscovery.o(.text) referenced from adpdiscovery.o(.text)
 <LI><a href="#[6f]">_Callback_MAC_DataConfirm</a> from adpcommon.o(.text) referenced from adpcommon.o(.text)
 <LI><a href="#[5f]">_Callback_MAC_ScanConfirm</a> from adpdiscovery.o(.text) referenced from adpdiscovery.o(.text)
 <LI><a href="#[9c]">_Callback_MacWrapperMcpsDataConfirm</a> from mac_wrapper.o(i._Callback_MacWrapperMcpsDataConfirm) referenced from mac_wrapper.o(i.MacWrapperInitialize)
 <LI><a href="#[a6]">_Callback_MacWrapperMcpsDataConfirmRF</a> from mac_wrapper.o(i._Callback_MacWrapperMcpsDataConfirmRF) referenced from mac_wrapper.o(i.MacWrapperInitializeRF)
 <LI><a href="#[9d]">_Callback_MacWrapperMcpsDataIndication</a> from mac_wrapper.o(i._Callback_MacWrapperMcpsDataIndication) referenced from mac_wrapper.o(i.MacWrapperInitialize)
 <LI><a href="#[a7]">_Callback_MacWrapperMcpsDataIndicationRF</a> from mac_wrapper.o(i._Callback_MacWrapperMcpsDataIndicationRF) referenced from mac_wrapper.o(i.MacWrapperInitializeRF)
 <LI><a href="#[a5]">_Callback_MacWrapperMcpsMacSnifferIndication</a> from mac_wrapper.o(i._Callback_MacWrapperMcpsMacSnifferIndication) referenced from mac_wrapper.o(i.MacWrapperInitialize)
 <LI><a href="#[af]">_Callback_MacWrapperMcpsMacSnifferIndicationRF</a> from mac_wrapper.o(i._Callback_MacWrapperMcpsMacSnifferIndicationRF) referenced from mac_wrapper.o(i.MacWrapperInitializeRF)
 <LI><a href="#[a1]">_Callback_MacWrapperMlmeBeaconNotify</a> from mac_wrapper.o(i._Callback_MacWrapperMlmeBeaconNotify) referenced from mac_wrapper.o(i.MacWrapperInitialize)
 <LI><a href="#[ab]">_Callback_MacWrapperMlmeBeaconNotifyRF</a> from mac_wrapper.o(i._Callback_MacWrapperMlmeBeaconNotifyRF) referenced from mac_wrapper.o(i.MacWrapperInitializeRF)
 <LI><a href="#[a4]">_Callback_MacWrapperMlmeCommStatusIndication</a> from mac_wrapper.o(i._Callback_MacWrapperMlmeCommStatusIndication) referenced from mac_wrapper.o(i.MacWrapperInitialize)
 <LI><a href="#[ae]">_Callback_MacWrapperMlmeCommStatusIndicationRF</a> from mac_wrapper.o(i._Callback_MacWrapperMlmeCommStatusIndicationRF) referenced from mac_wrapper.o(i.MacWrapperInitializeRF)
 <LI><a href="#[9e]">_Callback_MacWrapperMlmeGetConfirm</a> from mac_wrapper.o(i._Callback_MacWrapperMlmeGetConfirm) referenced from mac_wrapper.o(i.MacWrapperInitialize)
 <LI><a href="#[a8]">_Callback_MacWrapperMlmeGetConfirmRF</a> from mac_wrapper.o(i._Callback_MacWrapperMlmeGetConfirmRF) referenced from mac_wrapper.o(i.MacWrapperInitializeRF)
 <LI><a href="#[a0]">_Callback_MacWrapperMlmeResetConfirm</a> from mac_wrapper.o(i._Callback_MacWrapperMlmeResetConfirm) referenced from mac_wrapper.o(i.MacWrapperInitialize)
 <LI><a href="#[aa]">_Callback_MacWrapperMlmeResetConfirmRF</a> from mac_wrapper.o(i._Callback_MacWrapperMlmeResetConfirmRF) referenced from mac_wrapper.o(i.MacWrapperInitializeRF)
 <LI><a href="#[a2]">_Callback_MacWrapperMlmeScanConfirm</a> from mac_wrapper.o(i._Callback_MacWrapperMlmeScanConfirm) referenced from mac_wrapper.o(i.MacWrapperInitialize)
 <LI><a href="#[ac]">_Callback_MacWrapperMlmeScanConfirmRF</a> from mac_wrapper.o(i._Callback_MacWrapperMlmeScanConfirmRF) referenced from mac_wrapper.o(i.MacWrapperInitializeRF)
 <LI><a href="#[9f]">_Callback_MacWrapperMlmeSetConfirm</a> from mac_wrapper.o(i._Callback_MacWrapperMlmeSetConfirm) referenced from mac_wrapper.o(i.MacWrapperInitialize)
 <LI><a href="#[a9]">_Callback_MacWrapperMlmeSetConfirmRF</a> from mac_wrapper.o(i._Callback_MacWrapperMlmeSetConfirmRF) referenced from mac_wrapper.o(i.MacWrapperInitializeRF)
 <LI><a href="#[a3]">_Callback_MacWrapperMlmeStartConfirm</a> from mac_wrapper.o(i._Callback_MacWrapperMlmeStartConfirm) referenced from mac_wrapper.o(i.MacWrapperInitialize)
 <LI><a href="#[ad]">_Callback_MacWrapperMlmeStartConfirmRF</a> from mac_wrapper.o(i._Callback_MacWrapperMlmeStartConfirmRF) referenced from mac_wrapper.o(i.MacWrapperInitializeRF)
 <LI><a href="#[55]">_DiscoverRoute_Callback_MAC_DataConfirm</a> from protoloadng.o(.text) referenced from protoloadng.o(.text)
 <LI><a href="#[57]">_DiscoverRoute_TimerExpired_Callback</a> from protoloadng.o(.text) referenced from protoloadng.o(.text)
 <LI><a href="#[8d]">_Dummy_Callback_DataSend</a> from processlbp.o(i._Dummy_Callback_DataSend) referenced from processlbp.o(i.LBP_ProcessMessage)
 <LI><a href="#[8d]">_Dummy_Callback_DataSend</a> from processlbp.o(i._Dummy_Callback_DataSend) referenced from processlbp.o(i._Join_Process_Accepted)
 <LI><a href="#[8c]">_Join_Callback_DataSend</a> from processlbp.o(i._Join_Callback_DataSend) referenced from processlbp.o(i.LBP_JoinRequest)
 <LI><a href="#[8c]">_Join_Callback_DataSend</a> from processlbp.o(i._Join_Callback_DataSend) referenced from processlbp.o(i._Join_Process_Challenge)
 <LI><a href="#[8b]">_Join_TimerExpired_Callback</a> from processlbp.o(i._Join_TimerExpired_Callback) referenced from processlbp.o(i.LBP_JoinRequest)
 <LI><a href="#[6b]">_Kick_Callback_AdpMac_ResetConfirm</a> from adpnetwork.o(.text) referenced from adpnetwork.o(.text)
 <LI><a href="#[6c]">_Kick_TimerExpired_Callback</a> from adpnetwork.o(.text) referenced from adpnetwork.o(.text)
 <LI><a href="#[60]">_Lbp_Callback_DataSend</a> from adplbp.o(.text) referenced from adplbp.o(.text)
 <LI><a href="#[6d]">_Leave_Callback_AdpMac_ResetConfirm</a> from adpnetwork.o(.text) referenced from adpnetwork.o(.text)
 <LI><a href="#[53]">_PathDiscovery_Callback_MAC_DataConfirm</a> from protoloadng.o(.text) referenced from protoloadng.o(.text)
 <LI><a href="#[52]">_PathDiscovery_TimerExpired_Callback</a> from protoloadng.o(.text) referenced from protoloadng.o(.text)
 <LI><a href="#[59]">_PathForward_Callback_MAC_DataConfirm</a> from protoloadng.o(.text) referenced 3 times from protoloadng.o(.text)
 <LI><a href="#[5a]">_Process_RREQ_TimerExpired_Callback</a> from protoloadng.o(.text) referenced from protoloadng.o(.text)
 <LI><a href="#[54]">_RREQRERRWait_TimerExpired_Callback</a> from protoloadng.o(.text) referenced 2 times from protoloadng.o(.text)
 <LI><a href="#[be]">_Rekey_TimerExpired_Callback</a> from processlbp.o(i._Rekey_TimerExpired_Callback) referenced from processlbp.o(i._Join_Process_Challenge)
 <LI><a href="#[72]">_RouteDiscover_Callback</a> from adpcommon.o(.text) referenced from adpcommon.o(.text)
 <LI><a href="#[58]">_RouteDiscover_Callback_MAC_DataConfirm</a> from protoloadng.o(.text) referenced 3 times from protoloadng.o(.text)
 <LI><a href="#[6e]">_RouteDiscovery_DiscoverRoute_Callback</a> from adproutediscovery.o(.text) referenced from adproutediscovery.o(.text)
 <LI><a href="#[5b]">_RouteErrorForward_Callback_MAC_DataConfirm</a> from protoloadng.o(.text) referenced from protoloadng.o(.text)
 <LI><a href="#[56]">_RouteErrorGeneration_Callback_MAC_DataConfirm</a> from protoloadng.o(.text) referenced from protoloadng.o(.text)
 <LI><a href="#[71]">_RouteRepair_Callback</a> from adpcommon.o(.text) referenced 2 times from adpcommon.o(.text)
 <LI><a href="#[6a]">_Start_Callback_MAC_StartConfirm</a> from adpnetwork.o(.text) referenced from adpnetwork.o(.text)
 <LI><a href="#[111]">__main</a> from __main.o(!!!main) referenced from startup_samg55.o(.text)
 <LI><a href="#[bb]">_at86rf_exception_cb</a> from pal_rf.o(i._at86rf_exception_cb) referenced from pal_rf.o(i.PalRfInitialize)
 <LI><a href="#[bd]">_at86rf_rx_ind_cb</a> from pal_rf.o(i._at86rf_rx_ind_cb) referenced from pal_rf.o(i.PalRfInitialize)
 <LI><a href="#[bc]">_at86rf_tx_cfm_cb</a> from pal_rf.o(i._at86rf_tx_cfm_cb) referenced from pal_rf.o(i.PalRfInitialize)
 <LI><a href="#[df]">_dlms_app_data_request</a> from dlms_dev.o(i._dlms_app_data_request) referenced from dlms_dev.o(i.dlms_app_init)
 <LI><a href="#[9a]">_exception_event_cb</a> from pal.o(i._exception_event_cb) referenced from pal.o(i.MacRtInitialize)
 <LI><a href="#[9a]">_exception_event_cb</a> from pal.o(i._exception_event_cb) referenced from pal.o(i.MacRtResetRequest)
 <LI><a href="#[73]">_get_lc_ctype</a> from lc_ctype_c.o(locale$$code) referenced from rt_ctype_table.o(.text)
 <LI><a href="#[d6]">_get_req</a> from atpl360.o(i._get_req) referenced from atpl360.o(i.atpl360_init)
 <LI><a href="#[d7]">_get_timer_ref</a> from atpl360.o(i._get_timer_ref) referenced from atpl360.o(i.atpl360_init)
 <LI><a href="#[d8]">_get_tone_map_rsp</a> from atpl360.o(i._get_tone_map_rsp) referenced from atpl360.o(i.atpl360_init)
 <LI><a href="#[de]">_handler_atpl360_ext_int</a> from atpl360.o(i._handler_atpl360_ext_int) referenced from atpl360.o(i.atpl360_init)
 <LI><a href="#[fd]">_oss_1ms_timer_handler</a> from oss_if.o(i._oss_1ms_timer_handler) referenced from oss_if.o(i.oss_start)
 <LI><a href="#[99]">_plme_get_confirm_cb</a> from pal.o(i._plme_get_confirm_cb) referenced from pal.o(i.MacRtInitialize)
 <LI><a href="#[99]">_plme_get_confirm_cb</a> from pal.o(i._plme_get_confirm_cb) referenced from pal.o(i.MacRtResetRequest)
 <LI><a href="#[101]">_prf_if_int_handler</a> from prf_if.o(i._prf_if_int_handler) referenced from prf_if.o(i.prf_if_set_handler)
 <LI><a href="#[75]">_printf_input_char</a> from _printf_char_common.o(.text) referenced from _printf_char_common.o(.text)
 <LI><a href="#[98]">_process_frame_cb</a> from pal.o(i._process_frame_cb) referenced from pal.o(i.MacRtInitialize)
 <LI><a href="#[98]">_process_frame_cb</a> from pal.o(i._process_frame_cb) referenced from pal.o(i.MacRtResetRequest)
 <LI><a href="#[9b]">_restore_configuration</a> from pal.o(i._restore_configuration) referenced from pal.o(i.MacRtInitialize)
 <LI><a href="#[9b]">_restore_configuration</a> from pal.o(i._restore_configuration) referenced from pal.o(i.MacRtResetRequest)
 <LI><a href="#[d9]">_set_callbacks</a> from atpl360.o(i._set_callbacks) referenced from atpl360.o(i.atpl360_init)
 <LI><a href="#[da]">_set_coordinator</a> from atpl360.o(i._set_coordinator) referenced from atpl360.o(i.atpl360_init)
 <LI><a href="#[dc]">_set_req</a> from atpl360.o(i._set_req) referenced from atpl360.o(i.atpl360_init)
 <LI><a href="#[db]">_set_spec15_compliance</a> from atpl360.o(i._set_spec15_compliance) referenced from atpl360.o(i.atpl360_init)
 <LI><a href="#[74]">_sputc</a> from _sputc.o(.text) referenced from __2sprintf.o(.text)
 <LI><a href="#[97]">_tx_confirm_cb</a> from pal.o(i._tx_confirm_cb) referenced from pal.o(i.MacRtInitialize)
 <LI><a href="#[97]">_tx_confirm_cb</a> from pal.o(i._tx_confirm_cb) referenced from pal.o(i.MacRtResetRequest)
 <LI><a href="#[bf]">_tx_prog_handler</a> from rf215_tx.o(i._tx_prog_handler) referenced from rf215_tx.o(i._tx_prog_handler)
 <LI><a href="#[bf]">_tx_prog_handler</a> from rf215_tx.o(i._tx_prog_handler) referenced from rf215_tx.o(i.at86rf_tx_req)
 <LI><a href="#[bf]">_tx_prog_handler</a> from rf215_tx.o(i._tx_prog_handler) referenced from rf215_tx.o(i.rf215_tx_edc_event)
 <LI><a href="#[bf]">_tx_prog_handler</a> from rf215_tx.o(i._tx_prog_handler) referenced from rf215_tx.o(i.rf215_tx_trxrdy_event)
 <LI><a href="#[dd]">_tx_request</a> from atpl360.o(i._tx_request) referenced from atpl360.o(i.atpl360_init)
 <LI><a href="#[ee]">adp_app_init</a> from app_adp_mng.o(i.adp_app_init) referenced from main.o(i.main)
 <LI><a href="#[ef]">adp_app_process</a> from app_adp_mng.o(i.adp_app_process) referenced from main.o(i.main)
 <LI><a href="#[f0]">adp_app_timers_update</a> from app_adp_mng.o(i.adp_app_timers_update) referenced from main.o(i.main)
 <LI><a href="#[106]">aes_crypt_ecb_wrap</a> from cipher_wrap.o(i.aes_crypt_ecb_wrap) referenced from cipher_wrap.o(.constdata)
 <LI><a href="#[109]">aes_ctx_alloc</a> from cipher_wrap.o(i.aes_ctx_alloc) referenced from cipher_wrap.o(.constdata)
 <LI><a href="#[10a]">aes_ctx_free</a> from cipher_wrap.o(i.aes_ctx_free) referenced from cipher_wrap.o(.constdata)
 <LI><a href="#[108]">aes_setkey_dec_wrap</a> from cipher_wrap.o(i.aes_setkey_dec_wrap) referenced from cipher_wrap.o(.constdata)
 <LI><a href="#[107]">aes_setkey_enc_wrap</a> from cipher_wrap.o(i.aes_setkey_enc_wrap) referenced from cipher_wrap.o(.constdata)
 <LI><a href="#[fb]">buffer_alloc_calloc</a> from memory_buffer_alloc.o(i.buffer_alloc_calloc) referenced from memory_buffer_alloc.o(i.mbedtls_memory_buffer_alloc_init)
 <LI><a href="#[fa]">buffer_alloc_free</a> from memory_buffer_alloc.o(i.buffer_alloc_free) referenced from memory_buffer_alloc.o(i.mbedtls_memory_buffer_alloc_init)
 <LI><a href="#[10e]">ccm_aes_setkey_wrap</a> from cipher_wrap.o(i.ccm_aes_setkey_wrap) referenced 2 times from cipher_wrap.o(.constdata)
 <LI><a href="#[10f]">ccm_ctx_alloc</a> from cipher_wrap.o(i.ccm_ctx_alloc) referenced from cipher_wrap.o(.constdata)
 <LI><a href="#[110]">ccm_ctx_free</a> from cipher_wrap.o(i.ccm_ctx_free) referenced from cipher_wrap.o(.constdata)
 <LI><a href="#[f1]">dispatcher_app_init</a> from app_dispatcher.o(i.dispatcher_app_init) referenced from main.o(i.main)
 <LI><a href="#[f2]">dispatcher_app_process</a> from app_dispatcher.o(i.dispatcher_app_process) referenced from main.o(i.main)
 <LI><a href="#[f3]">dispatcher_timers_update</a> from app_dispatcher.o(i.dispatcher_timers_update) referenced from main.o(i.main)
 <LI><a href="#[76]">fputc</a> from retarget.o(i.fputc) referenced from _printf_char_file.o(.text)
 <LI><a href="#[10b]">gcm_aes_setkey_wrap</a> from cipher_wrap.o(i.gcm_aes_setkey_wrap) referenced 2 times from cipher_wrap.o(.constdata)
 <LI><a href="#[10c]">gcm_ctx_alloc</a> from cipher_wrap.o(i.gcm_ctx_alloc) referenced from cipher_wrap.o(.constdata)
 <LI><a href="#[10d]">gcm_ctx_free</a> from cipher_wrap.o(i.gcm_ctx_free) referenced from cipher_wrap.o(.constdata)
 <LI><a href="#[f]">ipv6_send_packet</a> from network_adapter_g3.o(i.ipv6_send_packet) referenced 2 times from network_adapter_g3.o(.data)
 <LI><a href="#[17]">memset</a> from memset.o(.text) referenced 2 times from platform_util.o(.data)
 <LI><a href="#[fc]">netTask</a> from net.o(i.netTask) referenced from net.o(i.netInit)
 <LI><a href="#[e6]">obis_0_0_1_0_0_255_cb</a> from dlms_srv_data.o(i.obis_0_0_1_0_0_255_cb) referenced from dlms_dev.o(i.dlms_app_init)
 <LI><a href="#[e4]">obis_0_0_21_0_5_255_cb</a> from dlms_srv_data.o(i.obis_0_0_21_0_5_255_cb) referenced from dlms_dev.o(i.dlms_app_init)
 <LI><a href="#[e5]">obis_0_0_21_0_6_255_cb</a> from dlms_srv_data.o(i.obis_0_0_21_0_6_255_cb) referenced from dlms_dev.o(i.dlms_app_init)
 <LI><a href="#[e7]">obis_0_0_28_7_0_255_cb</a> from dlms_srv_data.o(i.obis_0_0_28_7_0_255_cb) referenced from dlms_dev.o(i.dlms_app_init)
 <LI><a href="#[e8]">obis_0_0_29_0_0_255_cb</a> from dlms_srv_data.o(i.obis_0_0_29_0_0_255_cb) referenced from dlms_dev.o(i.dlms_app_init)
 <LI><a href="#[e9]">obis_0_0_29_1_0_255_cb</a> from dlms_srv_data.o(i.obis_0_0_29_1_0_255_cb) referenced from dlms_dev.o(i.dlms_app_init)
 <LI><a href="#[ea]">obis_0_0_29_2_0_255_cb</a> from dlms_srv_data.o(i.obis_0_0_29_2_0_255_cb) referenced from dlms_dev.o(i.dlms_app_init)
 <LI><a href="#[eb]">obis_0_0_29_2_2_128_cb</a> from dlms_srv_data.o(i.obis_0_0_29_2_2_128_cb) referenced from dlms_dev.o(i.dlms_app_init)
 <LI><a href="#[ec]">obis_0_0_40_0_0_255_cb</a> from dlms_srv_data.o(i.obis_0_0_40_0_0_255_cb) referenced from dlms_dev.o(i.dlms_app_init)
 <LI><a href="#[e1]">obis_0_0_96_1_x_255_cb</a> from dlms_srv_data.o(i.obis_0_0_96_1_x_255_cb) referenced from dlms_dev.o(i.dlms_app_init)
 <LI><a href="#[e0]">obis_1_0_0_2_0_255_cb</a> from dlms_srv_data.o(i.obis_1_0_0_2_0_255_cb) referenced from dlms_dev.o(i.dlms_app_init)
 <LI><a href="#[e2]">obis_1_0_1_8_x_255_cb</a> from dlms_srv_data.o(i.obis_1_0_1_8_x_255_cb) referenced from dlms_dev.o(i.dlms_app_init)
 <LI><a href="#[e3]">obis_1_0_99_1_0_255_cb</a> from dlms_srv_data.o(i.obis_1_0_99_1_0_255_cb) referenced from dlms_dev.o(i.dlms_app_init)
 <LI><a href="#[f4]">ping_app_init</a> from app_ping_dev.o(i.ping_app_init) referenced from main.o(i.main)
 <LI><a href="#[f5]">ping_app_process</a> from app_ping_dev.o(i.ping_app_process) referenced from main.o(i.main)
 <LI><a href="#[f6]">ping_app_timers_update</a> from app_ping_dev.o(i.ping_app_timers_update) referenced from main.o(i.main)
 <LI><a href="#[13]">platform_calloc_uninit</a> from platform.o(i.platform_calloc_uninit) referenced 2 times from platform.o(.data)
 <LI><a href="#[16]">platform_exit_uninit</a> from platform.o(i.platform_exit_uninit) referenced 2 times from platform.o(.data)
 <LI><a href="#[14]">platform_free_uninit</a> from platform.o(i.platform_free_uninit) referenced 2 times from platform.o(.data)
 <LI><a href="#[15]">platform_printf_uninit</a> from platform.o(i.platform_printf_uninit) referenced 2 times from platform.o(.data)
 <LI><a href="#[95]">pplc_if_delay</a> from pplc_if.o(i.pplc_if_delay) referenced from pal.o(i.MacRtInitialize)
 <LI><a href="#[94]">pplc_if_enable_interrupt</a> from pplc_if.o(i.pplc_if_enable_interrupt) referenced from pal.o(i.MacRtInitialize)
 <LI><a href="#[96]">pplc_if_get_thermal_warning</a> from pplc_if.o(i.pplc_if_get_thermal_warning) referenced from pal.o(i.MacRtInitialize)
 <LI><a href="#[8e]">pplc_if_init</a> from pplc_if.o(i.pplc_if_init) referenced from pal.o(i.MacRtInitialize)
 <LI><a href="#[100]">pplc_if_int_handler</a> from pplc_if.o(i.pplc_if_int_handler) referenced from pplc_if.o(i.pplc_if_set_handler)
 <LI><a href="#[8f]">pplc_if_reset</a> from pplc_if.o(i.pplc_if_reset) referenced from pal.o(i.MacRtInitialize)
 <LI><a href="#[92]">pplc_if_send_boot_cmd</a> from pplc_if.o(i.pplc_if_send_boot_cmd) referenced from pal.o(i.MacRtInitialize)
 <LI><a href="#[93]">pplc_if_send_wrrd_cmd</a> from pplc_if.o(i.pplc_if_send_wrrd_cmd) referenced from pal.o(i.MacRtInitialize)
 <LI><a href="#[91]">pplc_if_set_handler</a> from pplc_if.o(i.pplc_if_set_handler) referenced from pal.o(i.MacRtInitialize)
 <LI><a href="#[90]">pplc_if_set_stby_mode</a> from pplc_if.o(i.pplc_if_set_stby_mode) referenced from pal.o(i.MacRtInitialize)
 <LI><a href="#[b2]">prf_if_enable_interrupt</a> from prf_if.o(i.prf_if_enable_interrupt) referenced from pal_rf.o(i.PalRfInitialize)
 <LI><a href="#[b0]">prf_if_init</a> from prf_if.o(i.prf_if_init) referenced from pal_rf.o(i.PalRfInitialize)
 <LI><a href="#[b5]">prf_if_is_spi_busy</a> from prf_if.o(i.prf_if_is_spi_busy) referenced from pal_rf.o(i.PalRfInitialize)
 <LI><a href="#[b6]">prf_if_led</a> from prf_if.o(i.prf_if_led) referenced from pal_rf.o(i.PalRfInitialize)
 <LI><a href="#[b1]">prf_if_reset</a> from prf_if.o(i.prf_if_reset) referenced from pal_rf.o(i.PalRfInitialize)
 <LI><a href="#[b4]">prf_if_send_spi_cmd</a> from prf_if.o(i.prf_if_send_spi_cmd) referenced from pal_rf.o(i.PalRfInitialize)
 <LI><a href="#[b3]">prf_if_set_handler</a> from prf_if.o(i.prf_if_set_handler) referenced from pal_rf.o(i.PalRfInitialize)
 <LI><a href="#[d5]">rf215_irq_handler</a> from rf215_irq.o(i.rf215_irq_handler) referenced from at86rf215.o(i.at86rf_enable)
 <LI><a href="#[ed]">store_persistent_info</a> from storage.o(i.store_persistent_info) referenced from storage.o(i.load_persistent_info)
 <LI><a href="#[ba]">timer_1us_cancel_int</a> from timer_1us.o(i.timer_1us_cancel_int) referenced from pal_rf.o(i.PalRfInitialize)
 <LI><a href="#[b8]">timer_1us_enable_interrupt</a> from timer_1us.o(i.timer_1us_enable_interrupt) referenced from pal_rf.o(i.PalRfInitialize)
 <LI><a href="#[b7]">timer_1us_get</a> from timer_1us.o(i.timer_1us_get) referenced from pal_rf.o(i.PalRfInitialize)
 <LI><a href="#[b9]">timer_1us_set_int</a> from timer_1us.o(i.timer_1us_set_int) referenced from pal_rf.o(i.PalRfInitialize)
 <LI><a href="#[102]">udc_valid_address</a> from udc.o(i.udc_valid_address) referenced from udc.o(i.udc_reqstd)
 <LI><a href="#[19]">udi_cdc_comm_disable</a> from udi_cdc.o(i.udi_cdc_comm_disable) referenced 2 times from udi_cdc.o(.data)
 <LI><a href="#[18]">udi_cdc_comm_enable</a> from udi_cdc.o(i.udi_cdc_comm_enable) referenced 2 times from udi_cdc.o(.data)
 <LI><a href="#[1a]">udi_cdc_comm_setup</a> from udi_cdc.o(i.udi_cdc_comm_setup) referenced 2 times from udi_cdc.o(.data)
 <LI><a href="#[1d]">udi_cdc_data_disable</a> from udi_cdc.o(i.udi_cdc_data_disable) referenced 2 times from udi_cdc.o(.data)
 <LI><a href="#[1c]">udi_cdc_data_enable</a> from udi_cdc.o(i.udi_cdc_data_enable) referenced 2 times from udi_cdc.o(.data)
 <LI><a href="#[104]">udi_cdc_data_received</a> from udi_cdc.o(i.udi_cdc_data_received) referenced from udi_cdc.o(i.udi_cdc_data_received)
 <LI><a href="#[104]">udi_cdc_data_received</a> from udi_cdc.o(i.udi_cdc_data_received) referenced from udi_cdc.o(i.udi_cdc_rx_start)
 <LI><a href="#[105]">udi_cdc_data_sent</a> from udi_cdc.o(i.udi_cdc_data_sent) referenced from udi_cdc.o(i.udi_cdc_tx_send)
 <LI><a href="#[1e]">udi_cdc_data_setup</a> from udi_cdc.o(i.udi_cdc_data_setup) referenced 2 times from udi_cdc.o(.data)
 <LI><a href="#[1f]">udi_cdc_data_sof_notify</a> from udi_cdc.o(i.udi_cdc_data_sof_notify) referenced 2 times from udi_cdc.o(.data)
 <LI><a href="#[1b]">udi_cdc_getsetting</a> from udi_cdc.o(i.udi_cdc_getsetting) referenced 4 times from udi_cdc.o(.data)
 <LI><a href="#[103]">udi_cdc_line_coding_received</a> from udi_cdc.o(i.udi_cdc_line_coding_received) referenced from udi_cdc.o(i.udi_cdc_comm_setup)
 <LI><a href="#[f7]">udp_responder_app_init</a> from app_udp_responder.o(i.udp_responder_app_init) referenced from main.o(i.main)
 <LI><a href="#[f8]">udp_responder_app_process</a> from app_udp_responder.o(i.udp_responder_app_process) referenced from main.o(i.main)
 <LI><a href="#[f9]">udp_responder_app_timers_update</a> from app_udp_responder.o(i.udp_responder_app_timers_update) referenced from main.o(i.main)
 <LI><a href="#[ff]">usart_serial_getchar</a> from hal.o(i.usart_serial_getchar) referenced from hal.o(i.platform_init_hw)
 <LI><a href="#[fe]">usart_serial_putchar</a> from hal.o(i.usart_serial_putchar) referenced from hal.o(i.platform_init_hw)
</UL>
<P>
<H3>
Global Symbols
</H3>
<P><STRONG><a name="[111]"></a>__main</STRONG> (Thumb, 8 bytes, Stack size 0 bytes, __main.o(!!!main))
<BR><BR>[Calls]<UL><LI><a href="#[113]">&gt;&gt;</a>&nbsp;&nbsp;&nbsp;__rt_entry
<LI><a href="#[112]">&gt;&gt;</a>&nbsp;&nbsp;&nbsp;__scatterload
</UL>

<P><STRONG><a name="[112]"></a>__scatterload</STRONG> (Thumb, 0 bytes, Stack size unknown bytes, __scatter.o(!!!scatter))
<BR><BR>[Called By]<UL><LI><a href="#[111]">&gt;&gt;</a>&nbsp;&nbsp;&nbsp;__main
</UL>

<P><STRONG><a name="[114]"></a>__scatterload_rt2</STRONG> (Thumb, 44 bytes, Stack size unknown bytes, __scatter.o(!!!scatter), UNUSED)
<BR><BR>[Calls]<UL><LI><a href="#[113]">&gt;&gt;</a>&nbsp;&nbsp;&nbsp;__rt_entry
</UL>

<P><STRONG><a name="[557]"></a>__scatterload_rt2_thumb_only</STRONG> (Thumb, 0 bytes, Stack size unknown bytes, __scatter.o(!!!scatter), UNUSED)

<P><STRONG><a name="[558]"></a>__scatterload_null</STRONG> (Thumb, 0 bytes, Stack size unknown bytes, __scatter.o(!!!scatter), UNUSED)

<P><STRONG><a name="[559]"></a>__decompress</STRONG> (Thumb, 90 bytes, Stack size unknown bytes, __dczerorl2.o(!!dczerorl2), UNUSED)

<P><STRONG><a name="[55a]"></a>__decompress1</STRONG> (Thumb, 0 bytes, Stack size unknown bytes, __dczerorl2.o(!!dczerorl2), UNUSED)

<P><STRONG><a name="[115]"></a>__scatterload_copy</STRONG> (Thumb, 26 bytes, Stack size unknown bytes, __scatter_copy.o(!!handler_copy), UNUSED)
<BR><BR>[Calls]<UL><LI><a href="#[115]">&gt;&gt;</a>&nbsp;&nbsp;&nbsp;__scatterload_copy
</UL>
<BR>[Called By]<UL><LI><a href="#[115]">&gt;&gt;</a>&nbsp;&nbsp;&nbsp;__scatterload_copy
</UL>

<P><STRONG><a name="[55b]"></a>__scatterload_zeroinit</STRONG> (Thumb, 28 bytes, Stack size unknown bytes, __scatter_zi.o(!!handler_zi), UNUSED)

<P><STRONG><a name="[116]"></a>_printf_n</STRONG> (Thumb, 0 bytes, Stack size unknown bytes, _printf_n.o(.ARM.Collect$$_printf_percent$$00000001))
<BR><BR>[Calls]<UL><LI><a href="#[117]">&gt;&gt;</a>&nbsp;&nbsp;&nbsp;_printf_charcount
</UL>

<P><STRONG><a name="[2dc]"></a>_printf_percent</STRONG> (Thumb, 0 bytes, Stack size unknown bytes, _printf_percent.o(.ARM.Collect$$_printf_percent$$00000000))
<BR><BR>[Called By]<UL><LI><a href="#[2da]">&gt;&gt;</a>&nbsp;&nbsp;&nbsp;__printf
</UL>

<P><STRONG><a name="[118]"></a>_printf_p</STRONG> (Thumb, 0 bytes, Stack size unknown bytes, _printf_p.o(.ARM.Collect$$_printf_percent$$00000002))
<BR><BR>[Stack]<UL><LI>Max Depth = 64 + Unknown Stack Size
<LI>Call Chain = _printf_p &rArr; _printf_hex_ptr &rArr; _printf_longlong_hex &rArr; _printf_int_common &rArr; _printf_post_padding
</UL>
<BR>[Calls]<UL><LI><a href="#[119]">&gt;&gt;</a>&nbsp;&nbsp;&nbsp;_printf_hex_ptr
</UL>

<P><STRONG><a name="[11a]"></a>_printf_f</STRONG> (Thumb, 0 bytes, Stack size unknown bytes, _printf_f.o(.ARM.Collect$$_printf_percent$$00000003))
<BR><BR>[Stack]<UL><LI>Max Depth = 324 + Unknown Stack Size
<LI>Call Chain = _printf_f &rArr; _printf_fp_dec &rArr; _printf_fp_dec_real &rArr; _fp_digits &rArr; _btod_etento &rArr; _btod_emul &rArr; _e2e
</UL>
<BR>[Calls]<UL><LI><a href="#[11b]">&gt;&gt;</a>&nbsp;&nbsp;&nbsp;_printf_fp_dec
</UL>

<P><STRONG><a name="[11c]"></a>_printf_e</STRONG> (Thumb, 0 bytes, Stack size unknown bytes, _printf_e.o(.ARM.Collect$$_printf_percent$$00000004))
<BR><BR>[Stack]<UL><LI>Max Depth = 324 + Unknown Stack Size
<LI>Call Chain = _printf_e &rArr; _printf_fp_dec &rArr; _printf_fp_dec_real &rArr; _fp_digits &rArr; _btod_etento &rArr; _btod_emul &rArr; _e2e
</UL>
<BR>[Calls]<UL><LI><a href="#[11b]">&gt;&gt;</a>&nbsp;&nbsp;&nbsp;_printf_fp_dec
</UL>

<P><STRONG><a name="[11d]"></a>_printf_g</STRONG> (Thumb, 0 bytes, Stack size unknown bytes, _printf_g.o(.ARM.Collect$$_printf_percent$$00000005))
<BR><BR>[Stack]<UL><LI>Max Depth = 324 + Unknown Stack Size
<LI>Call Chain = _printf_g &rArr; _printf_fp_dec &rArr; _printf_fp_dec_real &rArr; _fp_digits &rArr; _btod_etento &rArr; _btod_emul &rArr; _e2e
</UL>
<BR>[Calls]<UL><LI><a href="#[11b]">&gt;&gt;</a>&nbsp;&nbsp;&nbsp;_printf_fp_dec
</UL>

<P><STRONG><a name="[11e]"></a>_printf_a</STRONG> (Thumb, 0 bytes, Stack size unknown bytes, _printf_a.o(.ARM.Collect$$_printf_percent$$00000006))
<BR><BR>[Stack]<UL><LI>Max Depth = 112 + Unknown Stack Size
<LI>Call Chain = _printf_a &rArr; _printf_fp_hex &rArr; _printf_fp_hex_real &rArr; _printf_fp_infnan &rArr; _printf_post_padding
</UL>
<BR>[Calls]<UL><LI><a href="#[11f]">&gt;&gt;</a>&nbsp;&nbsp;&nbsp;_printf_fp_hex
</UL>

<P><STRONG><a name="[55c]"></a>_printf_ll</STRONG> (Thumb, 0 bytes, Stack size unknown bytes, _printf_ll.o(.ARM.Collect$$_printf_percent$$00000007))

<P><STRONG><a name="[120]"></a>_printf_i</STRONG> (Thumb, 0 bytes, Stack size unknown bytes, _printf_i.o(.ARM.Collect$$_printf_percent$$00000008))
<BR><BR>[Stack]<UL><LI>Max Depth = 72 + Unknown Stack Size
<LI>Call Chain = _printf_i &rArr; _printf_int_dec &rArr; _printf_int_common &rArr; _printf_post_padding
</UL>
<BR>[Calls]<UL><LI><a href="#[121]">&gt;&gt;</a>&nbsp;&nbsp;&nbsp;_printf_int_dec
</UL>

<P><STRONG><a name="[122]"></a>_printf_d</STRONG> (Thumb, 0 bytes, Stack size unknown bytes, _printf_d.o(.ARM.Collect$$_printf_percent$$00000009))
<BR><BR>[Stack]<UL><LI>Max Depth = 72 + Unknown Stack Size
<LI>Call Chain = _printf_d &rArr; _printf_int_dec &rArr; _printf_int_common &rArr; _printf_post_padding
</UL>
<BR>[Calls]<UL><LI><a href="#[121]">&gt;&gt;</a>&nbsp;&nbsp;&nbsp;_printf_int_dec
</UL>

<P><STRONG><a name="[123]"></a>_printf_u</STRONG> (Thumb, 0 bytes, Stack size unknown bytes, _printf_u.o(.ARM.Collect$$_printf_percent$$0000000A))
<BR><BR>[Stack]<UL><LI>Max Depth = 72 + Unknown Stack Size
<LI>Call Chain = _printf_u &rArr; _printf_int_dec &rArr; _printf_int_common &rArr; _printf_post_padding
</UL>
<BR>[Calls]<UL><LI><a href="#[121]">&gt;&gt;</a>&nbsp;&nbsp;&nbsp;_printf_int_dec
</UL>

<P><STRONG><a name="[124]"></a>_printf_o</STRONG> (Thumb, 0 bytes, Stack size unknown bytes, _printf_o.o(.ARM.Collect$$_printf_percent$$0000000B))
<BR><BR>[Stack]<UL><LI>Max Depth = 64 + Unknown Stack Size
<LI>Call Chain = _printf_o &rArr; _printf_int_oct &rArr; _printf_longlong_oct &rArr; _printf_int_common &rArr; _printf_post_padding
</UL>
<BR>[Calls]<UL><LI><a href="#[125]">&gt;&gt;</a>&nbsp;&nbsp;&nbsp;_printf_int_oct
</UL>

<P><STRONG><a name="[126]"></a>_printf_x</STRONG> (Thumb, 0 bytes, Stack size unknown bytes, _printf_x.o(.ARM.Collect$$_printf_percent$$0000000C))
<BR><BR>[Stack]<UL><LI>Max Depth = 80 + Unknown Stack Size
<LI>Call Chain = _printf_x &rArr; _printf_int_hex &rArr; _printf_longlong_hex &rArr; _printf_int_common &rArr; _printf_post_padding
</UL>
<BR>[Calls]<UL><LI><a href="#[127]">&gt;&gt;</a>&nbsp;&nbsp;&nbsp;_printf_int_hex
</UL>

<P><STRONG><a name="[128]"></a>_printf_lli</STRONG> (Thumb, 0 bytes, Stack size unknown bytes, _printf_lli.o(.ARM.Collect$$_printf_percent$$0000000D))
<BR><BR>[Stack]<UL><LI>Max Depth = 72 + Unknown Stack Size
<LI>Call Chain = _printf_lli &rArr; _printf_longlong_dec &rArr; _printf_int_common &rArr; _printf_post_padding
</UL>
<BR>[Calls]<UL><LI><a href="#[129]">&gt;&gt;</a>&nbsp;&nbsp;&nbsp;_printf_longlong_dec
</UL>

<P><STRONG><a name="[12a]"></a>_printf_lld</STRONG> (Thumb, 0 bytes, Stack size unknown bytes, _printf_lld.o(.ARM.Collect$$_printf_percent$$0000000E))
<BR><BR>[Stack]<UL><LI>Max Depth = 72 + Unknown Stack Size
<LI>Call Chain = _printf_lld &rArr; _printf_longlong_dec &rArr; _printf_int_common &rArr; _printf_post_padding
</UL>
<BR>[Calls]<UL><LI><a href="#[129]">&gt;&gt;</a>&nbsp;&nbsp;&nbsp;_printf_longlong_dec
</UL>

<P><STRONG><a name="[12b]"></a>_printf_llu</STRONG> (Thumb, 0 bytes, Stack size unknown bytes, _printf_llu.o(.ARM.Collect$$_printf_percent$$0000000F))
<BR><BR>[Stack]<UL><LI>Max Depth = 72 + Unknown Stack Size
<LI>Call Chain = _printf_llu &rArr; _printf_longlong_dec &rArr; _printf_int_common &rArr; _printf_post_padding
</UL>
<BR>[Calls]<UL><LI><a href="#[129]">&gt;&gt;</a>&nbsp;&nbsp;&nbsp;_printf_longlong_dec
</UL>

<P><STRONG><a name="[12c]"></a>_printf_llo</STRONG> (Thumb, 0 bytes, Stack size unknown bytes, _printf_llo.o(.ARM.Collect$$_printf_percent$$00000010))
<BR><BR>[Stack]<UL><LI>Max Depth = 56 + Unknown Stack Size
<LI>Call Chain = _printf_llo &rArr; _printf_ll_oct &rArr; _printf_longlong_oct &rArr; _printf_int_common &rArr; _printf_post_padding
</UL>
<BR>[Calls]<UL><LI><a href="#[12d]">&gt;&gt;</a>&nbsp;&nbsp;&nbsp;_printf_ll_oct
</UL>

<P><STRONG><a name="[12e]"></a>_printf_llx</STRONG> (Thumb, 0 bytes, Stack size unknown bytes, _printf_llx.o(.ARM.Collect$$_printf_percent$$00000011))
<BR><BR>[Stack]<UL><LI>Max Depth = 64 + Unknown Stack Size
<LI>Call Chain = _printf_llx &rArr; _printf_ll_hex &rArr; _printf_longlong_hex &rArr; _printf_int_common &rArr; _printf_post_padding
</UL>
<BR>[Calls]<UL><LI><a href="#[12f]">&gt;&gt;</a>&nbsp;&nbsp;&nbsp;_printf_ll_hex
</UL>

<P><STRONG><a name="[55d]"></a>_printf_l</STRONG> (Thumb, 0 bytes, Stack size unknown bytes, _printf_l.o(.ARM.Collect$$_printf_percent$$00000012))

<P><STRONG><a name="[130]"></a>_printf_c</STRONG> (Thumb, 0 bytes, Stack size unknown bytes, _printf_c.o(.ARM.Collect$$_printf_percent$$00000013))
<BR><BR>[Stack]<UL><LI>Max Depth = 40 + Unknown Stack Size
<LI>Call Chain = _printf_c &rArr; _printf_char &rArr; _printf_cs_common &rArr; _printf_str &rArr; _printf_post_padding
</UL>
<BR>[Calls]<UL><LI><a href="#[131]">&gt;&gt;</a>&nbsp;&nbsp;&nbsp;_printf_char
</UL>

<P><STRONG><a name="[132]"></a>_printf_s</STRONG> (Thumb, 0 bytes, Stack size unknown bytes, _printf_s.o(.ARM.Collect$$_printf_percent$$00000014))
<BR><BR>[Stack]<UL><LI>Max Depth = 40 + Unknown Stack Size
<LI>Call Chain = _printf_s &rArr; _printf_string &rArr; _printf_cs_common &rArr; _printf_str &rArr; _printf_post_padding
</UL>
<BR>[Calls]<UL><LI><a href="#[133]">&gt;&gt;</a>&nbsp;&nbsp;&nbsp;_printf_string
</UL>

<P><STRONG><a name="[134]"></a>_printf_lc</STRONG> (Thumb, 0 bytes, Stack size unknown bytes, _printf_lc.o(.ARM.Collect$$_printf_percent$$00000015))
<BR><BR>[Stack]<UL><LI>Max Depth = 88 + Unknown Stack Size
<LI>Call Chain = _printf_lc &rArr; _printf_wchar &rArr; _printf_lcs_common &rArr; _printf_wctomb &rArr; _wcrtomb &rArr; __rt_ctype_table
</UL>
<BR>[Calls]<UL><LI><a href="#[135]">&gt;&gt;</a>&nbsp;&nbsp;&nbsp;_printf_wchar
</UL>

<P><STRONG><a name="[136]"></a>_printf_ls</STRONG> (Thumb, 0 bytes, Stack size unknown bytes, _printf_ls.o(.ARM.Collect$$_printf_percent$$00000016))
<BR><BR>[Stack]<UL><LI>Max Depth = 88 + Unknown Stack Size
<LI>Call Chain = _printf_ls &rArr; _printf_wstring &rArr; _printf_lcs_common &rArr; _printf_wctomb &rArr; _wcrtomb &rArr; __rt_ctype_table
</UL>
<BR>[Calls]<UL><LI><a href="#[137]">&gt;&gt;</a>&nbsp;&nbsp;&nbsp;_printf_wstring
</UL>

<P><STRONG><a name="[55e]"></a>_printf_percent_end</STRONG> (Thumb, 0 bytes, Stack size unknown bytes, _printf_percent_end.o(.ARM.Collect$$_printf_percent$$00000017))

<P><STRONG><a name="[142]"></a>__rt_lib_init</STRONG> (Thumb, 0 bytes, Stack size unknown bytes, libinit.o(.ARM.Collect$$libinit$$00000000))
<BR><BR>[Called By]<UL><LI><a href="#[141]">&gt;&gt;</a>&nbsp;&nbsp;&nbsp;__rt_entry_li
</UL>

<P><STRONG><a name="[55f]"></a>__rt_lib_init_fp_1</STRONG> (Thumb, 0 bytes, Stack size unknown bytes, libinit2.o(.ARM.Collect$$libinit$$00000002))

<P><STRONG><a name="[560]"></a>__rt_lib_init_heap_1</STRONG> (Thumb, 0 bytes, Stack size unknown bytes, libinit2.o(.ARM.Collect$$libinit$$0000000A))

<P><STRONG><a name="[561]"></a>__rt_lib_init_preinit_1</STRONG> (Thumb, 0 bytes, Stack size unknown bytes, libinit2.o(.ARM.Collect$$libinit$$00000004))

<P><STRONG><a name="[138]"></a>__rt_lib_init_rand_2</STRONG> (Thumb, 0 bytes, Stack size unknown bytes, libinit2.o(.ARM.Collect$$libinit$$0000000D))
<BR><BR>[Stack]<UL><LI>Max Depth = 8 + Unknown Stack Size
<LI>Call Chain = __rt_lib_init_rand_2 &rArr; _rand_init &rArr; srand
</UL>
<BR>[Calls]<UL><LI><a href="#[139]">&gt;&gt;</a>&nbsp;&nbsp;&nbsp;_rand_init
</UL>

<P><STRONG><a name="[562]"></a>__rt_lib_init_user_alloc_1</STRONG> (Thumb, 0 bytes, Stack size unknown bytes, libinit2.o(.ARM.Collect$$libinit$$0000000C))

<P><STRONG><a name="[13a]"></a>__rt_lib_init_lc_common</STRONG> (Thumb, 0 bytes, Stack size unknown bytes, libinit2.o(.ARM.Collect$$libinit$$0000000F))
<BR><BR>[Calls]<UL><LI><a href="#[13b]">&gt;&gt;</a>&nbsp;&nbsp;&nbsp;__rt_locale
</UL>

<P><STRONG><a name="[563]"></a>__rt_lib_init_rand_1</STRONG> (Thumb, 0 bytes, Stack size unknown bytes, libinit2.o(.ARM.Collect$$libinit$$0000000E))

<P><STRONG><a name="[564]"></a>__rt_lib_init_lc_collate_1</STRONG> (Thumb, 0 bytes, Stack size unknown bytes, libinit2.o(.ARM.Collect$$libinit$$00000011))

<P><STRONG><a name="[13c]"></a>__rt_lib_init_lc_ctype_2</STRONG> (Thumb, 0 bytes, Stack size unknown bytes, libinit2.o(.ARM.Collect$$libinit$$00000012))
<BR><BR>[Stack]<UL><LI>Max Depth = 8 + Unknown Stack Size
<LI>Call Chain = __rt_lib_init_lc_ctype_2 &rArr; _get_lc_ctype
</UL>
<BR>[Calls]<UL><LI><a href="#[73]">&gt;&gt;</a>&nbsp;&nbsp;&nbsp;_get_lc_ctype
</UL>

<P><STRONG><a name="[565]"></a>__rt_lib_init_lc_ctype_1</STRONG> (Thumb, 0 bytes, Stack size unknown bytes, libinit2.o(.ARM.Collect$$libinit$$00000013))

<P><STRONG><a name="[566]"></a>__rt_lib_init_lc_monetary_1</STRONG> (Thumb, 0 bytes, Stack size unknown bytes, libinit2.o(.ARM.Collect$$libinit$$00000015))

<P><STRONG><a name="[13d]"></a>__rt_lib_init_lc_numeric_2</STRONG> (Thumb, 0 bytes, Stack size unknown bytes, libinit2.o(.ARM.Collect$$libinit$$00000016))
<BR><BR>[Stack]<UL><LI>Max Depth = 8 + Unknown Stack Size
<LI>Call Chain = __rt_lib_init_lc_numeric_2 &rArr; _get_lc_numeric
</UL>
<BR>[Calls]<UL><LI><a href="#[13e]">&gt;&gt;</a>&nbsp;&nbsp;&nbsp;_get_lc_numeric
</UL>

<P><STRONG><a name="[567]"></a>__rt_lib_init_alloca_1</STRONG> (Thumb, 0 bytes, Stack size unknown bytes, libinit2.o(.ARM.Collect$$libinit$$0000002E))

<P><STRONG><a name="[568]"></a>__rt_lib_init_argv_1</STRONG> (Thumb, 0 bytes, Stack size unknown bytes, libinit2.o(.ARM.Collect$$libinit$$0000002C))

<P><STRONG><a name="[569]"></a>__rt_lib_init_atexit_1</STRONG> (Thumb, 0 bytes, Stack size unknown bytes, libinit2.o(.ARM.Collect$$libinit$$0000001B))

<P><STRONG><a name="[56a]"></a>__rt_lib_init_clock_1</STRONG> (Thumb, 0 bytes, Stack size unknown bytes, libinit2.o(.ARM.Collect$$libinit$$00000021))

<P><STRONG><a name="[56b]"></a>__rt_lib_init_cpp_1</STRONG> (Thumb, 0 bytes, Stack size unknown bytes, libinit2.o(.ARM.Collect$$libinit$$00000032))

<P><STRONG><a name="[56c]"></a>__rt_lib_init_exceptions_1</STRONG> (Thumb, 0 bytes, Stack size unknown bytes, libinit2.o(.ARM.Collect$$libinit$$00000030))

<P><STRONG><a name="[56d]"></a>__rt_lib_init_fp_trap_1</STRONG> (Thumb, 0 bytes, Stack size unknown bytes, libinit2.o(.ARM.Collect$$libinit$$0000001F))

<P><STRONG><a name="[56e]"></a>__rt_lib_init_getenv_1</STRONG> (Thumb, 0 bytes, Stack size unknown bytes, libinit2.o(.ARM.Collect$$libinit$$00000023))

<P><STRONG><a name="[56f]"></a>__rt_lib_init_lc_numeric_1</STRONG> (Thumb, 0 bytes, Stack size unknown bytes, libinit2.o(.ARM.Collect$$libinit$$00000017))

<P><STRONG><a name="[570]"></a>__rt_lib_init_lc_time_1</STRONG> (Thumb, 0 bytes, Stack size unknown bytes, libinit2.o(.ARM.Collect$$libinit$$00000019))

<P><STRONG><a name="[571]"></a>__rt_lib_init_return</STRONG> (Thumb, 0 bytes, Stack size unknown bytes, libinit2.o(.ARM.Collect$$libinit$$00000033))

<P><STRONG><a name="[572]"></a>__rt_lib_init_signal_1</STRONG> (Thumb, 0 bytes, Stack size unknown bytes, libinit2.o(.ARM.Collect$$libinit$$0000001D))

<P><STRONG><a name="[573]"></a>__rt_lib_init_stdio_1</STRONG> (Thumb, 0 bytes, Stack size unknown bytes, libinit2.o(.ARM.Collect$$libinit$$00000025))

<P><STRONG><a name="[147]"></a>__rt_lib_shutdown</STRONG> (Thumb, 0 bytes, Stack size unknown bytes, libshutdown.o(.ARM.Collect$$libshutdown$$00000000))
<BR><BR>[Called By]<UL><LI><a href="#[146]">&gt;&gt;</a>&nbsp;&nbsp;&nbsp;__rt_exit_ls
</UL>

<P><STRONG><a name="[574]"></a>__rt_lib_shutdown_cpp_1</STRONG> (Thumb, 0 bytes, Stack size unknown bytes, libshutdown2.o(.ARM.Collect$$libshutdown$$00000004))

<P><STRONG><a name="[575]"></a>__rt_lib_shutdown_fini_1</STRONG> (Thumb, 0 bytes, Stack size unknown bytes, libshutdown2.o(.ARM.Collect$$libshutdown$$00000002))

<P><STRONG><a name="[576]"></a>__rt_lib_shutdown_fp_trap_1</STRONG> (Thumb, 0 bytes, Stack size unknown bytes, libshutdown2.o(.ARM.Collect$$libshutdown$$00000009))

<P><STRONG><a name="[577]"></a>__rt_lib_shutdown_heap_1</STRONG> (Thumb, 0 bytes, Stack size unknown bytes, libshutdown2.o(.ARM.Collect$$libshutdown$$00000011))

<P><STRONG><a name="[578]"></a>__rt_lib_shutdown_return</STRONG> (Thumb, 0 bytes, Stack size unknown bytes, libshutdown2.o(.ARM.Collect$$libshutdown$$00000012))

<P><STRONG><a name="[579]"></a>__rt_lib_shutdown_signal_1</STRONG> (Thumb, 0 bytes, Stack size unknown bytes, libshutdown2.o(.ARM.Collect$$libshutdown$$0000000C))

<P><STRONG><a name="[57a]"></a>__rt_lib_shutdown_stdio_1</STRONG> (Thumb, 0 bytes, Stack size unknown bytes, libshutdown2.o(.ARM.Collect$$libshutdown$$00000006))

<P><STRONG><a name="[57b]"></a>__rt_lib_shutdown_user_alloc_1</STRONG> (Thumb, 0 bytes, Stack size unknown bytes, libshutdown2.o(.ARM.Collect$$libshutdown$$0000000E))

<P><STRONG><a name="[113]"></a>__rt_entry</STRONG> (Thumb, 0 bytes, Stack size unknown bytes, __rtentry.o(.ARM.Collect$$rtentry$$00000000))
<BR><BR>[Called By]<UL><LI><a href="#[111]">&gt;&gt;</a>&nbsp;&nbsp;&nbsp;__main
<LI><a href="#[114]">&gt;&gt;</a>&nbsp;&nbsp;&nbsp;__scatterload_rt2
</UL>

<P><STRONG><a name="[57c]"></a>__rt_entry_presh_1</STRONG> (Thumb, 0 bytes, Stack size unknown bytes, __rtentry2.o(.ARM.Collect$$rtentry$$00000002))

<P><STRONG><a name="[13f]"></a>__rt_entry_sh</STRONG> (Thumb, 0 bytes, Stack size unknown bytes, __rtentry4.o(.ARM.Collect$$rtentry$$00000004))
<BR><BR>[Stack]<UL><LI>Max Depth = 8 + Unknown Stack Size
<LI>Call Chain = __rt_entry_sh &rArr; __user_setup_stackheap
</UL>
<BR>[Calls]<UL><LI><a href="#[140]">&gt;&gt;</a>&nbsp;&nbsp;&nbsp;__user_setup_stackheap
</UL>

<P><STRONG><a name="[141]"></a>__rt_entry_li</STRONG> (Thumb, 0 bytes, Stack size unknown bytes, __rtentry2.o(.ARM.Collect$$rtentry$$0000000A))
<BR><BR>[Calls]<UL><LI><a href="#[142]">&gt;&gt;</a>&nbsp;&nbsp;&nbsp;__rt_lib_init
</UL>

<P><STRONG><a name="[57d]"></a>__rt_entry_postsh_1</STRONG> (Thumb, 0 bytes, Stack size unknown bytes, __rtentry2.o(.ARM.Collect$$rtentry$$00000009))

<P><STRONG><a name="[143]"></a>__rt_entry_main</STRONG> (Thumb, 0 bytes, Stack size unknown bytes, __rtentry2.o(.ARM.Collect$$rtentry$$0000000D))
<BR><BR>[Stack]<UL><LI>Max Depth = 3624 + Unknown Stack Size
<LI>Call Chain = __rt_entry_main &rArr; main &rArr; oss_start &rArr; AdpEventHandler &rArr; AdpMac_EventHandler &rArr; _ProcessMacNotifications &rArr; ADP_ProcessIncomingMessage &rArr; BootstrapWrapper_ProcessMessage &rArr; LBP_ProcessMessage &rArr; _Join_Process_Challenge &rArr; _ProcessParameters &rArr; AdpSetRequestSync &rArr; AdpSetMib &rArr; BootstrapWrapper_InitEapPsk &rArr; LBP_InitEapPsk &rArr; EAP_PSK_Initialize &rArr; aes_wrapper_aes_setkey_enc &rArr; mbedtls_aes_setkey_enc
</UL>
<BR>[Calls]<UL><LI><a href="#[144]">&gt;&gt;</a>&nbsp;&nbsp;&nbsp;main
<LI><a href="#[145]">&gt;&gt;</a>&nbsp;&nbsp;&nbsp;exit
</UL>

<P><STRONG><a name="[57e]"></a>__rt_entry_postli_1</STRONG> (Thumb, 0 bytes, Stack size unknown bytes, __rtentry2.o(.ARM.Collect$$rtentry$$0000000C))

<P><STRONG><a name="[2f9]"></a>__rt_exit</STRONG> (Thumb, 0 bytes, Stack size unknown bytes, rtexit.o(.ARM.Collect$$rtexit$$00000000))
<BR><BR>[Called By]<UL><LI><a href="#[145]">&gt;&gt;</a>&nbsp;&nbsp;&nbsp;exit
</UL>

<P><STRONG><a name="[146]"></a>__rt_exit_ls</STRONG> (Thumb, 0 bytes, Stack size unknown bytes, rtexit2.o(.ARM.Collect$$rtexit$$00000003))
<BR><BR>[Calls]<UL><LI><a href="#[147]">&gt;&gt;</a>&nbsp;&nbsp;&nbsp;__rt_lib_shutdown
</UL>

<P><STRONG><a name="[57f]"></a>__rt_exit_prels_1</STRONG> (Thumb, 0 bytes, Stack size unknown bytes, rtexit2.o(.ARM.Collect$$rtexit$$00000002))

<P><STRONG><a name="[148]"></a>__rt_exit_exit</STRONG> (Thumb, 0 bytes, Stack size unknown bytes, rtexit2.o(.ARM.Collect$$rtexit$$00000004))
<BR><BR>[Calls]<UL><LI><a href="#[149]">&gt;&gt;</a>&nbsp;&nbsp;&nbsp;_sys_exit
</UL>

<P><STRONG><a name="[4c9]"></a>rand</STRONG> (Thumb, 48 bytes, Stack size 0 bytes, rand.o(.emb_text))
<BR><BR>[Called By]<UL><LI><a href="#[355]">&gt;&gt;</a>&nbsp;&nbsp;&nbsp;platform_random_16
<LI><a href="#[307]">&gt;&gt;</a>&nbsp;&nbsp;&nbsp;platform_random_32
</UL>

<P><STRONG><a name="[25]"></a>Reset_Handler</STRONG> (Thumb, 8 bytes, Stack size 0 bytes, startup_samg55.o(.text))
<BR>[Address Reference Count : 1]<UL><LI> startup_samg55.o(RESET)
</UL>
<P><STRONG><a name="[26]"></a>NMI_Handler</STRONG> (Thumb, 2 bytes, Stack size 0 bytes, startup_samg55.o(.text))
<BR><BR>[Calls]<UL><LI><a href="#[26]">&gt;&gt;</a>&nbsp;&nbsp;&nbsp;NMI_Handler
</UL>
<BR>[Called By]<UL><LI><a href="#[26]">&gt;&gt;</a>&nbsp;&nbsp;&nbsp;NMI_Handler
</UL>
<BR>[Address Reference Count : 1]<UL><LI> startup_samg55.o(RESET)
</UL>
<P><STRONG><a name="[27]"></a>HardFault_Handler</STRONG> (Thumb, 2 bytes, Stack size 0 bytes, startup_samg55.o(.text))
<BR><BR>[Calls]<UL><LI><a href="#[27]">&gt;&gt;</a>&nbsp;&nbsp;&nbsp;HardFault_Handler
</UL>
<BR>[Called By]<UL><LI><a href="#[27]">&gt;&gt;</a>&nbsp;&nbsp;&nbsp;HardFault_Handler
</UL>
<BR>[Address Reference Count : 1]<UL><LI> startup_samg55.o(RESET)
</UL>
<P><STRONG><a name="[28]"></a>MemManage_Handler</STRONG> (Thumb, 2 bytes, Stack size 0 bytes, startup_samg55.o(.text))
<BR><BR>[Calls]<UL><LI><a href="#[28]">&gt;&gt;</a>&nbsp;&nbsp;&nbsp;MemManage_Handler
</UL>
<BR>[Called By]<UL><LI><a href="#[28]">&gt;&gt;</a>&nbsp;&nbsp;&nbsp;MemManage_Handler
</UL>
<BR>[Address Reference Count : 1]<UL><LI> startup_samg55.o(RESET)
</UL>
<P><STRONG><a name="[29]"></a>BusFault_Handler</STRONG> (Thumb, 2 bytes, Stack size 0 bytes, startup_samg55.o(.text))
<BR><BR>[Calls]<UL><LI><a href="#[29]">&gt;&gt;</a>&nbsp;&nbsp;&nbsp;BusFault_Handler
</UL>
<BR>[Called By]<UL><LI><a href="#[29]">&gt;&gt;</a>&nbsp;&nbsp;&nbsp;BusFault_Handler
</UL>
<BR>[Address Reference Count : 1]<UL><LI> startup_samg55.o(RESET)
</UL>
<P><STRONG><a name="[2a]"></a>UsageFault_Handler</STRONG> (Thumb, 2 bytes, Stack size 0 bytes, startup_samg55.o(.text))
<BR><BR>[Calls]<UL><LI><a href="#[2a]">&gt;&gt;</a>&nbsp;&nbsp;&nbsp;UsageFault_Handler
</UL>
<BR>[Called By]<UL><LI><a href="#[2a]">&gt;&gt;</a>&nbsp;&nbsp;&nbsp;UsageFault_Handler
</UL>
<BR>[Address Reference Count : 1]<UL><LI> startup_samg55.o(RESET)
</UL>
<P><STRONG><a name="[2b]"></a>SVC_Handler</STRONG> (Thumb, 2 bytes, Stack size 0 bytes, startup_samg55.o(.text))
<BR><BR>[Calls]<UL><LI><a href="#[2b]">&gt;&gt;</a>&nbsp;&nbsp;&nbsp;SVC_Handler
</UL>
<BR>[Called By]<UL><LI><a href="#[2b]">&gt;&gt;</a>&nbsp;&nbsp;&nbsp;SVC_Handler
</UL>
<BR>[Address Reference Count : 1]<UL><LI> startup_samg55.o(RESET)
</UL>
<P><STRONG><a name="[2c]"></a>DebugMon_Handler</STRONG> (Thumb, 2 bytes, Stack size 0 bytes, startup_samg55.o(.text))
<BR><BR>[Calls]<UL><LI><a href="#[2c]">&gt;&gt;</a>&nbsp;&nbsp;&nbsp;DebugMon_Handler
</UL>
<BR>[Called By]<UL><LI><a href="#[2c]">&gt;&gt;</a>&nbsp;&nbsp;&nbsp;DebugMon_Handler
</UL>
<BR>[Address Reference Count : 1]<UL><LI> startup_samg55.o(RESET)
</UL>
<P><STRONG><a name="[2d]"></a>PendSV_Handler</STRONG> (Thumb, 2 bytes, Stack size 0 bytes, startup_samg55.o(.text))
<BR><BR>[Calls]<UL><LI><a href="#[2d]">&gt;&gt;</a>&nbsp;&nbsp;&nbsp;PendSV_Handler
</UL>
<BR>[Called By]<UL><LI><a href="#[2d]">&gt;&gt;</a>&nbsp;&nbsp;&nbsp;PendSV_Handler
</UL>
<BR>[Address Reference Count : 1]<UL><LI> startup_samg55.o(RESET)
</UL>
<P><STRONG><a name="[2e]"></a>SysTick_Handler</STRONG> (Thumb, 2 bytes, Stack size 0 bytes, startup_samg55.o(.text))
<BR><BR>[Calls]<UL><LI><a href="#[2e]">&gt;&gt;</a>&nbsp;&nbsp;&nbsp;SysTick_Handler
</UL>
<BR>[Called By]<UL><LI><a href="#[2e]">&gt;&gt;</a>&nbsp;&nbsp;&nbsp;SysTick_Handler
</UL>
<BR>[Address Reference Count : 1]<UL><LI> startup_samg55.o(RESET)
</UL>
<P><STRONG><a name="[4c]"></a>ARM_Handler</STRONG> (Thumb, 0 bytes, Stack size 0 bytes, startup_samg55.o(.text))
<BR><BR>[Calls]<UL><LI><a href="#[4c]">&gt;&gt;</a>&nbsp;&nbsp;&nbsp;ARM_Handler
</UL>
<BR>[Called By]<UL><LI><a href="#[4c]">&gt;&gt;</a>&nbsp;&nbsp;&nbsp;ARM_Handler
</UL>
<BR>[Address Reference Count : 1]<UL><LI> startup_samg55.o(RESET)
</UL>
<P><STRONG><a name="[4f]"></a>CRCCU_Handler</STRONG> (Thumb, 0 bytes, Stack size 0 bytes, startup_samg55.o(.text))
<BR>[Address Reference Count : 1]<UL><LI> startup_samg55.o(RESET)
</UL>
<P><STRONG><a name="[35]"></a>EFC_Handler</STRONG> (Thumb, 0 bytes, Stack size 0 bytes, startup_samg55.o(.text))
<BR>[Address Reference Count : 1]<UL><LI> startup_samg55.o(RESET)
</UL>
<P><STRONG><a name="[38]"></a>FLEXCOM1_Handler</STRONG> (Thumb, 0 bytes, Stack size 0 bytes, startup_samg55.o(.text))
<BR>[Address Reference Count : 1]<UL><LI> startup_samg55.o(RESET)
</UL>
<P><STRONG><a name="[3c]"></a>FLEXCOM2_Handler</STRONG> (Thumb, 0 bytes, Stack size 0 bytes, startup_samg55.o(.text))
<BR>[Address Reference Count : 1]<UL><LI> startup_samg55.o(RESET)
</UL>
<P><STRONG><a name="[41]"></a>FLEXCOM3_Handler</STRONG> (Thumb, 0 bytes, Stack size 0 bytes, startup_samg55.o(.text))
<BR>[Address Reference Count : 1]<UL><LI> startup_samg55.o(RESET)
</UL>
<P><STRONG><a name="[43]"></a>FLEXCOM5_Handler</STRONG> (Thumb, 0 bytes, Stack size 0 bytes, startup_samg55.o(.text))
<BR>[Address Reference Count : 1]<UL><LI> startup_samg55.o(RESET)
</UL>
<P><STRONG><a name="[44]"></a>FLEXCOM6_Handler</STRONG> (Thumb, 0 bytes, Stack size 0 bytes, startup_samg55.o(.text))
<BR>[Address Reference Count : 1]<UL><LI> startup_samg55.o(RESET)
</UL>
<P><STRONG><a name="[36]"></a>FLEXCOM7_Handler</STRONG> (Thumb, 0 bytes, Stack size 0 bytes, startup_samg55.o(.text))
<BR>[Address Reference Count : 1]<UL><LI> startup_samg55.o(RESET)
</UL>
<P><STRONG><a name="[3e]"></a>I2SC0_Handler</STRONG> (Thumb, 0 bytes, Stack size 0 bytes, startup_samg55.o(.text))
<BR>[Address Reference Count : 1]<UL><LI> startup_samg55.o(RESET)
</UL>
<P><STRONG><a name="[3f]"></a>I2SC1_Handler</STRONG> (Thumb, 0 bytes, Stack size 0 bytes, startup_samg55.o(.text))
<BR>[Address Reference Count : 1]<UL><LI> startup_samg55.o(RESET)
</UL>
<P><STRONG><a name="[3d]"></a>MEM2MEM_Handler</STRONG> (Thumb, 0 bytes, Stack size 0 bytes, startup_samg55.o(.text))
<BR>[Address Reference Count : 1]<UL><LI> startup_samg55.o(RESET)
</UL>
<P><STRONG><a name="[3b]"></a>PDMIC0_Handler</STRONG> (Thumb, 0 bytes, Stack size 0 bytes, startup_samg55.o(.text))
<BR>[Address Reference Count : 1]<UL><LI> startup_samg55.o(RESET)
</UL>
<P><STRONG><a name="[40]"></a>PDMIC1_Handler</STRONG> (Thumb, 0 bytes, Stack size 0 bytes, startup_samg55.o(.text))
<BR>[Address Reference Count : 1]<UL><LI> startup_samg55.o(RESET)
</UL>
<P><STRONG><a name="[34]"></a>PMC_Handler</STRONG> (Thumb, 0 bytes, Stack size 0 bytes, startup_samg55.o(.text))
<BR>[Address Reference Count : 1]<UL><LI> startup_samg55.o(RESET)
</UL>
<P><STRONG><a name="[30]"></a>RSTC_Handler</STRONG> (Thumb, 0 bytes, Stack size 0 bytes, startup_samg55.o(.text))
<BR>[Address Reference Count : 1]<UL><LI> startup_samg55.o(RESET)
</UL>
<P><STRONG><a name="[31]"></a>RTC_Handler</STRONG> (Thumb, 0 bytes, Stack size 0 bytes, startup_samg55.o(.text))
<BR>[Address Reference Count : 1]<UL><LI> startup_samg55.o(RESET)
</UL>
<P><STRONG><a name="[32]"></a>RTT_Handler</STRONG> (Thumb, 0 bytes, Stack size 0 bytes, startup_samg55.o(.text))
<BR>[Address Reference Count : 1]<UL><LI> startup_samg55.o(RESET)
</UL>
<P><STRONG><a name="[45]"></a>TC0_Handler</STRONG> (Thumb, 0 bytes, Stack size 0 bytes, startup_samg55.o(.text))
<BR>[Address Reference Count : 1]<UL><LI> startup_samg55.o(RESET)
</UL>
<P><STRONG><a name="[46]"></a>TC1_Handler</STRONG> (Thumb, 0 bytes, Stack size 0 bytes, startup_samg55.o(.text))
<BR>[Address Reference Count : 1]<UL><LI> startup_samg55.o(RESET)
</UL>
<P><STRONG><a name="[4a]"></a>TC5_Handler</STRONG> (Thumb, 0 bytes, Stack size 0 bytes, startup_samg55.o(.text))
<BR>[Address Reference Count : 1]<UL><LI> startup_samg55.o(RESET)
</UL>
<P><STRONG><a name="[4d]"></a>UHP_Handler</STRONG> (Thumb, 0 bytes, Stack size 0 bytes, startup_samg55.o(.text))
<BR>[Address Reference Count : 1]<UL><LI> startup_samg55.o(RESET)
</UL>
<P><STRONG><a name="[33]"></a>WDT_Handler</STRONG> (Thumb, 0 bytes, Stack size 0 bytes, startup_samg55.o(.text))
<BR>[Address Reference Count : 1]<UL><LI> startup_samg55.o(RESET)
</UL>
<P><STRONG><a name="[2f8]"></a>__user_initial_stackheap</STRONG> (Thumb, 0 bytes, Stack size unknown bytes, startup_samg55.o(.text))
<BR><BR>[Called By]<UL><LI><a href="#[140]">&gt;&gt;</a>&nbsp;&nbsp;&nbsp;__user_setup_stackheap
</UL>

<P><STRONG><a name="[14a]"></a>MacMibResetRF</STRONG> (Thumb, 4 bytes, Stack size 0 bytes, macrfmib.o(.text))
<BR><BR>[Stack]<UL><LI>Max Depth = 24<LI>Call Chain = MacMibResetRF &rArr; MibResetInternalRF &rArr; Random32 &rArr; platform_random_32
</UL>
<BR>[Calls]<UL><LI><a href="#[14b]">&gt;&gt;</a>&nbsp;&nbsp;&nbsp;MibResetInternalRF
</UL>
<BR>[Called By]<UL><LI><a href="#[15e]">&gt;&gt;</a>&nbsp;&nbsp;&nbsp;MacLowResetRequestRF
</UL>

<P><STRONG><a name="[14c]"></a>MacMibInitializeRF</STRONG> (Thumb, 28 bytes, Stack size 8 bytes, macrfmib.o(.text))
<BR><BR>[Stack]<UL><LI>Max Depth = 32<LI>Call Chain = MacMibInitializeRF &rArr; MibResetInternalRF &rArr; Random32 &rArr; platform_random_32
</UL>
<BR>[Calls]<UL><LI><a href="#[14b]">&gt;&gt;</a>&nbsp;&nbsp;&nbsp;MibResetInternalRF
</UL>
<BR>[Called By]<UL><LI><a href="#[166]">&gt;&gt;</a>&nbsp;&nbsp;&nbsp;MacInitializeRF
</UL>

<P><STRONG><a name="[278]"></a>MibGetPOSEntryRF</STRONG> (Thumb, 52 bytes, Stack size 4 bytes, macrfmib.o(.text))
<BR><BR>[Stack]<UL><LI>Max Depth = 4<LI>Call Chain = MibGetPOSEntryRF
</UL>
<BR>[Called By]<UL><LI><a href="#[280]">&gt;&gt;</a>&nbsp;&nbsp;&nbsp;UpdatePOSTableRF
<LI><a href="#[276]">&gt;&gt;</a>&nbsp;&nbsp;&nbsp;ProcessDataFrame
<LI><a href="#[160]">&gt;&gt;</a>&nbsp;&nbsp;&nbsp;MacLowTxRequestRF
</UL>

<P><STRONG><a name="[14d]"></a>MacMlmeGetRequestSyncRF</STRONG> (Thumb, 1826 bytes, Stack size 32 bytes, macrfmib.o(.text))
<BR><BR>[Stack]<UL><LI>Max Depth = 72<LI>Call Chain = MacMlmeGetRequestSyncRF &rArr; PalRfGetParam &rArr; at86rf_pib_get
</UL>
<BR>[Calls]<UL><LI><a href="#[150]">&gt;&gt;</a>&nbsp;&nbsp;&nbsp;PalRfGetParamLen
<LI><a href="#[14f]">&gt;&gt;</a>&nbsp;&nbsp;&nbsp;PalRfGetParam
<LI><a href="#[14e]">&gt;&gt;</a>&nbsp;&nbsp;&nbsp;__aeabi_memcpy
</UL>
<BR>[Called By]<UL><LI><a href="#[330]">&gt;&gt;</a>&nbsp;&nbsp;&nbsp;MacWrapperMlmeGetRequestSyncRF
<LI><a href="#[15b]">&gt;&gt;</a>&nbsp;&nbsp;&nbsp;MacMlmeGetRequestRF
</UL>

<P><STRONG><a name="[151]"></a>MacMlmeSetRequestSyncRF</STRONG> (Thumb, 2020 bytes, Stack size 40 bytes, macrfmib.o(.text))
<BR><BR>[Stack]<UL><LI>Max Depth = 312<LI>Call Chain = MacMlmeSetRequestSyncRF &rArr; PalRfSetParam &rArr; at86rf_pib_set &rArr; rf215_bbc_set_phy_cfg &rArr; rf215_pll_set_chn_cfg &rArr; rf215_trx_switch_txprep &rArr; rf215_tx_rx_check_aborts &rArr; _tx_abort &rArr; _tx_confirm
</UL>
<BR>[Calls]<UL><LI><a href="#[154]">&gt;&gt;</a>&nbsp;&nbsp;&nbsp;PalRfSetParam
<LI><a href="#[150]">&gt;&gt;</a>&nbsp;&nbsp;&nbsp;PalRfGetParamLen
<LI><a href="#[14f]">&gt;&gt;</a>&nbsp;&nbsp;&nbsp;PalRfGetParam
<LI><a href="#[153]">&gt;&gt;</a>&nbsp;&nbsp;&nbsp;__aeabi_memclr
<LI><a href="#[152]">&gt;&gt;</a>&nbsp;&nbsp;&nbsp;__aeabi_memmove
<LI><a href="#[14e]">&gt;&gt;</a>&nbsp;&nbsp;&nbsp;__aeabi_memcpy
</UL>
<BR>[Called By]<UL><LI><a href="#[338]">&gt;&gt;</a>&nbsp;&nbsp;&nbsp;MacWrapperMlmeSetRequestSyncRF
<LI><a href="#[15c]">&gt;&gt;</a>&nbsp;&nbsp;&nbsp;MacMlmeSetRequestRF
</UL>

<P><STRONG><a name="[155]"></a>MibGetDeviceEntryRF</STRONG> (Thumb, 156 bytes, Stack size 32 bytes, macrfmib.o(.text))
<BR><BR>[Stack]<UL><LI>Max Depth = 32<LI>Call Chain = MibGetDeviceEntryRF
</UL>
<BR>[Calls]<UL><LI><a href="#[156]">&gt;&gt;</a>&nbsp;&nbsp;&nbsp;__ARM_common_memclr4_6
<LI><a href="#[152]">&gt;&gt;</a>&nbsp;&nbsp;&nbsp;__aeabi_memmove
</UL>
<BR>[Called By]<UL><LI><a href="#[276]">&gt;&gt;</a>&nbsp;&nbsp;&nbsp;ProcessDataFrame
</UL>

<P><STRONG><a name="[159]"></a>MacMcpsDataRequestRF</STRONG> (Thumb, 160 bytes, Stack size 24 bytes, macrfsublayer.o(.text))
<BR><BR>[Stack]<UL><LI>Max Depth = 24<LI>Call Chain = MacMcpsDataRequestRF
</UL>
<BR>[Calls]<UL><LI><a href="#[15a]">&gt;&gt;</a>&nbsp;&nbsp;&nbsp;oss_get_up_time_ms
<LI><a href="#[14e]">&gt;&gt;</a>&nbsp;&nbsp;&nbsp;__aeabi_memcpy
</UL>
<BR>[Called By]<UL><LI><a href="#[32b]">&gt;&gt;</a>&nbsp;&nbsp;&nbsp;MacWrapperMcpsDataRequestRF
</UL>

<P><STRONG><a name="[15b]"></a>MacMlmeGetRequestRF</STRONG> (Thumb, 50 bytes, Stack size 168 bytes, macrfsublayer.o(.text), UNUSED)
<BR><BR>[Calls]<UL><LI><a href="#[14d]">&gt;&gt;</a>&nbsp;&nbsp;&nbsp;MacMlmeGetRequestSyncRF
</UL>

<P><STRONG><a name="[15c]"></a>MacMlmeSetRequestRF</STRONG> (Thumb, 44 bytes, Stack size 16 bytes, macrfsublayer.o(.text), UNUSED)
<BR><BR>[Calls]<UL><LI><a href="#[151]">&gt;&gt;</a>&nbsp;&nbsp;&nbsp;MacMlmeSetRequestSyncRF
</UL>

<P><STRONG><a name="[15d]"></a>MacMlmeResetRequestRF</STRONG> (Thumb, 44 bytes, Stack size 16 bytes, macrfsublayer.o(.text))
<BR><BR>[Stack]<UL><LI>Max Depth = 312<LI>Call Chain = MacMlmeResetRequestRF &rArr; MacLowResetRequestRF &rArr; PalRfResetRequest &rArr; at86rf_pib_set &rArr; rf215_bbc_set_phy_cfg &rArr; rf215_pll_set_chn_cfg &rArr; rf215_trx_switch_txprep &rArr; rf215_tx_rx_check_aborts &rArr; _tx_abort &rArr; _tx_confirm
</UL>
<BR>[Calls]<UL><LI><a href="#[15e]">&gt;&gt;</a>&nbsp;&nbsp;&nbsp;MacLowResetRequestRF
<LI><a href="#[157]">&gt;&gt;</a>&nbsp;&nbsp;&nbsp;__aeabi_memcpy4
</UL>
<BR>[Called By]<UL><LI><a href="#[334]">&gt;&gt;</a>&nbsp;&nbsp;&nbsp;MacWrapperMlmeResetRequestRF
</UL>

<P><STRONG><a name="[15f]"></a>MacMlmeScanRequestRF</STRONG> (Thumb, 128 bytes, Stack size 32 bytes, macrfsublayer.o(.text))
<BR><BR>[Stack]<UL><LI>Max Depth = 576<LI>Call Chain = MacMlmeScanRequestRF &rArr; MacLowTxRequestRF &rArr; MacSecurityEncrypt &rArr; cipher_wrapper_ccm_encrypt_and_tag &rArr; mbedtls_ccm_encrypt_and_tag &rArr; ccm_auth_crypt &rArr; mbedtls_cipher_update &rArr; mbedtls_gcm_update &rArr; gcm_mask &rArr;  mbedtls_cipher_update (Cycle)
</UL>
<BR>[Calls]<UL><LI><a href="#[160]">&gt;&gt;</a>&nbsp;&nbsp;&nbsp;MacLowTxRequestRF
</UL>
<BR>[Called By]<UL><LI><a href="#[336]">&gt;&gt;</a>&nbsp;&nbsp;&nbsp;MacWrapperMlmeScanRequestRF
</UL>

<P><STRONG><a name="[34a]"></a>MacMlmeStartRequestRF</STRONG> (Thumb, 24 bytes, Stack size 8 bytes, macrfsublayer.o(.text), UNUSED)
<BR><BR>[Called By]<UL><LI><a href="#[33a]">&gt;&gt;</a>&nbsp;&nbsp;&nbsp;MacWrapperMlmeStartRequestRF
</UL>

<P><STRONG><a name="[161]"></a>MacLowTxConfirmRF</STRONG> (Thumb, 176 bytes, Stack size 32 bytes, macrfsublayer.o(.text))
<BR><BR>[Stack]<UL><LI>Max Depth = 32<LI>Call Chain = MacLowTxConfirmRF
</UL>
<BR>[Calls]<UL><LI><a href="#[15a]">&gt;&gt;</a>&nbsp;&nbsp;&nbsp;oss_get_up_time_ms
<LI><a href="#[152]">&gt;&gt;</a>&nbsp;&nbsp;&nbsp;__aeabi_memmove
</UL>
<BR>[Called By]<UL><LI><a href="#[281]">&gt;&gt;</a>&nbsp;&nbsp;&nbsp;SendTxConfirm
</UL>

<P><STRONG><a name="[162]"></a>MacLowRxIndicationRF</STRONG> (Thumb, 406 bytes, Stack size 80 bytes, macrfsublayer.o(.text))
<BR><BR>[Stack]<UL><LI>Max Depth = 104<LI>Call Chain = MacLowRxIndicationRF &rArr; Random16Ex &rArr; platform_random_16
</UL>
<BR>[Calls]<UL><LI><a href="#[163]">&gt;&gt;</a>&nbsp;&nbsp;&nbsp;Random16Ex
<LI><a href="#[15a]">&gt;&gt;</a>&nbsp;&nbsp;&nbsp;oss_get_up_time_ms
</UL>
<BR>[Called By]<UL><LI><a href="#[276]">&gt;&gt;</a>&nbsp;&nbsp;&nbsp;ProcessDataFrame
</UL>

<P><STRONG><a name="[164]"></a>MacLowMacSnifferIndicationRF</STRONG> (Thumb, 112 bytes, Stack size 72 bytes, macrfsublayer.o(.text))
<BR><BR>[Stack]<UL><LI>Max Depth = 72<LI>Call Chain = MacLowMacSnifferIndicationRF
</UL>
<BR>[Calls]<UL><LI><a href="#[15a]">&gt;&gt;</a>&nbsp;&nbsp;&nbsp;oss_get_up_time_ms
<LI><a href="#[165]">&gt;&gt;</a>&nbsp;&nbsp;&nbsp;__ARM_common_memcpy4_10
</UL>
<BR>[Called By]<UL><LI><a href="#[276]">&gt;&gt;</a>&nbsp;&nbsp;&nbsp;ProcessDataFrame
</UL>

<P><STRONG><a name="[27e]"></a>MacLowCommStatusIndicationRF</STRONG> (Thumb, 12 bytes, Stack size 0 bytes, macrfsublayer.o(.text))
<BR><BR>[Called By]<UL><LI><a href="#[276]">&gt;&gt;</a>&nbsp;&nbsp;&nbsp;ProcessDataFrame
</UL>

<P><STRONG><a name="[166]"></a>MacInitializeRF</STRONG> (Thumb, 56 bytes, Stack size 16 bytes, macrfsublayer.o(.text))
<BR><BR>[Stack]<UL><LI>Max Depth = 248<LI>Call Chain = MacInitializeRF &rArr; MacLowInitializeRF &rArr; PalRfInitialize &rArr; at86rf_enable &rArr; rf215_bbc_init &rArr; rf215_pll_init &rArr; _pll_get_params
</UL>
<BR>[Calls]<UL><LI><a href="#[167]">&gt;&gt;</a>&nbsp;&nbsp;&nbsp;MacLowInitializeRF
<LI><a href="#[14c]">&gt;&gt;</a>&nbsp;&nbsp;&nbsp;MacMibInitializeRF
<LI><a href="#[157]">&gt;&gt;</a>&nbsp;&nbsp;&nbsp;__aeabi_memcpy4
</UL>
<BR>[Called By]<UL><LI><a href="#[332]">&gt;&gt;</a>&nbsp;&nbsp;&nbsp;MacWrapperInitializeRF
</UL>

<P><STRONG><a name="[168]"></a>MacEventHandlerRF</STRONG> (Thumb, 326 bytes, Stack size 48 bytes, macrfsublayer.o(.text))
<BR><BR>[Stack]<UL><LI>Max Depth = 592<LI>Call Chain = MacEventHandlerRF &rArr; MacLowTxRequestRF &rArr; MacSecurityEncrypt &rArr; cipher_wrapper_ccm_encrypt_and_tag &rArr; mbedtls_ccm_encrypt_and_tag &rArr; ccm_auth_crypt &rArr; mbedtls_cipher_update &rArr; mbedtls_gcm_update &rArr; gcm_mask &rArr;  mbedtls_cipher_update (Cycle)
</UL>
<BR>[Calls]<UL><LI><a href="#[15a]">&gt;&gt;</a>&nbsp;&nbsp;&nbsp;oss_get_up_time_ms
<LI><a href="#[160]">&gt;&gt;</a>&nbsp;&nbsp;&nbsp;MacLowTxRequestRF
<LI><a href="#[169]">&gt;&gt;</a>&nbsp;&nbsp;&nbsp;MacLowEventHandlerRF
</UL>
<BR>[Called By]<UL><LI><a href="#[32d]">&gt;&gt;</a>&nbsp;&nbsp;&nbsp;MacWrapperEventHandlerRF
</UL>

<P><STRONG><a name="[16a]"></a>MacMibReset</STRONG> (Thumb, 10 bytes, Stack size 0 bytes, macmib.o(.text))
<BR><BR>[Stack]<UL><LI>Max Depth = 32<LI>Call Chain = MacMibReset &rArr; MibResetInternal &rArr; Random32 &rArr; platform_random_32
</UL>
<BR>[Calls]<UL><LI><a href="#[16b]">&gt;&gt;</a>&nbsp;&nbsp;&nbsp;MibResetInternal
</UL>
<BR>[Called By]<UL><LI><a href="#[179]">&gt;&gt;</a>&nbsp;&nbsp;&nbsp;MacLowResetRequest
</UL>

<P><STRONG><a name="[16c]"></a>MacMibInitialize</STRONG> (Thumb, 28 bytes, Stack size 8 bytes, macmib.o(.text))
<BR><BR>[Stack]<UL><LI>Max Depth = 40<LI>Call Chain = MacMibInitialize &rArr; MibResetInternal &rArr; Random32 &rArr; platform_random_32
</UL>
<BR>[Calls]<UL><LI><a href="#[16b]">&gt;&gt;</a>&nbsp;&nbsp;&nbsp;MibResetInternal
</UL>
<BR>[Called By]<UL><LI><a href="#[187]">&gt;&gt;</a>&nbsp;&nbsp;&nbsp;MacInitialize
</UL>

[...]

<P><STRONG><a name="[296]"></a>EncodeMhr</STRONG> (Thumb, 286 bytes, Stack size 0 bytes, maclow.o(.text))
<BR><BR>[Called By]<UL><LI><a href="#[291]">&gt;&gt;</a>&nbsp;&nbsp;&nbsp;MacSecurityDecrypt
<LI><a href="#[17b]">&gt;&gt;</a>&nbsp;&nbsp;&nbsp;MacLowTxRequest
</UL>

<P><STRONG><a name="[28f]"></a>ProcessDataFrame</STRONG> (Thumb, 1506 bytes, Stack size 112 bytes, maclow.o(.text))
<BR><BR>[Stack]<UL><LI>Max Depth = 688 + Unknown Stack Size
<LI>Call Chain = ProcessDataFrame &rArr; MacSecurityDecrypt &rArr; cipher_wrapper_ccm_auth_decrypt &rArr; mbedtls_ccm_auth_decrypt &rArr; mbedtls_ccm_star_auth_decrypt &rArr; ccm_auth_crypt &rArr; mbedtls_cipher_update &rArr; mbedtls_gcm_update &rArr; gcm_mask &rArr;  mbedtls_cipher_update (Cycle)
</UL>
<BR>[Calls]<UL><LI><a href="#[290]">&gt;&gt;</a>&nbsp;&nbsp;&nbsp;MacRtGetToneMapResponseData
<LI><a href="#[291]">&gt;&gt;</a>&nbsp;&nbsp;&nbsp;MacSecurityDecrypt
<LI><a href="#[28e]">&gt;&gt;</a>&nbsp;&nbsp;&nbsp;GetDsnEntry
<LI><a href="#[292]">&gt;&gt;</a>&nbsp;&nbsp;&nbsp;MacLowCommStatusIndication
<LI><a href="#[186]">&gt;&gt;</a>&nbsp;&nbsp;&nbsp;MacLowMacSnifferIndication
<LI><a href="#[182]">&gt;&gt;</a>&nbsp;&nbsp;&nbsp;MacLowRxIndication
<LI><a href="#[174]">&gt;&gt;</a>&nbsp;&nbsp;&nbsp;MibGetDeviceEntry
<LI><a href="#[14e]">&gt;&gt;</a>&nbsp;&nbsp;&nbsp;__aeabi_memcpy
<LI><a href="#[173]">&gt;&gt;</a>&nbsp;&nbsp;&nbsp;memcmp
</UL>
<BR>[Called By]<UL><LI><a href="#[22]">&gt;&gt;</a>&nbsp;&nbsp;&nbsp;MacRtCbProcessFrame
</UL>

<P><STRONG><a name="[22]"></a>MacRtCbProcessFrame</STRONG> (Thumb, 626 bytes, Stack size 56 bytes, maclow.o(.text))
<BR><BR>[Stack]<UL><LI>Max Depth = 744 + Unknown Stack Size
<LI>Call Chain = MacRtCbProcessFrame &rArr; ProcessDataFrame &rArr; MacSecurityDecrypt &rArr; cipher_wrapper_ccm_auth_decrypt &rArr; mbedtls_ccm_auth_decrypt &rArr; mbedtls_ccm_star_auth_decrypt &rArr; ccm_auth_crypt &rArr; mbedtls_cipher_update &rArr; mbedtls_gcm_update &rArr; gcm_mask &rArr;  mbedtls_cipher_update (Cycle)
</UL>
<BR>[Calls]<UL><LI><a href="#[171]">&gt;&gt;</a>&nbsp;&nbsp;&nbsp;__ARM_common_memcpy4_5
<LI><a href="#[28f]">&gt;&gt;</a>&nbsp;&nbsp;&nbsp;ProcessDataFrame
<LI><a href="#[293]">&gt;&gt;</a>&nbsp;&nbsp;&nbsp;MibGetPOSEntry
<LI><a href="#[16e]">&gt;&gt;</a>&nbsp;&nbsp;&nbsp;MibGetNeighbourEntry
<LI><a href="#[152]">&gt;&gt;</a>&nbsp;&nbsp;&nbsp;__aeabi_memmove
<LI><a href="#[173]">&gt;&gt;</a>&nbsp;&nbsp;&nbsp;memcmp
</UL>
<BR>[Address Reference Count : 1]<UL><LI> maclow.o(.data)
</UL>
<P><STRONG><a name="[24]"></a>MacRtCbPlmeGetConfirm</STRONG> (Thumb, 16 bytes, Stack size 0 bytes, maclow.o(.text))
<BR>[Address Reference Count : 1]<UL><LI> maclow.o(.data)
</UL>
<P><STRONG><a name="[23]"></a>MacRtCbTxConfirm</STRONG> (Thumb, 370 bytes, Stack size 40 bytes, maclow.o(.text))
<BR><BR>[Stack]<UL><LI>Max Depth = 112<LI>Call Chain = MacRtCbTxConfirm &rArr; SendTxConfirm &rArr; MacLowTxConfirm
</UL>
<BR>[Calls]<UL><LI><a href="#[15a]">&gt;&gt;</a>&nbsp;&nbsp;&nbsp;oss_get_up_time_ms
<LI><a href="#[294]">&gt;&gt;</a>&nbsp;&nbsp;&nbsp;SendTxConfirm
<LI><a href="#[16e]">&gt;&gt;</a>&nbsp;&nbsp;&nbsp;MibGetNeighbourEntry
<LI><a href="#[152]">&gt;&gt;</a>&nbsp;&nbsp;&nbsp;__aeabi_memmove
</UL>
<BR>[Address Reference Count : 1]<UL><LI> maclow.o(.data)
</UL>
<P><STRONG><a name="[291]"></a>MacSecurityDecrypt</STRONG> (Thumb, 454 bytes, Stack size 168 bytes, maclow.o(.text))
<BR><BR>[Stack]<UL><LI>Max Depth = 576<LI>Call Chain = MacSecurityDecrypt &rArr; cipher_wrapper_ccm_auth_decrypt &rArr; mbedtls_ccm_auth_decrypt &rArr; mbedtls_ccm_star_auth_decrypt &rArr; ccm_auth_crypt &rArr; mbedtls_cipher_update &rArr; mbedtls_gcm_update &rArr; gcm_mask &rArr;  mbedtls_cipher_update (Cycle)
</UL>
<BR>[Calls]<UL><LI><a href="#[272]">&gt;&gt;</a>&nbsp;&nbsp;&nbsp;cipher_wrapper_ccm_setkey
<LI><a href="#[271]">&gt;&gt;</a>&nbsp;&nbsp;&nbsp;cipher_wrapper_ccm_init
<LI><a href="#[274]">&gt;&gt;</a>&nbsp;&nbsp;&nbsp;cipher_wrapper_ccm_free
<LI><a href="#[287]">&gt;&gt;</a>&nbsp;&nbsp;&nbsp;cipher_wrapper_ccm_auth_decrypt
<LI><a href="#[296]">&gt;&gt;</a>&nbsp;&nbsp;&nbsp;EncodeMhr
</UL>
<BR>[Called By]<UL><LI><a href="#[28f]">&gt;&gt;</a>&nbsp;&nbsp;&nbsp;ProcessDataFrame
</UL>

<P><STRONG><a name="[295]"></a>CreateFrameHeader</STRONG> (Thumb, 288 bytes, Stack size 12 bytes, maclow.o(.text))
<BR><BR>[Stack]<UL><LI>Max Depth = 12<LI>Call Chain = CreateFrameHeader
</UL>
<BR>[Called By]<UL><LI><a href="#[17b]">&gt;&gt;</a>&nbsp;&nbsp;&nbsp;MacLowTxRequest
</UL>

<P><STRONG><a name="[294]"></a>SendTxConfirm</STRONG> (Thumb, 50 bytes, Stack size 40 bytes, maclow.o(.text))
<BR><BR>[Stack]<UL><LI>Max Depth = 72<LI>Call Chain = SendTxConfirm &rArr; MacLowTxConfirm
</UL>
<BR>[Calls]<UL><LI><a href="#[17e]">&gt;&gt;</a>&nbsp;&nbsp;&nbsp;MacLowTxConfirm
</UL>
<BR>[Called By]<UL><LI><a href="#[23]">&gt;&gt;</a>&nbsp;&nbsp;&nbsp;MacRtCbTxConfirm
<LI><a href="#[17b]">&gt;&gt;</a>&nbsp;&nbsp;&nbsp;MacLowTxRequest
</UL>

<P><STRONG><a name="[2a3]"></a>_DataSendCallbackHelper</STRONG> (Thumb, 112 bytes, Stack size 8 bytes, adpcommon.o(.text))
<BR><BR>[Stack]<UL><LI>Max Depth = 24<LI>Call Chain = _DataSendCallbackHelper &rArr; _CheckBufferIndicationCondition
</UL>
<BR>[Calls]<UL><LI><a href="#[2a2]">&gt;&gt;</a>&nbsp;&nbsp;&nbsp;_CheckBufferIndicationCondition
</UL>
<BR>[Called By]<UL><LI><a href="#[2ba]">&gt;&gt;</a>&nbsp;&nbsp;&nbsp;AdpCommon_PurgeFullProcessingQueue
<LI><a href="#[2b9]">&gt;&gt;</a>&nbsp;&nbsp;&nbsp;AdpCommon_CheckProcessingQueue
<LI><a href="#[71]">&gt;&gt;</a>&nbsp;&nbsp;&nbsp;_RouteRepair_Callback
<LI><a href="#[2b8]">&gt;&gt;</a>&nbsp;&nbsp;&nbsp;_StartSend
<LI><a href="#[72]">&gt;&gt;</a>&nbsp;&nbsp;&nbsp;_RouteDiscover_Callback
<LI><a href="#[6f]">&gt;&gt;</a>&nbsp;&nbsp;&nbsp;_Callback_MAC_DataConfirm
<LI><a href="#[1f1]">&gt;&gt;</a>&nbsp;&nbsp;&nbsp;AdpCommon_ProcessSendQueue
<LI><a href="#[1d0]">&gt;&gt;</a>&nbsp;&nbsp;&nbsp;AdpCommon_PurgeProcessingQueue
</UL>

<P><STRONG><a name="[2a4]"></a>_ExecuteSendNextFragment</STRONG> (Thumb, 346 bytes, Stack size 480 bytes, adpcommon.o(.text))
<BR><BR>[Stack]<UL><LI>Max Depth = 888<LI>Call Chain = _ExecuteSendNextFragment &rArr; Routing_GetRoute &rArr; LOADNG_GetRoute &rArr; GetAdpShortAddress &rArr; AdpMacGetRequestSync &rArr; HyALGetRequestSync &rArr; MacWrapperMlmeGetRequestSyncRF &rArr; MacMlmeGetRequestSyncRF &rArr; PalRfGetParam &rArr; at86rf_pib_get
</UL>
<BR>[Calls]<UL><LI><a href="#[1f9]">&gt;&gt;</a>&nbsp;&nbsp;&nbsp;Routing_RouteExists
<LI><a href="#[21e]">&gt;&gt;</a>&nbsp;&nbsp;&nbsp;Routing_IsDisabled
<LI><a href="#[1fa]">&gt;&gt;</a>&nbsp;&nbsp;&nbsp;Routing_GetRoute
<LI><a href="#[2a5]">&gt;&gt;</a>&nbsp;&nbsp;&nbsp;LoWPAN_Sizeof_MeshHeader
<LI><a href="#[2a7]">&gt;&gt;</a>&nbsp;&nbsp;&nbsp;LoWPAN_Sizeof_FragNHeader
<LI><a href="#[2a6]">&gt;&gt;</a>&nbsp;&nbsp;&nbsp;LoWPAN_Sizeof_BroadcastHeader
<LI><a href="#[2ab]">&gt;&gt;</a>&nbsp;&nbsp;&nbsp;LoWPAN_Encode_MeshHeader
<LI><a href="#[2a8]">&gt;&gt;</a>&nbsp;&nbsp;&nbsp;LoWPAN_Encode_FragNHeader
<LI><a href="#[2a9]">&gt;&gt;</a>&nbsp;&nbsp;&nbsp;LoWPAN_Encode_Broadcast
<LI><a href="#[2aa]">&gt;&gt;</a>&nbsp;&nbsp;&nbsp;AddBroadcastLogTable
<LI><a href="#[2ac]">&gt;&gt;</a>&nbsp;&nbsp;&nbsp;_GetSecurity
<LI><a href="#[232]">&gt;&gt;</a>&nbsp;&nbsp;&nbsp;AdpMac_DataRequest
<LI><a href="#[14e]">&gt;&gt;</a>&nbsp;&nbsp;&nbsp;__aeabi_memcpy
</UL>
<BR>[Called By]<UL><LI><a href="#[71]">&gt;&gt;</a>&nbsp;&nbsp;&nbsp;_RouteRepair_Callback
<LI><a href="#[6f]">&gt;&gt;</a>&nbsp;&nbsp;&nbsp;_Callback_MAC_DataConfirm
<LI><a href="#[70]">&gt;&gt;</a>&nbsp;&nbsp;&nbsp;_Callback_FragTimer
</UL>

<P><STRONG><a name="[70]"></a>_Callback_FragTimer</STRONG> (Thumb, 4 bytes, Stack size 0 bytes, adpcommon.o(.text))
<BR><BR>[Stack]<UL><LI>Max Depth = 888<LI>Call Chain = _Callback_FragTimer &rArr; _ExecuteSendNextFragment &rArr; Routing_GetRoute &rArr; LOADNG_GetRoute &rArr; GetAdpShortAddress &rArr; AdpMacGetRequestSync &rArr; HyALGetRequestSync &rArr; MacWrapperMlmeGetRequestSyncRF &rArr; MacMlmeGetRequestSyncRF &rArr; PalRfGetParam &rArr; at86rf_pib_get
</UL>
<BR>[Calls]<UL><LI><a href="#[2a4]">&gt;&gt;</a>&nbsp;&nbsp;&nbsp;_ExecuteSendNextFragment
</UL>
<BR>[Address Reference Count : 1]<UL><LI> adpcommon.o(.text)
</UL>
<P><STRONG><a name="[6f]"></a>_Callback_MAC_DataConfirm</STRONG> (Thumb, 466 bytes, Stack size 32 bytes, adpcommon.o(.text))
<BR><BR>[Stack]<UL><LI>Max Depth = 1008<LI>Call Chain = _Callback_MAC_DataConfirm &rArr; Routing_DiscoverRoute &rArr; LOADNG_DiscoverRoute &rArr; _DiscoverRoute &rArr; _RREQRERRWait_FindEmptyQueueSlot &rArr;  _DiscoverRoute (Cycle)
</UL>
<BR>[Calls]<UL><LI><a href="#[190]">&gt;&gt;</a>&nbsp;&nbsp;&nbsp;Timer_Register
<LI><a href="#[2ad]">&gt;&gt;</a>&nbsp;&nbsp;&nbsp;Routing_RemoveBlacklistOnMedium
<LI><a href="#[2af]">&gt;&gt;</a>&nbsp;&nbsp;&nbsp;Routing_RefreshRoute
<LI><a href="#[21e]">&gt;&gt;</a>&nbsp;&nbsp;&nbsp;Routing_IsDisabled
<LI><a href="#[2b0]">&gt;&gt;</a>&nbsp;&nbsp;&nbsp;Routing_IsAutoRREQDisabled
<LI><a href="#[21f]">&gt;&gt;</a>&nbsp;&nbsp;&nbsp;Routing_GetRouteEntry
<LI><a href="#[256]">&gt;&gt;</a>&nbsp;&nbsp;&nbsp;Routing_DiscoverRoute
<LI><a href="#[1fc]">&gt;&gt;</a>&nbsp;&nbsp;&nbsp;Routing_DeleteRoute
<LI><a href="#[2ae]">&gt;&gt;</a>&nbsp;&nbsp;&nbsp;Routing_AddBlacklistOnMedium
<LI><a href="#[2a4]">&gt;&gt;</a>&nbsp;&nbsp;&nbsp;_ExecuteSendNextFragment
<LI><a href="#[2a3]">&gt;&gt;</a>&nbsp;&nbsp;&nbsp;_DataSendCallbackHelper
</UL>
<BR>[Address Reference Count : 1]<UL><LI> adpcommon.o(.text)
</UL>
<P><STRONG><a name="[2b1]"></a>_ExecuteSend</STRONG> (Thumb, 504 bytes, Stack size 480 bytes, adpcommon.o(.text))
<BR><BR>[Stack]<UL><LI>Max Depth = 888<LI>Call Chain = _ExecuteSend &rArr; Routing_GetRoute &rArr; LOADNG_GetRoute &rArr; GetAdpShortAddress &rArr; AdpMacGetRequestSync &rArr; HyALGetRequestSync &rArr; MacWrapperMlmeGetRequestSyncRF &rArr; MacMlmeGetRequestSyncRF &rArr; PalRfGetParam &rArr; at86rf_pib_get
</UL>
<BR>[Calls]<UL><LI><a href="#[163]">&gt;&gt;</a>&nbsp;&nbsp;&nbsp;Random16Ex
<LI><a href="#[1f9]">&gt;&gt;</a>&nbsp;&nbsp;&nbsp;Routing_RouteExists
<LI><a href="#[21e]">&gt;&gt;</a>&nbsp;&nbsp;&nbsp;Routing_IsDisabled
<LI><a href="#[1fa]">&gt;&gt;</a>&nbsp;&nbsp;&nbsp;Routing_GetRoute
<LI><a href="#[2a5]">&gt;&gt;</a>&nbsp;&nbsp;&nbsp;LoWPAN_Sizeof_MeshHeader
<LI><a href="#[2b5]">&gt;&gt;</a>&nbsp;&nbsp;&nbsp;LoWPAN_Sizeof_IPv6Header
<LI><a href="#[2b4]">&gt;&gt;</a>&nbsp;&nbsp;&nbsp;LoWPAN_Sizeof_Frag1Header
<LI><a href="#[2a6]">&gt;&gt;</a>&nbsp;&nbsp;&nbsp;LoWPAN_Sizeof_BroadcastHeader
<LI><a href="#[2ab]">&gt;&gt;</a>&nbsp;&nbsp;&nbsp;LoWPAN_Encode_MeshHeader
<LI><a href="#[2b3]">&gt;&gt;</a>&nbsp;&nbsp;&nbsp;LoWPAN_Encode_IPv6
<LI><a href="#[2b6]">&gt;&gt;</a>&nbsp;&nbsp;&nbsp;LoWPAN_Encode_Frag1Header
<LI><a href="#[2a9]">&gt;&gt;</a>&nbsp;&nbsp;&nbsp;LoWPAN_Encode_Broadcast
<LI><a href="#[2b2]">&gt;&gt;</a>&nbsp;&nbsp;&nbsp;IPv6_CompressHeader
<LI><a href="#[2ac]">&gt;&gt;</a>&nbsp;&nbsp;&nbsp;_GetSecurity
<LI><a href="#[232]">&gt;&gt;</a>&nbsp;&nbsp;&nbsp;AdpMac_DataRequest
<LI><a href="#[14e]">&gt;&gt;</a>&nbsp;&nbsp;&nbsp;__aeabi_memcpy
</UL>
<BR>[Called By]<UL><LI><a href="#[71]">&gt;&gt;</a>&nbsp;&nbsp;&nbsp;_RouteRepair_Callback
<LI><a href="#[2b8]">&gt;&gt;</a>&nbsp;&nbsp;&nbsp;_StartSend
<LI><a href="#[72]">&gt;&gt;</a>&nbsp;&nbsp;&nbsp;_RouteDiscover_Callback
</UL>

<P><STRONG><a name="[72]"></a>_RouteDiscover_Callback</STRONG> (Thumb, 54 bytes, Stack size 16 bytes, adpcommon.o(.text))
<BR><BR>[Stack]<UL><LI>Max Depth = 904<LI>Call Chain = _RouteDiscover_Callback &rArr; _ExecuteSend &rArr; Routing_GetRoute &rArr; LOADNG_GetRoute &rArr; GetAdpShortAddress &rArr; AdpMacGetRequestSync &rArr; HyALGetRequestSync &rArr; MacWrapperMlmeGetRequestSyncRF &rArr; MacMlmeGetRequestSyncRF &rArr; PalRfGetParam &rArr; at86rf_pib_get
</UL>
<BR>[Calls]<UL><LI><a href="#[2b7]">&gt;&gt;</a>&nbsp;&nbsp;&nbsp;Routing_GetRouteAndMediaType
<LI><a href="#[2b1]">&gt;&gt;</a>&nbsp;&nbsp;&nbsp;_ExecuteSend
<LI><a href="#[2a3]">&gt;&gt;</a>&nbsp;&nbsp;&nbsp;_DataSendCallbackHelper
</UL>
<BR>[Address Reference Count : 1]<UL><LI> adpcommon.o(.text)
</UL>
<P><STRONG><a name="[2b8]"></a>_StartSend</STRONG> (Thumb, 368 bytes, Stack size 56 bytes, adpcommon.o(.text))
<BR><BR>[Stack]<UL><LI>Max Depth = 1032<LI>Call Chain = _StartSend &rArr; Routing_DiscoverRoute &rArr; LOADNG_DiscoverRoute &rArr; _DiscoverRoute &rArr; _RREQRERRWait_FindEmptyQueueSlot &rArr;  _DiscoverRoute (Cycle)
</UL>
<BR>[Calls]<UL><LI><a href="#[1f9]">&gt;&gt;</a>&nbsp;&nbsp;&nbsp;Routing_RouteExists
<LI><a href="#[21e]">&gt;&gt;</a>&nbsp;&nbsp;&nbsp;Routing_IsDisabled
<LI><a href="#[2b0]">&gt;&gt;</a>&nbsp;&nbsp;&nbsp;Routing_IsAutoRREQDisabled
<LI><a href="#[2b7]">&gt;&gt;</a>&nbsp;&nbsp;&nbsp;Routing_GetRouteAndMediaType
<LI><a href="#[1fa]">&gt;&gt;</a>&nbsp;&nbsp;&nbsp;Routing_GetRoute
<LI><a href="#[256]">&gt;&gt;</a>&nbsp;&nbsp;&nbsp;Routing_DiscoverRoute
<LI><a href="#[2aa]">&gt;&gt;</a>&nbsp;&nbsp;&nbsp;AddBroadcastLogTable
<LI><a href="#[2b1]">&gt;&gt;</a>&nbsp;&nbsp;&nbsp;_ExecuteSend
<LI><a href="#[2a3]">&gt;&gt;</a>&nbsp;&nbsp;&nbsp;_DataSendCallbackHelper
<LI><a href="#[1ff]">&gt;&gt;</a>&nbsp;&nbsp;&nbsp;SearchBroadcastLogTable
</UL>
<BR>[Called By]<UL><LI><a href="#[1f1]">&gt;&gt;</a>&nbsp;&nbsp;&nbsp;AdpCommon_ProcessSendQueue
</UL>

<P><STRONG><a name="[2a2]"></a>_CheckBufferIndicationCondition</STRONG> (Thumb, 126 bytes, Stack size 16 bytes, adpcommon.o(.text))
<BR><BR>[Stack]<UL><LI>Max Depth = 16<LI>Call Chain = _CheckBufferIndicationCondition
</UL>
<BR>[Called By]<UL><LI><a href="#[2a3]">&gt;&gt;</a>&nbsp;&nbsp;&nbsp;_DataSendCallbackHelper
<LI><a href="#[210]">&gt;&gt;</a>&nbsp;&nbsp;&nbsp;AdpCommon_DataSendEx
</UL>

<P><STRONG><a name="[2ac]"></a>_GetSecurity</STRONG> (Thumb, 86 bytes, Stack size 8 bytes, adpcommon.o(.text))
<BR><BR>[Stack]<UL><LI>Max Depth = 8<LI>Call Chain = _GetSecurity
</UL>
<BR>[Called By]<UL><LI><a href="#[2b1]">&gt;&gt;</a>&nbsp;&nbsp;&nbsp;_ExecuteSend
<LI><a href="#[2a4]">&gt;&gt;</a>&nbsp;&nbsp;&nbsp;_ExecuteSendNextFragment
</UL>

<P><STRONG><a name="[71]"></a>_RouteRepair_Callback</STRONG> (Thumb, 128 bytes, Stack size 24 bytes, adpcommon.o(.text))
<BR><BR>[Stack]<UL><LI>Max Depth = 912<LI>Call Chain = _RouteRepair_Callback &rArr; _ExecuteSend &rArr; Routing_GetRoute &rArr; LOADNG_GetRoute &rArr; GetAdpShortAddress &rArr; AdpMacGetRequestSync &rArr; HyALGetRequestSync &rArr; MacWrapperMlmeGetRequestSyncRF &rArr; MacMlmeGetRequestSyncRF &rArr; PalRfGetParam &rArr; at86rf_pib_get
</UL>
<BR>[Calls]<UL><LI><a href="#[1f9]">&gt;&gt;</a>&nbsp;&nbsp;&nbsp;Routing_RouteExists
<LI><a href="#[211]">&gt;&gt;</a>&nbsp;&nbsp;&nbsp;Routing_NotifyRouteError
<LI><a href="#[2b7]">&gt;&gt;</a>&nbsp;&nbsp;&nbsp;Routing_GetRouteAndMediaType
<LI><a href="#[2b1]">&gt;&gt;</a>&nbsp;&nbsp;&nbsp;_ExecuteSend
<LI><a href="#[2a4]">&gt;&gt;</a>&nbsp;&nbsp;&nbsp;_ExecuteSendNextFragment
<LI><a href="#[2a3]">&gt;&gt;</a>&nbsp;&nbsp;&nbsp;_DataSendCallbackHelper
</UL>
<BR>[Address Reference Count : 1]<UL><LI> adpcommon.o(.text)
</UL>
<P><STRONG><a name="[2bf]"></a>_UDP_ComputeChk</STRONG> (Thumb, 204 bytes, Stack size 28 bytes, protorfc6282.o(.text))
<BR><BR>[Stack]<UL><LI>Max Depth = 28<LI>Call Chain = _UDP_ComputeChk
</UL>
<BR>[Called By]<UL><LI><a href="#[2c0]">&gt;&gt;</a>&nbsp;&nbsp;&nbsp;_Decompress_NextHeaders
<LI><a href="#[2bd]">&gt;&gt;</a>&nbsp;&nbsp;&nbsp;IPv6_RepairHeader
</UL>

<P><STRONG><a name="[2c0]"></a>_Decompress_NextHeaders</STRONG> (Thumb, 716 bytes, Stack size 56 bytes, protorfc6282.o(.text))
<BR><BR>[Stack]<UL><LI>Max Depth = 84 + In Cycle
<LI>Call Chain = _Decompress_NextHeaders &rArr;  _Decompress_NextHeaders (Cycle)
</UL>
<BR>[Calls]<UL><LI><a href="#[1bf]">&gt;&gt;</a>&nbsp;&nbsp;&nbsp;Byte_MakeWord
<LI><a href="#[2c0]">&gt;&gt;</a>&nbsp;&nbsp;&nbsp;_Decompress_NextHeaders
<LI><a href="#[2bf]">&gt;&gt;</a>&nbsp;&nbsp;&nbsp;_UDP_ComputeChk
<LI><a href="#[153]">&gt;&gt;</a>&nbsp;&nbsp;&nbsp;__aeabi_memclr
<LI><a href="#[152]">&gt;&gt;</a>&nbsp;&nbsp;&nbsp;__aeabi_memmove
</UL>
<BR>[Called By]<UL><LI><a href="#[2c0]">&gt;&gt;</a>&nbsp;&nbsp;&nbsp;_Decompress_NextHeaders
<LI><a href="#[207]">&gt;&gt;</a>&nbsp;&nbsp;&nbsp;IPv6_DecompressHeader
</UL>

<P><STRONG><a name="[2c1]"></a>_Decompress_Address_Stateful</STRONG> (Thumb, 238 bytes, Stack size 40 bytes, protorfc6282.o(.text))
<BR><BR>[Stack]<UL><LI>Max Depth = 40<LI>Call Chain = _Decompress_Address_Stateful
</UL>
<BR>[Calls]<UL><LI><a href="#[198]">&gt;&gt;</a>&nbsp;&nbsp;&nbsp;Byte_LoByte
<LI><a href="#[197]">&gt;&gt;</a>&nbsp;&nbsp;&nbsp;Byte_HiByte
<LI><a href="#[14e]">&gt;&gt;</a>&nbsp;&nbsp;&nbsp;__aeabi_memcpy
</UL>
<BR>[Called By]<UL><LI><a href="#[207]">&gt;&gt;</a>&nbsp;&nbsp;&nbsp;IPv6_DecompressHeader
</UL>

<P><STRONG><a name="[2c2]"></a>_Decompress_Address_Stateless</STRONG> (Thumb, 190 bytes, Stack size 16 bytes, protorfc6282.o(.text))
<BR><BR>[Stack]<UL><LI>Max Depth = 16<LI>Call Chain = _Decompress_Address_Stateless
</UL>
<BR>[Calls]<UL><LI><a href="#[198]">&gt;&gt;</a>&nbsp;&nbsp;&nbsp;Byte_LoByte
<LI><a href="#[197]">&gt;&gt;</a>&nbsp;&nbsp;&nbsp;Byte_HiByte
</UL>
<BR>[Called By]<UL><LI><a href="#[207]">&gt;&gt;</a>&nbsp;&nbsp;&nbsp;IPv6_DecompressHeader
</UL>

<P><STRONG><a name="[2c3]"></a>_Compress_IPv6Extension</STRONG> (Thumb, 304 bytes, Stack size 32 bytes, protorfc6282.o(.text))
<BR><BR>[Stack]<UL><LI>Max Depth = 32<LI>Call Chain = _Compress_IPv6Extension
</UL>
<BR>[Calls]<UL><LI><a href="#[152]">&gt;&gt;</a>&nbsp;&nbsp;&nbsp;__aeabi_memmove
</UL>
<BR>[Called By]<UL><LI><a href="#[2b2]">&gt;&gt;</a>&nbsp;&nbsp;&nbsp;IPv6_CompressHeader
</UL>

<P><STRONG><a name="[2c4]"></a>_Compress_Address</STRONG> (Thumb, 570 bytes, Stack size 96 bytes, protorfc6282.o(.text))
<BR><BR>[Stack]<UL><LI>Max Depth = 104<LI>Call Chain = _Compress_Address &rArr; Timer_IsPast
</UL>
<BR>[Calls]<UL><LI><a href="#[192]">&gt;&gt;</a>&nbsp;&nbsp;&nbsp;Timer_IsPast
<LI><a href="#[198]">&gt;&gt;</a>&nbsp;&nbsp;&nbsp;Byte_LoByte
<LI><a href="#[197]">&gt;&gt;</a>&nbsp;&nbsp;&nbsp;Byte_HiByte
<LI><a href="#[14e]">&gt;&gt;</a>&nbsp;&nbsp;&nbsp;__aeabi_memcpy
<LI><a href="#[173]">&gt;&gt;</a>&nbsp;&nbsp;&nbsp;memcmp
</UL>
<BR>[Called By]<UL><LI><a href="#[2b2]">&gt;&gt;</a>&nbsp;&nbsp;&nbsp;IPv6_CompressHeader
</UL>

<P><STRONG><a name="[552]"></a>_dadd1</STRONG> (Thumb, 0 bytes, Stack size unknown bytes, daddsub_clz.o(x$fpl$dadd), UNUSED)
<BR><BR>[Called By]<UL><LI><a href="#[553]">&gt;&gt;</a>&nbsp;&nbsp;&nbsp;_dsub
<LI><a href="#[551]">&gt;&gt;</a>&nbsp;&nbsp;&nbsp;_drsb
</UL>

<P><STRONG><a name="[546]"></a>_dsub1</STRONG> (Thumb, 0 bytes, Stack size unknown bytes, daddsub_clz.o(x$fpl$dsub), UNUSED)
<BR><BR>[Called By]<UL><LI><a href="#[551]">&gt;&gt;</a>&nbsp;&nbsp;&nbsp;_drsb
<LI><a href="#[545]">&gt;&gt;</a>&nbsp;&nbsp;&nbsp;_dadd
</UL>

<P><STRONG><a name="[75]"></a>_printf_input_char</STRONG> (Thumb, 10 bytes, Stack size 0 bytes, _printf_char_common.o(.text))
<BR>[Address Reference Count : 1]<UL><LI> _printf_char_common.o(.text)
</UL>
<P><STRONG><a name="[2ed]"></a>_fp_digits</STRONG> (Thumb, 432 bytes, Stack size 96 bytes, _printf_fp_dec.o(.text))
<BR><BR>[Stack]<UL><LI>Max Depth = 220<LI>Call Chain = _fp_digits &rArr; _btod_etento &rArr; _btod_emul &rArr; _e2e
</UL>
<BR>[Calls]<UL><LI><a href="#[2f1]">&gt;&gt;</a>&nbsp;&nbsp;&nbsp;_btod_emul
<LI><a href="#[2f0]">&gt;&gt;</a>&nbsp;&nbsp;&nbsp;_btod_ediv
<LI><a href="#[2ef]">&gt;&gt;</a>&nbsp;&nbsp;&nbsp;_btod_d2e
<LI><a href="#[2ee]">&gt;&gt;</a>&nbsp;&nbsp;&nbsp;_btod_etento
<LI><a href="#[2eb]">&gt;&gt;</a>&nbsp;&nbsp;&nbsp;_ll_udiv10
</UL>
<BR>[Called By]<UL><LI><a href="#[2f2]">&gt;&gt;</a>&nbsp;&nbsp;&nbsp;_printf_fp_dec_real
</UL>
<P>
<H3>
Undefined Global Symbols
</H3><HR></body></html>
