<html>
<body>
<pre>
<h1>µVision Build Log</h1>
<h2>Tool Versions:</h2>
IDE-Version: µVision V5.34.0.0
Copyright (C) 2021 ARM Ltd and ARM Germany GmbH. All rights reserved.
License Information: Ljubodrag Jevtiæ IskraEmeco Flex license: MDK Essential 5.34 (Flex): 9 user(s) (mdk_essential) Support: Jul 2023
 
Tool Versions:
Toolchain:       MDK Essential 5.34 (Flex): 9 user(s)  Version: 5.34.0.0
Toolchain Path:  C:\Keil_Repo\ARM\ARMCC\Bin
C Compiler:      Armcc.exe V5.06 update 7 (build 960)
Assembler:       Armasm.exe V5.06 update 7 (build 960)
Linker/Locator:  ArmLink.exe V5.06 update 7 (build 960)
Library Manager: ArmAr.exe V5.06 update 7 (build 960)
Hex Converter:   FromElf.exe V5.06 update 7 (build 960)
CPU DLL:         SARMCM3.DLL V5.34.0.0
Dialog DLL:      DCM.DLL V1.17.3.0
Target DLL:      Segger\JL2CM3.dll V2.99.38.0
Dialog DLL:      TCM.DLL V1.48.0.0
 
<h2>Project:</h2>
C:\G3_v2.0.0_git\Microchip_board\thirdparty\g3\apps\dlms_app_dev\samg55j19_pl360g55cf_ek_hybrid\keil\apps_dlms_app_dev_flash.uvprojx
Project File Date:  05/05/2023

<h2>Output:</h2>
*** Using Compiler 'V5.06 update 7 (build 960)', folder: 'C:\Keil_Repo\ARM\ARMCC\Bin'
Rebuild target 'Target 1'
assembling startup_SAMG55.s...
compiling system_samg55.c...
assembling atpl_bin_multi.S...
compiling retarget.c...
compiling eax.c...
..\..\..\..\crypto\eax.c(359): warning:  #1293-D: assignment in condition
          if ((i = ctx->hdr_cnt &  BLK_ADR_MASK))
..\..\..\..\crypto\eax.c(370): warning:  #1293-D: assignment in condition
          if ((i = ctx->txt_acnt & BLK_ADR_MASK))
..\..\..\..\crypto\eax.c: 2 warnings, 0 errors
compiling aes_wrapper.c...
compiling cipher_wrapper.c...
compiling pal_rf.c...
compiling dlms_dev.c...
compiling app_dispatcher.c...
compiling app_udp_responder.c...
compiling main.c...
..\..\..\..\..\freertos\freertos-7.3.0\source\portable\iar\sam_cm4f\portmacro.h(212): warning:  #1368-D: invalid error tag
  #pragma diag_suppress=Pe191
..\..\..\..\..\freertos\freertos-7.3.0\source\portable\iar\sam_cm4f\portmacro.h(213): warning:  #1368-D: invalid error tag
  #pragma diag_suppress=Pa082
..\..\main.c: 2 warnings, 0 errors
compiling ipv6_mng.c...
compiling dlms_srv_data.c...
compiling app_ping_dev.c...
compiling Byte.c...
compiling Logger.c...
compiling Timer.c...
compiling Random.c...
compiling app_adp_mng.c...
compiling QueueMng.c...
compiling ProtoLbp.c...
compiling ProtoEapPsk.c...
compiling ProcessLbp.c...
compiling coup_tx_config.c...
compiling oss_if.c...
..\..\..\..\..\freertos\freertos-7.3.0\source\portable\iar\sam_cm4f\portmacro.h(212): warning:  #1368-D: invalid error tag
  #pragma diag_suppress=Pe191
..\..\..\..\..\freertos\freertos-7.3.0\source\portable\iar\sam_cm4f\portmacro.h(213): warning:  #1368-D: invalid error tag
  #pragma diag_suppress=Pa082
..\..\..\..\oss\oss_if.c: 2 warnings, 0 errors
compiling AdpConf.c...
compiling RoutingWrapper.c...
compiling pal.c...
compiling hal.c...
..\..\..\..\..\freertos\freertos-7.3.0\source\portable\iar\sam_cm4f\portmacro.h(212): warning:  #1368-D: invalid error tag
  #pragma diag_suppress=Pe191
..\..\..\..\..\freertos\freertos-7.3.0\source\portable\iar\sam_cm4f\portmacro.h(213): warning:  #1368-D: invalid error tag
  #pragma diag_suppress=Pa082
..\..\..\..\hal\SAM_atpl360\hal.c: 2 warnings, 0 errors
compiling BootstrapWrapper.c...
compiling hyal.c...
compiling storage.c...
compiling mac_wrapper.c...
compiling oid.c...
compiling dlms_srv_data_example.c...
compiling asn1.c...
compiling tcp.c...
compiling tcp_timer.c...
compiling ethernet_misc.c...
compiling net_mem.c...
compiling ip.c...
compiling tcp_misc.c...
compiling nic.c...
compiling ethernet.c...
compiling raw_socket.c...
compiling net.c...
compiling ping.c...
compiling socket.c...
compiling tcp_fsm.c...
compiling mib2_module.c...
compiling udp.c...
compiling udp_mib_module.c...
compiling udp_mib_impl.c...
compiling tcp_mib_impl.c...
compiling tcp_mib_module.c...
compiling mib2_impl.c...
compiling ip_mib_impl.c...
compiling mib_common.c...
compiling ip_mib_module.c...
compiling dns_cache.c...
compiling dns_common.c...
compiling dns_debug.c...
compiling dns_client.c...
compiling mdns_common.c...
compiling mdns_responder.c...
compiling mdns_client.c...
compiling ndp.c...
compiling mld.c...
compiling ipv6_frag.c...
compiling ipv6_routing.c...
compiling ipv6_misc.c...
compiling ndp_misc.c...
compiling ipv6.c...
compiling ipv6_pmtu.c...
compiling icmpv6.c...
compiling ndp_router_adv.c...
compiling slaac.c...
compiling dns_sd.c...
compiling ndp_cache.c...
compiling pap.c...
compiling ppp_fsm.c...
compiling lcp.c...
compiling chap.c...
compiling ipv6cp.c...
compiling ppp_debug.c...
compiling ppp_hdlc.c...
compiling ppp_misc.c...
compiling ppp.c...
compiling date_time.c...
compiling debug.c...
compiling str.c...
compiling plc_buart.c...
compiling cpu_endian.c...
compiling network_adapter_g3.c...
compiling os_port_none.c...
compiling path.c...
compiling cipher.c...
compiling aesni.c...
compiling async_ping.c...
compiling error.c...
compiling ccm.c...
compiling debug_tls.c...
compiling cipher_wrap.c...
compiling platform.c...
compiling version.c...
compiling memory_buffer_alloc.c...
compiling aes_tls.c...
compiling cmac.c...
compiling timing.c...
compiling oid_tls.c...
compiling version_features.c...
compiling platform_util.c...
compiling gcm.c...
compiling buart_if.c...
..\..\..\..\..\freertos\freertos-7.3.0\source\portable\iar\sam_cm4f\portmacro.h(212): warning:  #1368-D: invalid error tag
  #pragma diag_suppress=Pe191
..\..\..\..\..\freertos\freertos-7.3.0\source\portable\iar\sam_cm4f\portmacro.h(213): warning:  #1368-D: invalid error tag
  #pragma diag_suppress=Pa082
..\..\..\..\..\..\sam\services\plc\buart_if\buart_if.c: 2 warnings, 0 errors
compiling usb_wrp.c...
..\..\..\..\..\..\sam\services\plc\usb_wrp\usb_wrp.c(234): warning:  #223-D: function "portable_delay_cycles" declared implicitly
  	portable_delay_cycles(2000000);
..\..\..\..\..\..\sam\services\plc\usb_wrp\usb_wrp.c: 1 warning, 0 errors
compiling pplc_if.c...
compiling usi.c...
compiling pcrc.c...
..\..\..\..\..\freertos\freertos-7.3.0\source\portable\iar\sam_cm4f\portmacro.h(212): warning:  #1368-D: invalid error tag
  #pragma diag_suppress=Pe191
..\..\..\..\..\freertos\freertos-7.3.0\source\portable\iar\sam_cm4f\portmacro.h(213): warning:  #1368-D: invalid error tag
  #pragma diag_suppress=Pa082
..\..\..\..\..\..\sam\services\plc\pcrc\pcrc.c: 2 warnings, 0 errors
compiling timer_1us.c...
compiling timer_1us_hal.c...
compiling busart_if.c...
..\..\..\..\..\freertos\freertos-7.3.0\source\portable\iar\sam_cm4f\portmacro.h(212): warning:  #1368-D: invalid error tag
  #pragma diag_suppress=Pe191
..\..\..\..\..\freertos\freertos-7.3.0\source\portable\iar\sam_cm4f\portmacro.h(213): warning:  #1368-D: invalid error tag
  #pragma diag_suppress=Pa082
..\..\..\..\..\..\sam\services\plc\busart_if\busart_if.c(636): warning:  #111-D: statement is unreachable
  	break;
..\..\..\..\..\..\sam\services\plc\busart_if\busart_if.c(794): warning:  #111-D: statement is unreachable
  	break;
..\..\..\..\..\..\sam\services\plc\busart_if\busart_if.c: 4 warnings, 0 errors
compiling flash_efc.c...
compiling prf_if.c...
compiling matrix.c...
compiling pdc.c...
compiling tc.c...
compiling efc.c...
compiling wdt.c...
compiling flexcom.c...
compiling supc.c...
compiling spi.c...
compiling pmc.c...
compiling udp_device.c...
compiling sleep.c...
compiling pio_handler.c...
compiling usart.c...
compiling pio.c...
compiling gpbr.c...
compiling adc2.c...
compiling init.c...
..\..\..\..\..\freertos\freertos-7.3.0\source\portable\iar\sam_cm4f\portmacro.h(212): warning:  #1368-D: invalid error tag
  #pragma diag_suppress=Pe191
..\..\..\..\..\freertos\freertos-7.3.0\source\portable\iar\sam_cm4f\portmacro.h(213): warning:  #1368-D: invalid error tag
  #pragma diag_suppress=Pa082
..\..\..\..\..\..\sam\boards\pl360g55cf_ek\init.c: 2 warnings, 0 errors
compiling rf215_irq.c...
compiling rf215_spi.c...
compiling rf215_trx_ctl.c...
compiling rf215_rx.c...
compiling rf215_tx.c...
compiling rf215_bbc.c...
compiling rf215_fe.c...
compiling at86rf215.c...
compiling rf215_pll.c...
compiling rf215_sniffer_if_g3.c...
compiling rf215_sniffer_if.c...
compiling atpl360_comm.c...
compiling atpl360_boot.c...
compiling write.c...
compiling atpl360_hal_spi.c...
compiling atpl360.c...
compiling read.c...
compiling interrupt_sam_nvic.c...
compiling cycle_counter.c...
..\..\..\..\..\..\common\services\delay\sam\cycle_counter.c(63): warning:  #1267-D: Implicit physical register R0 should be defined as a variable
  		__asm volatile ("SUBS R0, R0, #1");
..\..\..\..\..\..\common\services\delay\sam\cycle_counter.c: 1 warning, 0 errors
compiling udc.c...
compiling udi_cdc.c...
compiling udi_cdc_desc.c...
compiling sleepmgr.c...
compiling sysclk.c...
compiling usart_serial.c...
compiling BasicMathFunctionsF16.c...
compiling BasicMathFunctions.c...
compiling BayesFunctions.c...
compiling BayesFunctionsF16.c...
compiling CommonTablesF16.c...
compiling ComplexMathFunctionsF16.c...
compiling ComplexMathFunctions.c...
compiling CommonTables.c...
compiling ControllerFunctions.c...
compiling DistanceFunctions.c...
compiling DistanceFunctionsF16.c...
compiling FastMathFunctionsF16.c...
compiling FastMathFunctions.c...
compiling FilteringFunctionsF16.c...
compiling InterpolationFunctions.c...
compiling InterpolationFunctionsF16.c...
compiling MatrixFunctionsF16.c...
compiling MatrixFunctions.c...
compiling QuaternionMathFunctions.c...
compiling FilteringFunctions.c...
compiling SVMFunctions.c...
compiling SVMFunctionsF16.c...
compiling StatisticsFunctionsF16.c...
compiling StatisticsFunctions.c...
compiling SupportFunctionsF16.c...
compiling SupportFunctions.c...
compiling TransformFunctionsF16.c...
compiling TransformFunctions.c...
linking...
Program Size: Code=309548 RO-data=15272 RW-data=1236 ZI-data=76732  
FromELF: creating hex file...
".\obj\apps_template_app.axf" - 0 Error(s), 20 Warning(s).

<h2>Software Packages used:</h2>

Package Vendor: ARM
                http://www.keil.com/pack/ARM.CMSIS.5.9.0.pack
                ARM.CMSIS.5.9.0
                CMSIS (Common Microcontroller Software Interface Standard)
   * Component: CORE Version: 5.6.0
   * Component: DSP Variant: Source Version: 1.10.0

Package Vendor: Microchip
                https://packs.download.microchip.com/Microchip.SAMG_DFP.3.7.83.pack
                Microchip.SAMG_DFP.3.7.83
                Microchip SAMG Series Device Support

<h2>Collection of Component include folders:</h2>
  .\RTE\_Target_1
  C:\Keil_Repo\ARM\PACK\ARM\CMSIS\5.9.0\CMSIS\Core\Include
  C:\Keil_Repo\ARM\PACK\ARM\CMSIS\5.9.0\CMSIS\DSP\Include
  C:\Keil_Repo\ARM\PACK\ARM\CMSIS\5.9.0\CMSIS\DSP\PrivateInclude
  C:\Keil_Repo\ARM\PACK\Microchip\SAMG_DFP\3.7.83\samg55\include

<h2>Collection of Component Files used:</h2>

   * Component: ARM::CMSIS:CORE:5.6.0

   * Component: ARM::CMSIS:DSP:Source:1.10.0
      Source file:   CMSIS\DSP\Source\MatrixFunctions\MatrixFunctions.c
      Source file:   CMSIS\DSP\Source\BasicMathFunctions\BasicMathFunctions.c
      Source file:   CMSIS\DSP\Source\StatisticsFunctions\StatisticsFunctions.c
      Source file:   CMSIS\DSP\Source\ComplexMathFunctions\ComplexMathFunctions.c
      Include file:  CMSIS\DSP\Include\arm_math_f16.h
      Include file:  CMSIS\DSP\Include\arm_common_tables_f16.h
      Include file:  CMSIS\DSP\Include\arm_const_structs_f16.h
      Source file:   CMSIS\DSP\Source\QuaternionMathFunctions\QuaternionMathFunctions.c
      Include file:  CMSIS\DSP\Include\arm_math.h
      Source file:   CMSIS\DSP\Source\BayesFunctions\BayesFunctions.c
      Include file:  CMSIS\DSP\Include\arm_const_structs.h
      Source file:   CMSIS\DSP\Source\CommonTables\CommonTables.c
      Source file:   CMSIS\DSP\Source\DistanceFunctions\DistanceFunctions.c
      Source file:   CMSIS\DSP\Source\FastMathFunctions\FastMathFunctions.c
      Source file:   CMSIS\DSP\Source\FilteringFunctions\FilteringFunctions.c
      Include file:  CMSIS\DSP\Include\arm_common_tables.h
      Source file:   CMSIS\DSP\Source\ControllerFunctions\ControllerFunctions.c
      Source file:   CMSIS\DSP\Source\FastMathFunctions\FastMathFunctionsF16.c
      Source file:   CMSIS\DSP\Source\CommonTables\CommonTablesF16.c
      Source file:   CMSIS\DSP\Source\BasicMathFunctions\BasicMathFunctionsF16.c
      Source file:   CMSIS\DSP\Source\StatisticsFunctions\StatisticsFunctionsF16.c
      Source file:   CMSIS\DSP\Source\DistanceFunctions\DistanceFunctionsF16.c
      Source file:   CMSIS\DSP\Source\TransformFunctions\TransformFunctions.c
      Source file:   CMSIS\DSP\Source\MatrixFunctions\MatrixFunctionsF16.c
      Source file:   CMSIS\DSP\Source\InterpolationFunctions\InterpolationFunctionsF16.c
      Source file:   CMSIS\DSP\Source\SVMFunctions\SVMFunctionsF16.c
      Source file:   CMSIS\DSP\Source\BayesFunctions\BayesFunctionsF16.c
      Source file:   CMSIS\DSP\Source\SVMFunctions\SVMFunctions.c
      Source file:   CMSIS\DSP\Source\FilteringFunctions\FilteringFunctionsF16.c
      Source file:   CMSIS\DSP\Source\ComplexMathFunctions\ComplexMathFunctionsF16.c
      Source file:   CMSIS\DSP\Source\SupportFunctions\SupportFunctionsF16.c
      Source file:   CMSIS\DSP\Source\TransformFunctions\TransformFunctionsF16.c
      Source file:   CMSIS\DSP\Source\InterpolationFunctions\InterpolationFunctions.c
      Source file:   CMSIS\DSP\Source\SupportFunctions\SupportFunctions.c
Build Time Elapsed:  00:02:24
</pre>
</body>
</html>
