<html>
<body>
<pre>
<h1>µVision Build Log</h1>
<h2>Tool Versions:</h2>
IDE-Version: µVision V5.34.0.0
Copyright (C) 2021 ARM Ltd and ARM Germany GmbH. All rights reserved.
License Information: Ljubodrag Jevtiæ IskraEmeco Flex license: MDK Essential 5.34 (Flex): 9 user(s) (mdk_essential) Support: Jul 2023
 
Tool Versions:
Toolchain:       MDK Essential 5.34 (Flex): 9 user(s)  Version: 5.34.0.0
Toolchain Path:  C:\Keil_Repo\ARM\ARMCLANG\Bin
C Compiler:      ArmClang.exe V6.16
Assembler:       Armasm.exe V6.16
Linker/Locator:  ArmLink.exe V6.16
Library Manager: ArmAr.exe V6.16
Hex Converter:   FromElf.exe V6.16
CPU DLL:         SARMCM3.DLL V5.34.0.0
Dialog DLL:      DCM.DLL V1.17.3.0
Target DLL:      Segger\JL2CM3.dll V2.99.38.0
Dialog DLL:      TCM.DLL V1.48.0.0
 
<h2>Project:</h2>
C:\G3_v2.0.0_git\Microchip_board\thirdparty\g3\apps\adp_mac_serialized_app\samg55j19_pl360g55cf_ek_hybrid\keil\apps_adp_mac_serialized_app_flash.uvprojx
Project File Date:  03/21/2023

<h2>Output:</h2>
*** Using Compiler 'V6.16', folder: 'C:\Keil_Repo\ARM\ARMCLANG\Bin'
Rebuild target 'Target 1'
assembling startup_SAMG55.s...
compiling system_samg55.c...
assembling atpl_bin_multi.S...
retarget.c(34): warning: implicit declaration of function 'usb_wrp_udc_write_buf' is invalid in C99 [-Wimplicit-function-declaration]
        while (!usb_wrp_udc_write_buf((uint8_t *)&c, 1)) {
                ^
retarget.c(45): warning: non-void function does not return a value [-Wreturn-type]
}
^
retarget.c(51): warning: implicit declaration of function 'usb_wrp_udc_read_buf' is invalid in C99 [-Wimplicit-function-declaration]
        while (!usb_wrp_udc_read_buf(&uc_c, 1)) {
                ^
3 warnings generated.
compiling retarget.c...
compiling aes_wrapper.c...
compiling eax.c...
compiling pal_rf.c...
compiling cipher_wrapper.c...
compiling ProtoLbp.c...
compiling ProtoEapPsk.c...
compiling ProcessLbp.c...
compiling serial_if_common.c...
compiling bs_main.c...
compiling bs_functions.c...
compiling serial_if_mac.c...
../../../../addons/serial_if_adp_mac/serial_if_adp.c(1260): warning: implicit conversion from enumeration type 'enum ESerialMode' to different enumeration type 'enum ESerialStatus' [-Wenum-conversion]
        status = adp_mac_serial_if_get_state();
               ~ ^~~~~~~~~~~~~~~~~~~~~~~~~~~~~
1 warning generated.
compiling serial_if_adp.c...
compiling Byte.c...
compiling serial_if_coordinator.c...
compiling Logger.c...
compiling serial_if_mib_common.c...
compiling Timer.c...
compiling Random.c...
compiling QueueMng.c...
compiling coup_tx_config.c...
../../../../oss/oss_if.c(53): warning: In file included from...
.\asf.h(82): warning: In file included from...
../../../../../freertos/freertos-7.3.0/source/include\FreeRTOS.h(91): warning: In file included from...
../../../../../freertos/freertos-7.3.0/source/include/portable.h(322): warning: In file included from...
../../../../../freertos/freertos-7.3.0/source/portable/iar/sam_cm4f\portmacro.h(212): warning: '#pragma diag_suppress' is an ARM Compiler 5 extension, and is not supported by ARM Compiler 6 [-Warmcc-pragma-diag]
#pragma diag_suppress=Pe191
        ^
../../../../../freertos/freertos-7.3.0/source/portable/iar/sam_cm4f\portmacro.h(213): warning: '#pragma diag_suppress' is an ARM Compiler 5 extension, and is not supported by ARM Compiler 6 [-Warmcc-pragma-diag]
#pragma diag_suppress=Pa082
        ^
2 warnings generated.
compiling oss_if.c...
../../../../pal/atpl360_g3macrt/source/pal.c(351): warning: incompatible integer to pointer conversion assigning to 'uint8_t *' (aka 'unsigned char *') from 'int' [-Wint-conversion]
                puc_bin_start = (int)&atpl_bin_cena_start;
                              ^ ~~~~~~~~~~~~~~~~~~~~~~~~~
../../../../pal/atpl360_g3macrt/source/pal.c(352): warning: incompatible integer to pointer conversion assigning to 'uint8_t *' (aka 'unsigned char *') from 'int' [-Wint-conversion]
                puc_bin_end = (int)&atpl_bin_cena_end;
                            ^ ~~~~~~~~~~~~~~~~~~~~~~~
2 warnings generated.
compiling pal.c...
../../../../hal/SAM_atpl360/hal.c(16): warning: In file included from...
.\asf.h(82): warning: In file included from...
../../../../../freertos/freertos-7.3.0/source/include\FreeRTOS.h(91): warning: In file included from...
../../../../../freertos/freertos-7.3.0/source/include/portable.h(322): warning: In file included from...
../../../../../freertos/freertos-7.3.0/source/portable/iar/sam_cm4f\portmacro.h(212): warning: '#pragma diag_suppress' is an ARM Compiler 5 extension, and is not supported by ARM Compiler 6 [-Warmcc-pragma-diag]
#pragma diag_suppress=Pe191
        ^
../../../../../freertos/freertos-7.3.0/source/portable/iar/sam_cm4f\portmacro.h(213): warning: '#pragma diag_suppress' is an ARM Compiler 5 extension, and is not supported by ARM Compiler 6 [-Warmcc-pragma-diag]
#pragma diag_suppress=Pa082
        ^
../../../../hal/SAM_atpl360/hal.c(676): warning: implicit declaration of function 'rstc_get_status' is invalid in C99 [-Wimplicit-function-declaration]
        ul_status = rstc_get_status(RSTC);
                    ^
../../../../hal/SAM_atpl360/hal.c(1071): warning: implicit declaration of function 'rstc_disable_user_reset' is invalid in C99 [-Wimplicit-function-declaration]
        rstc_disable_user_reset(RSTC);
        ^
../../../../hal/SAM_atpl360/hal.c(1072): warning: implicit declaration of function 'rstc_enable_user_reset_interrupt' is invalid in C99 [-Wimplicit-function-declaration]
        rstc_enable_user_reset_interrupt(RSTC);
        ^
5 warnings generated.
compiling hal.c...
compiling BootstrapWrapper.c...
compiling AdpConf.c...
compiling RoutingWrapper.c...
compiling storage.c...
../../main.c(68): warning: In file included from...
.\asf.h(82): warning: In file included from...
../../../../../freertos/freertos-7.3.0/source/include\FreeRTOS.h(91): warning: In file included from...
../../../../../freertos/freertos-7.3.0/source/include/portable.h(322): warning: In file included from...
../../../../../freertos/freertos-7.3.0/source/portable/iar/sam_cm4f\portmacro.h(212): warning: '#pragma diag_suppress' is an ARM Compiler 5 extension, and is not supported by ARM Compiler 6 [-Warmcc-pragma-diag]
#pragma diag_suppress=Pe191
        ^
../../../../../freertos/freertos-7.3.0/source/portable/iar/sam_cm4f\portmacro.h(213): warning: '#pragma diag_suppress' is an ARM Compiler 5 extension, and is not supported by ARM Compiler 6 [-Warmcc-pragma-diag]
#pragma diag_suppress=Pa082
        ^
2 warnings generated.
compiling main.c...
../../../../hyal/source/hyal.c(87): warning: braces around scalar initializer [-Wbraced-scalar-init]
  {{{{MAC_WRP_ADDRESS_MODE_NO_ADDRESS}}}}, // m_DataReqQueue
     ^~~~~~~~~~~~~~~~~~~~~~~~~~~~~~~~~
1 warning generated.
compiling hyal.c...
compiling mac_wrapper.c...
compiling cipher.c...
compiling aesni.c...
compiling error.c...
compiling memory_buffer_alloc.c...
compiling cipher_wrap.c...
compiling ccm.c...
compiling debug_tls.c...
compiling version.c...
compiling platform.c...
compiling timing.c...
compiling cmac.c...
compiling aes_tls.c...
compiling oid_tls.c...
compiling version_features.c...
compiling gcm.c...
compiling platform_util.c...
../../../../../../sam/services/plc/usb_wrp/usb_wrp.c(234): warning: implicit declaration of function 'portable_delay_cycles' is invalid in C99 [-Wimplicit-function-declaration]
        portable_delay_cycles(2000000);
        ^
1 warning generated.
compiling usb_wrp.c...
../../../../../../sam/services/plc/buart_if/buart_if.c(42): warning: In file included from...
.\asf.h(82): warning: In file included from...
../../../../../freertos/freertos-7.3.0/source/include\FreeRTOS.h(91): warning: In file included from...
../../../../../freertos/freertos-7.3.0/source/include/portable.h(322): warning: In file included from...
../../../../../freertos/freertos-7.3.0/source/portable/iar/sam_cm4f\portmacro.h(212): warning: '#pragma diag_suppress' is an ARM Compiler 5 extension, and is not supported by ARM Compiler 6 [-Warmcc-pragma-diag]
#pragma diag_suppress=Pe191
        ^
../../../../../freertos/freertos-7.3.0/source/portable/iar/sam_cm4f\portmacro.h(213): warning: '#pragma diag_suppress' is an ARM Compiler 5 extension, and is not supported by ARM Compiler 6 [-Warmcc-pragma-diag]
#pragma diag_suppress=Pa082
        ^
2 warnings generated.
compiling buart_if.c...
../../../../../../sam/services/plc/pcrc/pcrc.c(44): warning: In file included from...
.\asf.h(82): warning: In file included from...
../../../../../freertos/freertos-7.3.0/source/include\FreeRTOS.h(91): warning: In file included from...
../../../../../freertos/freertos-7.3.0/source/include/portable.h(322): warning: In file included from...
../../../../../freertos/freertos-7.3.0/source/portable/iar/sam_cm4f\portmacro.h(212): warning: '#pragma diag_suppress' is an ARM Compiler 5 extension, and is not supported by ARM Compiler 6 [-Warmcc-pragma-diag]
#pragma diag_suppress=Pe191
        ^
../../../../../freertos/freertos-7.3.0/source/portable/iar/sam_cm4f\portmacro.h(213): warning: '#pragma diag_suppress' is an ARM Compiler 5 extension, and is not supported by ARM Compiler 6 [-Warmcc-pragma-diag]
#pragma diag_suppress=Pa082
        ^
2 warnings generated.
compiling pcrc.c...
compiling pplc_if.c...
compiling usi.c...
../../../../../../sam/services/plc/busart_if/busart_if.c(42): warning: In file included from...
.\asf.h(82): warning: In file included from...
../../../../../freertos/freertos-7.3.0/source/include\FreeRTOS.h(91): warning: In file included from...
../../../../../freertos/freertos-7.3.0/source/include/portable.h(322): warning: In file included from...
../../../../../freertos/freertos-7.3.0/source/portable/iar/sam_cm4f\portmacro.h(212): warning: '#pragma diag_suppress' is an ARM Compiler 5 extension, and is not supported by ARM Compiler 6 [-Warmcc-pragma-diag]
#pragma diag_suppress=Pe191
        ^
../../../../../freertos/freertos-7.3.0/source/portable/iar/sam_cm4f\portmacro.h(213): warning: '#pragma diag_suppress' is an ARM Compiler 5 extension, and is not supported by ARM Compiler 6 [-Warmcc-pragma-diag]
#pragma diag_suppress=Pa082
        ^
2 warnings generated.
compiling busart_if.c...
compiling timer_1us.c...
compiling timer_1us_hal.c...
compiling prf_if.c...
compiling flash_efc.c...
compiling matrix.c...
compiling pdc.c...
compiling tc.c...
compiling flexcom.c...
compiling wdt.c...
compiling efc.c...
compiling supc.c...
../../../../../../sam/drivers/udp/udp_device.c(183): warning: macro expansion producing 'defined' has undefined behavior [-Wexpansion-to-defined]
#if UDD_VBUS_IO
    ^
../../../../../../sam/drivers/udp/udp_device.h(107): note: expanded from macro 'UDD_VBUS_IO'
#define UDD_VBUS_IO     (defined(USB_VBUS_PIN) && UDD_VBUS_DETECT)
                         ^
../../../../../../sam/drivers/udp/udp_device.c(183): warning: macro expansion producing 'defined' has undefined behavior [-Wexpansion-to-defined]
../../../../../../sam/drivers/udp/udp_device.h(107): note: expanded from macro 'UDD_VBUS_IO'
#define UDD_VBUS_IO     (defined(USB_VBUS_PIN) && UDD_VBUS_DETECT)
                                                  ^
../../../../../../sam/drivers/udp/udp_device.h(105): note: expanded from macro 'UDD_VBUS_DETECT'
#define UDD_VBUS_DETECT (defined(CONF_BOARD_USB_PORT) && \
                         ^
../../../../../../sam/drivers/udp/udp_device.c(183): warning: macro expansion producing 'defined' has undefined behavior [-Wexpansion-to-defined]
../../../../../../sam/drivers/udp/udp_device.h(107): note: expanded from macro 'UDD_VBUS_IO'
#define UDD_VBUS_IO     (defined(USB_VBUS_PIN) && UDD_VBUS_DETECT)
                                                  ^
../../../../../../sam/drivers/udp/udp_device.h(106): note: expanded from macro 'UDD_VBUS_DETECT'
                defined(CONF_BOARD_USB_VBUS_DETECT))
                ^
../../../../../../sam/drivers/udp/udp_device.c(543): warning: macro expansion producing 'defined' has undefined behavior [-Wexpansion-to-defined]
#if UDD_VBUS_IO
    ^
../../../../../../sam/drivers/udp/udp_device.h(107): note: expanded from macro 'UDD_VBUS_IO'
#define UDD_VBUS_IO     (defined(USB_VBUS_PIN) && UDD_VBUS_DETECT)
                         ^
../../../../../../sam/drivers/udp/udp_device.c(543): warning: macro expansion producing 'defined' has undefined behavior [-Wexpansion-to-defined]
../../../../../../sam/drivers/udp/udp_device.h(107): note: expanded from macro 'UDD_VBUS_IO'
#define UDD_VBUS_IO     (defined(USB_VBUS_PIN) && UDD_VBUS_DETECT)
                                                  ^
../../../../../../sam/drivers/udp/udp_device.h(105): note: expanded from macro 'UDD_VBUS_DETECT'
#define UDD_VBUS_DETECT (defined(CONF_BOARD_USB_PORT) && \
                         ^
../../../../../../sam/drivers/udp/udp_device.c(543): warning: macro expansion producing 'defined' has undefined behavior [-Wexpansion-to-defined]
../../../../../../sam/drivers/udp/udp_device.h(107): note: expanded from macro 'UDD_VBUS_IO'
#define UDD_VBUS_IO     (defined(USB_VBUS_PIN) && UDD_VBUS_DETECT)
                                                  ^
../../../../../../sam/drivers/udp/udp_device.h(106): note: expanded from macro 'UDD_VBUS_DETECT'
                defined(CONF_BOARD_USB_VBUS_DETECT))
                ^
../../../../../../sam/drivers/udp/udp_device.c(582): warning: macro expansion producing 'defined' has undefined behavior [-Wexpansion-to-defined]
#if UDD_VBUS_IO
    ^
../../../../../../sam/drivers/udp/udp_device.h(107): note: expanded from macro 'UDD_VBUS_IO'
#define UDD_VBUS_IO     (defined(USB_VBUS_PIN) && UDD_VBUS_DETECT)
                         ^
../../../../../../sam/drivers/udp/udp_device.c(582): warning: macro expansion producing 'defined' has undefined behavior [-Wexpansion-to-defined]
../../../../../../sam/drivers/udp/udp_device.h(107): note: expanded from macro 'UDD_VBUS_IO'
#define UDD_VBUS_IO     (defined(USB_VBUS_PIN) && UDD_VBUS_DETECT)
                                                  ^
../../../../../../sam/drivers/udp/udp_device.h(105): note: expanded from macro 'UDD_VBUS_DETECT'
#define UDD_VBUS_DETECT (defined(CONF_BOARD_USB_PORT) && \
                         ^
../../../../../../sam/drivers/udp/udp_device.c(582): warning: macro expansion producing 'defined' has undefined behavior [-Wexpansion-to-defined]
../../../../../../sam/drivers/udp/udp_device.h(107): note: expanded from macro 'UDD_VBUS_IO'
#define UDD_VBUS_IO     (defined(USB_VBUS_PIN) && UDD_VBUS_DETECT)
                                                  ^
../../../../../../sam/drivers/udp/udp_device.h(106): note: expanded from macro 'UDD_VBUS_DETECT'
                defined(CONF_BOARD_USB_VBUS_DETECT))
                ^
../../../../../../sam/drivers/udp/udp_device.c(614): warning: macro expansion producing 'defined' has undefined behavior [-Wexpansion-to-defined]
# if UDD_VBUS_IO
     ^
../../../../../../sam/drivers/udp/udp_device.h(107): note: expanded from macro 'UDD_VBUS_IO'
#define UDD_VBUS_IO     (defined(USB_VBUS_PIN) && UDD_VBUS_DETECT)
                         ^
../../../../../../sam/drivers/udp/udp_device.c(614): warning: macro expansion producing 'defined' has undefined behavior [-Wexpansion-to-defined]
../../../../../../sam/drivers/udp/udp_device.h(107): note: expanded from macro 'UDD_VBUS_IO'
#define UDD_VBUS_IO     (defined(USB_VBUS_PIN) && UDD_VBUS_DETECT)
                                                  ^
../../../../../../sam/drivers/udp/udp_device.h(105): note: expanded from macro 'UDD_VBUS_DETECT'
#define UDD_VBUS_DETECT (defined(CONF_BOARD_USB_PORT) && \
                         ^
../../../../../../sam/drivers/udp/udp_device.c(614): warning: macro expansion producing 'defined' has undefined behavior [-Wexpansion-to-defined]
../../../../../../sam/drivers/udp/udp_device.h(107): note: expanded from macro 'UDD_VBUS_IO'
#define UDD_VBUS_IO     (defined(USB_VBUS_PIN) && UDD_VBUS_DETECT)
                                                  ^
../../../../../../sam/drivers/udp/udp_device.h(106): note: expanded from macro 'UDD_VBUS_DETECT'
                defined(CONF_BOARD_USB_VBUS_DETECT))
                ^
../../../../../../sam/drivers/udp/udp_device.c(670): warning: converting the result of '<<' to a boolean always evaluates to true [-Wtautological-constant-compare]
                udd_configure_address(address);
                ^
../../../../../../sam/drivers/udp/udp_device.h(248): note: expanded from macro 'udd_configure_address'
#define  udd_configure_address(addr)               (Wr_bitfield(UDP->UDP_FADDR, UDP_FADDR_FADD_Msk, addr))
                                                                                ^
../../../../../../sam/utils/cmsis/samg/samg55/include/component/udp.h(79): note: expanded from macro 'UDP_FADDR_FADD_Msk'
#define UDP_FADDR_FADD_Msk (0x7fu << UDP_FADDR_FADD_Pos) /**< \brief (UDP_FADDR) Function Address Value */
                                  ^
../../../../../../sam/drivers/udp/udp_device.c(680): warning: converting the result of '<<' to a boolean always evaluates to true [-Wtautological-constant-compare]
                return udd_get_configured_address();
                       ^
../../../../../../sam/drivers/udp/udp_device.h(250): note: expanded from macro 'udd_get_configured_address'
#define  udd_get_configured_address()              (Rd_bitfield(UDP->UDP_FADDR, UDP_FADDR_FADD_Msk))
                                                                                ^
../../../../../../sam/utils/cmsis/samg/samg55/include/component/udp.h(79): note: expanded from macro 'UDP_FADDR_FADD_Msk'
#define UDP_FADDR_FADD_Msk (0x7fu << UDP_FADDR_FADD_Pos) /**< \brief (UDP_FADDR) Function Address Value */
                                  ^
../../../../../../sam/drivers/udp/udp_device.c(687): warning: converting the result of '<<' to a boolean always evaluates to true [-Wtautological-constant-compare]
        return udd_frame_number();
               ^
../../../../../../sam/drivers/udp/udp_device.h(223): note: expanded from macro 'udd_frame_number'
#define  udd_frame_number()                        (Rd_bitfield(UDP->UDP_FRM_NUM, UDP_FRM_NUM_FRM_NUM_Msk))
                                                                                  ^
../../../../../../sam/utils/cmsis/samg/samg55/include/component/udp.h(68): note: expanded from macro 'UDP_FRM_NUM_FRM_NUM_Msk'
#define UDP_FRM_NUM_FRM_NUM_Msk (0x7ffu << UDP_FRM_NUM_FRM_NUM_Pos) /**< \brief (UDP_FRM_NUM) Frame Number as Defined in the Packet Field Formats */
                                        ^
../../../../../../sam/drivers/udp/udp_device.c(982): warning: converting the result of '<<' to a boolean always evaluates to true [-Wtautological-constant-compare]
        udd_configure_address(0);
        ^
../../../../../../sam/drivers/udp/udp_device.h(248): note: expanded from macro 'udd_configure_address'
#define  udd_configure_address(addr)               (Wr_bitfield(UDP->UDP_FADDR, UDP_FADDR_FADD_Msk, addr))
                                                                                ^
../../../../../../sam/utils/cmsis/samg/samg55/include/component/udp.h(79): note: expanded from macro 'UDP_FADDR_FADD_Msk'
#define UDP_FADDR_FADD_Msk (0x7fu << UDP_FADDR_FADD_Pos) /**< \brief (UDP_FADDR) Function Address Value */
                                  ^
../../../../../../sam/drivers/udp/udp_device.c(1014): warning: converting the result of '<<' to a boolean always evaluates to true [-Wtautological-constant-compare]
        if (8 != udd_byte_count(0)) {
                 ^
../../../../../../sam/drivers/udp/udp_device.h(448): note: expanded from macro 'udd_byte_count'
#define  udd_byte_count(ep)                        (Rd_bitfield(UDP->UDP_CSR[ep], UDP_CSR_RXBYTECNT_Msk))
                                                                                  ^
../../../../../../sam/utils/cmsis/samg/samg55/include/component/udp.h(167): note: expanded from macro 'UDP_CSR_RXBYTECNT_Msk'
#define UDP_CSR_RXBYTECNT_Msk (0x7ffu << UDP_CSR_RXBYTECNT_Pos) /**< \brief (UDP_CSR[6]) Number of Bytes Available in the FIFO */
                                      ^
../../../../../../sam/drivers/udp/udp_device.c(1168): warning: converting the result of '<<' to a boolean always evaluates to true [-Wtautological-constant-compare]
        nb_data = udd_byte_count(0);
                  ^
../../../../../../sam/drivers/udp/udp_device.h(448): note: expanded from macro 'udd_byte_count'
#define  udd_byte_count(ep)                        (Rd_bitfield(UDP->UDP_CSR[ep], UDP_CSR_RXBYTECNT_Msk))
                                                                                  ^
../../../../../../sam/utils/cmsis/samg/samg55/include/component/udp.h(167): note: expanded from macro 'UDP_CSR_RXBYTECNT_Msk'
#define UDP_CSR_RXBYTECNT_Msk (0x7ffu << UDP_CSR_RXBYTECNT_Pos) /**< \brief (UDP_CSR[6]) Number of Bytes Available in the FIFO */
                                      ^
../../../../../../sam/drivers/udp/udp_device.c(1464): warning: converting the result of '<<' to a boolean always evaluates to true [-Wtautological-constant-compare]
        nb_data = udd_byte_count(ep);
                  ^
../../../../../../sam/drivers/udp/udp_device.h(448): note: expanded from macro 'udd_byte_count'
#define  udd_byte_count(ep)                        (Rd_bitfield(UDP->UDP_CSR[ep], UDP_CSR_RXBYTECNT_Msk))
                                                                                  ^
../../../../../../sam/utils/cmsis/samg/samg55/include/component/udp.h(167): note: expanded from macro 'UDP_CSR_RXBYTECNT_Msk'
#define UDP_CSR_RXBYTECNT_Msk (0x7ffu << UDP_CSR_RXBYTECNT_Pos) /**< \brief (UDP_CSR[6]) Number of Bytes Available in the FIFO */
                                      ^
19 warnings generated.
compiling udp_device.c...
compiling pmc.c...
compiling sleep.c...
compiling pio.c...
compiling pio_handler.c...
compiling usart.c...
compiling gpbr.c...
compiling spi.c...
compiling adc2.c...
compiling rf215_spi.c...
compiling rf215_irq.c...
compiling rf215_trx_ctl.c...
../../../../../../sam/boards/pl360g55cf_ek/init.c(48): warning: In file included from...
.\asf.h(82): warning: In file included from...
../../../../../freertos/freertos-7.3.0/source/include\FreeRTOS.h(91): warning: In file included from...
../../../../../freertos/freertos-7.3.0/source/include/portable.h(322): warning: In file included from...
../../../../../freertos/freertos-7.3.0/source/portable/iar/sam_cm4f\portmacro.h(212): warning: '#pragma diag_suppress' is an ARM Compiler 5 extension, and is not supported by ARM Compiler 6 [-Warmcc-pragma-diag]
#pragma diag_suppress=Pe191
        ^
../../../../../freertos/freertos-7.3.0/source/portable/iar/sam_cm4f\portmacro.h(213): warning: '#pragma diag_suppress' is an ARM Compiler 5 extension, and is not supported by ARM Compiler 6 [-Warmcc-pragma-diag]
#pragma diag_suppress=Pa082
        ^
2 warnings generated.
compiling init.c...
compiling rf215_rx.c...
compiling rf215_fe.c...
compiling rf215_tx.c...
compiling rf215_bbc.c...
compiling at86rf215.c...
compiling rf215_sniffer_if_g3.c...
compiling rf215_pll.c...
compiling rf215_sniffer_if.c...
compiling atpl360_comm.c...
compiling atpl360_boot.c...
compiling atpl360_hal_spi.c...
compiling write.c...
compiling atpl360.c...
compiling read.c...
compiling interrupt_sam_nvic.c...
compiling cycle_counter.c...
compiling sysclk.c...
compiling udc.c...
compiling udi_cdc.c...
compiling udi_cdc_desc.c...
compiling sleepmgr.c...
compiling rstc.c...
compiling usart_serial.c...
compiling BasicMathFunctionsF16.c...
compiling BayesFunctions.c...
compiling BasicMathFunctions.c...
compiling BayesFunctionsF16.c...
compiling CommonTablesF16.c...
compiling ComplexMathFunctions.c...
compiling ComplexMathFunctionsF16.c...
compiling ControllerFunctions.c...
compiling CommonTables.c...
compiling DistanceFunctionsF16.c...
compiling DistanceFunctions.c...
compiling FastMathFunctionsF16.c...
compiling FastMathFunctions.c...
compiling FilteringFunctionsF16.c...
compiling InterpolationFunctions.c...
compiling InterpolationFunctionsF16.c...
compiling MatrixFunctionsF16.c...
compiling MatrixFunctions.c...
compiling QuaternionMathFunctions.c...
compiling SVMFunctions.c...
compiling FilteringFunctions.c...
compiling SVMFunctionsF16.c...
compiling StatisticsFunctionsF16.c...
compiling StatisticsFunctions.c...
compiling SupportFunctionsF16.c...
compiling SupportFunctions.c...
compiling TransformFunctionsF16.c...
compiling TransformFunctions.c...
linking...
Program Size: Code=194132 RO-data=142388 RW-data=288 ZI-data=132828  
FromELF: creating hex file...
".\obj\apps_template_app.axf" - 0 Error(s), 44 Warning(s).

<h2>Software Packages used:</h2>

Package Vendor: ARM
                http://www.keil.com/pack/ARM.CMSIS.5.9.0.pack
                ARM.CMSIS.5.9.0
                CMSIS (Common Microcontroller Software Interface Standard)
   * Component: CORE Version: 5.6.0
   * Component: DSP Variant: Source Version: 1.10.0

Package Vendor: Microchip
                https://packs.download.microchip.com/Microchip.SAMG_DFP.3.7.83.pack
                Microchip.SAMG_DFP.3.7.83
                Microchip SAMG Series Device Support

<h2>Collection of Component include folders:</h2>
  .\RTE\_Target_1
  C:\Keil_Repo\ARM\PACK\ARM\CMSIS\5.9.0\CMSIS\Core\Include
  C:\Keil_Repo\ARM\PACK\ARM\CMSIS\5.9.0\CMSIS\DSP\Include
  C:\Keil_Repo\ARM\PACK\ARM\CMSIS\5.9.0\CMSIS\DSP\PrivateInclude
  C:\Keil_Repo\ARM\PACK\Microchip\SAMG_DFP\3.7.83\samg55\include

<h2>Collection of Component Files used:</h2>

   * Component: ARM::CMSIS:CORE:5.6.0

   * Component: ARM::CMSIS:DSP:Source:1.10.0
      Include file:  CMSIS\DSP\Include\arm_const_structs_f16.h
      Include file:  CMSIS\DSP\Include\arm_math_f16.h
      Source file:   CMSIS\DSP\Source\SVMFunctions\SVMFunctions.c
      Source file:   CMSIS\DSP\Source\FilteringFunctions\FilteringFunctionsF16.c
      Source file:   CMSIS\DSP\Source\TransformFunctions\TransformFunctionsF16.c
      Source file:   CMSIS\DSP\Source\InterpolationFunctions\InterpolationFunctions.c
      Source file:   CMSIS\DSP\Source\MatrixFunctions\MatrixFunctionsF16.c
      Source file:   CMSIS\DSP\Source\InterpolationFunctions\InterpolationFunctionsF16.c
      Include file:  CMSIS\DSP\Include\arm_const_structs.h
      Source file:   CMSIS\DSP\Source\BasicMathFunctions\BasicMathFunctions.c
      Source file:   CMSIS\DSP\Source\ComplexMathFunctions\ComplexMathFunctions.c
      Source file:   CMSIS\DSP\Source\MatrixFunctions\MatrixFunctions.c
      Source file:   CMSIS\DSP\Source\StatisticsFunctions\StatisticsFunctions.c
      Include file:  CMSIS\DSP\Include\arm_common_tables.h
      Source file:   CMSIS\DSP\Source\QuaternionMathFunctions\QuaternionMathFunctions.c
      Source file:   CMSIS\DSP\Source\BayesFunctions\BayesFunctions.c
      Source file:   CMSIS\DSP\Source\CommonTables\CommonTables.c
      Source file:   CMSIS\DSP\Source\DistanceFunctions\DistanceFunctions.c
      Source file:   CMSIS\DSP\Source\FastMathFunctions\FastMathFunctions.c
      Source file:   CMSIS\DSP\Source\FilteringFunctions\FilteringFunctions.c
      Include file:  CMSIS\DSP\Include\arm_common_tables_f16.h
      Source file:   CMSIS\DSP\Source\ControllerFunctions\ControllerFunctions.c
      Source file:   CMSIS\DSP\Source\SupportFunctions\SupportFunctions.c
      Source file:   CMSIS\DSP\Source\TransformFunctions\TransformFunctions.c
      Source file:   CMSIS\DSP\Source\BasicMathFunctions\BasicMathFunctionsF16.c
      Include file:  CMSIS\DSP\Include\arm_math.h
      Source file:   CMSIS\DSP\Source\ComplexMathFunctions\ComplexMathFunctionsF16.c
      Source file:   CMSIS\DSP\Source\CommonTables\CommonTablesF16.c
      Source file:   CMSIS\DSP\Source\StatisticsFunctions\StatisticsFunctionsF16.c
      Source file:   CMSIS\DSP\Source\BayesFunctions\BayesFunctionsF16.c
      Source file:   CMSIS\DSP\Source\SVMFunctions\SVMFunctionsF16.c
      Source file:   CMSIS\DSP\Source\SupportFunctions\SupportFunctionsF16.c
      Source file:   CMSIS\DSP\Source\DistanceFunctions\DistanceFunctionsF16.c
      Source file:   CMSIS\DSP\Source\FastMathFunctions\FastMathFunctionsF16.c
Build Time Elapsed:  00:02:31
</pre>
</body>
</html>
