<html>
<body>
<pre>
<h1>µVision Build Log</h1>
<h2>Tool Versions:</h2>
IDE-Version: ÂµVision V5.38.0.0
Copyright (C) 2022 ARM Ltd and ARM Germany GmbH. All rights reserved.
License Information: Marko Stojilkovic Iskraemeco Flex license: MDK Essential 5.38 (Flex): 9 user(s) (mdk_essential) Borrow: 31 Jul 2023
 
Tool Versions:
Toolchain:       MDK Essential 5.38 (Flex): 9 user(s)  Version: 5.38.0.0
Toolchain Path:  C:\KeilRepo\ARM\ARMCLANG\Bin
C Compiler:      ArmClang.exe V6.19
Assembler:       Armasm.exe V6.19
Linker/Locator:  ArmLink.exe V6.19
Library Manager: ArmAr.exe V6.19
Hex Converter:   FromElf.exe V6.19
CPU DLL:         SARMCM3.DLL V5.38.0.0
Dialog DLL:      DCM.DLL V1.17.5.0
Target DLL:      Segger\JL2CM3.dll V2.99.42.0
Dialog DLL:      TCM.DLL V1.56.4.0
 
<h2>Project:</h2>
C:\work\PL360\Microchip_board\thirdparty\g3\apps\adp_mac_serialized_app\samg55j19_pl360g55cf_ek_hybrid\keil\apps_adp_mac_serialized_app_flash.uvprojx
Project File Date:  07/05/2023

<h2>Output:</h2>
*** Using Compiler 'V6.19', folder: 'C:\KeilRepo\ARM\ARMCLANG\Bin'
Rebuild target 'Target 1'
assembling startup_SAMG55.s...
compiling aes_wrapper.c...
assembling atpl_bin_multi.S...
compiling eax.c...
compiling cipher_wrapper.c...
compiling ProtoLbp.c...
compiling ProtoEapPsk.c...
compiling ProcessLbp.c...
compiling bs_main.c...
compiling serial_if_common.c...
compiling system_samg55.c...
compiling pal_rf.c...
compiling serial_if_mac.c...
compiling bs_functions.c...
compiling retarget.c...
compiling Byte.c...
compiling serial_if_coordinator.c...
compiling serial_if_mib_common.c...
compiling Logger.c...
compiling Random.c...
compiling Timer.c...
../../../../addons/serial_if_adp_mac/serial_if_adp.c(1292): warning: implicit conversion from enumeration type 'enum ESerialMode' to different enumeration type 'enum ESerialStatus' [-Wenum-conversion]
        status = adp_mac_serial_if_get_state();
               ~ ^~~~~~~~~~~~~~~~~~~~~~~~~~~~~
1 warning generated.
compiling serial_if_adp.c...
compiling QueueMng.c...
compiling BootstrapWrapper.c...
compiling AdpConf.c...
compiling coup_tx_config.c...
compiling pal.c...
compiling RoutingWrapper.c...
compiling cipher.c...
../../../../hyal/source/hyal.c(87): warning: braces around scalar initializer [-Wbraced-scalar-init]
  {{{{MAC_WRP_ADDRESS_MODE_NO_ADDRESS}}}}, // m_DataReqQueue
     ^~~~~~~~~~~~~~~~~~~~~~~~~~~~~~~~~
1 warning generated.
compiling hyal.c...
compiling storage.c...
compiling mac_wrapper.c...
compiling aesni.c...
compiling error.c...
../../main.c(68): warning: In file included from...
.\asf.h(82): warning: In file included from...
../../../../../freertos/freertos-7.3.0/source/include\FreeRTOS.h(91): warning: In file included from...
../../../../../freertos/freertos-7.3.0/source/include/portable.h(322): warning: In file included from...
../../../../../freertos/freertos-7.3.0/source/portable/iar/sam_cm4f\portmacro.h(212): warning: '#pragma diag_suppress' is an Arm Compiler 5 extension, and is not supported by Arm Compiler for Embedded 6 [-Warmcc-pragma-diag]
#pragma diag_suppress=Pe191
        ^
../../../../../freertos/freertos-7.3.0/source/portable/iar/sam_cm4f\portmacro.h(213): warning: '#pragma diag_suppress' is an Arm Compiler 5 extension, and is not supported by Arm Compiler for Embedded 6 [-Warmcc-pragma-diag]
#pragma diag_suppress=Pa082
        ^
2 warnings generated.
compiling main.c...
../../../../oss/oss_if.c(53): warning: In file included from...
.\asf.h(82): warning: In file included from...
../../../../../freertos/freertos-7.3.0/source/include\FreeRTOS.h(91): warning: In file included from...
../../../../../freertos/freertos-7.3.0/source/include/portable.h(322): warning: In file included from...
../../../../../freertos/freertos-7.3.0/source/portable/iar/sam_cm4f\portmacro.h(212): warning: '#pragma diag_suppress' is an Arm Compiler 5 extension, and is not supported by Arm Compiler for Embedded 6 [-Warmcc-pragma-diag]
#pragma diag_suppress=Pe191
        ^
../../../../../freertos/freertos-7.3.0/source/portable/iar/sam_cm4f\portmacro.h(213): warning: '#pragma diag_suppress' is an Arm Compiler 5 extension, and is not supported by Arm Compiler for Embedded 6 [-Warmcc-pragma-diag]
#pragma diag_suppress=Pa082
        ^
2 warnings generated.
compiling oss_if.c...
../../../../hal/SAM_atpl360/hal.c(16): warning: In file included from...
.\asf.h(82): warning: In file included from...
../../../../../freertos/freertos-7.3.0/source/include\FreeRTOS.h(91): warning: In file included from...
../../../../../freertos/freertos-7.3.0/source/include/portable.h(322): warning: In file included from...
../../../../../freertos/freertos-7.3.0/source/portable/iar/sam_cm4f\portmacro.h(212): warning: '#pragma diag_suppress' is an Arm Compiler 5 extension, and is not supported by Arm Compiler for Embedded 6 [-Warmcc-pragma-diag]
#pragma diag_suppress=Pe191
        ^
../../../../../freertos/freertos-7.3.0/source/portable/iar/sam_cm4f\portmacro.h(213): warning: '#pragma diag_suppress' is an Arm Compiler 5 extension, and is not supported by Arm Compiler for Embedded 6 [-Warmcc-pragma-diag]
#pragma diag_suppress=Pa082
        ^
2 warnings generated.
compiling hal.c...
compiling ccm.c...
compiling memory_buffer_alloc.c...
compiling debug_tls.c...
compiling cipher_wrap.c...
compiling platform.c...
compiling version.c...
compiling timing.c...
compiling oid_tls.c...
compiling version_features.c...
compiling cmac.c...
compiling platform_util.c...
compiling aes_tls.c...
compiling gcm.c...
compiling usb_wrp.c...
compiling pplc_if.c...
compiling usi.c...
../../../../../../sam/services/plc/buart_if/buart_if.c(42): warning: In file included from...
.\asf.h(82): warning: In file included from...
../../../../../freertos/freertos-7.3.0/source/include\FreeRTOS.h(91): warning: In file included from...
../../../../../freertos/freertos-7.3.0/source/include/portable.h(322): warning: In file included from...
../../../../../freertos/freertos-7.3.0/source/portable/iar/sam_cm4f\portmacro.h(212): warning: '#pragma diag_suppress' is an Arm Compiler 5 extension, and is not supported by Arm Compiler for Embedded 6 [-Warmcc-pragma-diag]
#pragma diag_suppress=Pe191
        ^
../../../../../freertos/freertos-7.3.0/source/portable/iar/sam_cm4f\portmacro.h(213): warning: '#pragma diag_suppress' is an Arm Compiler 5 extension, and is not supported by Arm Compiler for Embedded 6 [-Warmcc-pragma-diag]
#pragma diag_suppress=Pa082
        ^
2 warnings generated.
compiling buart_if.c...
compiling timer_1us.c...
../../../../../../sam/services/plc/pcrc/pcrc.c(44): warning: In file included from...
.\asf.h(82): warning: In file included from...
../../../../../freertos/freertos-7.3.0/source/include\FreeRTOS.h(91): warning: In file included from...
../../../../../freertos/freertos-7.3.0/source/include/portable.h(322): warning: In file included from...
../../../../../freertos/freertos-7.3.0/source/portable/iar/sam_cm4f\portmacro.h(212): warning: '#pragma diag_suppress' is an Arm Compiler 5 extension, and is not supported by Arm Compiler for Embedded 6 [-Warmcc-pragma-diag]
#pragma diag_suppress=Pe191
        ^
../../../../../freertos/freertos-7.3.0/source/portable/iar/sam_cm4f\portmacro.h(213): warning: '#pragma diag_suppress' is an Arm Compiler 5 extension, and is not supported by Arm Compiler for Embedded 6 [-Warmcc-pragma-diag]
#pragma diag_suppress=Pa082
        ^
2 warnings generated.
compiling pcrc.c...
compiling timer_1us_hal.c...
../../../../../../sam/services/plc/busart_if/busart_if.c(42): warning: In file included from...
.\asf.h(82): warning: In file included from...
../../../../../freertos/freertos-7.3.0/source/include\FreeRTOS.h(91): warning: In file included from...
../../../../../freertos/freertos-7.3.0/source/include/portable.h(322): warning: In file included from...
../../../../../freertos/freertos-7.3.0/source/portable/iar/sam_cm4f\portmacro.h(212): warning: '#pragma diag_suppress' is an Arm Compiler 5 extension, and is not supported by Arm Compiler for Embedded 6 [-Warmcc-pragma-diag]
#pragma diag_suppress=Pe191
        ^
../../../../../freertos/freertos-7.3.0/source/portable/iar/sam_cm4f\portmacro.h(213): warning: '#pragma diag_suppress' is an Arm Compiler 5 extension, and is not supported by Arm Compiler for Embedded 6 [-Warmcc-pragma-diag]
#pragma diag_suppress=Pa082
        ^
2 warnings generated.
compiling busart_if.c...
compiling matrix.c...
compiling prf_if.c...
compiling pdc.c...
compiling flash_efc.c...
compiling tc.c...
compiling flexcom.c...
compiling wdt.c...
compiling efc.c...
compiling pmc.c...
compiling sleep.c...
compiling supc.c...
compiling usart.c...
compiling pio_handler.c...
../../../../../../sam/drivers/udp/udp_device.c(183): warning: macro expansion producing 'defined' has undefined behavior [-Wexpansion-to-defined]
#if UDD_VBUS_IO
    ^
../../../../../../sam/drivers/udp/udp_device.h(107): note: expanded from macro 'UDD_VBUS_IO'
#define UDD_VBUS_IO     (defined(USB_VBUS_PIN) && UDD_VBUS_DETECT)
                         ^
../../../../../../sam/drivers/udp/udp_device.c(183): warning: macro expansion producing 'defined' has undefined behavior [-Wexpansion-to-defined]
../../../../../../sam/drivers/udp/udp_device.h(107): note: expanded from macro 'UDD_VBUS_IO'
#define UDD_VBUS_IO     (defined(USB_VBUS_PIN) && UDD_VBUS_DETECT)
                                                  ^
../../../../../../sam/drivers/udp/udp_device.h(105): note: expanded from macro 'UDD_VBUS_DETECT'
#define UDD_VBUS_DETECT (defined(CONF_BOARD_USB_PORT) && \
                         ^
../../../../../../sam/drivers/udp/udp_device.c(183): warning: macro expansion producing 'defined' has undefined behavior [-Wexpansion-to-defined]
../../../../../../sam/drivers/udp/udp_device.h(107): note: expanded from macro 'UDD_VBUS_IO'
#define UDD_VBUS_IO     (defined(USB_VBUS_PIN) && UDD_VBUS_DETECT)
                                                  ^
../../../../../../sam/drivers/udp/udp_device.h(106): note: expanded from macro 'UDD_VBUS_DETECT'
                defined(CONF_BOARD_USB_VBUS_DETECT))
                ^
../../../../../../sam/drivers/udp/udp_device.c(543): warning: macro expansion producing 'defined' has undefined behavior [-Wexpansion-to-defined]
#if UDD_VBUS_IO
    ^
../../../../../../sam/drivers/udp/udp_device.h(107): note: expanded from macro 'UDD_VBUS_IO'
#define UDD_VBUS_IO     (defined(USB_VBUS_PIN) && UDD_VBUS_DETECT)
                         ^
../../../../../../sam/drivers/udp/udp_device.c(543): warning: macro expansion producing 'defined' has undefined behavior [-Wexpansion-to-defined]
../../../../../../sam/drivers/udp/udp_device.h(107): note: expanded from macro 'UDD_VBUS_IO'
#define UDD_VBUS_IO     (defined(USB_VBUS_PIN) && UDD_VBUS_DETECT)
                                                  ^
../../../../../../sam/drivers/udp/udp_device.h(105): note: expanded from macro 'UDD_VBUS_DETECT'
#define UDD_VBUS_DETECT (defined(CONF_BOARD_USB_PORT) && \
                         ^
../../../../../../sam/drivers/udp/udp_device.c(543): warning: macro expansion producing 'defined' has undefined behavior [-Wexpansion-to-defined]
../../../../../../sam/drivers/udp/udp_device.h(107): note: expanded from macro 'UDD_VBUS_IO'
#define UDD_VBUS_IO     (defined(USB_VBUS_PIN) && UDD_VBUS_DETECT)
                                                  ^
../../../../../../sam/drivers/udp/udp_device.h(106): note: expanded from macro 'UDD_VBUS_DETECT'
                defined(CONF_BOARD_USB_VBUS_DETECT))
                ^
../../../../../../sam/drivers/udp/udp_device.c(582): warning: macro expansion producing 'defined' has undefined behavior [-Wexpansion-to-defined]
#if UDD_VBUS_IO
    ^
../../../../../../sam/drivers/udp/udp_device.h(107): note: expanded from macro 'UDD_VBUS_IO'
#define UDD_VBUS_IO     (defined(USB_VBUS_PIN) && UDD_VBUS_DETECT)
                         ^
../../../../../../sam/drivers/udp/udp_device.c(582): warning: macro expansion producing 'defined' has undefined behavior [-Wexpansion-to-defined]
../../../../../../sam/drivers/udp/udp_device.h(107): note: expanded from macro 'UDD_VBUS_IO'
#define UDD_VBUS_IO     (defined(USB_VBUS_PIN) && UDD_VBUS_DETECT)
                                                  ^
../../../../../../sam/drivers/udp/udp_device.h(105): note: expanded from macro 'UDD_VBUS_DETECT'
#define UDD_VBUS_DETECT (defined(CONF_BOARD_USB_PORT) && \
                         ^
../../../../../../sam/drivers/udp/udp_device.c(582): warning: macro expansion producing 'defined' has undefined behavior [-Wexpansion-to-defined]
../../../../../../sam/drivers/udp/udp_device.h(107): note: expanded from macro 'UDD_VBUS_IO'
#define UDD_VBUS_IO     (defined(USB_VBUS_PIN) && UDD_VBUS_DETECT)
                                                  ^
../../../../../../sam/drivers/udp/udp_device.h(106): note: expanded from macro 'UDD_VBUS_DETECT'
                defined(CONF_BOARD_USB_VBUS_DETECT))
                ^
../../../../../../sam/drivers/udp/udp_device.c(614): warning: macro expansion producing 'defined' has undefined behavior [-Wexpansion-to-defined]
# if UDD_VBUS_IO
     ^
../../../../../../sam/drivers/udp/udp_device.h(107): note: expanded from macro 'UDD_VBUS_IO'
#define UDD_VBUS_IO     (defined(USB_VBUS_PIN) && UDD_VBUS_DETECT)
                         ^
../../../../../../sam/drivers/udp/udp_device.c(614): warning: macro expansion producing 'defined' has undefined behavior [-Wexpansion-to-defined]
../../../../../../sam/drivers/udp/udp_device.h(107): note: expanded from macro 'UDD_VBUS_IO'
#define UDD_VBUS_IO     (defined(USB_VBUS_PIN) && UDD_VBUS_DETECT)
                                                  ^
../../../../../../sam/drivers/udp/udp_device.h(105): note: expanded from macro 'UDD_VBUS_DETECT'
#define UDD_VBUS_DETECT (defined(CONF_BOARD_USB_PORT) && \
                         ^
../../../../../../sam/drivers/udp/udp_device.c(614): warning: macro expansion producing 'defined' has undefined behavior [-Wexpansion-to-defined]
../../../../../../sam/drivers/udp/udp_device.h(107): note: expanded from macro 'UDD_VBUS_IO'
#define UDD_VBUS_IO     (defined(USB_VBUS_PIN) && UDD_VBUS_DETECT)
                                                  ^
../../../../../../sam/drivers/udp/udp_device.h(106): note: expanded from macro 'UDD_VBUS_DETECT'
                defined(CONF_BOARD_USB_VBUS_DETECT))
                ^
../../../../../../sam/drivers/udp/udp_device.c(670): warning: converting the result of '<<' to a boolean always evaluates to true [-Wtautological-constant-compare]
                udd_configure_address(address);
                ^
../../../../../../sam/drivers/udp/udp_device.h(248): note: expanded from macro 'udd_configure_address'
#define  udd_configure_address(addr)               (Wr_bitfield(UDP->UDP_FADDR, UDP_FADDR_FADD_Msk, addr))
                                                                                ^
../../../../../../sam/utils/cmsis/samg/samg55/include/component/udp.h(79): note: expanded from macro 'UDP_FADDR_FADD_Msk'
#define UDP_FADDR_FADD_Msk (0x7fu << UDP_FADDR_FADD_Pos) /**< \brief (UDP_FADDR) Function Address Value */
                                  ^
../../../../../../sam/drivers/udp/udp_device.c(680): warning: converting the result of '<<' to a boolean always evaluates to true [-Wtautological-constant-compare]
                return udd_get_configured_address();
                       ^
../../../../../../sam/drivers/udp/udp_device.h(250): note: expanded from macro 'udd_get_configured_address'
#define  udd_get_configured_address()              (Rd_bitfield(UDP->UDP_FADDR, UDP_FADDR_FADD_Msk))
                                                                                ^
../../../../../../sam/utils/cmsis/samg/samg55/include/component/udp.h(79): note: expanded from macro 'UDP_FADDR_FADD_Msk'
#define UDP_FADDR_FADD_Msk (0x7fu << UDP_FADDR_FADD_Pos) /**< \brief (UDP_FADDR) Function Address Value */
                                  ^
../../../../../../sam/drivers/udp/udp_device.c(687): warning: converting the result of '<<' to a boolean always evaluates to true [-Wtautological-constant-compare]
        return udd_frame_number();
               ^
../../../../../../sam/drivers/udp/udp_device.h(223): note: expanded from macro 'udd_frame_number'
#define  udd_frame_number()                        (Rd_bitfield(UDP->UDP_FRM_NUM, UDP_FRM_NUM_FRM_NUM_Msk))
                                                                                  ^
../../../../../../sam/utils/cmsis/samg/samg55/include/component/udp.h(68): note: expanded from macro 'UDP_FRM_NUM_FRM_NUM_Msk'
#define UDP_FRM_NUM_FRM_NUM_Msk (0x7ffu << UDP_FRM_NUM_FRM_NUM_Pos) /**< \brief (UDP_FRM_NUM) Frame Number as Defined in the Packet Field Formats */
                                        ^
../../../../../../sam/drivers/udp/udp_device.c(982): warning: converting the result of '<<' to a boolean always evaluates to true [-Wtautological-constant-compare]
        udd_configure_address(0);
        ^
../../../../../../sam/drivers/udp/udp_device.h(248): note: expanded from macro 'udd_configure_address'
#define  udd_configure_address(addr)               (Wr_bitfield(UDP->UDP_FADDR, UDP_FADDR_FADD_Msk, addr))
                                                                                ^
../../../../../../sam/utils/cmsis/samg/samg55/include/component/udp.h(79): note: expanded from macro 'UDP_FADDR_FADD_Msk'
#define UDP_FADDR_FADD_Msk (0x7fu << UDP_FADDR_FADD_Pos) /**< \brief (UDP_FADDR) Function Address Value */
                                  ^
../../../../../../sam/drivers/udp/udp_device.c(1014): warning: converting the result of '<<' to a boolean always evaluates to true [-Wtautological-constant-compare]
        if (8 != udd_byte_count(0)) {
                 ^
../../../../../../sam/drivers/udp/udp_device.h(448): note: expanded from macro 'udd_byte_count'
#define  udd_byte_count(ep)                        (Rd_bitfield(UDP->UDP_CSR[ep], UDP_CSR_RXBYTECNT_Msk))
                                                                                  ^
../../../../../../sam/utils/cmsis/samg/samg55/include/component/udp.h(167): note: expanded from macro 'UDP_CSR_RXBYTECNT_Msk'
#define UDP_CSR_RXBYTECNT_Msk (0x7ffu << UDP_CSR_RXBYTECNT_Pos) /**< \brief (UDP_CSR[6]) Number of Bytes Available in the FIFO */
                                      ^
../../../../../../sam/drivers/udp/udp_device.c(1168): warning: converting the result of '<<' to a boolean always evaluates to true [-Wtautological-constant-compare]
        nb_data = udd_byte_count(0);
                  ^
../../../../../../sam/drivers/udp/udp_device.h(448): note: expanded from macro 'udd_byte_count'
#define  udd_byte_count(ep)                        (Rd_bitfield(UDP->UDP_CSR[ep], UDP_CSR_RXBYTECNT_Msk))
                                                                                  ^
../../../../../../sam/utils/cmsis/samg/samg55/include/component/udp.h(167): note: expanded from macro 'UDP_CSR_RXBYTECNT_Msk'
#define UDP_CSR_RXBYTECNT_Msk (0x7ffu << UDP_CSR_RXBYTECNT_Pos) /**< \brief (UDP_CSR[6]) Number of Bytes Available in the FIFO */
                                      ^
../../../../../../sam/drivers/udp/udp_device.c(1464): warning: converting the result of '<<' to a boolean always evaluates to true [-Wtautological-constant-compare]
        nb_data = udd_byte_count(ep);
                  ^
../../../../../../sam/drivers/udp/udp_device.h(448): note: expanded from macro 'udd_byte_count'
#define  udd_byte_count(ep)                        (Rd_bitfield(UDP->UDP_CSR[ep], UDP_CSR_RXBYTECNT_Msk))
                                                                                  ^
../../../../../../sam/utils/cmsis/samg/samg55/include/component/udp.h(167): note: expanded from macro 'UDP_CSR_RXBYTECNT_Msk'
#define UDP_CSR_RXBYTECNT_Msk (0x7ffu << UDP_CSR_RXBYTECNT_Pos) /**< \brief (UDP_CSR[6]) Number of Bytes Available in the FIFO */
                                      ^
19 warnings generated.
compiling udp_device.c...
compiling gpbr.c...
compiling pio.c...
compiling spi.c...
compiling adc2.c...
compiling rf215_irq.c...
../../../../../../sam/boards/pl360g55cf_ek/init.c(48): warning: In file included from...
.\asf.h(82): warning: In file included from...
../../../../../freertos/freertos-7.3.0/source/include\FreeRTOS.h(91): warning: In file included from...
../../../../../freertos/freertos-7.3.0/source/include/portable.h(322): warning: In file included from...
../../../../../freertos/freertos-7.3.0/source/portable/iar/sam_cm4f\portmacro.h(212): warning: '#pragma diag_suppress' is an Arm Compiler 5 extension, and is not supported by Arm Compiler for Embedded 6 [-Warmcc-pragma-diag]
#pragma diag_suppress=Pe191
        ^
../../../../../freertos/freertos-7.3.0/source/portable/iar/sam_cm4f\portmacro.h(213): warning: '#pragma diag_suppress' is an Arm Compiler 5 extension, and is not supported by Arm Compiler for Embedded 6 [-Warmcc-pragma-diag]
#pragma diag_suppress=Pa082
        ^
2 warnings generated.
compiling init.c...
compiling rf215_spi.c...
compiling rf215_trx_ctl.c...
compiling rf215_fe.c...
compiling rf215_rx.c...
compiling rf215_bbc.c...
compiling rf215_tx.c...
compiling rf215_sniffer_if_g3.c...
compiling rf215_sniffer_if.c...
compiling rf215_pll.c...
compiling atpl360_comm.c...
compiling at86rf215.c...
compiling atpl360_boot.c...
compiling atpl360_hal_spi.c...
compiling read.c...
compiling write.c...
compiling atpl360.c...
compiling cycle_counter.c...
compiling interrupt_sam_nvic.c...
compiling sysclk.c...
compiling udi_cdc_desc.c...
compiling sleepmgr.c...
compiling udc.c...
compiling udi_cdc.c...
compiling rstc.c...
compiling BayesFunctions.c...
compiling BayesFunctionsF16.c...
compiling usart_serial.c...
compiling BasicMathFunctionsF16.c...
compiling ComplexMathFunctionsF16.c...
compiling ControllerFunctions.c...
compiling CommonTablesF16.c...
compiling ComplexMathFunctions.c...
compiling DistanceFunctionsF16.c...
compiling FastMathFunctionsF16.c...
compiling BasicMathFunctions.c...
compiling DistanceFunctions.c...
compiling FastMathFunctions.c...
compiling InterpolationFunctionsF16.c...
compiling InterpolationFunctions.c...
compiling FilteringFunctionsF16.c...
compiling CommonTables.c...
compiling QuaternionMathFunctions.c...
compiling MatrixFunctionsF16.c...
compiling SVMFunctionsF16.c...
compiling SVMFunctions.c...
compiling StatisticsFunctionsF16.c...
compiling SupportFunctionsF16.c...
compiling retarget_io.c...
compiling MatrixFunctions.c...
compiling SupportFunctions.c...
compiling TransformFunctionsF16.c...
compiling StatisticsFunctions.c...
compiling TransformFunctions.c...
compiling FilteringFunctions.c...
linking...
Program Size: Code=188784 RO-data=142288 RW-data=288 ZI-data=133236  
FromELF: creating hex file...
".\obj\apps_template_app.axf" - 0 Error(s), 35 Warning(s).

<h2>Software Packages used:</h2>

Package Vendor: ARM
                http://www.keil.com/pack/ARM.CMSIS.5.9.0.pack
                ARM.CMSIS.5.9.0
                CMSIS (Common Microcontroller Software Interface Standard)
   * Component: CORE Version: 5.6.0

Package Vendor: ARM
                https://www.keil.com/pack/ARM.CMSIS-DSP.1.14.2.pack
                ARM.CMSIS-DSP.1.14.2
                CMSIS Embedded Compute Library
   * Component: DSP Variant: Source Version: 1.14.2

Package Vendor: Microchip
                https://packs.download.microchip.com/Microchip.SAMG_DFP.3.8.197.pack
                Microchip.SAMG_DFP.3.8.197
                Microchip SAMG Series Device Support

Package Vendor: Keil
                https://www.keil.com/pack/Keil.ARM_Compiler.1.7.2.pack
                Keil.ARM_Compiler.1.7.2
                Keil ARM Compiler extensions for ARM Compiler 5 and ARM Compiler 6
   * Component: STDOUT Variant: ITM Version: 1.2.0

<h2>Collection of Component include folders:</h2>
  ./RTE/_Target_1
  C:/KeilRepo/ARM/PACK/ARM/CMSIS-DSP/1.14.2/Include
  C:/KeilRepo/ARM/PACK/ARM/CMSIS-DSP/1.14.2/PrivateInclude
  C:/KeilRepo/ARM/PACK/ARM/CMSIS/5.9.0/CMSIS/Core/Include
  C:/KeilRepo/ARM/PACK/Microchip/SAMG_DFP/3.8.197/samg55/include

<h2>Collection of Component Files used:</h2>

   * Component: ARM::CMSIS:CORE:5.6.0

   * Component: ARM::CMSIS:DSP:Source:1.14.2
      Include file:  Include/arm_math.h
      Include file:  Include/arm_math_f16.h
      Include file:  Include/arm_common_tables.h
      Source file:   Source/CommonTables/CommonTablesF16.c
      Source file:   Source/BayesFunctions/BayesFunctionsF16.c
      Source file:   Source/BasicMathFunctions/BasicMathFunctions.c
      Source file:   Source/StatisticsFunctions/StatisticsFunctionsF16.c
      Include file:  Include/arm_const_structs.h
      Source file:   Source/MatrixFunctions/MatrixFunctions.c
      Source file:   Source/FilteringFunctions/FilteringFunctions.c
      Source file:   Source/QuaternionMathFunctions/QuaternionMathFunctions.c
      Source file:   Source/ControllerFunctions/ControllerFunctions.c
      Source file:   Source/CommonTables/CommonTables.c
      Source file:   Source/BayesFunctions/BayesFunctions.c
      Source file:   Source/InterpolationFunctions/InterpolationFunctionsF16.c
      Source file:   Source/InterpolationFunctions/InterpolationFunctions.c
      Source file:   Source/StatisticsFunctions/StatisticsFunctions.c
      Source file:   Source/BasicMathFunctions/BasicMathFunctionsF16.c
      Source file:   Source/FastMathFunctions/FastMathFunctions.c
      Source file:   Source/SupportFunctions/SupportFunctions.c
      Source file:   Source/FilteringFunctions/FilteringFunctionsF16.c
      Source file:   Source/TransformFunctions/TransformFunctionsF16.c
      Source file:   Source/MatrixFunctions/MatrixFunctionsF16.c
      Source file:   Source/SupportFunctions/SupportFunctionsF16.c
      Source file:   Source/FastMathFunctions/FastMathFunctionsF16.c
      Source file:   Source/ComplexMathFunctions/ComplexMathFunctions.c
      Include file:  Include/arm_common_tables_f16.h
      Source file:   Source/DistanceFunctions/DistanceFunctions.c
      Source file:   Source/SVMFunctions/SVMFunctions.c
      Source file:   Source/TransformFunctions/TransformFunctions.c
      Source file:   Source/DistanceFunctions/DistanceFunctionsF16.c
      Include file:  Include/arm_const_structs_f16.h
      Source file:   Source/ComplexMathFunctions/ComplexMathFunctionsF16.c
      Source file:   Source/SVMFunctions/SVMFunctionsF16.c

   * Component: Keil.ARM Compiler::Compiler:I/O:STDOUT:ITM:1.2.0
      Source file:   Source/retarget_io.c
Build Time Elapsed:  00:00:25
</pre>
</body>
</html>
