<!doctype html public "-//w3c//dtd html 4.0 transitional//en">
<html><head>
<title>Static Call Graph - [.\obj\apps_template_app.axf]</title></head>
<body><HR>
<H1>Static Call Graph for image .\obj\apps_template_app.axf</H1><HR>
<BR><P>#&#060CALLGRAPH&#062# ARM Linker, 5060960: Last Updated: Mon Jan 16 09:32:18 2023
<BR><P>
<H3>Maximum Stack Usage =       3944 bytes + Unknown(Functions without stacksize, Cycles, Untraceable Function Pointers)</H3><H3>
Call chain for Maximum Stack Depth:</H3>
adp_mac_serial_if_process &rArr; AdpEventHandler &rArr; AdpMac_EventHandler &rArr; _ProcessMacNotifications &rArr; ADP_ProcessIncomingMessage &rArr; BootstrapWrapper_ProcessMessage &rArr; LBP_ProcessMessage &rArr; _Join_Process_Challenge &rArr; _Join_Process_Challenge_ThirdMessage &rArr; _ProcessParameters &rArr; AdpSetRequestSync &rArr; AdpSetMib &rArr; BootstrapWrapper_InitEapPsk &rArr; LBP_InitEapPsk &rArr; EAP_PSK_Initialize &rArr; aes_wrapper_aes_setkey_enc &rArr; mbedtls_aes_setkey_enc
<P>
<H3>
Functions with no stack information
</H3><UL>
 <LI><a href="#[2d8]">__user_initial_stackheap</a>
</UL>
</UL>
<P>
<H3>
Mutually Recursive functions
</H3> <LI><a href="#[18]">NMI_Handler</a>&nbsp;&nbsp;&nbsp;&rArr;&nbsp;&nbsp;&nbsp;<a href="#[18]">NMI_Handler</a><BR>
 <LI><a href="#[19]">HardFault_Handler</a>&nbsp;&nbsp;&nbsp;&rArr;&nbsp;&nbsp;&nbsp;<a href="#[19]">HardFault_Handler</a><BR>
 <LI><a href="#[1a]">MemManage_Handler</a>&nbsp;&nbsp;&nbsp;&rArr;&nbsp;&nbsp;&nbsp;<a href="#[1a]">MemManage_Handler</a><BR>
 <LI><a href="#[1b]">BusFault_Handler</a>&nbsp;&nbsp;&nbsp;&rArr;&nbsp;&nbsp;&nbsp;<a href="#[1b]">BusFault_Handler</a><BR>
 <LI><a href="#[1c]">UsageFault_Handler</a>&nbsp;&nbsp;&nbsp;&rArr;&nbsp;&nbsp;&nbsp;<a href="#[1c]">UsageFault_Handler</a><BR>
 <LI><a href="#[1d]">SVC_Handler</a>&nbsp;&nbsp;&nbsp;&rArr;&nbsp;&nbsp;&nbsp;<a href="#[1d]">SVC_Handler</a><BR>
 <LI><a href="#[1e]">DebugMon_Handler</a>&nbsp;&nbsp;&nbsp;&rArr;&nbsp;&nbsp;&nbsp;<a href="#[1e]">DebugMon_Handler</a><BR>
 <LI><a href="#[1f]">PendSV_Handler</a>&nbsp;&nbsp;&nbsp;&rArr;&nbsp;&nbsp;&nbsp;<a href="#[1f]">PendSV_Handler</a><BR>
 <LI><a href="#[20]">SysTick_Handler</a>&nbsp;&nbsp;&nbsp;&rArr;&nbsp;&nbsp;&nbsp;<a href="#[20]">SysTick_Handler</a><BR>
 <LI><a href="#[3e]">ARM_Handler</a>&nbsp;&nbsp;&nbsp;&rArr;&nbsp;&nbsp;&nbsp;<a href="#[3e]">ARM_Handler</a><BR>
 <LI><a href="#[42c]">gcm_mask</a>&nbsp;&nbsp;&nbsp;&rArr;&nbsp;&nbsp;&nbsp;<a href="#[40a]">mbedtls_cipher_update</a><BR>
 <LI><a href="#[19d]">_ProcessMessage</a>&nbsp;&nbsp;&nbsp;&rArr;&nbsp;&nbsp;&nbsp;<a href="#[19d]">_ProcessMessage</a><BR>
 <LI><a href="#[188]">_RREQRERRWait_FindEmptyQueueSlot</a>&nbsp;&nbsp;&nbsp;&rArr;&nbsp;&nbsp;&nbsp;<a href="#[18b]">_GenerateRouteError</a><BR>
 <LI><a href="#[186]">_DiscoverRoute</a>&nbsp;&nbsp;&nbsp;&rArr;&nbsp;&nbsp;&nbsp;<a href="#[188]">_RREQRERRWait_FindEmptyQueueSlot</a><BR>
 <LI><a href="#[1b4]">LOADNG_SetMib</a>&nbsp;&nbsp;&nbsp;&rArr;&nbsp;&nbsp;&nbsp;<a href="#[1b2]">AdpSetRequestSync</a><BR>
 <LI><a href="#[2a1]">_Decompress_NextHeaders</a>&nbsp;&nbsp;&nbsp;&rArr;&nbsp;&nbsp;&nbsp;<a href="#[2a1]">_Decompress_NextHeaders</a><BR>
 <LI><a href="#[46c]">portable_delay_cycles</a>&nbsp;&nbsp;&nbsp;&rArr;&nbsp;&nbsp;&nbsp;<a href="#[46c]">portable_delay_cycles</a><BR>
 <LI><a href="#[4c9]">udi_cdc_multi_read_buf</a>&nbsp;&nbsp;&nbsp;&rArr;&nbsp;&nbsp;&nbsp;<a href="#[4c5]">udi_cdc_rx_start</a><BR>
 <LI><a href="#[140]">_sys_exit</a>&nbsp;&nbsp;&nbsp;&rArr;&nbsp;&nbsp;&nbsp;<a href="#[140]">_sys_exit</a><BR>
</UL>
<P>
<H3>
Function Pointers
</H3><UL>
 <LI><a href="#[3d]">ADC_Handler</a> from adc2.o(i.ADC_Handler) referenced from startup_samg55.o(RESET)
 <LI><a href="#[3e]">ARM_Handler</a> from startup_samg55.o(.text) referenced from startup_samg55.o(RESET)
 <LI><a href="#[cd]">AdpNotification_AdpdDataIndication</a> from serial_if_adp.o(i.AdpNotification_AdpdDataIndication) referenced from serial_if_adp.o(i.serial_if_adp_get_notifications)
 <LI><a href="#[de]">AdpNotification_BufferIndication</a> from serial_if_adp.o(i.AdpNotification_BufferIndication) referenced from serial_if_adp.o(i.serial_if_adp_get_notifications)
 <LI><a href="#[cc]">AdpNotification_DataConfirm</a> from serial_if_adp.o(i.AdpNotification_DataConfirm) referenced from serial_if_adp.o(i.serial_if_adp_get_notifications)
 <LI><a href="#[ce]">AdpNotification_DiscoveryConfirm</a> from serial_if_adp.o(i.AdpNotification_DiscoveryConfirm) referenced from serial_if_adp.o(i.serial_if_adp_get_notifications)
 <LI><a href="#[cf]">AdpNotification_DiscoveryIndication</a> from serial_if_adp.o(i.AdpNotification_DiscoveryIndication) referenced from serial_if_adp.o(i.serial_if_adp_get_notifications)
 <LI><a href="#[d7]">AdpNotification_GetConfirm</a> from serial_if_adp.o(i.AdpNotification_GetConfirm) referenced from serial_if_adp.o(i.serial_if_adp_get_notifications)
 <LI><a href="#[d8]">AdpNotification_GetMacConfirm</a> from serial_if_adp.o(i.AdpNotification_GetMacConfirm) referenced from serial_if_adp.o(i.serial_if_adp_get_notifications)
 <LI><a href="#[c0]">AdpNotification_LbpConfirm</a> from bs_main.o(i.AdpNotification_LbpConfirm) referenced from bs_main.o(i.bs_get_not_handlers)
 <LI><a href="#[d9]">AdpNotification_LbpConfirm</a> from serial_if_adp.o(i.AdpNotification_LbpConfirm) referenced from serial_if_adp.o(i.serial_if_adp_get_notifications)
 <LI><a href="#[c1]">AdpNotification_LbpIndication</a> from bs_main.o(i.AdpNotification_LbpIndication) referenced from bs_main.o(i.bs_get_not_handlers)
 <LI><a href="#[da]">AdpNotification_LbpIndication</a> from serial_if_adp.o(i.AdpNotification_LbpIndication) referenced from serial_if_adp.o(i.serial_if_adp_get_notifications)
 <LI><a href="#[d1]">AdpNotification_NetworkJoinConfirm</a> from serial_if_adp.o(i.AdpNotification_NetworkJoinConfirm) referenced from serial_if_adp.o(i.serial_if_adp_get_notifications)
 <LI><a href="#[d3]">AdpNotification_NetworkLeaveConfirm</a> from serial_if_adp.o(i.AdpNotification_NetworkLeaveConfirm) referenced from serial_if_adp.o(i.serial_if_adp_get_notifications)
 <LI><a href="#[d2]">AdpNotification_NetworkLeaveIndication</a> from serial_if_adp.o(i.AdpNotification_NetworkLeaveIndication) referenced from serial_if_adp.o(i.serial_if_adp_get_notifications)
 <LI><a href="#[d0]">AdpNotification_NetworkStartConfirm</a> from serial_if_adp.o(i.AdpNotification_NetworkStartConfirm) referenced from serial_if_adp.o(i.serial_if_adp_get_notifications)
 <LI><a href="#[dd]">AdpNotification_NetworkStatusIndication</a> from serial_if_adp.o(i.AdpNotification_NetworkStatusIndication) referenced from serial_if_adp.o(i.serial_if_adp_get_notifications)
 <LI><a href="#[dc]">AdpNotification_PathDiscoveryConfirm</a> from serial_if_adp.o(i.AdpNotification_PathDiscoveryConfirm) referenced from serial_if_adp.o(i.serial_if_adp_get_notifications)
 <LI><a href="#[d4]">AdpNotification_ResetConfirm</a> from serial_if_adp.o(i.AdpNotification_ResetConfirm) referenced from serial_if_adp.o(i.serial_if_adp_get_notifications)
 <LI><a href="#[db]">AdpNotification_RouteDiscoveryConfirm</a> from serial_if_adp.o(i.AdpNotification_RouteDiscoveryConfirm) referenced from serial_if_adp.o(i.serial_if_adp_get_notifications)
 <LI><a href="#[d5]">AdpNotification_SetConfirm</a> from serial_if_adp.o(i.AdpNotification_SetConfirm) referenced from serial_if_adp.o(i.serial_if_adp_get_notifications)
 <LI><a href="#[d6]">AdpNotification_SetMacConfirm</a> from serial_if_adp.o(i.AdpNotification_SetMacConfirm) referenced from serial_if_adp.o(i.serial_if_adp_get_notifications)
 <LI><a href="#[df]">AppAdpNotification_PREQIndication</a> from serial_if_adp.o(i.AppAdpNotification_PREQIndication) referenced from serial_if_adp.o(i.serial_if_adp_get_notifications)
 <LI><a href="#[e1]">AppAdpNotification_RouteNotFoundIndication</a> from serial_if_adp.o(i.AppAdpNotification_RouteNotFoundIndication) referenced from serial_if_adp.o(i.serial_if_adp_get_notifications)
 <LI><a href="#[e0]">AppAdpNotification_UpdNonVolatileDataIndication</a> from serial_if_adp.o(i.AppAdpNotification_UpdNonVolatileDataIndication) referenced from serial_if_adp.o(i.serial_if_adp_get_notifications)
 <LI><a href="#[e2]">BootstrapNotification_JoinIndication</a> from serial_if_coordinator.o(i.BootstrapNotification_JoinIndication) referenced from serial_if_coordinator.o(i.serial_if_coordinator_api_parser)
 <LI><a href="#[e3]">BootstrapNotification_LeaveIndication</a> from serial_if_coordinator.o(i.BootstrapNotification_LeaveIndication) referenced from serial_if_coordinator.o(i.serial_if_coordinator_api_parser)
 <LI><a href="#[1b]">BusFault_Handler</a> from startup_samg55.o(.text) referenced from startup_samg55.o(RESET)
 <LI><a href="#[41]">CRCCU_Handler</a> from startup_samg55.o(.text) referenced from startup_samg55.o(RESET)
 <LI><a href="#[1e]">DebugMon_Handler</a> from startup_samg55.o(.text) referenced from startup_samg55.o(RESET)
 <LI><a href="#[27]">EFC_Handler</a> from startup_samg55.o(.text) referenced from startup_samg55.o(RESET)
 <LI><a href="#[29]">FLEXCOM0_Handler</a> from prf_if.o(i.FLEXCOM0_Handler) referenced from startup_samg55.o(RESET)
 <LI><a href="#[2a]">FLEXCOM1_Handler</a> from startup_samg55.o(.text) referenced from startup_samg55.o(RESET)
 <LI><a href="#[2e]">FLEXCOM2_Handler</a> from startup_samg55.o(.text) referenced from startup_samg55.o(RESET)
 <LI><a href="#[33]">FLEXCOM3_Handler</a> from startup_samg55.o(.text) referenced from startup_samg55.o(RESET)
 <LI><a href="#[34]">FLEXCOM4_Handler</a> from busart_if.o(i.FLEXCOM4_Handler) referenced from startup_samg55.o(RESET)
 <LI><a href="#[35]">FLEXCOM5_Handler</a> from startup_samg55.o(.text) referenced from startup_samg55.o(RESET)
 <LI><a href="#[36]">FLEXCOM6_Handler</a> from startup_samg55.o(.text) referenced from startup_samg55.o(RESET)
 <LI><a href="#[28]">FLEXCOM7_Handler</a> from startup_samg55.o(.text) referenced from startup_samg55.o(RESET)
 <LI><a href="#[19]">HardFault_Handler</a> from startup_samg55.o(.text) referenced from startup_samg55.o(RESET)
 <LI><a href="#[30]">I2SC0_Handler</a> from startup_samg55.o(.text) referenced from startup_samg55.o(RESET)
 <LI><a href="#[31]">I2SC1_Handler</a> from startup_samg55.o(.text) referenced from startup_samg55.o(RESET)
 <LI><a href="#[4e]">LoWPAN_DataSend_Callback</a> from proto6lowpan.o(.text) referenced from adp.o(.text)
 <LI><a href="#[2f]">MEM2MEM_Handler</a> from startup_samg55.o(.text) referenced from startup_samg55.o(RESET)
 <LI><a href="#[e9]">MacNotification_BeaconNotify</a> from serial_if_mac.o(i.MacNotification_BeaconNotify) referenced from serial_if_mac.o(i.serial_if_g3mac_api_parser)
 <LI><a href="#[f3]">MacNotification_BeaconNotifyRF</a> from serial_if_mac.o(i.MacNotification_BeaconNotifyRF) referenced from serial_if_mac.o(i.serial_if_g3mac_api_parser)
 <LI><a href="#[ec]">MacNotification_CommStatusIndication</a> from serial_if_mac.o(i.MacNotification_CommStatusIndication) referenced from serial_if_mac.o(i.serial_if_g3mac_api_parser)
 <LI><a href="#[f6]">MacNotification_CommStatusIndicationRF</a> from serial_if_mac.o(i.MacNotification_CommStatusIndicationRF) referenced from serial_if_mac.o(i.serial_if_g3mac_api_parser)
 <LI><a href="#[e4]">MacNotification_DataConfirm</a> from serial_if_mac.o(i.MacNotification_DataConfirm) referenced from serial_if_mac.o(i.serial_if_g3mac_api_parser)
 <LI><a href="#[ee]">MacNotification_DataConfirmRF</a> from serial_if_mac.o(i.MacNotification_DataConfirmRF) referenced from serial_if_mac.o(i.serial_if_g3mac_api_parser)
 <LI><a href="#[e5]">MacNotification_DataIndication</a> from serial_if_mac.o(i.MacNotification_DataIndication) referenced from serial_if_mac.o(i.serial_if_g3mac_api_parser)
 <LI><a href="#[ef]">MacNotification_DataIndicationRF</a> from serial_if_mac.o(i.MacNotification_DataIndicationRF) referenced from serial_if_mac.o(i.serial_if_g3mac_api_parser)
 <LI><a href="#[e6]">MacNotification_GetConfirm</a> from serial_if_mac.o(i.MacNotification_GetConfirm) referenced from serial_if_mac.o(i.serial_if_g3mac_api_parser)
 <LI><a href="#[f0]">MacNotification_GetConfirmRF</a> from serial_if_mac.o(i.MacNotification_GetConfirmRF) referenced from serial_if_mac.o(i.serial_if_g3mac_api_parser)
 <LI><a href="#[ed]">MacNotification_MacSnifferIndication</a> from serial_if_mac.o(i.MacNotification_MacSnifferIndication) referenced from serial_if_mac.o(i.serial_if_g3mac_api_parser)
 <LI><a href="#[f7]">MacNotification_MacSnifferIndicationRF</a> from serial_if_mac.o(i.MacNotification_MacSnifferIndicationRF) referenced from serial_if_mac.o(i.serial_if_g3mac_api_parser)
 <LI><a href="#[e8]">MacNotification_ResetConfirm</a> from serial_if_mac.o(i.MacNotification_ResetConfirm) referenced from serial_if_mac.o(i.serial_if_g3mac_api_parser)
 <LI><a href="#[f2]">MacNotification_ResetConfirmRF</a> from serial_if_mac.o(i.MacNotification_ResetConfirmRF) referenced from serial_if_mac.o(i.serial_if_g3mac_api_parser)
 <LI><a href="#[ea]">MacNotification_ScanConfirm</a> from serial_if_mac.o(i.MacNotification_ScanConfirm) referenced from serial_if_mac.o(i.serial_if_g3mac_api_parser)
 <LI><a href="#[f4]">MacNotification_ScanConfirmRF</a> from serial_if_mac.o(i.MacNotification_ScanConfirmRF) referenced from serial_if_mac.o(i.serial_if_g3mac_api_parser)
 <LI><a href="#[e7]">MacNotification_SetConfirm</a> from serial_if_mac.o(i.MacNotification_SetConfirm) referenced from serial_if_mac.o(i.serial_if_g3mac_api_parser)
 <LI><a href="#[f1]">MacNotification_SetConfirmRF</a> from serial_if_mac.o(i.MacNotification_SetConfirmRF) referenced from serial_if_mac.o(i.serial_if_g3mac_api_parser)
 <LI><a href="#[eb]">MacNotification_StartConfirm</a> from serial_if_mac.o(i.MacNotification_StartConfirm) referenced from serial_if_mac.o(i.serial_if_g3mac_api_parser)
 <LI><a href="#[f5]">MacNotification_StartConfirmRF</a> from serial_if_mac.o(i.MacNotification_StartConfirmRF) referenced from serial_if_mac.o(i.serial_if_g3mac_api_parser)
 <LI><a href="#[14]">MacRtCbPlmeGetConfirm</a> from maclow.o(.text) referenced 2 times from maclow.o(.data)
 <LI><a href="#[12]">MacRtCbProcessFrame</a> from maclow.o(.text) referenced 2 times from maclow.o(.data)
 <LI><a href="#[13]">MacRtCbTxConfirm</a> from maclow.o(.text) referenced 2 times from maclow.o(.data)
 <LI><a href="#[1a]">MemManage_Handler</a> from startup_samg55.o(.text) referenced from startup_samg55.o(RESET)
 <LI><a href="#[18]">NMI_Handler</a> from startup_samg55.o(.text) referenced from startup_samg55.o(RESET)
 <LI><a href="#[23f]">Network_Join_Confirm</a> from adpnetwork.o(.text) referenced 2 times from adpnetwork.o(.text)
 <LI><a href="#[244]">Network_Kick_Notify</a> from adpnetwork.o(.text) referenced 2 times from adpnetwork.o(.text)
 <LI><a href="#[248]">Network_Leave_Callback</a> from adpnetwork.o(.text) referenced from adpnetwork.o(.text)
 <LI><a href="#[2d]">PDMIC0_Handler</a> from startup_samg55.o(.text) referenced from startup_samg55.o(RESET)
 <LI><a href="#[32]">PDMIC1_Handler</a> from startup_samg55.o(.text) referenced from startup_samg55.o(RESET)
 <LI><a href="#[2b]">PIOA_Handler</a> from pio_handler.o(i.PIOA_Handler) referenced from startup_samg55.o(RESET)
 <LI><a href="#[2c]">PIOB_Handler</a> from pio_handler.o(i.PIOB_Handler) referenced from startup_samg55.o(RESET)
 <LI><a href="#[26]">PMC_Handler</a> from startup_samg55.o(.text) referenced from startup_samg55.o(RESET)
 <LI><a href="#[15]">PalRFCbDataConfirm</a> from macrflow.o(.text) referenced 2 times from macrflow.o(.data)
 <LI><a href="#[16]">PalRFCbDataIndication</a> from macrflow.o(.text) referenced 2 times from macrflow.o(.data)
 <LI><a href="#[1f]">PendSV_Handler</a> from startup_samg55.o(.text) referenced from startup_samg55.o(RESET)
 <LI><a href="#[22]">RSTC_Handler</a> from hal.o(i.RSTC_Handler) referenced from startup_samg55.o(RESET)
 <LI><a href="#[23]">RTC_Handler</a> from startup_samg55.o(.text) referenced from startup_samg55.o(RESET)
 <LI><a href="#[24]">RTT_Handler</a> from startup_samg55.o(.text) referenced from startup_samg55.o(RESET)
 <LI><a href="#[17]">Reset_Handler</a> from startup_samg55.o(.text) referenced from startup_samg55.o(RESET)
 <LI><a href="#[21]">SUPC_Handler</a> from hal.o(i.SUPC_Handler) referenced from startup_samg55.o(RESET)
 <LI><a href="#[1d]">SVC_Handler</a> from startup_samg55.o(.text) referenced from startup_samg55.o(RESET)
 <LI><a href="#[20]">SysTick_Handler</a> from startup_samg55.o(.text) referenced from startup_samg55.o(RESET)
 <LI><a href="#[42]">SystemInit</a> from system_samg55.o(i.SystemInit) referenced from startup_samg55.o(.text)
 <LI><a href="#[37]">TC0_Handler</a> from startup_samg55.o(.text) referenced from startup_samg55.o(RESET)
 <LI><a href="#[38]">TC1_Handler</a> from startup_samg55.o(.text) referenced from startup_samg55.o(RESET)
 <LI><a href="#[39]">TC2_Handler</a> from timer_1us.o(i.TC2_Handler) referenced from startup_samg55.o(RESET)
 <LI><a href="#[3a]">TC3_Handler</a> from hal.o(i.TC3_Handler) referenced from startup_samg55.o(RESET)
 <LI><a href="#[3b]">TC4_Handler</a> from busart_if.o(i.TC4_Handler) referenced from startup_samg55.o(RESET)
 <LI><a href="#[3c]">TC5_Handler</a> from startup_samg55.o(.text) referenced from startup_samg55.o(RESET)
 <LI><a href="#[40]">UDP_Handler</a> from udp_device.o(i.UDP_Handler) referenced from startup_samg55.o(RESET)
 <LI><a href="#[3f]">UHP_Handler</a> from startup_samg55.o(.text) referenced from startup_samg55.o(RESET)
 <LI><a href="#[1c]">UsageFault_Handler</a> from startup_samg55.o(.text) referenced from startup_samg55.o(RESET)
 <LI><a href="#[25]">WDT_Handler</a> from startup_samg55.o(.text) referenced from startup_samg55.o(RESET)
 <LI><a href="#[61]">_Callback_AdpMac_ResetConfirm</a> from adpreset.o(.text) referenced from adpreset.o(.text)
 <LI><a href="#[4f]">_Callback_DataSend</a> from adpdata.o(.text) referenced from adpdata.o(.text)
 <LI><a href="#[64]">_Callback_FragTimer</a> from adpcommon.o(.text) referenced from adpcommon.o(.text)
 <LI><a href="#[58]">_Callback_HyALBeaconNotify</a> from adpmacinterface.o(.text) referenced from adpmacinterface.o(.text)
 <LI><a href="#[5b]">_Callback_HyALCommStatusIndication</a> from adpmacinterface.o(.text) referenced from adpmacinterface.o(.text)
 <LI><a href="#[53]">_Callback_HyALDataConfirm</a> from adpmacinterface.o(.text) referenced from adpmacinterface.o(.text)
 <LI><a href="#[54]">_Callback_HyALDataIndication</a> from adpmacinterface.o(.text) referenced from adpmacinterface.o(.text)
 <LI><a href="#[55]">_Callback_HyALGetConfirm</a> from adpmacinterface.o(.text) referenced from adpmacinterface.o(.text)
 <LI><a href="#[6f]">_Callback_HyALMacWrpBeaconNotify</a> from hyal.o(i._Callback_HyALMacWrpBeaconNotify) referenced from hyal.o(i.HyALInitialize)
 <LI><a href="#[79]">_Callback_HyALMacWrpBeaconNotifyRF</a> from hyal.o(i._Callback_HyALMacWrpBeaconNotifyRF) referenced from hyal.o(i.HyALInitialize)
 <LI><a href="#[72]">_Callback_HyALMacWrpCommStatusIndication</a> from hyal.o(i._Callback_HyALMacWrpCommStatusIndication) referenced from hyal.o(i.HyALInitialize)
 <LI><a href="#[7c]">_Callback_HyALMacWrpCommStatusIndicationRF</a> from hyal.o(i._Callback_HyALMacWrpCommStatusIndicationRF) referenced from hyal.o(i.HyALInitialize)
 <LI><a href="#[6a]">_Callback_HyALMacWrpDataConfirm</a> from hyal.o(i._Callback_HyALMacWrpDataConfirm) referenced from hyal.o(i.HyALInitialize)
 <LI><a href="#[74]">_Callback_HyALMacWrpDataConfirmRF</a> from hyal.o(i._Callback_HyALMacWrpDataConfirmRF) referenced from hyal.o(i.HyALInitialize)
 <LI><a href="#[6b]">_Callback_HyALMacWrpDataIndication</a> from hyal.o(i._Callback_HyALMacWrpDataIndication) referenced from hyal.o(i.HyALInitialize)
 <LI><a href="#[75]">_Callback_HyALMacWrpDataIndicationRF</a> from hyal.o(i._Callback_HyALMacWrpDataIndicationRF) referenced from hyal.o(i.HyALInitialize)
 <LI><a href="#[6c]">_Callback_HyALMacWrpGetConfirm</a> from hyal.o(i._Callback_HyALMacWrpGetConfirm) referenced from hyal.o(i.HyALInitialize)
 <LI><a href="#[76]">_Callback_HyALMacWrpGetConfirmRF</a> from hyal.o(i._Callback_HyALMacWrpGetConfirmRF) referenced from hyal.o(i.HyALInitialize)
 <LI><a href="#[6e]">_Callback_HyALMacWrpResetConfirm</a> from hyal.o(i._Callback_HyALMacWrpResetConfirm) referenced from hyal.o(i.HyALInitialize)
 <LI><a href="#[78]">_Callback_HyALMacWrpResetConfirmRF</a> from hyal.o(i._Callback_HyALMacWrpResetConfirmRF) referenced from hyal.o(i.HyALInitialize)
 <LI><a href="#[70]">_Callback_HyALMacWrpScanConfirm</a> from hyal.o(i._Callback_HyALMacWrpScanConfirm) referenced from hyal.o(i.HyALInitialize)
 <LI><a href="#[7a]">_Callback_HyALMacWrpScanConfirmRF</a> from hyal.o(i._Callback_HyALMacWrpScanConfirmRF) referenced from hyal.o(i.HyALInitialize)
 <LI><a href="#[6d]">_Callback_HyALMacWrpSetConfirm</a> from hyal.o(i._Callback_HyALMacWrpSetConfirm) referenced from hyal.o(i.HyALInitialize)
 <LI><a href="#[77]">_Callback_HyALMacWrpSetConfirmRF</a> from hyal.o(i._Callback_HyALMacWrpSetConfirmRF) referenced from hyal.o(i.HyALInitialize)
 <LI><a href="#[73]">_Callback_HyALMacWrpSnifferIndication</a> from hyal.o(i._Callback_HyALMacWrpSnifferIndication) referenced from hyal.o(i.HyALInitialize)
 <LI><a href="#[7d]">_Callback_HyALMacWrpSnifferIndicationRF</a> from hyal.o(i._Callback_HyALMacWrpSnifferIndicationRF) referenced from hyal.o(i.HyALInitialize)
 <LI><a href="#[71]">_Callback_HyALMacWrpStartConfirm</a> from hyal.o(i._Callback_HyALMacWrpStartConfirm) referenced from hyal.o(i.HyALInitialize)
 <LI><a href="#[7b]">_Callback_HyALMacWrpStartConfirmRF</a> from hyal.o(i._Callback_HyALMacWrpStartConfirmRF) referenced from hyal.o(i.HyALInitialize)
 <LI><a href="#[57]">_Callback_HyALResetConfirm</a> from adpmacinterface.o(.text) referenced from adpmacinterface.o(.text)
 <LI><a href="#[59]">_Callback_HyALScanConfirm</a> from adpmacinterface.o(.text) referenced from adpmacinterface.o(.text)
 <LI><a href="#[56]">_Callback_HyALSetConfirm</a> from adpmacinterface.o(.text) referenced from adpmacinterface.o(.text)
 <LI><a href="#[5a]">_Callback_HyALStartConfirm</a> from adpmacinterface.o(.text) referenced from adpmacinterface.o(.text)
 <LI><a href="#[50]">_Callback_MAC_BeaconNotifyIndication</a> from adpdiscovery.o(.text) referenced from adpdiscovery.o(.text)
 <LI><a href="#[63]">_Callback_MAC_DataConfirm</a> from adpcommon.o(.text) referenced from adpcommon.o(.text)
 <LI><a href="#[51]">_Callback_MAC_ScanConfirm</a> from adpdiscovery.o(.text) referenced from adpdiscovery.o(.text)
 <LI><a href="#[8f]">_Callback_MacWrapperMcpsDataConfirm</a> from mac_wrapper.o(i._Callback_MacWrapperMcpsDataConfirm) referenced from mac_wrapper.o(i.MacWrapperInitialize)
 <LI><a href="#[99]">_Callback_MacWrapperMcpsDataConfirmRF</a> from mac_wrapper.o(i._Callback_MacWrapperMcpsDataConfirmRF) referenced from mac_wrapper.o(i.MacWrapperInitializeRF)
 <LI><a href="#[90]">_Callback_MacWrapperMcpsDataIndication</a> from mac_wrapper.o(i._Callback_MacWrapperMcpsDataIndication) referenced from mac_wrapper.o(i.MacWrapperInitialize)
 <LI><a href="#[9a]">_Callback_MacWrapperMcpsDataIndicationRF</a> from mac_wrapper.o(i._Callback_MacWrapperMcpsDataIndicationRF) referenced from mac_wrapper.o(i.MacWrapperInitializeRF)
 <LI><a href="#[98]">_Callback_MacWrapperMcpsMacSnifferIndication</a> from mac_wrapper.o(i._Callback_MacWrapperMcpsMacSnifferIndication) referenced from mac_wrapper.o(i.MacWrapperInitialize)
 <LI><a href="#[a2]">_Callback_MacWrapperMcpsMacSnifferIndicationRF</a> from mac_wrapper.o(i._Callback_MacWrapperMcpsMacSnifferIndicationRF) referenced from mac_wrapper.o(i.MacWrapperInitializeRF)
 <LI><a href="#[94]">_Callback_MacWrapperMlmeBeaconNotify</a> from mac_wrapper.o(i._Callback_MacWrapperMlmeBeaconNotify) referenced from mac_wrapper.o(i.MacWrapperInitialize)
 <LI><a href="#[9e]">_Callback_MacWrapperMlmeBeaconNotifyRF</a> from mac_wrapper.o(i._Callback_MacWrapperMlmeBeaconNotifyRF) referenced from mac_wrapper.o(i.MacWrapperInitializeRF)
 <LI><a href="#[97]">_Callback_MacWrapperMlmeCommStatusIndication</a> from mac_wrapper.o(i._Callback_MacWrapperMlmeCommStatusIndication) referenced from mac_wrapper.o(i.MacWrapperInitialize)
 <LI><a href="#[a1]">_Callback_MacWrapperMlmeCommStatusIndicationRF</a> from mac_wrapper.o(i._Callback_MacWrapperMlmeCommStatusIndicationRF) referenced from mac_wrapper.o(i.MacWrapperInitializeRF)
 <LI><a href="#[91]">_Callback_MacWrapperMlmeGetConfirm</a> from mac_wrapper.o(i._Callback_MacWrapperMlmeGetConfirm) referenced from mac_wrapper.o(i.MacWrapperInitialize)
 <LI><a href="#[9b]">_Callback_MacWrapperMlmeGetConfirmRF</a> from mac_wrapper.o(i._Callback_MacWrapperMlmeGetConfirmRF) referenced from mac_wrapper.o(i.MacWrapperInitializeRF)
 <LI><a href="#[93]">_Callback_MacWrapperMlmeResetConfirm</a> from mac_wrapper.o(i._Callback_MacWrapperMlmeResetConfirm) referenced from mac_wrapper.o(i.MacWrapperInitialize)
 <LI><a href="#[9d]">_Callback_MacWrapperMlmeResetConfirmRF</a> from mac_wrapper.o(i._Callback_MacWrapperMlmeResetConfirmRF) referenced from mac_wrapper.o(i.MacWrapperInitializeRF)
 <LI><a href="#[95]">_Callback_MacWrapperMlmeScanConfirm</a> from mac_wrapper.o(i._Callback_MacWrapperMlmeScanConfirm) referenced from mac_wrapper.o(i.MacWrapperInitialize)
 <LI><a href="#[9f]">_Callback_MacWrapperMlmeScanConfirmRF</a> from mac_wrapper.o(i._Callback_MacWrapperMlmeScanConfirmRF) referenced from mac_wrapper.o(i.MacWrapperInitializeRF)
 <LI><a href="#[92]">_Callback_MacWrapperMlmeSetConfirm</a> from mac_wrapper.o(i._Callback_MacWrapperMlmeSetConfirm) referenced from mac_wrapper.o(i.MacWrapperInitialize)
 <LI><a href="#[9c]">_Callback_MacWrapperMlmeSetConfirmRF</a> from mac_wrapper.o(i._Callback_MacWrapperMlmeSetConfirmRF) referenced from mac_wrapper.o(i.MacWrapperInitializeRF)
 <LI><a href="#[96]">_Callback_MacWrapperMlmeStartConfirm</a> from mac_wrapper.o(i._Callback_MacWrapperMlmeStartConfirm) referenced from mac_wrapper.o(i.MacWrapperInitialize)
 <LI><a href="#[a0]">_Callback_MacWrapperMlmeStartConfirmRF</a> from mac_wrapper.o(i._Callback_MacWrapperMlmeStartConfirmRF) referenced from mac_wrapper.o(i.MacWrapperInitializeRF)
 <LI><a href="#[47]">_DiscoverRoute_Callback_MAC_DataConfirm</a> from protoloadng.o(.text) referenced from protoloadng.o(.text)
 <LI><a href="#[49]">_DiscoverRoute_TimerExpired_Callback</a> from protoloadng.o(.text) referenced from protoloadng.o(.text)
 <LI><a href="#[80]">_Dummy_Callback_DataSend</a> from processlbp.o(i._Dummy_Callback_DataSend) referenced from processlbp.o(i.LBP_ProcessMessage)
 <LI><a href="#[80]">_Dummy_Callback_DataSend</a> from processlbp.o(i._Dummy_Callback_DataSend) referenced from processlbp.o(i._Join_Process_Accepted)
 <LI><a href="#[7f]">_Join_Callback_DataSend</a> from processlbp.o(i._Join_Callback_DataSend) referenced from processlbp.o(i.LBP_JoinRequest)
 <LI><a href="#[7f]">_Join_Callback_DataSend</a> from processlbp.o(i._Join_Callback_DataSend) referenced from processlbp.o(i._Join_Process_Challenge)
 <LI><a href="#[7f]">_Join_Callback_DataSend</a> from processlbp.o(i._Join_Callback_DataSend) referenced from processlbp.o(i._Join_Process_Challenge_ThirdMessage)
 <LI><a href="#[7e]">_Join_TimerExpired_Callback</a> from processlbp.o(i._Join_TimerExpired_Callback) referenced from processlbp.o(i.LBP_JoinRequest)
 <LI><a href="#[5d]">_Kick_Callback_AdpMac_ResetConfirm</a> from adpnetwork.o(.text) referenced from adpnetwork.o(.text)
 <LI><a href="#[5e]">_Kick_TimerExpired_Callback</a> from adpnetwork.o(.text) referenced from adpnetwork.o(.text)
 <LI><a href="#[52]">_Lbp_Callback_DataSend</a> from adplbp.o(.text) referenced from adplbp.o(.text)
 <LI><a href="#[5f]">_Leave_Callback_AdpMac_ResetConfirm</a> from adpnetwork.o(.text) referenced from adpnetwork.o(.text)
 <LI><a href="#[60]">_PathDiscovery_Callback</a> from adppathdiscovery.o(.text) referenced from adppathdiscovery.o(.text)
 <LI><a href="#[45]">_PathDiscovery_Callback_MAC_DataConfirm</a> from protoloadng.o(.text) referenced from protoloadng.o(.text)
 <LI><a href="#[44]">_PathDiscovery_TimerExpired_Callback</a> from protoloadng.o(.text) referenced from protoloadng.o(.text)
 <LI><a href="#[4b]">_PathForward_Callback_MAC_DataConfirm</a> from protoloadng.o(.text) referenced 3 times from protoloadng.o(.text)
 <LI><a href="#[4c]">_Process_RREQ_TimerExpired_Callback</a> from protoloadng.o(.text) referenced from protoloadng.o(.text)
 <LI><a href="#[46]">_RREQRERRWait_TimerExpired_Callback</a> from protoloadng.o(.text) referenced 2 times from protoloadng.o(.text)
 <LI><a href="#[b1]">_Rekey_TimerExpired_Callback</a> from processlbp.o(i._Rekey_TimerExpired_Callback) referenced from processlbp.o(i._Join_Process_Challenge)
 <LI><a href="#[66]">_RouteDiscover_Callback</a> from adpcommon.o(.text) referenced from adpcommon.o(.text)
 <LI><a href="#[4a]">_RouteDiscover_Callback_MAC_DataConfirm</a> from protoloadng.o(.text) referenced 3 times from protoloadng.o(.text)
 <LI><a href="#[62]">_RouteDiscovery_DiscoverRoute_Callback</a> from adproutediscovery.o(.text) referenced from adproutediscovery.o(.text)
 <LI><a href="#[4d]">_RouteErrorForward_Callback_MAC_DataConfirm</a> from protoloadng.o(.text) referenced from protoloadng.o(.text)
 <LI><a href="#[48]">_RouteErrorGeneration_Callback_MAC_DataConfirm</a> from protoloadng.o(.text) referenced from protoloadng.o(.text)
 <LI><a href="#[65]">_RouteRepair_Callback</a> from adpcommon.o(.text) referenced 2 times from adpcommon.o(.text)
 <LI><a href="#[5c]">_Start_Callback_MAC_StartConfirm</a> from adpnetwork.o(.text) referenced from adpnetwork.o(.text)
 <LI><a href="#[108]">__main</a> from __main.o(!!!main) referenced from startup_samg55.o(.text)
 <LI><a href="#[ae]">_at86rf_exception_cb</a> from pal_rf.o(i._at86rf_exception_cb) referenced from pal_rf.o(i.PalRfInitialize)
 <LI><a href="#[b0]">_at86rf_rx_ind_cb</a> from pal_rf.o(i._at86rf_rx_ind_cb) referenced from pal_rf.o(i.PalRfInitialize)
 <LI><a href="#[af]">_at86rf_tx_cfm_cb</a> from pal_rf.o(i._at86rf_tx_cfm_cb) referenced from pal_rf.o(i.PalRfInitialize)
 <LI><a href="#[8d]">_exception_event_cb</a> from pal.o(i._exception_event_cb) referenced from pal.o(i.MacRtInitialize)
 <LI><a href="#[8d]">_exception_event_cb</a> from pal.o(i._exception_event_cb) referenced from pal.o(i.MacRtResetRequest)
 <LI><a href="#[69]">_get_lc_ctype</a> from lc_ctype_c.o(locale$$code) referenced from rt_ctype_table.o(.text)
 <LI><a href="#[b7]">_get_req</a> from atpl360.o(i._get_req) referenced from atpl360.o(i.atpl360_init)
 <LI><a href="#[b8]">_get_timer_ref</a> from atpl360.o(i._get_timer_ref) referenced from atpl360.o(i.atpl360_init)
 <LI><a href="#[b9]">_get_tone_map_rsp</a> from atpl360.o(i._get_tone_map_rsp) referenced from atpl360.o(i.atpl360_init)
 <LI><a href="#[bf]">_handler_atpl360_ext_int</a> from atpl360.o(i._handler_atpl360_ext_int) referenced from atpl360.o(i.atpl360_init)
 <LI><a href="#[c7]">_oss_1ms_timer_handler</a> from oss_if.o(i._oss_1ms_timer_handler) referenced from oss_if.o(i.oss_start)
 <LI><a href="#[8c]">_plme_get_confirm_cb</a> from pal.o(i._plme_get_confirm_cb) referenced from pal.o(i.MacRtInitialize)
 <LI><a href="#[8c]">_plme_get_confirm_cb</a> from pal.o(i._plme_get_confirm_cb) referenced from pal.o(i.MacRtResetRequest)
 <LI><a href="#[cb]">_prf_if_int_handler</a> from prf_if.o(i._prf_if_int_handler) referenced from prf_if.o(i.prf_if_set_handler)
 <LI><a href="#[68]">_printf_input_char</a> from _printf_char_common.o(.text) referenced from _printf_char_common.o(.text)
 <LI><a href="#[8b]">_process_frame_cb</a> from pal.o(i._process_frame_cb) referenced from pal.o(i.MacRtInitialize)
 <LI><a href="#[8b]">_process_frame_cb</a> from pal.o(i._process_frame_cb) referenced from pal.o(i.MacRtResetRequest)
 <LI><a href="#[8e]">_restore_configuration</a> from pal.o(i._restore_configuration) referenced from pal.o(i.MacRtInitialize)
 <LI><a href="#[8e]">_restore_configuration</a> from pal.o(i._restore_configuration) referenced from pal.o(i.MacRtResetRequest)
 <LI><a href="#[ba]">_set_callbacks</a> from atpl360.o(i._set_callbacks) referenced from atpl360.o(i.atpl360_init)
 <LI><a href="#[bb]">_set_coordinator</a> from atpl360.o(i._set_coordinator) referenced from atpl360.o(i.atpl360_init)
 <LI><a href="#[bd]">_set_req</a> from atpl360.o(i._set_req) referenced from atpl360.o(i.atpl360_init)
 <LI><a href="#[bc]">_set_spec15_compliance</a> from atpl360.o(i._set_spec15_compliance) referenced from atpl360.o(i.atpl360_init)
 <LI><a href="#[8a]">_tx_confirm_cb</a> from pal.o(i._tx_confirm_cb) referenced from pal.o(i.MacRtInitialize)
 <LI><a href="#[8a]">_tx_confirm_cb</a> from pal.o(i._tx_confirm_cb) referenced from pal.o(i.MacRtResetRequest)
 <LI><a href="#[b2]">_tx_prog_handler</a> from rf215_tx.o(i._tx_prog_handler) referenced from rf215_tx.o(i._tx_prog_handler)
 <LI><a href="#[b2]">_tx_prog_handler</a> from rf215_tx.o(i._tx_prog_handler) referenced from rf215_tx.o(i.at86rf_tx_req)
 <LI><a href="#[b2]">_tx_prog_handler</a> from rf215_tx.o(i._tx_prog_handler) referenced from rf215_tx.o(i.rf215_tx_edc_event)
 <LI><a href="#[b2]">_tx_prog_handler</a> from rf215_tx.o(i._tx_prog_handler) referenced from rf215_tx.o(i.rf215_tx_trxrdy_event)
 <LI><a href="#[be]">_tx_request</a> from atpl360.o(i._tx_request) referenced from atpl360.o(i.atpl360_init)
 <LI><a href="#[c3]">adp_mac_serial_if_init</a> from serial_if_common.o(i.adp_mac_serial_if_init) referenced from main.o(i.main)
 <LI><a href="#[c4]">adp_mac_serial_if_process</a> from serial_if_common.o(i.adp_mac_serial_if_process) referenced from main.o(i.main)
 <LI><a href="#[fd]">aes_crypt_ecb_wrap</a> from cipher_wrap.o(i.aes_crypt_ecb_wrap) referenced from cipher_wrap.o(.constdata)
 <LI><a href="#[100]">aes_ctx_alloc</a> from cipher_wrap.o(i.aes_ctx_alloc) referenced from cipher_wrap.o(.constdata)
 <LI><a href="#[101]">aes_ctx_free</a> from cipher_wrap.o(i.aes_ctx_free) referenced from cipher_wrap.o(.constdata)
 <LI><a href="#[ff]">aes_setkey_dec_wrap</a> from cipher_wrap.o(i.aes_setkey_dec_wrap) referenced from cipher_wrap.o(.constdata)
 <LI><a href="#[fe]">aes_setkey_enc_wrap</a> from cipher_wrap.o(i.aes_setkey_enc_wrap) referenced from cipher_wrap.o(.constdata)
 <LI><a href="#[c6]">buffer_alloc_calloc</a> from memory_buffer_alloc.o(i.buffer_alloc_calloc) referenced from memory_buffer_alloc.o(i.mbedtls_memory_buffer_alloc_init)
 <LI><a href="#[c5]">buffer_alloc_free</a> from memory_buffer_alloc.o(i.buffer_alloc_free) referenced from memory_buffer_alloc.o(i.mbedtls_memory_buffer_alloc_init)
 <LI><a href="#[105]">ccm_aes_setkey_wrap</a> from cipher_wrap.o(i.ccm_aes_setkey_wrap) referenced 2 times from cipher_wrap.o(.constdata)
 <LI><a href="#[106]">ccm_ctx_alloc</a> from cipher_wrap.o(i.ccm_ctx_alloc) referenced from cipher_wrap.o(.constdata)
 <LI><a href="#[107]">ccm_ctx_free</a> from cipher_wrap.o(i.ccm_ctx_free) referenced from cipher_wrap.o(.constdata)
 <LI><a href="#[67]">fputc</a> from retarget.o(i.fputc) referenced from _printf_char_file.o(.text)
 <LI><a href="#[102]">gcm_aes_setkey_wrap</a> from cipher_wrap.o(i.gcm_aes_setkey_wrap) referenced 2 times from cipher_wrap.o(.constdata)
 <LI><a href="#[103]">gcm_ctx_alloc</a> from cipher_wrap.o(i.gcm_ctx_alloc) referenced from cipher_wrap.o(.constdata)
 <LI><a href="#[104]">gcm_ctx_free</a> from cipher_wrap.o(i.gcm_ctx_free) referenced from cipher_wrap.o(.constdata)
 <LI><a href="#[9]">memset</a> from memset.o(.text) referenced 2 times from platform_util.o(.data)
 <LI><a href="#[5]">platform_calloc_uninit</a> from platform.o(i.platform_calloc_uninit) referenced 2 times from platform.o(.data)
 <LI><a href="#[8]">platform_exit_uninit</a> from platform.o(i.platform_exit_uninit) referenced 2 times from platform.o(.data)
 <LI><a href="#[6]">platform_free_uninit</a> from platform.o(i.platform_free_uninit) referenced 2 times from platform.o(.data)
 <LI><a href="#[7]">platform_printf_uninit</a> from platform.o(i.platform_printf_uninit) referenced 2 times from platform.o(.data)
 <LI><a href="#[88]">pplc_if_delay</a> from pplc_if.o(i.pplc_if_delay) referenced from pal.o(i.MacRtInitialize)
 <LI><a href="#[87]">pplc_if_enable_interrupt</a> from pplc_if.o(i.pplc_if_enable_interrupt) referenced from pal.o(i.MacRtInitialize)
 <LI><a href="#[89]">pplc_if_get_thermal_warning</a> from pplc_if.o(i.pplc_if_get_thermal_warning) referenced from pal.o(i.MacRtInitialize)
 <LI><a href="#[81]">pplc_if_init</a> from pplc_if.o(i.pplc_if_init) referenced from pal.o(i.MacRtInitialize)
 <LI><a href="#[ca]">pplc_if_int_handler</a> from pplc_if.o(i.pplc_if_int_handler) referenced from pplc_if.o(i.pplc_if_set_handler)
 <LI><a href="#[82]">pplc_if_reset</a> from pplc_if.o(i.pplc_if_reset) referenced from pal.o(i.MacRtInitialize)
 <LI><a href="#[85]">pplc_if_send_boot_cmd</a> from pplc_if.o(i.pplc_if_send_boot_cmd) referenced from pal.o(i.MacRtInitialize)
 <LI><a href="#[86]">pplc_if_send_wrrd_cmd</a> from pplc_if.o(i.pplc_if_send_wrrd_cmd) referenced from pal.o(i.MacRtInitialize)
 <LI><a href="#[84]">pplc_if_set_handler</a> from pplc_if.o(i.pplc_if_set_handler) referenced from pal.o(i.MacRtInitialize)
 <LI><a href="#[83]">pplc_if_set_stby_mode</a> from pplc_if.o(i.pplc_if_set_stby_mode) referenced from pal.o(i.MacRtInitialize)
 <LI><a href="#[a5]">prf_if_enable_interrupt</a> from prf_if.o(i.prf_if_enable_interrupt) referenced from pal_rf.o(i.PalRfInitialize)
 <LI><a href="#[a3]">prf_if_init</a> from prf_if.o(i.prf_if_init) referenced from pal_rf.o(i.PalRfInitialize)
 <LI><a href="#[a8]">prf_if_is_spi_busy</a> from prf_if.o(i.prf_if_is_spi_busy) referenced from pal_rf.o(i.PalRfInitialize)
 <LI><a href="#[a9]">prf_if_led</a> from prf_if.o(i.prf_if_led) referenced from pal_rf.o(i.PalRfInitialize)
 <LI><a href="#[a4]">prf_if_reset</a> from prf_if.o(i.prf_if_reset) referenced from pal_rf.o(i.PalRfInitialize)
 <LI><a href="#[a7]">prf_if_send_spi_cmd</a> from prf_if.o(i.prf_if_send_spi_cmd) referenced from pal_rf.o(i.PalRfInitialize)
 <LI><a href="#[a6]">prf_if_set_handler</a> from prf_if.o(i.prf_if_set_handler) referenced from pal_rf.o(i.PalRfInitialize)
 <LI><a href="#[b6]">rf215_irq_handler</a> from rf215_irq.o(i.rf215_irq_handler) referenced from at86rf215.o(i.at86rf_enable)
 <LI><a href="#[b5]">serial_if_coordinator_api_parser</a> from serial_if_coordinator.o(i.serial_if_coordinator_api_parser) referenced from serial_if_common.o(i.adp_mac_serial_if_init)
 <LI><a href="#[b4]">serial_if_g3adp_api_parser</a> from serial_if_adp.o(i.serial_if_g3adp_api_parser) referenced from serial_if_common.o(i.adp_mac_serial_if_init)
 <LI><a href="#[b3]">serial_if_g3mac_api_parser</a> from serial_if_mac.o(i.serial_if_g3mac_api_parser) referenced from serial_if_common.o(i.adp_mac_serial_if_init)
 <LI><a href="#[c2]">store_persistent_info</a> from storage.o(i.store_persistent_info) referenced from storage.o(i.load_persistent_info)
 <LI><a href="#[ad]">timer_1us_cancel_int</a> from timer_1us.o(i.timer_1us_cancel_int) referenced from pal_rf.o(i.PalRfInitialize)
 <LI><a href="#[ab]">timer_1us_enable_interrupt</a> from timer_1us.o(i.timer_1us_enable_interrupt) referenced from pal_rf.o(i.PalRfInitialize)
 <LI><a href="#[aa]">timer_1us_get</a> from timer_1us.o(i.timer_1us_get) referenced from pal_rf.o(i.PalRfInitialize)
 <LI><a href="#[ac]">timer_1us_set_int</a> from timer_1us.o(i.timer_1us_set_int) referenced from pal_rf.o(i.PalRfInitialize)
 <LI><a href="#[f8]">udc_valid_address</a> from udc.o(i.udc_valid_address) referenced from udc.o(i.udc_reqstd)
 <LI><a href="#[b]">udi_cdc_comm_disable</a> from udi_cdc.o(i.udi_cdc_comm_disable) referenced 2 times from udi_cdc.o(.data)
 <LI><a href="#[a]">udi_cdc_comm_enable</a> from udi_cdc.o(i.udi_cdc_comm_enable) referenced 2 times from udi_cdc.o(.data)
 <LI><a href="#[c]">udi_cdc_comm_setup</a> from udi_cdc.o(i.udi_cdc_comm_setup) referenced 2 times from udi_cdc.o(.data)
 <LI><a href="#[f]">udi_cdc_data_disable</a> from udi_cdc.o(i.udi_cdc_data_disable) referenced 2 times from udi_cdc.o(.data)
 <LI><a href="#[e]">udi_cdc_data_enable</a> from udi_cdc.o(i.udi_cdc_data_enable) referenced 2 times from udi_cdc.o(.data)
 <LI><a href="#[fb]">udi_cdc_data_received</a> from udi_cdc.o(i.udi_cdc_data_received) referenced from udi_cdc.o(i.udi_cdc_data_received)
 <LI><a href="#[fb]">udi_cdc_data_received</a> from udi_cdc.o(i.udi_cdc_data_received) referenced from udi_cdc.o(i.udi_cdc_rx_start)
 <LI><a href="#[fc]">udi_cdc_data_sent</a> from udi_cdc.o(i.udi_cdc_data_sent) referenced from udi_cdc.o(i.udi_cdc_tx_send)
 <LI><a href="#[10]">udi_cdc_data_setup</a> from udi_cdc.o(i.udi_cdc_data_setup) referenced 2 times from udi_cdc.o(.data)
 <LI><a href="#[11]">udi_cdc_data_sof_notify</a> from udi_cdc.o(i.udi_cdc_data_sof_notify) referenced 2 times from udi_cdc.o(.data)
 <LI><a href="#[d]">udi_cdc_getsetting</a> from udi_cdc.o(i.udi_cdc_getsetting) referenced 4 times from udi_cdc.o(.data)
 <LI><a href="#[f9]">udi_cdc_line_coding_received</a> from udi_cdc.o(i.udi_cdc_line_coding_received) referenced from udi_cdc.o(i.udi_cdc_comm_setup)
 <LI><a href="#[fa]">udi_cdc_serial_state_msg_sent</a> from udi_cdc.o(i.udi_cdc_serial_state_msg_sent) referenced from udi_cdc.o(i.udi_cdc_ctrl_state_change)
 <LI><a href="#[fa]">udi_cdc_serial_state_msg_sent</a> from udi_cdc.o(i.udi_cdc_serial_state_msg_sent) referenced from udi_cdc.o(i.udi_cdc_ctrl_state_notify)
 <LI><a href="#[c9]">usart_serial_getchar</a> from hal.o(i.usart_serial_getchar) referenced from hal.o(i.platform_init_hw)
 <LI><a href="#[c8]">usart_serial_putchar</a> from hal.o(i.usart_serial_putchar) referenced from hal.o(i.platform_init_hw)
</UL>
<P>
<H3>
Global Symbols
</H3>
<P><STRONG><a name="[108]"></a>__main</STRONG> (Thumb, 8 bytes, Stack size 0 bytes, __main.o(!!!main))
<BR><BR>[Calls]<UL><LI><a href="#[10a]">&gt;&gt;</a>&nbsp;&nbsp;&nbsp;__rt_entry
<LI><a href="#[109]">&gt;&gt;</a>&nbsp;&nbsp;&nbsp;__scatterload
</UL>

<P><STRONG><a name="[109]"></a>__scatterload</STRONG> (Thumb, 0 bytes, Stack size unknown bytes, __scatter.o(!!!scatter))
<BR><BR>[Called By]<UL><LI><a href="#[108]">&gt;&gt;</a>&nbsp;&nbsp;&nbsp;__main
</UL>

<P><STRONG><a name="[10b]"></a>__scatterload_rt2</STRONG> (Thumb, 44 bytes, Stack size unknown bytes, __scatter.o(!!!scatter), UNUSED)
<BR><BR>[Calls]<UL><LI><a href="#[10a]">&gt;&gt;</a>&nbsp;&nbsp;&nbsp;__rt_entry
</UL>

<P><STRONG><a name="[4f0]"></a>__scatterload_rt2_thumb_only</STRONG> (Thumb, 0 bytes, Stack size unknown bytes, __scatter.o(!!!scatter), UNUSED)

<P><STRONG><a name="[4f1]"></a>__scatterload_null</STRONG> (Thumb, 0 bytes, Stack size unknown bytes, __scatter.o(!!!scatter), UNUSED)

<P><STRONG><a name="[4f2]"></a>__decompress</STRONG> (Thumb, 90 bytes, Stack size unknown bytes, __dczerorl2.o(!!dczerorl2), UNUSED)

<P><STRONG><a name="[4f3]"></a>__decompress1</STRONG> (Thumb, 0 bytes, Stack size unknown bytes, __dczerorl2.o(!!dczerorl2), UNUSED)

<P><STRONG><a name="[10c]"></a>__scatterload_copy</STRONG> (Thumb, 26 bytes, Stack size unknown bytes, __scatter_copy.o(!!handler_copy), UNUSED)
<BR><BR>[Calls]<UL><LI><a href="#[10c]">&gt;&gt;</a>&nbsp;&nbsp;&nbsp;__scatterload_copy
</UL>
<BR>[Called By]<UL><LI><a href="#[10c]">&gt;&gt;</a>&nbsp;&nbsp;&nbsp;__scatterload_copy
</UL>

<P><STRONG><a name="[4f4]"></a>__scatterload_zeroinit</STRONG> (Thumb, 28 bytes, Stack size unknown bytes, __scatter_zi.o(!!handler_zi), UNUSED)

<P><STRONG><a name="[10d]"></a>_printf_n</STRONG> (Thumb, 0 bytes, Stack size unknown bytes, _printf_n.o(.ARM.Collect$$_printf_percent$$00000001))
<BR><BR>[Calls]<UL><LI><a href="#[10e]">&gt;&gt;</a>&nbsp;&nbsp;&nbsp;_printf_charcount
</UL>

<P><STRONG><a name="[2b7]"></a>_printf_percent</STRONG> (Thumb, 0 bytes, Stack size unknown bytes, _printf_percent.o(.ARM.Collect$$_printf_percent$$00000000))
<BR><BR>[Called By]<UL><LI><a href="#[2b5]">&gt;&gt;</a>&nbsp;&nbsp;&nbsp;__printf
</UL>

<P><STRONG><a name="[10f]"></a>_printf_p</STRONG> (Thumb, 0 bytes, Stack size unknown bytes, _printf_p.o(.ARM.Collect$$_printf_percent$$00000002))
<BR><BR>[Stack]<UL><LI>Max Depth = 64 + Unknown Stack Size
<LI>Call Chain = _printf_p &rArr; _printf_hex_ptr &rArr; _printf_longlong_hex &rArr; _printf_int_common &rArr; _printf_post_padding
</UL>
<BR>[Calls]<UL><LI><a href="#[110]">&gt;&gt;</a>&nbsp;&nbsp;&nbsp;_printf_hex_ptr
</UL>

<P><STRONG><a name="[111]"></a>_printf_f</STRONG> (Thumb, 0 bytes, Stack size unknown bytes, _printf_f.o(.ARM.Collect$$_printf_percent$$00000003))
<BR><BR>[Stack]<UL><LI>Max Depth = 324 + Unknown Stack Size
<LI>Call Chain = _printf_f &rArr; _printf_fp_dec &rArr; _printf_fp_dec_real &rArr; _fp_digits &rArr; _btod_etento &rArr; _btod_emul &rArr; _e2e
</UL>
<BR>[Calls]<UL><LI><a href="#[112]">&gt;&gt;</a>&nbsp;&nbsp;&nbsp;_printf_fp_dec
</UL>

<P><STRONG><a name="[113]"></a>_printf_e</STRONG> (Thumb, 0 bytes, Stack size unknown bytes, _printf_e.o(.ARM.Collect$$_printf_percent$$00000004))
<BR><BR>[Stack]<UL><LI>Max Depth = 324 + Unknown Stack Size
<LI>Call Chain = _printf_e &rArr; _printf_fp_dec &rArr; _printf_fp_dec_real &rArr; _fp_digits &rArr; _btod_etento &rArr; _btod_emul &rArr; _e2e
</UL>
<BR>[Calls]<UL><LI><a href="#[112]">&gt;&gt;</a>&nbsp;&nbsp;&nbsp;_printf_fp_dec
</UL>

<P><STRONG><a name="[114]"></a>_printf_g</STRONG> (Thumb, 0 bytes, Stack size unknown bytes, _printf_g.o(.ARM.Collect$$_printf_percent$$00000005))
<BR><BR>[Stack]<UL><LI>Max Depth = 324 + Unknown Stack Size
<LI>Call Chain = _printf_g &rArr; _printf_fp_dec &rArr; _printf_fp_dec_real &rArr; _fp_digits &rArr; _btod_etento &rArr; _btod_emul &rArr; _e2e
</UL>
<BR>[Calls]<UL><LI><a href="#[112]">&gt;&gt;</a>&nbsp;&nbsp;&nbsp;_printf_fp_dec
</UL>

<P><STRONG><a name="[115]"></a>_printf_a</STRONG> (Thumb, 0 bytes, Stack size unknown bytes, _printf_a.o(.ARM.Collect$$_printf_percent$$00000006))
<BR><BR>[Stack]<UL><LI>Max Depth = 112 + Unknown Stack Size
<LI>Call Chain = _printf_a &rArr; _printf_fp_hex &rArr; _printf_fp_hex_real &rArr; _printf_fp_infnan &rArr; _printf_post_padding
</UL>
<BR>[Calls]<UL><LI><a href="#[116]">&gt;&gt;</a>&nbsp;&nbsp;&nbsp;_printf_fp_hex
</UL>

<P><STRONG><a name="[4f5]"></a>_printf_ll</STRONG> (Thumb, 0 bytes, Stack size unknown bytes, _printf_ll.o(.ARM.Collect$$_printf_percent$$00000007))

<P><STRONG><a name="[117]"></a>_printf_i</STRONG> (Thumb, 0 bytes, Stack size unknown bytes, _printf_i.o(.ARM.Collect$$_printf_percent$$00000008))
<BR><BR>[Stack]<UL><LI>Max Depth = 72 + Unknown Stack Size
<LI>Call Chain = _printf_i &rArr; _printf_int_dec &rArr; _printf_int_common &rArr; _printf_post_padding
</UL>
<BR>[Calls]<UL><LI><a href="#[118]">&gt;&gt;</a>&nbsp;&nbsp;&nbsp;_printf_int_dec
</UL>

<P><STRONG><a name="[119]"></a>_printf_d</STRONG> (Thumb, 0 bytes, Stack size unknown bytes, _printf_d.o(.ARM.Collect$$_printf_percent$$00000009))
<BR><BR>[Stack]<UL><LI>Max Depth = 72 + Unknown Stack Size
<LI>Call Chain = _printf_d &rArr; _printf_int_dec &rArr; _printf_int_common &rArr; _printf_post_padding
</UL>
<BR>[Calls]<UL><LI><a href="#[118]">&gt;&gt;</a>&nbsp;&nbsp;&nbsp;_printf_int_dec
</UL>

<P><STRONG><a name="[11a]"></a>_printf_u</STRONG> (Thumb, 0 bytes, Stack size unknown bytes, _printf_u.o(.ARM.Collect$$_printf_percent$$0000000A))
<BR><BR>[Stack]<UL><LI>Max Depth = 72 + Unknown Stack Size
<LI>Call Chain = _printf_u &rArr; _printf_int_dec &rArr; _printf_int_common &rArr; _printf_post_padding
</UL>
<BR>[Calls]<UL><LI><a href="#[118]">&gt;&gt;</a>&nbsp;&nbsp;&nbsp;_printf_int_dec
</UL>

<P><STRONG><a name="[11b]"></a>_printf_o</STRONG> (Thumb, 0 bytes, Stack size unknown bytes, _printf_o.o(.ARM.Collect$$_printf_percent$$0000000B))
<BR><BR>[Stack]<UL><LI>Max Depth = 64 + Unknown Stack Size
<LI>Call Chain = _printf_o &rArr; _printf_int_oct &rArr; _printf_longlong_oct &rArr; _printf_int_common &rArr; _printf_post_padding
</UL>
<BR>[Calls]<UL><LI><a href="#[11c]">&gt;&gt;</a>&nbsp;&nbsp;&nbsp;_printf_int_oct
</UL>

<P><STRONG><a name="[11d]"></a>_printf_x</STRONG> (Thumb, 0 bytes, Stack size unknown bytes, _printf_x.o(.ARM.Collect$$_printf_percent$$0000000C))
<BR><BR>[Stack]<UL><LI>Max Depth = 80 + Unknown Stack Size
<LI>Call Chain = _printf_x &rArr; _printf_int_hex &rArr; _printf_longlong_hex &rArr; _printf_int_common &rArr; _printf_post_padding
</UL>
<BR>[Calls]<UL><LI><a href="#[11e]">&gt;&gt;</a>&nbsp;&nbsp;&nbsp;_printf_int_hex
</UL>

<P><STRONG><a name="[11f]"></a>_printf_lli</STRONG> (Thumb, 0 bytes, Stack size unknown bytes, _printf_lli.o(.ARM.Collect$$_printf_percent$$0000000D))
<BR><BR>[Stack]<UL><LI>Max Depth = 72 + Unknown Stack Size
<LI>Call Chain = _printf_lli &rArr; _printf_longlong_dec &rArr; _printf_int_common &rArr; _printf_post_padding
</UL>
<BR>[Calls]<UL><LI><a href="#[120]">&gt;&gt;</a>&nbsp;&nbsp;&nbsp;_printf_longlong_dec
</UL>

<P><STRONG><a name="[121]"></a>_printf_lld</STRONG> (Thumb, 0 bytes, Stack size unknown bytes, _printf_lld.o(.ARM.Collect$$_printf_percent$$0000000E))
<BR><BR>[Stack]<UL><LI>Max Depth = 72 + Unknown Stack Size
<LI>Call Chain = _printf_lld &rArr; _printf_longlong_dec &rArr; _printf_int_common &rArr; _printf_post_padding
</UL>
<BR>[Calls]<UL><LI><a href="#[120]">&gt;&gt;</a>&nbsp;&nbsp;&nbsp;_printf_longlong_dec
</UL>

<P><STRONG><a name="[122]"></a>_printf_llu</STRONG> (Thumb, 0 bytes, Stack size unknown bytes, _printf_llu.o(.ARM.Collect$$_printf_percent$$0000000F))
<BR><BR>[Stack]<UL><LI>Max Depth = 72 + Unknown Stack Size
<LI>Call Chain = _printf_llu &rArr; _printf_longlong_dec &rArr; _printf_int_common &rArr; _printf_post_padding
</UL>
<BR>[Calls]<UL><LI><a href="#[120]">&gt;&gt;</a>&nbsp;&nbsp;&nbsp;_printf_longlong_dec
</UL>

<P><STRONG><a name="[123]"></a>_printf_llo</STRONG> (Thumb, 0 bytes, Stack size unknown bytes, _printf_llo.o(.ARM.Collect$$_printf_percent$$00000010))
<BR><BR>[Stack]<UL><LI>Max Depth = 56 + Unknown Stack Size
<LI>Call Chain = _printf_llo &rArr; _printf_ll_oct &rArr; _printf_longlong_oct &rArr; _printf_int_common &rArr; _printf_post_padding
</UL>
<BR>[Calls]<UL><LI><a href="#[124]">&gt;&gt;</a>&nbsp;&nbsp;&nbsp;_printf_ll_oct
</UL>

<P><STRONG><a name="[125]"></a>_printf_llx</STRONG> (Thumb, 0 bytes, Stack size unknown bytes, _printf_llx.o(.ARM.Collect$$_printf_percent$$00000011))
<BR><BR>[Stack]<UL><LI>Max Depth = 64 + Unknown Stack Size
<LI>Call Chain = _printf_llx &rArr; _printf_ll_hex &rArr; _printf_longlong_hex &rArr; _printf_int_common &rArr; _printf_post_padding
</UL>
<BR>[Calls]<UL><LI><a href="#[126]">&gt;&gt;</a>&nbsp;&nbsp;&nbsp;_printf_ll_hex
</UL>

<P><STRONG><a name="[4f6]"></a>_printf_l</STRONG> (Thumb, 0 bytes, Stack size unknown bytes, _printf_l.o(.ARM.Collect$$_printf_percent$$00000012))

<P><STRONG><a name="[127]"></a>_printf_c</STRONG> (Thumb, 0 bytes, Stack size unknown bytes, _printf_c.o(.ARM.Collect$$_printf_percent$$00000013))
<BR><BR>[Stack]<UL><LI>Max Depth = 40 + Unknown Stack Size
<LI>Call Chain = _printf_c &rArr; _printf_char &rArr; _printf_cs_common &rArr; _printf_str &rArr; _printf_post_padding
</UL>
<BR>[Calls]<UL><LI><a href="#[128]">&gt;&gt;</a>&nbsp;&nbsp;&nbsp;_printf_char
</UL>

<P><STRONG><a name="[129]"></a>_printf_s</STRONG> (Thumb, 0 bytes, Stack size unknown bytes, _printf_s.o(.ARM.Collect$$_printf_percent$$00000014))
<BR><BR>[Stack]<UL><LI>Max Depth = 40 + Unknown Stack Size
<LI>Call Chain = _printf_s &rArr; _printf_string &rArr; _printf_cs_common &rArr; _printf_str &rArr; _printf_post_padding
</UL>
<BR>[Calls]<UL><LI><a href="#[12a]">&gt;&gt;</a>&nbsp;&nbsp;&nbsp;_printf_string
</UL>

<P><STRONG><a name="[12b]"></a>_printf_lc</STRONG> (Thumb, 0 bytes, Stack size unknown bytes, _printf_lc.o(.ARM.Collect$$_printf_percent$$00000015))
<BR><BR>[Stack]<UL><LI>Max Depth = 88 + Unknown Stack Size
<LI>Call Chain = _printf_lc &rArr; _printf_wchar &rArr; _printf_lcs_common &rArr; _printf_wctomb &rArr; _wcrtomb &rArr; __rt_ctype_table
</UL>
<BR>[Calls]<UL><LI><a href="#[12c]">&gt;&gt;</a>&nbsp;&nbsp;&nbsp;_printf_wchar
</UL>

<P><STRONG><a name="[12d]"></a>_printf_ls</STRONG> (Thumb, 0 bytes, Stack size unknown bytes, _printf_ls.o(.ARM.Collect$$_printf_percent$$00000016))
<BR><BR>[Stack]<UL><LI>Max Depth = 88 + Unknown Stack Size
<LI>Call Chain = _printf_ls &rArr; _printf_wstring &rArr; _printf_lcs_common &rArr; _printf_wctomb &rArr; _wcrtomb &rArr; __rt_ctype_table
</UL>
<BR>[Calls]<UL><LI><a href="#[12e]">&gt;&gt;</a>&nbsp;&nbsp;&nbsp;_printf_wstring
</UL>

<P><STRONG><a name="[4f7]"></a>_printf_percent_end</STRONG> (Thumb, 0 bytes, Stack size unknown bytes, _printf_percent_end.o(.ARM.Collect$$_printf_percent$$00000017))

<P><STRONG><a name="[139]"></a>__rt_lib_init</STRONG> (Thumb, 0 bytes, Stack size unknown bytes, libinit.o(.ARM.Collect$$libinit$$00000000))
<BR><BR>[Called By]<UL><LI><a href="#[138]">&gt;&gt;</a>&nbsp;&nbsp;&nbsp;__rt_entry_li
</UL>

<P><STRONG><a name="[4f8]"></a>__rt_lib_init_fp_1</STRONG> (Thumb, 0 bytes, Stack size unknown bytes, libinit2.o(.ARM.Collect$$libinit$$00000002))

<P><STRONG><a name="[4f9]"></a>__rt_lib_init_heap_1</STRONG> (Thumb, 0 bytes, Stack size unknown bytes, libinit2.o(.ARM.Collect$$libinit$$0000000A))

<P><STRONG><a name="[4fa]"></a>__rt_lib_init_preinit_1</STRONG> (Thumb, 0 bytes, Stack size unknown bytes, libinit2.o(.ARM.Collect$$libinit$$00000004))

<P><STRONG><a name="[12f]"></a>__rt_lib_init_rand_2</STRONG> (Thumb, 0 bytes, Stack size unknown bytes, libinit2.o(.ARM.Collect$$libinit$$0000000D))
<BR><BR>[Stack]<UL><LI>Max Depth = 8 + Unknown Stack Size
<LI>Call Chain = __rt_lib_init_rand_2 &rArr; _rand_init &rArr; srand
</UL>
<BR>[Calls]<UL><LI><a href="#[130]">&gt;&gt;</a>&nbsp;&nbsp;&nbsp;_rand_init
</UL>

<P><STRONG><a name="[4fb]"></a>__rt_lib_init_user_alloc_1</STRONG> (Thumb, 0 bytes, Stack size unknown bytes, libinit2.o(.ARM.Collect$$libinit$$0000000C))

<P><STRONG><a name="[131]"></a>__rt_lib_init_lc_common</STRONG> (Thumb, 0 bytes, Stack size unknown bytes, libinit2.o(.ARM.Collect$$libinit$$0000000F))
<BR><BR>[Calls]<UL><LI><a href="#[132]">&gt;&gt;</a>&nbsp;&nbsp;&nbsp;__rt_locale
</UL>

<P><STRONG><a name="[4fc]"></a>__rt_lib_init_rand_1</STRONG> (Thumb, 0 bytes, Stack size unknown bytes, libinit2.o(.ARM.Collect$$libinit$$0000000E))

<P><STRONG><a name="[4fd]"></a>__rt_lib_init_lc_collate_1</STRONG> (Thumb, 0 bytes, Stack size unknown bytes, libinit2.o(.ARM.Collect$$libinit$$00000011))

<P><STRONG><a name="[133]"></a>__rt_lib_init_lc_ctype_2</STRONG> (Thumb, 0 bytes, Stack size unknown bytes, libinit2.o(.ARM.Collect$$libinit$$00000012))
<BR><BR>[Stack]<UL><LI>Max Depth = 8 + Unknown Stack Size
<LI>Call Chain = __rt_lib_init_lc_ctype_2 &rArr; _get_lc_ctype
</UL>
<BR>[Calls]<UL><LI><a href="#[69]">&gt;&gt;</a>&nbsp;&nbsp;&nbsp;_get_lc_ctype
</UL>

<P><STRONG><a name="[4fe]"></a>__rt_lib_init_lc_ctype_1</STRONG> (Thumb, 0 bytes, Stack size unknown bytes, libinit2.o(.ARM.Collect$$libinit$$00000013))

<P><STRONG><a name="[4ff]"></a>__rt_lib_init_lc_monetary_1</STRONG> (Thumb, 0 bytes, Stack size unknown bytes, libinit2.o(.ARM.Collect$$libinit$$00000015))

<P><STRONG><a name="[134]"></a>__rt_lib_init_lc_numeric_2</STRONG> (Thumb, 0 bytes, Stack size unknown bytes, libinit2.o(.ARM.Collect$$libinit$$00000016))
<BR><BR>[Stack]<UL><LI>Max Depth = 8 + Unknown Stack Size
<LI>Call Chain = __rt_lib_init_lc_numeric_2 &rArr; _get_lc_numeric
</UL>
<BR>[Calls]<UL><LI><a href="#[135]">&gt;&gt;</a>&nbsp;&nbsp;&nbsp;_get_lc_numeric
</UL>

<P><STRONG><a name="[500]"></a>__rt_lib_init_alloca_1</STRONG> (Thumb, 0 bytes, Stack size unknown bytes, libinit2.o(.ARM.Collect$$libinit$$0000002E))

<P><STRONG><a name="[501]"></a>__rt_lib_init_argv_1</STRONG> (Thumb, 0 bytes, Stack size unknown bytes, libinit2.o(.ARM.Collect$$libinit$$0000002C))

<P><STRONG><a name="[502]"></a>__rt_lib_init_atexit_1</STRONG> (Thumb, 0 bytes, Stack size unknown bytes, libinit2.o(.ARM.Collect$$libinit$$0000001B))

<P><STRONG><a name="[503]"></a>__rt_lib_init_clock_1</STRONG> (Thumb, 0 bytes, Stack size unknown bytes, libinit2.o(.ARM.Collect$$libinit$$00000021))

<P><STRONG><a name="[504]"></a>__rt_lib_init_cpp_1</STRONG> (Thumb, 0 bytes, Stack size unknown bytes, libinit2.o(.ARM.Collect$$libinit$$00000032))

<P><STRONG><a name="[505]"></a>__rt_lib_init_exceptions_1</STRONG> (Thumb, 0 bytes, Stack size unknown bytes, libinit2.o(.ARM.Collect$$libinit$$00000030))

<P><STRONG><a name="[506]"></a>__rt_lib_init_fp_trap_1</STRONG> (Thumb, 0 bytes, Stack size unknown bytes, libinit2.o(.ARM.Collect$$libinit$$0000001F))

<P><STRONG><a name="[507]"></a>__rt_lib_init_getenv_1</STRONG> (Thumb, 0 bytes, Stack size unknown bytes, libinit2.o(.ARM.Collect$$libinit$$00000023))

<P><STRONG><a name="[508]"></a>__rt_lib_init_lc_numeric_1</STRONG> (Thumb, 0 bytes, Stack size unknown bytes, libinit2.o(.ARM.Collect$$libinit$$00000017))

<P><STRONG><a name="[509]"></a>__rt_lib_init_lc_time_1</STRONG> (Thumb, 0 bytes, Stack size unknown bytes, libinit2.o(.ARM.Collect$$libinit$$00000019))

<P><STRONG><a name="[50a]"></a>__rt_lib_init_return</STRONG> (Thumb, 0 bytes, Stack size unknown bytes, libinit2.o(.ARM.Collect$$libinit$$00000033))

<P><STRONG><a name="[50b]"></a>__rt_lib_init_signal_1</STRONG> (Thumb, 0 bytes, Stack size unknown bytes, libinit2.o(.ARM.Collect$$libinit$$0000001D))

<P><STRONG><a name="[50c]"></a>__rt_lib_init_stdio_1</STRONG> (Thumb, 0 bytes, Stack size unknown bytes, libinit2.o(.ARM.Collect$$libinit$$00000025))

<P><STRONG><a name="[13e]"></a>__rt_lib_shutdown</STRONG> (Thumb, 0 bytes, Stack size unknown bytes, libshutdown.o(.ARM.Collect$$libshutdown$$00000000))
<BR><BR>[Called By]<UL><LI><a href="#[13d]">&gt;&gt;</a>&nbsp;&nbsp;&nbsp;__rt_exit_ls
</UL>

<P><STRONG><a name="[50d]"></a>__rt_lib_shutdown_cpp_1</STRONG> (Thumb, 0 bytes, Stack size unknown bytes, libshutdown2.o(.ARM.Collect$$libshutdown$$00000004))

<P><STRONG><a name="[50e]"></a>__rt_lib_shutdown_fini_1</STRONG> (Thumb, 0 bytes, Stack size unknown bytes, libshutdown2.o(.ARM.Collect$$libshutdown$$00000002))

<P><STRONG><a name="[50f]"></a>__rt_lib_shutdown_fp_trap_1</STRONG> (Thumb, 0 bytes, Stack size unknown bytes, libshutdown2.o(.ARM.Collect$$libshutdown$$00000009))

<P><STRONG><a name="[510]"></a>__rt_lib_shutdown_heap_1</STRONG> (Thumb, 0 bytes, Stack size unknown bytes, libshutdown2.o(.ARM.Collect$$libshutdown$$00000011))

<P><STRONG><a name="[511]"></a>__rt_lib_shutdown_return</STRONG> (Thumb, 0 bytes, Stack size unknown bytes, libshutdown2.o(.ARM.Collect$$libshutdown$$00000012))

<P><STRONG><a name="[512]"></a>__rt_lib_shutdown_signal_1</STRONG> (Thumb, 0 bytes, Stack size unknown bytes, libshutdown2.o(.ARM.Collect$$libshutdown$$0000000C))

<P><STRONG><a name="[513]"></a>__rt_lib_shutdown_stdio_1</STRONG> (Thumb, 0 bytes, Stack size unknown bytes, libshutdown2.o(.ARM.Collect$$libshutdown$$00000006))

<P><STRONG><a name="[514]"></a>__rt_lib_shutdown_user_alloc_1</STRONG> (Thumb, 0 bytes, Stack size unknown bytes, libshutdown2.o(.ARM.Collect$$libshutdown$$0000000E))

<P><STRONG><a name="[10a]"></a>__rt_entry</STRONG> (Thumb, 0 bytes, Stack size unknown bytes, __rtentry.o(.ARM.Collect$$rtentry$$00000000))
<BR><BR>[Called By]<UL><LI><a href="#[108]">&gt;&gt;</a>&nbsp;&nbsp;&nbsp;__main
<LI><a href="#[10b]">&gt;&gt;</a>&nbsp;&nbsp;&nbsp;__scatterload_rt2
</UL>

<P><STRONG><a name="[515]"></a>__rt_entry_presh_1</STRONG> (Thumb, 0 bytes, Stack size unknown bytes, __rtentry2.o(.ARM.Collect$$rtentry$$00000002))

<P><STRONG><a name="[136]"></a>__rt_entry_sh</STRONG> (Thumb, 0 bytes, Stack size unknown bytes, __rtentry4.o(.ARM.Collect$$rtentry$$00000004))
<BR><BR>[Stack]<UL><LI>Max Depth = 8 + Unknown Stack Size
<LI>Call Chain = __rt_entry_sh &rArr; __user_setup_stackheap
</UL>
<BR>[Calls]<UL><LI><a href="#[137]">&gt;&gt;</a>&nbsp;&nbsp;&nbsp;__user_setup_stackheap
</UL>

<P><STRONG><a name="[138]"></a>__rt_entry_li</STRONG> (Thumb, 0 bytes, Stack size unknown bytes, __rtentry2.o(.ARM.Collect$$rtentry$$0000000A))
<BR><BR>[Calls]<UL><LI><a href="#[139]">&gt;&gt;</a>&nbsp;&nbsp;&nbsp;__rt_lib_init
</UL>

<P><STRONG><a name="[516]"></a>__rt_entry_postsh_1</STRONG> (Thumb, 0 bytes, Stack size unknown bytes, __rtentry2.o(.ARM.Collect$$rtentry$$00000009))

<P><STRONG><a name="[13a]"></a>__rt_entry_main</STRONG> (Thumb, 0 bytes, Stack size unknown bytes, __rtentry2.o(.ARM.Collect$$rtentry$$0000000D))
<BR><BR>[Stack]<UL><LI>Max Depth = 244 + Unknown Stack Size
<LI>Call Chain = __rt_entry_main &rArr; main &rArr; oss_init &rArr; platform_init_hw &rArr; sysclk_init &rArr; efc_perform_read_sequence
</UL>
<BR>[Calls]<UL><LI><a href="#[13b]">&gt;&gt;</a>&nbsp;&nbsp;&nbsp;main
<LI><a href="#[13c]">&gt;&gt;</a>&nbsp;&nbsp;&nbsp;exit
</UL>

<P><STRONG><a name="[517]"></a>__rt_entry_postli_1</STRONG> (Thumb, 0 bytes, Stack size unknown bytes, __rtentry2.o(.ARM.Collect$$rtentry$$0000000C))

<P><STRONG><a name="[2d9]"></a>__rt_exit</STRONG> (Thumb, 0 bytes, Stack size unknown bytes, rtexit.o(.ARM.Collect$$rtexit$$00000000))
<BR><BR>[Called By]<UL><LI><a href="#[13c]">&gt;&gt;</a>&nbsp;&nbsp;&nbsp;exit
</UL>

<P><STRONG><a name="[13d]"></a>__rt_exit_ls</STRONG> (Thumb, 0 bytes, Stack size unknown bytes, rtexit2.o(.ARM.Collect$$rtexit$$00000003))
<BR><BR>[Calls]<UL><LI><a href="#[13e]">&gt;&gt;</a>&nbsp;&nbsp;&nbsp;__rt_lib_shutdown
</UL>

<P><STRONG><a name="[518]"></a>__rt_exit_prels_1</STRONG> (Thumb, 0 bytes, Stack size unknown bytes, rtexit2.o(.ARM.Collect$$rtexit$$00000002))

<P><STRONG><a name="[13f]"></a>__rt_exit_exit</STRONG> (Thumb, 0 bytes, Stack size unknown bytes, rtexit2.o(.ARM.Collect$$rtexit$$00000004))
<BR><BR>[Calls]<UL><LI><a href="#[140]">&gt;&gt;</a>&nbsp;&nbsp;&nbsp;_sys_exit
</UL>

<P><STRONG><a name="[45a]"></a>rand</STRONG> (Thumb, 48 bytes, Stack size 0 bytes, rand.o(.emb_text))
<BR><BR>[Called By]<UL><LI><a href="#[357]">&gt;&gt;</a>&nbsp;&nbsp;&nbsp;platform_random_16
<LI><a href="#[350]">&gt;&gt;</a>&nbsp;&nbsp;&nbsp;platform_random_32
</UL>

<P><STRONG><a name="[17]"></a>Reset_Handler</STRONG> (Thumb, 8 bytes, Stack size 0 bytes, startup_samg55.o(.text))
<BR>[Address Reference Count : 1]<UL><LI> startup_samg55.o(RESET)
</UL>
<P><STRONG><a name="[18]"></a>NMI_Handler</STRONG> (Thumb, 2 bytes, Stack size 0 bytes, startup_samg55.o(.text))
<BR><BR>[Calls]<UL><LI><a href="#[18]">&gt;&gt;</a>&nbsp;&nbsp;&nbsp;NMI_Handler
</UL>
<BR>[Called By]<UL><LI><a href="#[18]">&gt;&gt;</a>&nbsp;&nbsp;&nbsp;NMI_Handler
</UL>
<BR>[Address Reference Count : 1]<UL><LI> startup_samg55.o(RESET)
</UL>
<P><STRONG><a name="[19]"></a>HardFault_Handler</STRONG> (Thumb, 2 bytes, Stack size 0 bytes, startup_samg55.o(.text))
<BR><BR>[Calls]<UL><LI><a href="#[19]">&gt;&gt;</a>&nbsp;&nbsp;&nbsp;HardFault_Handler
</UL>
<BR>[Called By]<UL><LI><a href="#[19]">&gt;&gt;</a>&nbsp;&nbsp;&nbsp;HardFault_Handler
</UL>
<BR>[Address Reference Count : 1]<UL><LI> startup_samg55.o(RESET)
</UL>
<P><STRONG><a name="[1a]"></a>MemManage_Handler</STRONG> (Thumb, 2 bytes, Stack size 0 bytes, startup_samg55.o(.text))
<BR><BR>[Calls]<UL><LI><a href="#[1a]">&gt;&gt;</a>&nbsp;&nbsp;&nbsp;MemManage_Handler
</UL>
<BR>[Called By]<UL><LI><a href="#[1a]">&gt;&gt;</a>&nbsp;&nbsp;&nbsp;MemManage_Handler
</UL>
<BR>[Address Reference Count : 1]<UL><LI> startup_samg55.o(RESET)
</UL>
<P><STRONG><a name="[1b]"></a>BusFault_Handler</STRONG> (Thumb, 2 bytes, Stack size 0 bytes, startup_samg55.o(.text))
<BR><BR>[Calls]<UL><LI><a href="#[1b]">&gt;&gt;</a>&nbsp;&nbsp;&nbsp;BusFault_Handler
</UL>
<BR>[Called By]<UL><LI><a href="#[1b]">&gt;&gt;</a>&nbsp;&nbsp;&nbsp;BusFault_Handler
</UL>
<BR>[Address Reference Count : 1]<UL><LI> startup_samg55.o(RESET)
</UL>
<P><STRONG><a name="[1c]"></a>UsageFault_Handler</STRONG> (Thumb, 2 bytes, Stack size 0 bytes, startup_samg55.o(.text))
<BR><BR>[Calls]<UL><LI><a href="#[1c]">&gt;&gt;</a>&nbsp;&nbsp;&nbsp;UsageFault_Handler
</UL>
<BR>[Called By]<UL><LI><a href="#[1c]">&gt;&gt;</a>&nbsp;&nbsp;&nbsp;UsageFault_Handler
</UL>
<BR>[Address Reference Count : 1]<UL><LI> startup_samg55.o(RESET)
</UL>
<P><STRONG><a name="[1d]"></a>SVC_Handler</STRONG> (Thumb, 2 bytes, Stack size 0 bytes, startup_samg55.o(.text))
<BR><BR>[Calls]<UL><LI><a href="#[1d]">&gt;&gt;</a>&nbsp;&nbsp;&nbsp;SVC_Handler
</UL>
<BR>[Called By]<UL><LI><a href="#[1d]">&gt;&gt;</a>&nbsp;&nbsp;&nbsp;SVC_Handler
</UL>
<BR>[Address Reference Count : 1]<UL><LI> startup_samg55.o(RESET)
</UL>
<P><STRONG><a name="[1e]"></a>DebugMon_Handler</STRONG> (Thumb, 2 bytes, Stack size 0 bytes, startup_samg55.o(.text))
<BR><BR>[Calls]<UL><LI><a href="#[1e]">&gt;&gt;</a>&nbsp;&nbsp;&nbsp;DebugMon_Handler
</UL>
<BR>[Called By]<UL><LI><a href="#[1e]">&gt;&gt;</a>&nbsp;&nbsp;&nbsp;DebugMon_Handler
</UL>
<BR>[Address Reference Count : 1]<UL><LI> startup_samg55.o(RESET)
</UL>
<P><STRONG><a name="[1f]"></a>PendSV_Handler</STRONG> (Thumb, 2 bytes, Stack size 0 bytes, startup_samg55.o(.text))
<BR><BR>[Calls]<UL><LI><a href="#[1f]">&gt;&gt;</a>&nbsp;&nbsp;&nbsp;PendSV_Handler
</UL>
<BR>[Called By]<UL><LI><a href="#[1f]">&gt;&gt;</a>&nbsp;&nbsp;&nbsp;PendSV_Handler
</UL>
<BR>[Address Reference Count : 1]<UL><LI> startup_samg55.o(RESET)
</UL>
<P><STRONG><a name="[20]"></a>SysTick_Handler</STRONG> (Thumb, 2 bytes, Stack size 0 bytes, startup_samg55.o(.text))
<BR><BR>[Calls]<UL><LI><a href="#[20]">&gt;&gt;</a>&nbsp;&nbsp;&nbsp;SysTick_Handler
</UL>
<BR>[Called By]<UL><LI><a href="#[20]">&gt;&gt;</a>&nbsp;&nbsp;&nbsp;SysTick_Handler
</UL>
<BR>[Address Reference Count : 1]<UL><LI> startup_samg55.o(RESET)
</UL>
<P><STRONG><a name="[3e]"></a>ARM_Handler</STRONG> (Thumb, 0 bytes, Stack size 0 bytes, startup_samg55.o(.text))
<BR><BR>[Calls]<UL><LI><a href="#[3e]">&gt;&gt;</a>&nbsp;&nbsp;&nbsp;ARM_Handler
</UL>
<BR>[Called By]<UL><LI><a href="#[3e]">&gt;&gt;</a>&nbsp;&nbsp;&nbsp;ARM_Handler
</UL>
<BR>[Address Reference Count : 1]<UL><LI> startup_samg55.o(RESET)
</UL>
<P><STRONG><a name="[41]"></a>CRCCU_Handler</STRONG> (Thumb, 0 bytes, Stack size 0 bytes, startup_samg55.o(.text))
<BR>[Address Reference Count : 1]<UL><LI> startup_samg55.o(RESET)
</UL>
<P><STRONG><a name="[27]"></a>EFC_Handler</STRONG> (Thumb, 0 bytes, Stack size 0 bytes, startup_samg55.o(.text))
<BR>[Address Reference Count : 1]<UL><LI> startup_samg55.o(RESET)
</UL>
<P><STRONG><a name="[2a]"></a>FLEXCOM1_Handler</STRONG> (Thumb, 0 bytes, Stack size 0 bytes, startup_samg55.o(.text))
<BR>[Address Reference Count : 1]<UL><LI> startup_samg55.o(RESET)
</UL>
<P><STRONG><a name="[2e]"></a>FLEXCOM2_Handler</STRONG> (Thumb, 0 bytes, Stack size 0 bytes, startup_samg55.o(.text))
<BR>[Address Reference Count : 1]<UL><LI> startup_samg55.o(RESET)
</UL>
<P><STRONG><a name="[33]"></a>FLEXCOM3_Handler</STRONG> (Thumb, 0 bytes, Stack size 0 bytes, startup_samg55.o(.text))
<BR>[Address Reference Count : 1]<UL><LI> startup_samg55.o(RESET)
</UL>
<P><STRONG><a name="[35]"></a>FLEXCOM5_Handler</STRONG> (Thumb, 0 bytes, Stack size 0 bytes, startup_samg55.o(.text))
<BR>[Address Reference Count : 1]<UL><LI> startup_samg55.o(RESET)
</UL>
<P><STRONG><a name="[36]"></a>FLEXCOM6_Handler</STRONG> (Thumb, 0 bytes, Stack size 0 bytes, startup_samg55.o(.text))
<BR>[Address Reference Count : 1]<UL><LI> startup_samg55.o(RESET)
</UL>
<P><STRONG><a name="[28]"></a>FLEXCOM7_Handler</STRONG> (Thumb, 0 bytes, Stack size 0 bytes, startup_samg55.o(.text))
<BR>[Address Reference Count : 1]<UL><LI> startup_samg55.o(RESET)
</UL>
<P><STRONG><a name="[30]"></a>I2SC0_Handler</STRONG> (Thumb, 0 bytes, Stack size 0 bytes, startup_samg55.o(.text))
<BR>[Address Reference Count : 1]<UL><LI> startup_samg55.o(RESET)
</UL>
<P><STRONG><a name="[31]"></a>I2SC1_Handler</STRONG> (Thumb, 0 bytes, Stack size 0 bytes, startup_samg55.o(.text))
<BR>[Address Reference Count : 1]<UL><LI> startup_samg55.o(RESET)
</UL>
<P><STRONG><a name="[2f]"></a>MEM2MEM_Handler</STRONG> (Thumb, 0 bytes, Stack size 0 bytes, startup_samg55.o(.text))
<BR>[Address Reference Count : 1]<UL><LI> startup_samg55.o(RESET)
</UL>
<P><STRONG><a name="[2d]"></a>PDMIC0_Handler</STRONG> (Thumb, 0 bytes, Stack size 0 bytes, startup_samg55.o(.text))
<BR>[Address Reference Count : 1]<UL><LI> startup_samg55.o(RESET)
</UL>
<P><STRONG><a name="[32]"></a>PDMIC1_Handler</STRONG> (Thumb, 0 bytes, Stack size 0 bytes, startup_samg55.o(.text))
<BR>[Address Reference Count : 1]<UL><LI> startup_samg55.o(RESET)
</UL>
<P><STRONG><a name="[26]"></a>PMC_Handler</STRONG> (Thumb, 0 bytes, Stack size 0 bytes, startup_samg55.o(.text))
<BR>[Address Reference Count : 1]<UL><LI> startup_samg55.o(RESET)
</UL>
<P><STRONG><a name="[23]"></a>RTC_Handler</STRONG> (Thumb, 0 bytes, Stack size 0 bytes, startup_samg55.o(.text))
<BR>[Address Reference Count : 1]<UL><LI> startup_samg55.o(RESET)
</UL>
<P><STRONG><a name="[24]"></a>RTT_Handler</STRONG> (Thumb, 0 bytes, Stack size 0 bytes, startup_samg55.o(.text))
<BR>[Address Reference Count : 1]<UL><LI> startup_samg55.o(RESET)
</UL>
<P><STRONG><a name="[37]"></a>TC0_Handler</STRONG> (Thumb, 0 bytes, Stack size 0 bytes, startup_samg55.o(.text))
<BR>[Address Reference Count : 1]<UL><LI> startup_samg55.o(RESET)
</UL>
<P><STRONG><a name="[38]"></a>TC1_Handler</STRONG> (Thumb, 0 bytes, Stack size 0 bytes, startup_samg55.o(.text))
<BR>[Address Reference Count : 1]<UL><LI> startup_samg55.o(RESET)
</UL>
<P><STRONG><a name="[3c]"></a>TC5_Handler</STRONG> (Thumb, 0 bytes, Stack size 0 bytes, startup_samg55.o(.text))
<BR>[Address Reference Count : 1]<UL><LI> startup_samg55.o(RESET)
</UL>
<P><STRONG><a name="[3f]"></a>UHP_Handler</STRONG> (Thumb, 0 bytes, Stack size 0 bytes, startup_samg55.o(.text))
<BR>[Address Reference Count : 1]<UL><LI> startup_samg55.o(RESET)
</UL>
<P><STRONG><a name="[25]"></a>WDT_Handler</STRONG> (Thumb, 0 bytes, Stack size 0 bytes, startup_samg55.o(.text))
<BR>[Address Reference Count : 1]<UL><LI> startup_samg55.o(RESET)
</UL>
<P><STRONG><a name="[2d8]"></a>__user_initial_stackheap</STRONG> (Thumb, 0 bytes, Stack size unknown bytes, startup_samg55.o(.text))
<BR><BR>[Called By]<UL><LI><a href="#[137]">&gt;&gt;</a>&nbsp;&nbsp;&nbsp;__user_setup_stackheap
</UL>

<P><STRONG><a name="[141]"></a>MacMibReset</STRONG> (Thumb, 10 bytes, Stack size 0 bytes, macmib.o(.text))
<BR><BR>[Stack]<UL><LI>Max Depth = 32<LI>Call Chain = MacMibReset &rArr; MibResetInternal &rArr; Random32 &rArr; platform_random_32
</UL>
<BR>[Calls]<UL><LI><a href="#[142]">&gt;&gt;</a>&nbsp;&nbsp;&nbsp;MibResetInternal
</UL>
<BR>[Called By]<UL><LI><a href="#[157]">&gt;&gt;</a>&nbsp;&nbsp;&nbsp;MacLowResetRequest
</UL>

<P><STRONG><a name="[143]"></a>MacMibInitialize</STRONG> (Thumb, 28 bytes, Stack size 8 bytes, macmib.o(.text))
<BR><BR>[Stack]<UL><LI>Max Depth = 40<LI>Call Chain = MacMibInitialize &rArr; MibResetInternal &rArr; Random32 &rArr; platform_random_32
</UL>
<BR>[Calls]<UL><LI><a href="#[142]">&gt;&gt;</a>&nbsp;&nbsp;&nbsp;MibResetInternal
</UL>
<BR>[Called By]<UL><LI><a href="#[166]">&gt;&gt;</a>&nbsp;&nbsp;&nbsp;MacInitialize
</UL>

<P><STRONG><a name="[146]"></a>MibGetNeighbourEntry</STRONG> (Thumb, 86 bytes, Stack size 12 bytes, macmib.o(.text))
<BR><BR>[Stack]<UL><LI>Max Depth = 12<LI>Call Chain = MibGetNeighbourEntry
</UL>
<BR>[Called By]<UL><LI><a href="#[144]">&gt;&gt;</a>&nbsp;&nbsp;&nbsp;MacMlmeGetRequestSync
<LI><a href="#[169]">&gt;&gt;</a>&nbsp;&nbsp;&nbsp;MacEventHandler
<LI><a href="#[13]">&gt;&gt;</a>&nbsp;&nbsp;&nbsp;MacRtCbTxConfirm
<LI><a href="#[12]">&gt;&gt;</a>&nbsp;&nbsp;&nbsp;MacRtCbProcessFrame
<LI><a href="#[159]">&gt;&gt;</a>&nbsp;&nbsp;&nbsp;MacLowTxRequest
<LI><a href="#[161]">&gt;&gt;</a>&nbsp;&nbsp;&nbsp;HandleToneMapResponse
</UL>

<P><STRONG><a name="[256]"></a>MibGetPOSEntry</STRONG> (Thumb, 50 bytes, Stack size 4 bytes, macmib.o(.text))
<BR><BR>[Stack]<UL><LI>Max Depth = 4<LI>Call Chain = MibGetPOSEntry
</UL>
<BR>[Called By]<UL><LI><a href="#[12]">&gt;&gt;</a>&nbsp;&nbsp;&nbsp;MacRtCbProcessFrame
</UL>

<P><STRONG><a name="[144]"></a>MacMlmeGetRequestSync</STRONG> (Thumb, 1558 bytes, Stack size 40 bytes, macmib.o(.text))
<BR><BR>[Stack]<UL><LI>Max Depth = 200 + Unknown Stack Size
<LI>Call Chain = MacMlmeGetRequestSync &rArr; MacRtGetRequestSync &rArr; __2printf &rArr; _printf_char_file &rArr; _printf_char_common &rArr; __printf
</UL>
<BR>[Calls]<UL><LI><a href="#[147]">&gt;&gt;</a>&nbsp;&nbsp;&nbsp;MacRtGetRequestSync
<LI><a href="#[145]">&gt;&gt;</a>&nbsp;&nbsp;&nbsp;__aeabi_memcpy
<LI><a href="#[146]">&gt;&gt;</a>&nbsp;&nbsp;&nbsp;MibGetNeighbourEntry
</UL>
<BR>[Called By]<UL><LI><a href="#[154]">&gt;&gt;</a>&nbsp;&nbsp;&nbsp;MacMlmeGetRequest
<LI><a href="#[31e]">&gt;&gt;</a>&nbsp;&nbsp;&nbsp;MacWrapperMlmeGetRequestSync
<LI><a href="#[161]">&gt;&gt;</a>&nbsp;&nbsp;&nbsp;HandleToneMapResponse
</UL>

<P><STRONG><a name="[148]"></a>MacMlmeSetRequestSync</STRONG> (Thumb, 2082 bytes, Stack size 184 bytes, macmib.o(.text))
<BR><BR>[Stack]<UL><LI>Max Depth = 344 + Unknown Stack Size
<LI>Call Chain = MacMlmeSetRequestSync &rArr; MacRtSetRequestSync &rArr; __2printf &rArr; _printf_char_file &rArr; _printf_char_common &rArr; __printf
</UL>
<BR>[Calls]<UL><LI><a href="#[14a]">&gt;&gt;</a>&nbsp;&nbsp;&nbsp;__ARM_common_memcpy4_5
<LI><a href="#[14b]">&gt;&gt;</a>&nbsp;&nbsp;&nbsp;MacRtSetRequestSync
<LI><a href="#[14d]">&gt;&gt;</a>&nbsp;&nbsp;&nbsp;__aeabi_memclr
<LI><a href="#[149]">&gt;&gt;</a>&nbsp;&nbsp;&nbsp;__aeabi_memmove
<LI><a href="#[145]">&gt;&gt;</a>&nbsp;&nbsp;&nbsp;__aeabi_memcpy
<LI><a href="#[14c]">&gt;&gt;</a>&nbsp;&nbsp;&nbsp;memcmp
</UL>
<BR>[Called By]<UL><LI><a href="#[326]">&gt;&gt;</a>&nbsp;&nbsp;&nbsp;MacWrapperMlmeSetRequestSync
<LI><a href="#[15a]">&gt;&gt;</a>&nbsp;&nbsp;&nbsp;MacMlmeStartRequest
<LI><a href="#[155]">&gt;&gt;</a>&nbsp;&nbsp;&nbsp;MacMlmeSetRequest
<LI><a href="#[158]">&gt;&gt;</a>&nbsp;&nbsp;&nbsp;MacMlmeScanRequest
</UL>

<P><STRONG><a name="[14e]"></a>MibGetDeviceEntry</STRONG> (Thumb, 152 bytes, Stack size 32 bytes, macmib.o(.text))
<BR><BR>[Stack]<UL><LI>Max Depth = 32<LI>Call Chain = MibGetDeviceEntry
</UL>
<BR>[Calls]<UL><LI><a href="#[149]">&gt;&gt;</a>&nbsp;&nbsp;&nbsp;__aeabi_memmove
<LI><a href="#[14f]">&gt;&gt;</a>&nbsp;&nbsp;&nbsp;__ARM_common_memclr4_6
</UL>
<BR>[Called By]<UL><LI><a href="#[252]">&gt;&gt;</a>&nbsp;&nbsp;&nbsp;ProcessDataFrame
</UL>

<P><STRONG><a name="[152]"></a>MacMcpsDataRequest</STRONG> (Thumb, 164 bytes, Stack size 24 bytes, macsublayer.o(.text))
<BR><BR>[Stack]<UL><LI>Max Depth = 24<LI>Call Chain = MacMcpsDataRequest
</UL>
<BR>[Calls]<UL><LI><a href="#[153]">&gt;&gt;</a>&nbsp;&nbsp;&nbsp;oss_get_up_time_ms
<LI><a href="#[145]">&gt;&gt;</a>&nbsp;&nbsp;&nbsp;__aeabi_memcpy
</UL>
<BR>[Called By]<UL><LI><a href="#[319]">&gt;&gt;</a>&nbsp;&nbsp;&nbsp;MacWrapperMcpsDataRequest
</UL>

<P><STRONG><a name="[154]"></a>MacMlmeGetRequest</STRONG> (Thumb, 50 bytes, Stack size 168 bytes, macsublayer.o(.text))
<BR><BR>[Stack]<UL><LI>Max Depth = 368 + Unknown Stack Size
<LI>Call Chain = MacMlmeGetRequest &rArr; MacMlmeGetRequestSync &rArr; MacRtGetRequestSync &rArr; __2printf &rArr; _printf_char_file &rArr; _printf_char_common &rArr; __printf
</UL>
<BR>[Calls]<UL><LI><a href="#[144]">&gt;&gt;</a>&nbsp;&nbsp;&nbsp;MacMlmeGetRequestSync
</UL>
<BR>[Called By]<UL><LI><a href="#[33c]">&gt;&gt;</a>&nbsp;&nbsp;&nbsp;MacWrapperMlmeGetRequest
</UL>

<P><STRONG><a name="[155]"></a>MacMlmeSetRequest</STRONG> (Thumb, 44 bytes, Stack size 16 bytes, macsublayer.o(.text))
<BR><BR>[Stack]<UL><LI>Max Depth = 360 + Unknown Stack Size
<LI>Call Chain = MacMlmeSetRequest &rArr; MacMlmeSetRequestSync &rArr; MacRtSetRequestSync &rArr; __2printf &rArr; _printf_char_file &rArr; _printf_char_common &rArr; __printf
</UL>
<BR>[Calls]<UL><LI><a href="#[148]">&gt;&gt;</a>&nbsp;&nbsp;&nbsp;MacMlmeSetRequestSync
</UL>
<BR>[Called By]<UL><LI><a href="#[33e]">&gt;&gt;</a>&nbsp;&nbsp;&nbsp;MacWrapperMlmeSetRequest
</UL>

<P><STRONG><a name="[156]"></a>MacMlmeResetRequest</STRONG> (Thumb, 44 bytes, Stack size 16 bytes, macsublayer.o(.text))
<BR><BR>[Stack]<UL><LI>Max Depth = 408 + Unknown Stack Size
<LI>Call Chain = MacMlmeResetRequest &rArr; MacLowResetRequest &rArr; MacRtResetRequest &rArr; pl360_g3_coup_tx_config
</UL>
<BR>[Calls]<UL><LI><a href="#[150]">&gt;&gt;</a>&nbsp;&nbsp;&nbsp;__aeabi_memcpy4
<LI><a href="#[157]">&gt;&gt;</a>&nbsp;&nbsp;&nbsp;MacLowResetRequest
</UL>
<BR>[Called By]<UL><LI><a href="#[322]">&gt;&gt;</a>&nbsp;&nbsp;&nbsp;MacWrapperMlmeResetRequest
</UL>

<P><STRONG><a name="[158]"></a>MacMlmeScanRequest</STRONG> (Thumb, 154 bytes, Stack size 208 bytes, macsublayer.o(.text))
<BR><BR>[Stack]<UL><LI>Max Depth = 792 + Unknown Stack Size
<LI>Call Chain = MacMlmeScanRequest &rArr; MacLowTxRequest &rArr; cipher_wrapper_ccm_encrypt_and_tag &rArr; mbedtls_ccm_encrypt_and_tag &rArr; ccm_auth_crypt &rArr; mbedtls_cipher_update &rArr; mbedtls_gcm_update &rArr; gcm_mask &rArr;  mbedtls_cipher_update (Cycle)
</UL>
<BR>[Calls]<UL><LI><a href="#[148]">&gt;&gt;</a>&nbsp;&nbsp;&nbsp;MacMlmeSetRequestSync
<LI><a href="#[159]">&gt;&gt;</a>&nbsp;&nbsp;&nbsp;MacLowTxRequest
</UL>
<BR>[Called By]<UL><LI><a href="#[324]">&gt;&gt;</a>&nbsp;&nbsp;&nbsp;MacWrapperMlmeScanRequest
</UL>

<P><STRONG><a name="[15a]"></a>MacMlmeStartRequest</STRONG> (Thumb, 84 bytes, Stack size 160 bytes, macsublayer.o(.text))
<BR><BR>[Stack]<UL><LI>Max Depth = 504 + Unknown Stack Size
<LI>Call Chain = MacMlmeStartRequest &rArr; MacMlmeSetRequestSync &rArr; MacRtSetRequestSync &rArr; __2printf &rArr; _printf_char_file &rArr; _printf_char_common &rArr; __printf
</UL>
<BR>[Calls]<UL><LI><a href="#[148]">&gt;&gt;</a>&nbsp;&nbsp;&nbsp;MacMlmeSetRequestSync
<LI><a href="#[15b]">&gt;&gt;</a>&nbsp;&nbsp;&nbsp;MacRtSetCoordinator
</UL>
<BR>[Called By]<UL><LI><a href="#[328]">&gt;&gt;</a>&nbsp;&nbsp;&nbsp;MacWrapperMlmeStartRequest
</UL>

<P><STRONG><a name="[15c]"></a>MacLowTxConfirm</STRONG> (Thumb, 150 bytes, Stack size 32 bytes, macsublayer.o(.text))
<BR><BR>[Stack]<UL><LI>Max Depth = 32<LI>Call Chain = MacLowTxConfirm
</UL>
<BR>[Calls]<UL><LI><a href="#[153]">&gt;&gt;</a>&nbsp;&nbsp;&nbsp;oss_get_up_time_ms
<LI><a href="#[149]">&gt;&gt;</a>&nbsp;&nbsp;&nbsp;__aeabi_memmove
</UL>
<BR>[Called By]<UL><LI><a href="#[257]">&gt;&gt;</a>&nbsp;&nbsp;&nbsp;SendTxConfirm
</UL>

<P><STRONG><a name="[160]"></a>MacLowRxIndication</STRONG> (Thumb, 834 bytes, Stack size 104 bytes, macsublayer.o(.text))
<BR><BR>[Stack]<UL><LI>Max Depth = 520 + Unknown Stack Size
<LI>Call Chain = MacLowRxIndication &rArr; HandleToneMapResponse &rArr; MacMlmeGetRequestSync &rArr; MacRtGetRequestSync &rArr; __2printf &rArr; _printf_char_file &rArr; _printf_char_common &rArr; __printf
</UL>
<BR>[Calls]<UL><LI><a href="#[153]">&gt;&gt;</a>&nbsp;&nbsp;&nbsp;oss_get_up_time_ms
<LI><a href="#[163]">&gt;&gt;</a>&nbsp;&nbsp;&nbsp;Random32Ex
<LI><a href="#[162]">&gt;&gt;</a>&nbsp;&nbsp;&nbsp;MacRtGetPhyTime
<LI><a href="#[161]">&gt;&gt;</a>&nbsp;&nbsp;&nbsp;HandleToneMapResponse
<LI><a href="#[15d]">&gt;&gt;</a>&nbsp;&nbsp;&nbsp;CreateToneMapResponse
</UL>
<BR>[Called By]<UL><LI><a href="#[252]">&gt;&gt;</a>&nbsp;&nbsp;&nbsp;ProcessDataFrame
</UL>

<P><STRONG><a name="[164]"></a>MacLowMacSnifferIndication</STRONG> (Thumb, 222 bytes, Stack size 88 bytes, macsublayer.o(.text))
<BR><BR>[Stack]<UL><LI>Max Depth = 104<LI>Call Chain = MacLowMacSnifferIndication &rArr; CreateToneMapResponse
</UL>
<BR>[Calls]<UL><LI><a href="#[153]">&gt;&gt;</a>&nbsp;&nbsp;&nbsp;oss_get_up_time_ms
<LI><a href="#[165]">&gt;&gt;</a>&nbsp;&nbsp;&nbsp;__ARM_common_memcpy4_10
<LI><a href="#[15d]">&gt;&gt;</a>&nbsp;&nbsp;&nbsp;CreateToneMapResponse
</UL>
<BR>[Called By]<UL><LI><a href="#[252]">&gt;&gt;</a>&nbsp;&nbsp;&nbsp;ProcessDataFrame
[...]
</UL>
<BR>[Calls]<UL><LI><a href="#[145]">&gt;&gt;</a>&nbsp;&nbsp;&nbsp;__aeabi_memcpy
<LI><a href="#[275]">&gt;&gt;</a>&nbsp;&nbsp;&nbsp;ExtractFrameFromPsdu
</UL>
<BR>[Address Reference Count : 1]<UL><LI> macrflow.o(.data)
</UL>
<P><STRONG><a name="[271]"></a>EncodeIE</STRONG> (Thumb, 182 bytes, Stack size 0 bytes, macrflow.o(.text))
<BR><BR>[Called By]<UL><LI><a href="#[26c]">&gt;&gt;</a>&nbsp;&nbsp;&nbsp;ProcessDataFrame
<LI><a href="#[1c8]">&gt;&gt;</a>&nbsp;&nbsp;&nbsp;MacLowTxRequestRF
</UL>

<P><STRONG><a name="[273]"></a>MacSecurityDecrypt</STRONG> (Thumb, 490 bytes, Stack size 184 bytes, macrflow.o(.text))
<BR><BR>[Stack]<UL><LI>Max Depth = 592<LI>Call Chain = MacSecurityDecrypt &rArr; cipher_wrapper_ccm_auth_decrypt &rArr; mbedtls_ccm_auth_decrypt &rArr; mbedtls_ccm_star_auth_decrypt &rArr; ccm_auth_crypt &rArr; mbedtls_cipher_update &rArr; mbedtls_gcm_update &rArr; gcm_mask &rArr;  mbedtls_cipher_update (Cycle)
</UL>
<BR>[Calls]<UL><LI><a href="#[25b]">&gt;&gt;</a>&nbsp;&nbsp;&nbsp;cipher_wrapper_ccm_setkey
<LI><a href="#[25a]">&gt;&gt;</a>&nbsp;&nbsp;&nbsp;cipher_wrapper_ccm_init
<LI><a href="#[25d]">&gt;&gt;</a>&nbsp;&nbsp;&nbsp;cipher_wrapper_ccm_free
<LI><a href="#[262]">&gt;&gt;</a>&nbsp;&nbsp;&nbsp;cipher_wrapper_ccm_auth_decrypt
<LI><a href="#[150]">&gt;&gt;</a>&nbsp;&nbsp;&nbsp;__aeabi_memcpy4
</UL>
<BR>[Called By]<UL><LI><a href="#[26c]">&gt;&gt;</a>&nbsp;&nbsp;&nbsp;ProcessDataFrame
</UL>

<P><STRONG><a name="[26b]"></a>DutyCycleUpdate</STRONG> (Thumb, 126 bytes, Stack size 8 bytes, macrflow.o(.text))
<BR><BR>[Stack]<UL><LI>Max Depth = 8<LI>Call Chain = DutyCycleUpdate
</UL>
<BR>[Calls]<UL><LI><a href="#[153]">&gt;&gt;</a>&nbsp;&nbsp;&nbsp;oss_get_up_time_ms
</UL>
<BR>[Called By]<UL><LI><a href="#[15]">&gt;&gt;</a>&nbsp;&nbsp;&nbsp;PalRFCbDataConfirm
</UL>

<P><STRONG><a name="[276]"></a>UpdatePOSTableRF</STRONG> (Thumb, 358 bytes, Stack size 56 bytes, macrflow.o(.text))
<BR><BR>[Stack]<UL><LI>Max Depth = 88<LI>Call Chain = UpdatePOSTableRF &rArr; __aeabi_dmul
</UL>
<BR>[Calls]<UL><LI><a href="#[27f]">&gt;&gt;</a>&nbsp;&nbsp;&nbsp;__ARM_scalbn
<LI><a href="#[282]">&gt;&gt;</a>&nbsp;&nbsp;&nbsp;__aeabi_f2uiz
<LI><a href="#[27e]">&gt;&gt;</a>&nbsp;&nbsp;&nbsp;__aeabi_dmul
<LI><a href="#[27d]">&gt;&gt;</a>&nbsp;&nbsp;&nbsp;__aeabi_ui2d
<LI><a href="#[280]">&gt;&gt;</a>&nbsp;&nbsp;&nbsp;__aeabi_dadd
<LI><a href="#[281]">&gt;&gt;</a>&nbsp;&nbsp;&nbsp;__aeabi_d2f
<LI><a href="#[149]">&gt;&gt;</a>&nbsp;&nbsp;&nbsp;__aeabi_memmove
<LI><a href="#[26e]">&gt;&gt;</a>&nbsp;&nbsp;&nbsp;MibGetPOSEntryRF
</UL>
<BR>[Called By]<UL><LI><a href="#[275]">&gt;&gt;</a>&nbsp;&nbsp;&nbsp;ExtractFrameFromPsdu
</UL>

<P><STRONG><a name="[277]"></a>SendTxConfirm</STRONG> (Thumb, 44 bytes, Stack size 40 bytes, macrflow.o(.text))
<BR><BR>[Stack]<UL><LI>Max Depth = 72<LI>Call Chain = SendTxConfirm &rArr; MacLowTxConfirmRF
</UL>
<BR>[Calls]<UL><LI><a href="#[1c9]">&gt;&gt;</a>&nbsp;&nbsp;&nbsp;MacLowTxConfirmRF
</UL>
<BR>[Called By]<UL><LI><a href="#[27b]">&gt;&gt;</a>&nbsp;&nbsp;&nbsp;ProcessTxRequest
<LI><a href="#[1c8]">&gt;&gt;</a>&nbsp;&nbsp;&nbsp;MacLowTxRequestRF
</UL>

<P><STRONG><a name="[27b]"></a>ProcessTxRequest</STRONG> (Thumb, 546 bytes, Stack size 32 bytes, macrflow.o(.text))
<BR><BR>[Stack]<UL><LI>Max Depth = 368<LI>Call Chain = ProcessTxRequest &rArr; PalRfTxRequest &rArr; at86rf_tx_req &rArr; _tx_param_cfg &rArr; rf215_bbc_upd_tx_params &rArr; rf215_fe_set_txpwr &rArr; rf215_trx_switch_trxoff &rArr; rf215_tx_rx_check_aborts &rArr; _tx_abort &rArr; _tx_confirm
</UL>
<BR>[Calls]<UL><LI><a href="#[272]">&gt;&gt;</a>&nbsp;&nbsp;&nbsp;PalRfTxRequest
<LI><a href="#[27a]">&gt;&gt;</a>&nbsp;&nbsp;&nbsp;PalRfGetPhyTime
<LI><a href="#[153]">&gt;&gt;</a>&nbsp;&nbsp;&nbsp;oss_get_up_time_ms
<LI><a href="#[151]">&gt;&gt;</a>&nbsp;&nbsp;&nbsp;Random32
<LI><a href="#[277]">&gt;&gt;</a>&nbsp;&nbsp;&nbsp;SendTxConfirm
</UL>
<BR>[Called By]<UL><LI><a href="#[1d0]">&gt;&gt;</a>&nbsp;&nbsp;&nbsp;MacLowEventHandlerRF
</UL>

<P><STRONG><a name="[284]"></a>_DataSendCallbackHelper</STRONG> (Thumb, 112 bytes, Stack size 8 bytes, adpcommon.o(.text))
<BR><BR>[Stack]<UL><LI>Max Depth = 24<LI>Call Chain = _DataSendCallbackHelper &rArr; _CheckBufferIndicationCondition
</UL>
<BR>[Calls]<UL><LI><a href="#[283]">&gt;&gt;</a>&nbsp;&nbsp;&nbsp;_CheckBufferIndicationCondition
</UL>
<BR>[Called By]<UL><LI><a href="#[29b]">&gt;&gt;</a>&nbsp;&nbsp;&nbsp;AdpCommon_PurgeFullProcessingQueue
<LI><a href="#[29a]">&gt;&gt;</a>&nbsp;&nbsp;&nbsp;AdpCommon_CheckProcessingQueue
<LI><a href="#[65]">&gt;&gt;</a>&nbsp;&nbsp;&nbsp;_RouteRepair_Callback
<LI><a href="#[299]">&gt;&gt;</a>&nbsp;&nbsp;&nbsp;_StartSend
<LI><a href="#[66]">&gt;&gt;</a>&nbsp;&nbsp;&nbsp;_RouteDiscover_Callback
<LI><a href="#[63]">&gt;&gt;</a>&nbsp;&nbsp;&nbsp;_Callback_MAC_DataConfirm
<LI><a href="#[1e8]">&gt;&gt;</a>&nbsp;&nbsp;&nbsp;AdpCommon_ProcessSendQueue
<LI><a href="#[1af]">&gt;&gt;</a>&nbsp;&nbsp;&nbsp;AdpCommon_PurgeProcessingQueue
</UL>

<P><STRONG><a name="[285]"></a>_ExecuteSendNextFragment</STRONG> (Thumb, 346 bytes, Stack size 480 bytes, adpcommon.o(.text))
<BR><BR>[Stack]<UL><LI>Max Depth = 1016 + Unknown Stack Size
<LI>Call Chain = _ExecuteSendNextFragment &rArr; Routing_GetRoute &rArr; LOADNG_GetRoute &rArr; GetAdpShortAddress &rArr; AdpMacGetRequestSync &rArr; HyALGetRequestSync &rArr; MacWrapperMlmeGetRequestSync &rArr; MacMlmeGetRequestSync &rArr; MacRtGetRequestSync &rArr; __2printf &rArr; _printf_char_file &rArr; _printf_char_common &rArr; __printf
</UL>
<BR>[Calls]<UL><LI><a href="#[1f0]">&gt;&gt;</a>&nbsp;&nbsp;&nbsp;Routing_RouteExists
<LI><a href="#[215]">&gt;&gt;</a>&nbsp;&nbsp;&nbsp;Routing_IsDisabled
<LI><a href="#[1f1]">&gt;&gt;</a>&nbsp;&nbsp;&nbsp;Routing_GetRoute
<LI><a href="#[145]">&gt;&gt;</a>&nbsp;&nbsp;&nbsp;__aeabi_memcpy
<LI><a href="#[286]">&gt;&gt;</a>&nbsp;&nbsp;&nbsp;LoWPAN_Sizeof_MeshHeader
<LI><a href="#[288]">&gt;&gt;</a>&nbsp;&nbsp;&nbsp;LoWPAN_Sizeof_FragNHeader
<LI><a href="#[287]">&gt;&gt;</a>&nbsp;&nbsp;&nbsp;LoWPAN_Sizeof_BroadcastHeader
<LI><a href="#[28c]">&gt;&gt;</a>&nbsp;&nbsp;&nbsp;LoWPAN_Encode_MeshHeader
<LI><a href="#[289]">&gt;&gt;</a>&nbsp;&nbsp;&nbsp;LoWPAN_Encode_FragNHeader
<LI><a href="#[28a]">&gt;&gt;</a>&nbsp;&nbsp;&nbsp;LoWPAN_Encode_Broadcast
<LI><a href="#[28b]">&gt;&gt;</a>&nbsp;&nbsp;&nbsp;AddBroadcastLogTable
<LI><a href="#[28d]">&gt;&gt;</a>&nbsp;&nbsp;&nbsp;_GetSecurity
<LI><a href="#[229]">&gt;&gt;</a>&nbsp;&nbsp;&nbsp;AdpMac_DataRequest
</UL>
<BR>[Called By]<UL><LI><a href="#[65]">&gt;&gt;</a>&nbsp;&nbsp;&nbsp;_RouteRepair_Callback
<LI><a href="#[63]">&gt;&gt;</a>&nbsp;&nbsp;&nbsp;_Callback_MAC_DataConfirm
<LI><a href="#[64]">&gt;&gt;</a>&nbsp;&nbsp;&nbsp;_Callback_FragTimer
</UL>

<P><STRONG><a name="[64]"></a>_Callback_FragTimer</STRONG> (Thumb, 4 bytes, Stack size 0 bytes, adpcommon.o(.text))
<BR><BR>[Stack]<UL><LI>Max Depth = 1016 + Unknown Stack Size
<LI>Call Chain = _Callback_FragTimer &rArr; _ExecuteSendNextFragment &rArr; Routing_GetRoute &rArr; LOADNG_GetRoute &rArr; GetAdpShortAddress &rArr; AdpMacGetRequestSync &rArr; HyALGetRequestSync &rArr; MacWrapperMlmeGetRequestSync &rArr; MacMlmeGetRequestSync &rArr; MacRtGetRequestSync &rArr; __2printf &rArr; _printf_char_file &rArr; _printf_char_common &rArr; __printf
</UL>
<BR>[Calls]<UL><LI><a href="#[285]">&gt;&gt;</a>&nbsp;&nbsp;&nbsp;_ExecuteSendNextFragment
</UL>
<BR>[Address Reference Count : 1]<UL><LI> adpcommon.o(.text)
</UL>
<P><STRONG><a name="[63]"></a>_Callback_MAC_DataConfirm</STRONG> (Thumb, 466 bytes, Stack size 32 bytes, adpcommon.o(.text))
<BR><BR>[Stack]<UL><LI>Max Depth = 1048 + Unknown Stack Size
<LI>Call Chain = _Callback_MAC_DataConfirm &rArr; _ExecuteSendNextFragment &rArr; Routing_GetRoute &rArr; LOADNG_GetRoute &rArr; GetAdpShortAddress &rArr; AdpMacGetRequestSync &rArr; HyALGetRequestSync &rArr; MacWrapperMlmeGetRequestSync &rArr; MacMlmeGetRequestSync &rArr; MacRtGetRequestSync &rArr; __2printf &rArr; _printf_char_file &rArr; _printf_char_common &rArr; __printf
</UL>
<BR>[Calls]<UL><LI><a href="#[16f]">&gt;&gt;</a>&nbsp;&nbsp;&nbsp;Timer_Register
<LI><a href="#[28e]">&gt;&gt;</a>&nbsp;&nbsp;&nbsp;Routing_RemoveBlacklistOnMedium
<LI><a href="#[290]">&gt;&gt;</a>&nbsp;&nbsp;&nbsp;Routing_RefreshRoute
<LI><a href="#[215]">&gt;&gt;</a>&nbsp;&nbsp;&nbsp;Routing_IsDisabled
<LI><a href="#[291]">&gt;&gt;</a>&nbsp;&nbsp;&nbsp;Routing_IsAutoRREQDisabled
<LI><a href="#[216]">&gt;&gt;</a>&nbsp;&nbsp;&nbsp;Routing_GetRouteEntry
<LI><a href="#[250]">&gt;&gt;</a>&nbsp;&nbsp;&nbsp;Routing_DiscoverRoute
<LI><a href="#[1f3]">&gt;&gt;</a>&nbsp;&nbsp;&nbsp;Routing_DeleteRoute
<LI><a href="#[28f]">&gt;&gt;</a>&nbsp;&nbsp;&nbsp;Routing_AddBlacklistOnMedium
<LI><a href="#[285]">&gt;&gt;</a>&nbsp;&nbsp;&nbsp;_ExecuteSendNextFragment
<LI><a href="#[284]">&gt;&gt;</a>&nbsp;&nbsp;&nbsp;_DataSendCallbackHelper
</UL>
<BR>[Address Reference Count : 1]<UL><LI> adpcommon.o(.text)
</UL>
<P><STRONG><a name="[292]"></a>_ExecuteSend</STRONG> (Thumb, 504 bytes, Stack size 480 bytes, adpcommon.o(.text))
<BR><BR>[Stack]<UL><LI>Max Depth = 1016 + Unknown Stack Size
<LI>Call Chain = _ExecuteSend &rArr; Routing_GetRoute &rArr; LOADNG_GetRoute &rArr; GetAdpShortAddress &rArr; AdpMacGetRequestSync &rArr; HyALGetRequestSync &rArr; MacWrapperMlmeGetRequestSync &rArr; MacMlmeGetRequestSync &rArr; MacRtGetRequestSync &rArr; __2printf &rArr; _printf_char_file &rArr; _printf_char_common &rArr; __printf
</UL>
<BR>[Calls]<UL><LI><a href="#[1cb]">&gt;&gt;</a>&nbsp;&nbsp;&nbsp;Random16Ex
<LI><a href="#[1f0]">&gt;&gt;</a>&nbsp;&nbsp;&nbsp;Routing_RouteExists
<LI><a href="#[215]">&gt;&gt;</a>&nbsp;&nbsp;&nbsp;Routing_IsDisabled
<LI><a href="#[1f1]">&gt;&gt;</a>&nbsp;&nbsp;&nbsp;Routing_GetRoute
<LI><a href="#[145]">&gt;&gt;</a>&nbsp;&nbsp;&nbsp;__aeabi_memcpy
<LI><a href="#[286]">&gt;&gt;</a>&nbsp;&nbsp;&nbsp;LoWPAN_Sizeof_MeshHeader
<LI><a href="#[296]">&gt;&gt;</a>&nbsp;&nbsp;&nbsp;LoWPAN_Sizeof_IPv6Header
<LI><a href="#[295]">&gt;&gt;</a>&nbsp;&nbsp;&nbsp;LoWPAN_Sizeof_Frag1Header
<LI><a href="#[287]">&gt;&gt;</a>&nbsp;&nbsp;&nbsp;LoWPAN_Sizeof_BroadcastHeader
<LI><a href="#[28c]">&gt;&gt;</a>&nbsp;&nbsp;&nbsp;LoWPAN_Encode_MeshHeader
<LI><a href="#[294]">&gt;&gt;</a>&nbsp;&nbsp;&nbsp;LoWPAN_Encode_IPv6
<LI><a href="#[297]">&gt;&gt;</a>&nbsp;&nbsp;&nbsp;LoWPAN_Encode_Frag1Header
<LI><a href="#[28a]">&gt;&gt;</a>&nbsp;&nbsp;&nbsp;LoWPAN_Encode_Broadcast
<LI><a href="#[293]">&gt;&gt;</a>&nbsp;&nbsp;&nbsp;IPv6_CompressHeader
<LI><a href="#[28d]">&gt;&gt;</a>&nbsp;&nbsp;&nbsp;_GetSecurity
<LI><a href="#[229]">&gt;&gt;</a>&nbsp;&nbsp;&nbsp;AdpMac_DataRequest
</UL>
<BR>[Called By]<UL><LI><a href="#[65]">&gt;&gt;</a>&nbsp;&nbsp;&nbsp;_RouteRepair_Callback
<LI><a href="#[299]">&gt;&gt;</a>&nbsp;&nbsp;&nbsp;_StartSend
<LI><a href="#[66]">&gt;&gt;</a>&nbsp;&nbsp;&nbsp;_RouteDiscover_Callback
</UL>

<P><STRONG><a name="[66]"></a>_RouteDiscover_Callback</STRONG> (Thumb, 54 bytes, Stack size 16 bytes, adpcommon.o(.text))
<BR><BR>[Stack]<UL><LI>Max Depth = 1032 + Unknown Stack Size
<LI>Call Chain = _RouteDiscover_Callback &rArr; _ExecuteSend &rArr; Routing_GetRoute &rArr; LOADNG_GetRoute &rArr; GetAdpShortAddress &rArr; AdpMacGetRequestSync &rArr; HyALGetRequestSync &rArr; MacWrapperMlmeGetRequestSync &rArr; MacMlmeGetRequestSync &rArr; MacRtGetRequestSync &rArr; __2printf &rArr; _printf_char_file &rArr; _printf_char_common &rArr; __printf
</UL>
<BR>[Calls]<UL><LI><a href="#[298]">&gt;&gt;</a>&nbsp;&nbsp;&nbsp;Routing_GetRouteAndMediaType
<LI><a href="#[292]">&gt;&gt;</a>&nbsp;&nbsp;&nbsp;_ExecuteSend
<LI><a href="#[284]">&gt;&gt;</a>&nbsp;&nbsp;&nbsp;_DataSendCallbackHelper
</UL>
<BR>[Address Reference Count : 1]<UL><LI> adpcommon.o(.text)
</UL>
<P><STRONG><a name="[299]"></a>_StartSend</STRONG> (Thumb, 368 bytes, Stack size 56 bytes, adpcommon.o(.text))
<BR><BR>[Stack]<UL><LI>Max Depth = 1072 + Unknown Stack Size
<LI>Call Chain = _StartSend &rArr; _ExecuteSend &rArr; Routing_GetRoute &rArr; LOADNG_GetRoute &rArr; GetAdpShortAddress &rArr; AdpMacGetRequestSync &rArr; HyALGetRequestSync &rArr; MacWrapperMlmeGetRequestSync &rArr; MacMlmeGetRequestSync &rArr; MacRtGetRequestSync &rArr; __2printf &rArr; _printf_char_file &rArr; _printf_char_common &rArr; __printf
</UL>
<BR>[Calls]<UL><LI><a href="#[1f0]">&gt;&gt;</a>&nbsp;&nbsp;&nbsp;Routing_RouteExists
<LI><a href="#[215]">&gt;&gt;</a>&nbsp;&nbsp;&nbsp;Routing_IsDisabled
<LI><a href="#[291]">&gt;&gt;</a>&nbsp;&nbsp;&nbsp;Routing_IsAutoRREQDisabled
<LI><a href="#[298]">&gt;&gt;</a>&nbsp;&nbsp;&nbsp;Routing_GetRouteAndMediaType
<LI><a href="#[1f1]">&gt;&gt;</a>&nbsp;&nbsp;&nbsp;Routing_GetRoute
<LI><a href="#[250]">&gt;&gt;</a>&nbsp;&nbsp;&nbsp;Routing_DiscoverRoute
<LI><a href="#[28b]">&gt;&gt;</a>&nbsp;&nbsp;&nbsp;AddBroadcastLogTable
<LI><a href="#[292]">&gt;&gt;</a>&nbsp;&nbsp;&nbsp;_ExecuteSend
<LI><a href="#[284]">&gt;&gt;</a>&nbsp;&nbsp;&nbsp;_DataSendCallbackHelper
<LI><a href="#[1f6]">&gt;&gt;</a>&nbsp;&nbsp;&nbsp;SearchBroadcastLogTable
</UL>
<BR>[Called By]<UL><LI><a href="#[1e8]">&gt;&gt;</a>&nbsp;&nbsp;&nbsp;AdpCommon_ProcessSendQueue
</UL>

<P><STRONG><a name="[283]"></a>_CheckBufferIndicationCondition</STRONG> (Thumb, 126 bytes, Stack size 16 bytes, adpcommon.o(.text))
<BR><BR>[Stack]<UL><LI>Max Depth = 16<LI>Call Chain = _CheckBufferIndicationCondition
</UL>
<BR>[Called By]<UL><LI><a href="#[284]">&gt;&gt;</a>&nbsp;&nbsp;&nbsp;_DataSendCallbackHelper
<LI><a href="#[207]">&gt;&gt;</a>&nbsp;&nbsp;&nbsp;AdpCommon_DataSendEx
</UL>

<P><STRONG><a name="[28d]"></a>_GetSecurity</STRONG> (Thumb, 86 bytes, Stack size 8 bytes, adpcommon.o(.text))
<BR><BR>[Stack]<UL><LI>Max Depth = 8<LI>Call Chain = _GetSecurity
</UL>
<BR>[Called By]<UL><LI><a href="#[292]">&gt;&gt;</a>&nbsp;&nbsp;&nbsp;_ExecuteSend
<LI><a href="#[285]">&gt;&gt;</a>&nbsp;&nbsp;&nbsp;_ExecuteSendNextFragment
</UL>

<P><STRONG><a name="[65]"></a>_RouteRepair_Callback</STRONG> (Thumb, 128 bytes, Stack size 24 bytes, adpcommon.o(.text))
<BR><BR>[Stack]<UL><LI>Max Depth = 1112 + Unknown Stack Size
<LI>Call Chain = _RouteRepair_Callback &rArr; Routing_NotifyRouteError &rArr; LOADNG_NotifyRouteError &rArr; _GenerateRouteError &rArr; _RREQRERRWait_FindEmptyQueueSlot &rArr;  _GenerateRouteError (Cycle)
</UL>
<BR>[Calls]<UL><LI><a href="#[1f0]">&gt;&gt;</a>&nbsp;&nbsp;&nbsp;Routing_RouteExists
<LI><a href="#[208]">&gt;&gt;</a>&nbsp;&nbsp;&nbsp;Routing_NotifyRouteError
<LI><a href="#[298]">&gt;&gt;</a>&nbsp;&nbsp;&nbsp;Routing_GetRouteAndMediaType
<LI><a href="#[292]">&gt;&gt;</a>&nbsp;&nbsp;&nbsp;_ExecuteSend
<LI><a href="#[285]">&gt;&gt;</a>&nbsp;&nbsp;&nbsp;_ExecuteSendNextFragment
<LI><a href="#[284]">&gt;&gt;</a>&nbsp;&nbsp;&nbsp;_DataSendCallbackHelper
</UL>
<BR>[Address Reference Count : 1]<UL><LI> adpcommon.o(.text)
</UL>
<P><STRONG><a name="[2a0]"></a>_UDP_ComputeChk</STRONG> (Thumb, 204 bytes, Stack size 28 bytes, protorfc6282.o(.text))
<BR><BR>[Stack]<UL><LI>Max Depth = 28<LI>Call Chain = _UDP_ComputeChk
</UL>
<BR>[Called By]<UL><LI><a href="#[2a1]">&gt;&gt;</a>&nbsp;&nbsp;&nbsp;_Decompress_NextHeaders
<LI><a href="#[29e]">&gt;&gt;</a>&nbsp;&nbsp;&nbsp;IPv6_RepairHeader
</UL>

<P><STRONG><a name="[2a1]"></a>_Decompress_NextHeaders</STRONG> (Thumb, 716 bytes, Stack size 56 bytes, protorfc6282.o(.text))
<BR><BR>[Stack]<UL><LI>Max Depth = 84 + In Cycle
<LI>Call Chain = _Decompress_NextHeaders &rArr;  _Decompress_NextHeaders (Cycle)
</UL>
<BR>[Calls]<UL><LI><a href="#[19e]">&gt;&gt;</a>&nbsp;&nbsp;&nbsp;Byte_MakeWord
<LI><a href="#[14d]">&gt;&gt;</a>&nbsp;&nbsp;&nbsp;__aeabi_memclr
<LI><a href="#[149]">&gt;&gt;</a>&nbsp;&nbsp;&nbsp;__aeabi_memmove
<LI><a href="#[2a1]">&gt;&gt;</a>&nbsp;&nbsp;&nbsp;_Decompress_NextHeaders
<LI><a href="#[2a0]">&gt;&gt;</a>&nbsp;&nbsp;&nbsp;_UDP_ComputeChk
</UL>
<BR>[Called By]<UL><LI><a href="#[2a1]">&gt;&gt;</a>&nbsp;&nbsp;&nbsp;_Decompress_NextHeaders
<LI><a href="#[1fe]">&gt;&gt;</a>&nbsp;&nbsp;&nbsp;IPv6_DecompressHeader
</UL>

<P><STRONG><a name="[2a2]"></a>_Decompress_Address_Stateful</STRONG> (Thumb, 238 bytes, Stack size 40 bytes, protorfc6282.o(.text))
<BR><BR>[Stack]<UL><LI>Max Depth = 40<LI>Call Chain = _Decompress_Address_Stateful
</UL>
<BR>[Calls]<UL><LI><a href="#[177]">&gt;&gt;</a>&nbsp;&nbsp;&nbsp;Byte_LoByte
<LI><a href="#[176]">&gt;&gt;</a>&nbsp;&nbsp;&nbsp;Byte_HiByte
<LI><a href="#[145]">&gt;&gt;</a>&nbsp;&nbsp;&nbsp;__aeabi_memcpy
</UL>
<BR>[Called By]<UL><LI><a href="#[1fe]">&gt;&gt;</a>&nbsp;&nbsp;&nbsp;IPv6_DecompressHeader
</UL>

<P><STRONG><a name="[2a3]"></a>_Decompress_Address_Stateless</STRONG> (Thumb, 190 bytes, Stack size 16 bytes, protorfc6282.o(.text))
<BR><BR>[Stack]<UL><LI>Max Depth = 16<LI>Call Chain = _Decompress_Address_Stateless
</UL>
<BR>[Calls]<UL><LI><a href="#[177]">&gt;&gt;</a>&nbsp;&nbsp;&nbsp;Byte_LoByte
<LI><a href="#[176]">&gt;&gt;</a>&nbsp;&nbsp;&nbsp;Byte_HiByte
</UL>
<BR>[Called By]<UL><LI><a href="#[1fe]">&gt;&gt;</a>&nbsp;&nbsp;&nbsp;IPv6_DecompressHeader
</UL>

<P><STRONG><a name="[2a4]"></a>_Compress_IPv6Extension</STRONG> (Thumb, 304 bytes, Stack size 32 bytes, protorfc6282.o(.text))
<BR><BR>[Stack]<UL><LI>Max Depth = 32<LI>Call Chain = _Compress_IPv6Extension
</UL>
<BR>[Calls]<UL><LI><a href="#[149]">&gt;&gt;</a>&nbsp;&nbsp;&nbsp;__aeabi_memmove
</UL>
<BR>[Called By]<UL><LI><a href="#[293]">&gt;&gt;</a>&nbsp;&nbsp;&nbsp;IPv6_CompressHeader
</UL>

<P><STRONG><a name="[2a5]"></a>_Compress_Address</STRONG> (Thumb, 570 bytes, Stack size 96 bytes, protorfc6282.o(.text))
<BR><BR>[Stack]<UL><LI>Max Depth = 104<LI>Call Chain = _Compress_Address &rArr; Timer_IsPast
</UL>
<BR>[Calls]<UL><LI><a href="#[171]">&gt;&gt;</a>&nbsp;&nbsp;&nbsp;Timer_IsPast
<LI><a href="#[177]">&gt;&gt;</a>&nbsp;&nbsp;&nbsp;Byte_LoByte
<LI><a href="#[176]">&gt;&gt;</a>&nbsp;&nbsp;&nbsp;Byte_HiByte
<LI><a href="#[145]">&gt;&gt;</a>&nbsp;&nbsp;&nbsp;__aeabi_memcpy
<LI><a href="#[14c]">&gt;&gt;</a>&nbsp;&nbsp;&nbsp;memcmp
</UL>
<BR>[Called By]<UL><LI><a href="#[293]">&gt;&gt;</a>&nbsp;&nbsp;&nbsp;IPv6_CompressHeader
</UL>

<P><STRONG><a name="[4eb]"></a>_dadd1</STRONG> (Thumb, 0 bytes, Stack size unknown bytes, daddsub_clz.o(x$fpl$dadd), UNUSED)
<BR><BR>[Called By]<UL><LI><a href="#[4ec]">&gt;&gt;</a>&nbsp;&nbsp;&nbsp;_dsub
<LI><a href="#[4ea]">&gt;&gt;</a>&nbsp;&nbsp;&nbsp;_drsb
</UL>

<P><STRONG><a name="[4df]"></a>_dsub1</STRONG> (Thumb, 0 bytes, Stack size unknown bytes, daddsub_clz.o(x$fpl$dsub), UNUSED)
<BR><BR>[Called By]<UL><LI><a href="#[4ea]">&gt;&gt;</a>&nbsp;&nbsp;&nbsp;_drsb
<LI><a href="#[4de]">&gt;&gt;</a>&nbsp;&nbsp;&nbsp;_dadd
</UL>

<P><STRONG><a name="[2cb]"></a>_fp_digits</STRONG> (Thumb, 432 bytes, Stack size 96 bytes, _printf_fp_dec.o(.text))
<BR><BR>[Stack]<UL><LI>Max Depth = 220<LI>Call Chain = _fp_digits &rArr; _btod_etento &rArr; _btod_emul &rArr; _e2e
</UL>
<BR>[Calls]<UL><LI><a href="#[2cf]">&gt;&gt;</a>&nbsp;&nbsp;&nbsp;_btod_emul
<LI><a href="#[2ce]">&gt;&gt;</a>&nbsp;&nbsp;&nbsp;_btod_ediv
<LI><a href="#[2cd]">&gt;&gt;</a>&nbsp;&nbsp;&nbsp;_btod_d2e
<LI><a href="#[2cc]">&gt;&gt;</a>&nbsp;&nbsp;&nbsp;_btod_etento
<LI><a href="#[2c9]">&gt;&gt;</a>&nbsp;&nbsp;&nbsp;_ll_udiv10
</UL>
<BR>[Called By]<UL><LI><a href="#[2d0]">&gt;&gt;</a>&nbsp;&nbsp;&nbsp;_printf_fp_dec_real
</UL>

<P><STRONG><a name="[68]"></a>_printf_input_char</STRONG> (Thumb, 10 bytes, Stack size 0 bytes, _printf_char_common.o(.text))
<BR>[Address Reference Count : 1]<UL><LI> _printf_char_common.o(.text)
</UL><P>
<H3>
Undefined Global Symbols
</H3><HR></body></html>
