<!doctype html public "-//w3c//dtd html 4.0 transitional//en">
<html><head>
<title>Static Call Graph - [.\obj\apps_template_app.axf]</title></head>
<body><HR>
<H1>Static Call Graph for image .\obj\apps_template_app.axf</H1><HR>
<BR><P>#&#060CALLGRAPH&#062# ARM Linker, 6160001: Last Updated: Tue May 23 13:30:54 2023
<BR><P>
<H3>Maximum Stack Usage =       3908 bytes + Unknown(Cycles, Untraceable Function Pointers)</H3><H3>
Call chain for Maximum Stack Depth:</H3>
adp_mac_serial_if_process &rArr; AdpEventHandler &rArr; AdpMac_EventHandler &rArr; _ProcessMacNotifications &rArr; ADP_ProcessIncomingMessage &rArr; BootstrapWrapper_ProcessMessage &rArr; _Join_Process_Challenge &rArr; _ProcessParameters &rArr; AdpSetRequestSync &rArr; AdpSetMib &rArr; BootstrapWrapper_InitEapPsk &rArr; mbedtls_aes_setkey_enc
<P>
<H3>
Mutually Recursive functions
</H3> <LI><a href="#[2]">HardFault_Handler</a>&nbsp;&nbsp;&nbsp;&rArr;&nbsp;&nbsp;&nbsp;<a href="#[2]">HardFault_Handler</a><BR>
 <LI><a href="#[6]">SVC_Handler</a>&nbsp;&nbsp;&nbsp;&rArr;&nbsp;&nbsp;&nbsp;<a href="#[6]">SVC_Handler</a><BR>
 <LI><a href="#[7]">DebugMon_Handler</a>&nbsp;&nbsp;&nbsp;&rArr;&nbsp;&nbsp;&nbsp;<a href="#[7]">DebugMon_Handler</a><BR>
 <LI><a href="#[8]">PendSV_Handler</a>&nbsp;&nbsp;&nbsp;&rArr;&nbsp;&nbsp;&nbsp;<a href="#[8]">PendSV_Handler</a><BR>
 <LI><a href="#[9]">SysTick_Handler</a>&nbsp;&nbsp;&nbsp;&rArr;&nbsp;&nbsp;&nbsp;<a href="#[9]">SysTick_Handler</a><BR>
 <LI><a href="#[27]">ARM_Handler</a>&nbsp;&nbsp;&nbsp;&rArr;&nbsp;&nbsp;&nbsp;<a href="#[27]">ARM_Handler</a><BR>
 <LI><a href="#[137]">_RREQRERRWait_FindEmptyQueueSlot</a>&nbsp;&nbsp;&nbsp;&rArr;&nbsp;&nbsp;&nbsp;<a href="#[13a]">_GenerateRouteError</a><BR>
 <LI><a href="#[135]">_DiscoverRoute</a>&nbsp;&nbsp;&nbsp;&rArr;&nbsp;&nbsp;&nbsp;<a href="#[137]">_RREQRERRWait_FindEmptyQueueSlot</a><BR>
 <LI><a href="#[1c2]">RoutingSetMib</a>&nbsp;&nbsp;&nbsp;&rArr;&nbsp;&nbsp;&nbsp;<a href="#[162]">LOADNG_SetMib</a><BR>
 <LI><a href="#[2a8]">mbedtls_gcm_update</a>&nbsp;&nbsp;&nbsp;&rArr;&nbsp;&nbsp;&nbsp;<a href="#[2a8]">mbedtls_gcm_update</a><BR>
 <LI><a href="#[248]">_Decompress_NextHeaders</a>&nbsp;&nbsp;&nbsp;&rArr;&nbsp;&nbsp;&nbsp;<a href="#[248]">_Decompress_NextHeaders</a><BR>
 <LI><a href="#[14c]">_ProcessMessage</a>&nbsp;&nbsp;&nbsp;&rArr;&nbsp;&nbsp;&nbsp;<a href="#[14c]">_ProcessMessage</a><BR>
 <LI><a href="#[2ba]">udi_cdc_rx_start</a>&nbsp;&nbsp;&nbsp;&rArr;&nbsp;&nbsp;&nbsp;<a href="#[2ba]">udi_cdc_rx_start</a><BR>
</UL>
<P>
<H3>
Function Pointers
</H3><UL>
 <LI><a href="#[26]">ADC_Handler</a> from lto-llvm-22260d.o(.text.ADC_Handler) referenced from startup_samg55.o(RESET)
 <LI><a href="#[27]">ARM_Handler</a> from startup_samg55.o(.text) referenced from startup_samg55.o(RESET)
 <LI><a href="#[a8]">AdpNotification_AdpdDataIndication</a> from lto-llvm-22260d.o(.text.AdpNotification_AdpdDataIndication) referenced 4 times from lto-llvm-22260d.o(.text.serial_if_coordinator_api_parser)
 <LI><a href="#[a8]">AdpNotification_AdpdDataIndication</a> from lto-llvm-22260d.o(.text.AdpNotification_AdpdDataIndication) referenced 2 times from lto-llvm-22260d.o(.text.serial_if_g3adp_api_parser)
 <LI><a href="#[ba]">AdpNotification_BufferIndication</a> from lto-llvm-22260d.o(.text.AdpNotification_BufferIndication) referenced 2 times from lto-llvm-22260d.o(.text.serial_if_coordinator_api_parser)
 <LI><a href="#[ba]">AdpNotification_BufferIndication</a> from lto-llvm-22260d.o(.text.AdpNotification_BufferIndication) referenced 2 times from lto-llvm-22260d.o(.text.serial_if_g3adp_api_parser)
 <LI><a href="#[a7]">AdpNotification_DataConfirm</a> from lto-llvm-22260d.o(.text.AdpNotification_DataConfirm) referenced 4 times from lto-llvm-22260d.o(.text.serial_if_coordinator_api_parser)
 <LI><a href="#[a7]">AdpNotification_DataConfirm</a> from lto-llvm-22260d.o(.text.AdpNotification_DataConfirm) referenced 2 times from lto-llvm-22260d.o(.text.serial_if_g3adp_api_parser)
 <LI><a href="#[a9]">AdpNotification_DiscoveryConfirm</a> from lto-llvm-22260d.o(.text.AdpNotification_DiscoveryConfirm) referenced 4 times from lto-llvm-22260d.o(.text.serial_if_coordinator_api_parser)
 <LI><a href="#[a9]">AdpNotification_DiscoveryConfirm</a> from lto-llvm-22260d.o(.text.AdpNotification_DiscoveryConfirm) referenced 2 times from lto-llvm-22260d.o(.text.serial_if_g3adp_api_parser)
 <LI><a href="#[aa]">AdpNotification_DiscoveryIndication</a> from lto-llvm-22260d.o(.text.AdpNotification_DiscoveryIndication) referenced 4 times from lto-llvm-22260d.o(.text.serial_if_coordinator_api_parser)
 <LI><a href="#[aa]">AdpNotification_DiscoveryIndication</a> from lto-llvm-22260d.o(.text.AdpNotification_DiscoveryIndication) referenced 2 times from lto-llvm-22260d.o(.text.serial_if_g3adp_api_parser)
 <LI><a href="#[b5]">AdpNotification_GetConfirm</a> from lto-llvm-22260d.o(.text.AdpNotification_GetConfirm) referenced 2 times from lto-llvm-22260d.o(.text.serial_if_coordinator_api_parser)
 <LI><a href="#[b5]">AdpNotification_GetConfirm</a> from lto-llvm-22260d.o(.text.AdpNotification_GetConfirm) referenced 2 times from lto-llvm-22260d.o(.text.serial_if_g3adp_api_parser)
 <LI><a href="#[b6]">AdpNotification_GetMacConfirm</a> from lto-llvm-22260d.o(.text.AdpNotification_GetMacConfirm) referenced 2 times from lto-llvm-22260d.o(.text.serial_if_coordinator_api_parser)
 <LI><a href="#[b6]">AdpNotification_GetMacConfirm</a> from lto-llvm-22260d.o(.text.AdpNotification_GetMacConfirm) referenced 2 times from lto-llvm-22260d.o(.text.serial_if_g3adp_api_parser)
 <LI><a href="#[bd]">AdpNotification_LbpConfirm</a> from lto-llvm-22260d.o(.text.AdpNotification_LbpConfirm) referenced 2 times from lto-llvm-22260d.o(.text.serial_if_coordinator_api_parser)
 <LI><a href="#[b0]">AdpNotification_LbpConfirm.44</a> from lto-llvm-22260d.o(.text.AdpNotification_LbpConfirm.44) referenced 2 times from lto-llvm-22260d.o(.text.serial_if_coordinator_api_parser)
 <LI><a href="#[b0]">AdpNotification_LbpConfirm.44</a> from lto-llvm-22260d.o(.text.AdpNotification_LbpConfirm.44) referenced 2 times from lto-llvm-22260d.o(.text.serial_if_g3adp_api_parser)
 <LI><a href="#[be]">AdpNotification_LbpIndication</a> from lto-llvm-22260d.o(.text.AdpNotification_LbpIndication) referenced 2 times from lto-llvm-22260d.o(.text.serial_if_coordinator_api_parser)
 <LI><a href="#[af]">AdpNotification_LbpIndication.45</a> from lto-llvm-22260d.o(.text.AdpNotification_LbpIndication.45) referenced 2 times from lto-llvm-22260d.o(.text.serial_if_coordinator_api_parser)
 <LI><a href="#[af]">AdpNotification_LbpIndication.45</a> from lto-llvm-22260d.o(.text.AdpNotification_LbpIndication.45) referenced 2 times from lto-llvm-22260d.o(.text.serial_if_g3adp_api_parser)
 <LI><a href="#[ac]">AdpNotification_NetworkJoinConfirm</a> from lto-llvm-22260d.o(.text.AdpNotification_NetworkJoinConfirm) referenced 4 times from lto-llvm-22260d.o(.text.serial_if_coordinator_api_parser)
 <LI><a href="#[ac]">AdpNotification_NetworkJoinConfirm</a> from lto-llvm-22260d.o(.text.AdpNotification_NetworkJoinConfirm) referenced 2 times from lto-llvm-22260d.o(.text.serial_if_g3adp_api_parser)
 <LI><a href="#[ae]">AdpNotification_NetworkLeaveConfirm</a> from lto-llvm-22260d.o(.text.AdpNotification_NetworkLeaveConfirm) referenced 4 times from lto-llvm-22260d.o(.text.serial_if_coordinator_api_parser)
 <LI><a href="#[ae]">AdpNotification_NetworkLeaveConfirm</a> from lto-llvm-22260d.o(.text.AdpNotification_NetworkLeaveConfirm) referenced 2 times from lto-llvm-22260d.o(.text.serial_if_g3adp_api_parser)
 <LI><a href="#[ad]">AdpNotification_NetworkLeaveIndication</a> from lto-llvm-22260d.o(.text.AdpNotification_NetworkLeaveIndication) referenced 4 times from lto-llvm-22260d.o(.text.serial_if_coordinator_api_parser)
 <LI><a href="#[ad]">AdpNotification_NetworkLeaveIndication</a> from lto-llvm-22260d.o(.text.AdpNotification_NetworkLeaveIndication) referenced 2 times from lto-llvm-22260d.o(.text.serial_if_g3adp_api_parser)
 <LI><a href="#[ab]">AdpNotification_NetworkStartConfirm</a> from lto-llvm-22260d.o(.text.AdpNotification_NetworkStartConfirm) referenced 4 times from lto-llvm-22260d.o(.text.serial_if_coordinator_api_parser)
 <LI><a href="#[ab]">AdpNotification_NetworkStartConfirm</a> from lto-llvm-22260d.o(.text.AdpNotification_NetworkStartConfirm) referenced 2 times from lto-llvm-22260d.o(.text.serial_if_g3adp_api_parser)
 <LI><a href="#[b9]">AdpNotification_NetworkStatusIndication</a> from lto-llvm-22260d.o(.text.AdpNotification_NetworkStatusIndication) referenced 2 times from lto-llvm-22260d.o(.text.serial_if_coordinator_api_parser)
 <LI><a href="#[b9]">AdpNotification_NetworkStatusIndication</a> from lto-llvm-22260d.o(.text.AdpNotification_NetworkStatusIndication) referenced 2 times from lto-llvm-22260d.o(.text.serial_if_g3adp_api_parser)
 <LI><a href="#[b8]">AdpNotification_PathDiscoveryConfirm</a> from lto-llvm-22260d.o(.text.AdpNotification_PathDiscoveryConfirm) referenced 2 times from lto-llvm-22260d.o(.text.serial_if_coordinator_api_parser)
 <LI><a href="#[b8]">AdpNotification_PathDiscoveryConfirm</a> from lto-llvm-22260d.o(.text.AdpNotification_PathDiscoveryConfirm) referenced 2 times from lto-llvm-22260d.o(.text.serial_if_g3adp_api_parser)
 <LI><a href="#[b2]">AdpNotification_ResetConfirm</a> from lto-llvm-22260d.o(.text.AdpNotification_ResetConfirm) referenced 2 times from lto-llvm-22260d.o(.text.serial_if_coordinator_api_parser)
 <LI><a href="#[b2]">AdpNotification_ResetConfirm</a> from lto-llvm-22260d.o(.text.AdpNotification_ResetConfirm) referenced 2 times from lto-llvm-22260d.o(.text.serial_if_g3adp_api_parser)
 <LI><a href="#[b7]">AdpNotification_RouteDiscoveryConfirm</a> from lto-llvm-22260d.o(.text.AdpNotification_RouteDiscoveryConfirm) referenced 2 times from lto-llvm-22260d.o(.text.serial_if_coordinator_api_parser)
 <LI><a href="#[b7]">AdpNotification_RouteDiscoveryConfirm</a> from lto-llvm-22260d.o(.text.AdpNotification_RouteDiscoveryConfirm) referenced 2 times from lto-llvm-22260d.o(.text.serial_if_g3adp_api_parser)
 <LI><a href="#[b3]">AdpNotification_SetConfirm</a> from lto-llvm-22260d.o(.text.AdpNotification_SetConfirm) referenced 2 times from lto-llvm-22260d.o(.text.serial_if_coordinator_api_parser)
 <LI><a href="#[b3]">AdpNotification_SetConfirm</a> from lto-llvm-22260d.o(.text.AdpNotification_SetConfirm) referenced 2 times from lto-llvm-22260d.o(.text.serial_if_g3adp_api_parser)
 <LI><a href="#[b4]">AdpNotification_SetMacConfirm</a> from lto-llvm-22260d.o(.text.AdpNotification_SetMacConfirm) referenced 2 times from lto-llvm-22260d.o(.text.serial_if_coordinator_api_parser)
 <LI><a href="#[b4]">AdpNotification_SetMacConfirm</a> from lto-llvm-22260d.o(.text.AdpNotification_SetMacConfirm) referenced 2 times from lto-llvm-22260d.o(.text.serial_if_g3adp_api_parser)
 <LI><a href="#[bb]">AppAdpNotification_PREQIndication</a> from lto-llvm-22260d.o(.text.AppAdpNotification_PREQIndication) referenced 2 times from lto-llvm-22260d.o(.text.serial_if_coordinator_api_parser)
 <LI><a href="#[bb]">AppAdpNotification_PREQIndication</a> from lto-llvm-22260d.o(.text.AppAdpNotification_PREQIndication) referenced 2 times from lto-llvm-22260d.o(.text.serial_if_g3adp_api_parser)
 <LI><a href="#[b1]">AppAdpNotification_RouteNotFoundIndication</a> from lto-llvm-22260d.o(.text.AppAdpNotification_RouteNotFoundIndication) referenced 2 times from lto-llvm-22260d.o(.text.serial_if_coordinator_api_parser)
 <LI><a href="#[b1]">AppAdpNotification_RouteNotFoundIndication</a> from lto-llvm-22260d.o(.text.AppAdpNotification_RouteNotFoundIndication) referenced 2 times from lto-llvm-22260d.o(.text.serial_if_g3adp_api_parser)
 <LI><a href="#[bc]">AppAdpNotification_UpdNonVolatileDataIndication</a> from lto-llvm-22260d.o(.text.AppAdpNotification_UpdNonVolatileDataIndication) referenced 2 times from lto-llvm-22260d.o(.text.serial_if_coordinator_api_parser)
 <LI><a href="#[bc]">AppAdpNotification_UpdNonVolatileDataIndication</a> from lto-llvm-22260d.o(.text.AppAdpNotification_UpdNonVolatileDataIndication) referenced 2 times from lto-llvm-22260d.o(.text.serial_if_g3adp_api_parser)
 <LI><a href="#[bf]">BootstrapNotification_JoinIndication</a> from lto-llvm-22260d.o(.text.BootstrapNotification_JoinIndication) referenced 2 times from lto-llvm-22260d.o(.text.serial_if_coordinator_api_parser)
 <LI><a href="#[c0]">BootstrapNotification_LeaveIndication</a> from lto-llvm-22260d.o(.text.BootstrapNotification_LeaveIndication) referenced 2 times from lto-llvm-22260d.o(.text.serial_if_coordinator_api_parser)
 <LI><a href="#[4]">BusFault_Handler</a> from lto-llvm-22260d.o(.text.BusFault_Handler) referenced from startup_samg55.o(RESET)
 <LI><a href="#[2a]">CRCCU_Handler</a> from startup_samg55.o(.text) referenced from startup_samg55.o(RESET)
 <LI><a href="#[7]">DebugMon_Handler</a> from startup_samg55.o(.text) referenced from startup_samg55.o(RESET)
 <LI><a href="#[10]">EFC_Handler</a> from startup_samg55.o(.text) referenced from startup_samg55.o(RESET)
 <LI><a href="#[12]">FLEXCOM0_Handler</a> from lto-llvm-22260d.o(.text.FLEXCOM0_Handler) referenced from startup_samg55.o(RESET)
 <LI><a href="#[13]">FLEXCOM1_Handler</a> from startup_samg55.o(.text) referenced from startup_samg55.o(RESET)
 <LI><a href="#[17]">FLEXCOM2_Handler</a> from startup_samg55.o(.text) referenced from startup_samg55.o(RESET)
 <LI><a href="#[1c]">FLEXCOM3_Handler</a> from startup_samg55.o(.text) referenced from startup_samg55.o(RESET)
 <LI><a href="#[1d]">FLEXCOM4_Handler</a> from lto-llvm-22260d.o(.text.FLEXCOM4_Handler) referenced from startup_samg55.o(RESET)
 <LI><a href="#[1e]">FLEXCOM5_Handler</a> from startup_samg55.o(.text) referenced from startup_samg55.o(RESET)
 <LI><a href="#[1f]">FLEXCOM6_Handler</a> from startup_samg55.o(.text) referenced from startup_samg55.o(RESET)
 <LI><a href="#[11]">FLEXCOM7_Handler</a> from startup_samg55.o(.text) referenced from startup_samg55.o(RESET)
 <LI><a href="#[2]">HardFault_Handler</a> from startup_samg55.o(.text) referenced from startup_samg55.o(RESET)
 <LI><a href="#[19]">I2SC0_Handler</a> from startup_samg55.o(.text) referenced from startup_samg55.o(RESET)
 <LI><a href="#[1a]">I2SC1_Handler</a> from startup_samg55.o(.text) referenced from startup_samg55.o(RESET)
 <LI><a href="#[38]">LoWPAN_DataSend_Callback</a> from proto6lowpan.o(.text) referenced from adp.o(.text)
 <LI><a href="#[18]">MEM2MEM_Handler</a> from startup_samg55.o(.text) referenced from startup_samg55.o(RESET)
 <LI><a href="#[d1]">MacNotification_BeaconNotify</a> from lto-llvm-22260d.o(.text.MacNotification_BeaconNotify) referenced 2 times from lto-llvm-22260d.o(.text.serial_if_g3mac_api_parser)
 <LI><a href="#[c7]">MacNotification_BeaconNotifyRF</a> from lto-llvm-22260d.o(.text.MacNotification_BeaconNotifyRF) referenced 2 times from lto-llvm-22260d.o(.text.serial_if_g3mac_api_parser)
 <LI><a href="#[d4]">MacNotification_CommStatusIndication</a> from lto-llvm-22260d.o(.text.MacNotification_CommStatusIndication) referenced 2 times from lto-llvm-22260d.o(.text.serial_if_g3mac_api_parser)
 <LI><a href="#[ca]">MacNotification_CommStatusIndicationRF</a> from lto-llvm-22260d.o(.text.MacNotification_CommStatusIndicationRF) referenced 2 times from lto-llvm-22260d.o(.text.serial_if_g3mac_api_parser)
 <LI><a href="#[cc]">MacNotification_DataConfirm</a> from lto-llvm-22260d.o(.text.MacNotification_DataConfirm) referenced 2 times from lto-llvm-22260d.o(.text.serial_if_g3mac_api_parser)
 <LI><a href="#[c2]">MacNotification_DataConfirmRF</a> from lto-llvm-22260d.o(.text.MacNotification_DataConfirmRF) referenced 2 times from lto-llvm-22260d.o(.text.serial_if_g3mac_api_parser)
 <LI><a href="#[cd]">MacNotification_DataIndication</a> from lto-llvm-22260d.o(.text.MacNotification_DataIndication) referenced 2 times from lto-llvm-22260d.o(.text.serial_if_g3mac_api_parser)
 <LI><a href="#[c3]">MacNotification_DataIndicationRF</a> from lto-llvm-22260d.o(.text.MacNotification_DataIndicationRF) referenced 2 times from lto-llvm-22260d.o(.text.serial_if_g3mac_api_parser)
 <LI><a href="#[ce]">MacNotification_GetConfirm</a> from lto-llvm-22260d.o(.text.MacNotification_GetConfirm) referenced 2 times from lto-llvm-22260d.o(.text.serial_if_g3mac_api_parser)
 <LI><a href="#[c4]">MacNotification_GetConfirmRF</a> from lto-llvm-22260d.o(.text.MacNotification_GetConfirmRF) referenced 2 times from lto-llvm-22260d.o(.text.serial_if_g3mac_api_parser)
 <LI><a href="#[d5]">MacNotification_MacSnifferIndication</a> from lto-llvm-22260d.o(.text.MacNotification_MacSnifferIndication) referenced 2 times from lto-llvm-22260d.o(.text.serial_if_g3mac_api_parser)
 <LI><a href="#[cb]">MacNotification_MacSnifferIndicationRF</a> from lto-llvm-22260d.o(.text.MacNotification_MacSnifferIndicationRF) referenced 2 times from lto-llvm-22260d.o(.text.serial_if_g3mac_api_parser)
 <LI><a href="#[d0]">MacNotification_ResetConfirm</a> from lto-llvm-22260d.o(.text.MacNotification_ResetConfirm) referenced 2 times from lto-llvm-22260d.o(.text.serial_if_g3mac_api_parser)
 <LI><a href="#[c6]">MacNotification_ResetConfirmRF</a> from lto-llvm-22260d.o(.text.MacNotification_ResetConfirmRF) referenced 2 times from lto-llvm-22260d.o(.text.serial_if_g3mac_api_parser)
 <LI><a href="#[d2]">MacNotification_ScanConfirm</a> from lto-llvm-22260d.o(.text.MacNotification_ScanConfirm) referenced 2 times from lto-llvm-22260d.o(.text.serial_if_g3mac_api_parser)
 <LI><a href="#[c8]">MacNotification_ScanConfirmRF</a> from lto-llvm-22260d.o(.text.MacNotification_ScanConfirmRF) referenced 2 times from lto-llvm-22260d.o(.text.serial_if_g3mac_api_parser)
 <LI><a href="#[cf]">MacNotification_SetConfirm</a> from lto-llvm-22260d.o(.text.MacNotification_SetConfirm) referenced 2 times from lto-llvm-22260d.o(.text.serial_if_g3mac_api_parser)
 <LI><a href="#[c5]">MacNotification_SetConfirmRF</a> from lto-llvm-22260d.o(.text.MacNotification_SetConfirmRF) referenced 2 times from lto-llvm-22260d.o(.text.serial_if_g3mac_api_parser)
 <LI><a href="#[d3]">MacNotification_StartConfirm</a> from lto-llvm-22260d.o(.text.MacNotification_StartConfirm) referenced 2 times from lto-llvm-22260d.o(.text.serial_if_g3mac_api_parser)
 <LI><a href="#[c9]">MacNotification_StartConfirmRF</a> from lto-llvm-22260d.o(.text.MacNotification_StartConfirmRF) referenced 2 times from lto-llvm-22260d.o(.text.serial_if_g3mac_api_parser)
 <LI><a href="#[e3]">MacRtCbPlmeGetConfirm</a> from maclow.o(.text) referenced from maclow.o(.data)
 <LI><a href="#[e1]">MacRtCbProcessFrame</a> from maclow.o(.text) referenced from maclow.o(.data)
 <LI><a href="#[e2]">MacRtCbTxConfirm</a> from maclow.o(.text) referenced from maclow.o(.data)
 <LI><a href="#[3]">MemManage_Handler</a> from lto-llvm-22260d.o(.text.MemManage_Handler) referenced from startup_samg55.o(RESET)
 <LI><a href="#[1]">NMI_Handler</a> from lto-llvm-22260d.o(.text.NMI_Handler) referenced from startup_samg55.o(RESET)
 <LI><a href="#[1e7]">Network_Join_Confirm</a> from adpnetwork.o(.text) referenced 2 times from adpnetwork.o(.text)
 <LI><a href="#[1ec]">Network_Kick_Notify</a> from adpnetwork.o(.text) referenced 2 times from adpnetwork.o(.text)
 <LI><a href="#[1f0]">Network_Leave_Callback</a> from adpnetwork.o(.text) referenced from adpnetwork.o(.text)
 <LI><a href="#[16]">PDMIC0_Handler</a> from startup_samg55.o(.text) referenced from startup_samg55.o(RESET)
 <LI><a href="#[1b]">PDMIC1_Handler</a> from startup_samg55.o(.text) referenced from startup_samg55.o(RESET)
 <LI><a href="#[14]">PIOA_Handler</a> from lto-llvm-22260d.o(.text.PIOA_Handler) referenced from startup_samg55.o(RESET)
 <LI><a href="#[15]">PIOB_Handler</a> from lto-llvm-22260d.o(.text.PIOB_Handler) referenced from startup_samg55.o(RESET)
 <LI><a href="#[f]">PMC_Handler</a> from startup_samg55.o(.text) referenced from startup_samg55.o(RESET)
 <LI><a href="#[e4]">PalRFCbDataConfirm</a> from macrflow.o(.text) referenced from macrflow.o(.data)
 <LI><a href="#[e5]">PalRFCbDataIndication</a> from macrflow.o(.text) referenced from macrflow.o(.data)
 <LI><a href="#[8]">PendSV_Handler</a> from startup_samg55.o(.text) referenced from startup_samg55.o(RESET)
 <LI><a href="#[b]">RSTC_Handler</a> from lto-llvm-22260d.o(.text.RSTC_Handler) referenced from startup_samg55.o(RESET)
 <LI><a href="#[c]">RTC_Handler</a> from startup_samg55.o(.text) referenced from startup_samg55.o(RESET)
 <LI><a href="#[d]">RTT_Handler</a> from startup_samg55.o(.text) referenced from startup_samg55.o(RESET)
 <LI><a href="#[0]">Reset_Handler</a> from startup_samg55.o(.text) referenced from startup_samg55.o(RESET)
 <LI><a href="#[a]">SUPC_Handler</a> from lto-llvm-22260d.o(.text.SUPC_Handler) referenced from startup_samg55.o(RESET)
 <LI><a href="#[6]">SVC_Handler</a> from startup_samg55.o(.text) referenced from startup_samg55.o(RESET)
 <LI><a href="#[9]">SysTick_Handler</a> from startup_samg55.o(.text) referenced from startup_samg55.o(RESET)
 <LI><a href="#[2c]">SystemInit</a> from lto-llvm-22260d.o(.text.SystemInit) referenced from startup_samg55.o(.text)
 <LI><a href="#[20]">TC0_Handler</a> from startup_samg55.o(.text) referenced from startup_samg55.o(RESET)
 <LI><a href="#[21]">TC1_Handler</a> from startup_samg55.o(.text) referenced from startup_samg55.o(RESET)
 <LI><a href="#[22]">TC2_Handler</a> from lto-llvm-22260d.o(.text.TC2_Handler) referenced from startup_samg55.o(RESET)
 <LI><a href="#[23]">TC3_Handler</a> from lto-llvm-22260d.o(.text.TC3_Handler) referenced from startup_samg55.o(RESET)
 <LI><a href="#[24]">TC4_Handler</a> from lto-llvm-22260d.o(.text.TC4_Handler) referenced from startup_samg55.o(RESET)
 <LI><a href="#[25]">TC5_Handler</a> from startup_samg55.o(.text) referenced from startup_samg55.o(RESET)
 <LI><a href="#[29]">UDP_Handler</a> from lto-llvm-22260d.o(.text.UDP_Handler) referenced from startup_samg55.o(RESET)
 <LI><a href="#[28]">UHP_Handler</a> from startup_samg55.o(.text) referenced from startup_samg55.o(RESET)
 <LI><a href="#[5]">UsageFault_Handler</a> from lto-llvm-22260d.o(.text.UsageFault_Handler) referenced from startup_samg55.o(RESET)
 <LI><a href="#[e]">WDT_Handler</a> from startup_samg55.o(.text) referenced from startup_samg55.o(RESET)
 <LI><a href="#[4b]">_Callback_AdpMac_ResetConfirm</a> from adpreset.o(.text) referenced from adpreset.o(.text)
 <LI><a href="#[39]">_Callback_DataSend</a> from adpdata.o(.text) referenced from adpdata.o(.text)
 <LI><a href="#[4e]">_Callback_FragTimer</a> from adpcommon.o(.text) referenced from adpcommon.o(.text)
 <LI><a href="#[42]">_Callback_HyALBeaconNotify</a> from adpmacinterface.o(.text) referenced from adpmacinterface.o(.text)
 <LI><a href="#[45]">_Callback_HyALCommStatusIndication</a> from adpmacinterface.o(.text) referenced from adpmacinterface.o(.text)
 <LI><a href="#[3d]">_Callback_HyALDataConfirm</a> from adpmacinterface.o(.text) referenced from adpmacinterface.o(.text)
 <LI><a href="#[3e]">_Callback_HyALDataIndication</a> from adpmacinterface.o(.text) referenced from adpmacinterface.o(.text)
 <LI><a href="#[3f]">_Callback_HyALGetConfirm</a> from adpmacinterface.o(.text) referenced from adpmacinterface.o(.text)
 <LI><a href="#[59]">_Callback_HyALMacWrpBeaconNotify</a> from lto-llvm-22260d.o(.text._Callback_HyALMacWrpBeaconNotify) referenced 2 times from lto-llvm-22260d.o(.text.HyALInitialize)
 <LI><a href="#[6d]">_Callback_HyALMacWrpBeaconNotifyRF</a> from lto-llvm-22260d.o(.text._Callback_HyALMacWrpBeaconNotifyRF) referenced 2 times from lto-llvm-22260d.o(.text.HyALInitialize)
 <LI><a href="#[5c]">_Callback_HyALMacWrpCommStatusIndication</a> from lto-llvm-22260d.o(.text._Callback_HyALMacWrpCommStatusIndication) referenced 2 times from lto-llvm-22260d.o(.text.HyALInitialize)
 <LI><a href="#[70]">_Callback_HyALMacWrpCommStatusIndicationRF</a> from lto-llvm-22260d.o(.text._Callback_HyALMacWrpCommStatusIndicationRF) referenced 2 times from lto-llvm-22260d.o(.text.HyALInitialize)
 <LI><a href="#[54]">_Callback_HyALMacWrpDataConfirm</a> from lto-llvm-22260d.o(.text._Callback_HyALMacWrpDataConfirm) referenced 2 times from lto-llvm-22260d.o(.text.HyALInitialize)
 <LI><a href="#[68]">_Callback_HyALMacWrpDataConfirmRF</a> from lto-llvm-22260d.o(.text._Callback_HyALMacWrpDataConfirmRF) referenced 2 times from lto-llvm-22260d.o(.text.HyALInitialize)
 <LI><a href="#[55]">_Callback_HyALMacWrpDataIndication</a> from lto-llvm-22260d.o(.text._Callback_HyALMacWrpDataIndication) referenced 2 times from lto-llvm-22260d.o(.text.HyALInitialize)
 <LI><a href="#[69]">_Callback_HyALMacWrpDataIndicationRF</a> from lto-llvm-22260d.o(.text._Callback_HyALMacWrpDataIndicationRF) referenced 2 times from lto-llvm-22260d.o(.text.HyALInitialize)
 <LI><a href="#[56]">_Callback_HyALMacWrpGetConfirm</a> from lto-llvm-22260d.o(.text._Callback_HyALMacWrpGetConfirm) referenced 2 times from lto-llvm-22260d.o(.text.HyALInitialize)
 <LI><a href="#[6a]">_Callback_HyALMacWrpGetConfirmRF</a> from lto-llvm-22260d.o(.text._Callback_HyALMacWrpGetConfirmRF) referenced 2 times from lto-llvm-22260d.o(.text.HyALInitialize)
 <LI><a href="#[58]">_Callback_HyALMacWrpResetConfirm</a> from lto-llvm-22260d.o(.text._Callback_HyALMacWrpResetConfirm) referenced 2 times from lto-llvm-22260d.o(.text.HyALInitialize)
 <LI><a href="#[6c]">_Callback_HyALMacWrpResetConfirmRF</a> from lto-llvm-22260d.o(.text._Callback_HyALMacWrpResetConfirmRF) referenced 2 times from lto-llvm-22260d.o(.text.HyALInitialize)
 <LI><a href="#[5a]">_Callback_HyALMacWrpScanConfirm</a> from lto-llvm-22260d.o(.text._Callback_HyALMacWrpScanConfirm) referenced 2 times from lto-llvm-22260d.o(.text.HyALInitialize)
 <LI><a href="#[6e]">_Callback_HyALMacWrpScanConfirmRF</a> from lto-llvm-22260d.o(.text._Callback_HyALMacWrpScanConfirmRF) referenced 2 times from lto-llvm-22260d.o(.text.HyALInitialize)
 <LI><a href="#[57]">_Callback_HyALMacWrpSetConfirm</a> from lto-llvm-22260d.o(.text._Callback_HyALMacWrpSetConfirm) referenced 2 times from lto-llvm-22260d.o(.text.HyALInitialize)
 <LI><a href="#[6b]">_Callback_HyALMacWrpSetConfirmRF</a> from lto-llvm-22260d.o(.text._Callback_HyALMacWrpSetConfirmRF) referenced 2 times from lto-llvm-22260d.o(.text.HyALInitialize)
 <LI><a href="#[5d]">_Callback_HyALMacWrpSnifferIndication</a> from lto-llvm-22260d.o(.text._Callback_HyALMacWrpSnifferIndication) referenced 2 times from lto-llvm-22260d.o(.text.HyALInitialize)
 <LI><a href="#[71]">_Callback_HyALMacWrpSnifferIndicationRF</a> from lto-llvm-22260d.o(.text._Callback_HyALMacWrpSnifferIndicationRF) referenced 2 times from lto-llvm-22260d.o(.text.HyALInitialize)
 <LI><a href="#[5b]">_Callback_HyALMacWrpStartConfirm</a> from lto-llvm-22260d.o(.text._Callback_HyALMacWrpStartConfirm) referenced 2 times from lto-llvm-22260d.o(.text.HyALInitialize)
 <LI><a href="#[6f]">_Callback_HyALMacWrpStartConfirmRF</a> from lto-llvm-22260d.o(.text._Callback_HyALMacWrpStartConfirmRF) referenced 2 times from lto-llvm-22260d.o(.text.HyALInitialize)
 <LI><a href="#[41]">_Callback_HyALResetConfirm</a> from adpmacinterface.o(.text) referenced from adpmacinterface.o(.text)
 <LI><a href="#[43]">_Callback_HyALScanConfirm</a> from adpmacinterface.o(.text) referenced from adpmacinterface.o(.text)
 <LI><a href="#[40]">_Callback_HyALSetConfirm</a> from adpmacinterface.o(.text) referenced from adpmacinterface.o(.text)
 <LI><a href="#[44]">_Callback_HyALStartConfirm</a> from adpmacinterface.o(.text) referenced from adpmacinterface.o(.text)
 <LI><a href="#[3a]">_Callback_MAC_BeaconNotifyIndication</a> from adpdiscovery.o(.text) referenced from adpdiscovery.o(.text)
 <LI><a href="#[4d]">_Callback_MAC_DataConfirm</a> from adpcommon.o(.text) referenced from adpcommon.o(.text)
 <LI><a href="#[3b]">_Callback_MAC_ScanConfirm</a> from adpdiscovery.o(.text) referenced from adpdiscovery.o(.text)
 <LI><a href="#[5e]">_Callback_MacWrapperMcpsDataConfirm</a> from lto-llvm-22260d.o(.text._Callback_MacWrapperMcpsDataConfirm) referenced 2 times from lto-llvm-22260d.o(.text.HyALInitialize)
 <LI><a href="#[5e]">_Callback_MacWrapperMcpsDataConfirm</a> from lto-llvm-22260d.o(.text._Callback_MacWrapperMcpsDataConfirm) referenced 2 times from lto-llvm-22260d.o(.text.serial_if_g3mac_api_parser)
 <LI><a href="#[72]">_Callback_MacWrapperMcpsDataConfirmRF</a> from lto-llvm-22260d.o(.text._Callback_MacWrapperMcpsDataConfirmRF) referenced 2 times from lto-llvm-22260d.o(.text.HyALInitialize)
 <LI><a href="#[72]">_Callback_MacWrapperMcpsDataConfirmRF</a> from lto-llvm-22260d.o(.text._Callback_MacWrapperMcpsDataConfirmRF) referenced 2 times from lto-llvm-22260d.o(.text.serial_if_g3mac_api_parser)
 <LI><a href="#[5f]">_Callback_MacWrapperMcpsDataIndication</a> from lto-llvm-22260d.o(.text._Callback_MacWrapperMcpsDataIndication) referenced 2 times from lto-llvm-22260d.o(.text.HyALInitialize)
 <LI><a href="#[5f]">_Callback_MacWrapperMcpsDataIndication</a> from lto-llvm-22260d.o(.text._Callback_MacWrapperMcpsDataIndication) referenced 2 times from lto-llvm-22260d.o(.text.serial_if_g3mac_api_parser)
 <LI><a href="#[73]">_Callback_MacWrapperMcpsDataIndicationRF</a> from lto-llvm-22260d.o(.text._Callback_MacWrapperMcpsDataIndicationRF) referenced 2 times from lto-llvm-22260d.o(.text.HyALInitialize)
 <LI><a href="#[73]">_Callback_MacWrapperMcpsDataIndicationRF</a> from lto-llvm-22260d.o(.text._Callback_MacWrapperMcpsDataIndicationRF) referenced 2 times from lto-llvm-22260d.o(.text.serial_if_g3mac_api_parser)
 <LI><a href="#[67]">_Callback_MacWrapperMcpsMacSnifferIndication</a> from lto-llvm-22260d.o(.text._Callback_MacWrapperMcpsMacSnifferIndication) referenced 2 times from lto-llvm-22260d.o(.text.HyALInitialize)
 <LI><a href="#[67]">_Callback_MacWrapperMcpsMacSnifferIndication</a> from lto-llvm-22260d.o(.text._Callback_MacWrapperMcpsMacSnifferIndication) referenced 2 times from lto-llvm-22260d.o(.text.serial_if_g3mac_api_parser)
 <LI><a href="#[7b]">_Callback_MacWrapperMcpsMacSnifferIndicationRF</a> from lto-llvm-22260d.o(.text._Callback_MacWrapperMcpsMacSnifferIndicationRF) referenced 2 times from lto-llvm-22260d.o(.text.HyALInitialize)
 <LI><a href="#[7b]">_Callback_MacWrapperMcpsMacSnifferIndicationRF</a> from lto-llvm-22260d.o(.text._Callback_MacWrapperMcpsMacSnifferIndicationRF) referenced 2 times from lto-llvm-22260d.o(.text.serial_if_g3mac_api_parser)
 <LI><a href="#[63]">_Callback_MacWrapperMlmeBeaconNotify</a> from lto-llvm-22260d.o(.text._Callback_MacWrapperMlmeBeaconNotify) referenced 2 times from lto-llvm-22260d.o(.text.HyALInitialize)
 <LI><a href="#[63]">_Callback_MacWrapperMlmeBeaconNotify</a> from lto-llvm-22260d.o(.text._Callback_MacWrapperMlmeBeaconNotify) referenced 2 times from lto-llvm-22260d.o(.text.serial_if_g3mac_api_parser)
 <LI><a href="#[77]">_Callback_MacWrapperMlmeBeaconNotifyRF</a> from lto-llvm-22260d.o(.text._Callback_MacWrapperMlmeBeaconNotifyRF) referenced 2 times from lto-llvm-22260d.o(.text.HyALInitialize)
 <LI><a href="#[77]">_Callback_MacWrapperMlmeBeaconNotifyRF</a> from lto-llvm-22260d.o(.text._Callback_MacWrapperMlmeBeaconNotifyRF) referenced 2 times from lto-llvm-22260d.o(.text.serial_if_g3mac_api_parser)
 <LI><a href="#[66]">_Callback_MacWrapperMlmeCommStatusIndication</a> from lto-llvm-22260d.o(.text._Callback_MacWrapperMlmeCommStatusIndication) referenced 2 times from lto-llvm-22260d.o(.text.HyALInitialize)
 <LI><a href="#[66]">_Callback_MacWrapperMlmeCommStatusIndication</a> from lto-llvm-22260d.o(.text._Callback_MacWrapperMlmeCommStatusIndication) referenced 2 times from lto-llvm-22260d.o(.text.serial_if_g3mac_api_parser)
 <LI><a href="#[7a]">_Callback_MacWrapperMlmeCommStatusIndicationRF</a> from lto-llvm-22260d.o(.text._Callback_MacWrapperMlmeCommStatusIndicationRF) referenced 2 times from lto-llvm-22260d.o(.text.HyALInitialize)
 <LI><a href="#[7a]">_Callback_MacWrapperMlmeCommStatusIndicationRF</a> from lto-llvm-22260d.o(.text._Callback_MacWrapperMlmeCommStatusIndicationRF) referenced 2 times from lto-llvm-22260d.o(.text.serial_if_g3mac_api_parser)
 <LI><a href="#[60]">_Callback_MacWrapperMlmeGetConfirm</a> from lto-llvm-22260d.o(.text._Callback_MacWrapperMlmeGetConfirm) referenced 2 times from lto-llvm-22260d.o(.text.HyALInitialize)
 <LI><a href="#[60]">_Callback_MacWrapperMlmeGetConfirm</a> from lto-llvm-22260d.o(.text._Callback_MacWrapperMlmeGetConfirm) referenced 2 times from lto-llvm-22260d.o(.text.serial_if_g3mac_api_parser)
 <LI><a href="#[74]">_Callback_MacWrapperMlmeGetConfirmRF</a> from lto-llvm-22260d.o(.text._Callback_MacWrapperMlmeGetConfirmRF) referenced 2 times from lto-llvm-22260d.o(.text.HyALInitialize)
 <LI><a href="#[74]">_Callback_MacWrapperMlmeGetConfirmRF</a> from lto-llvm-22260d.o(.text._Callback_MacWrapperMlmeGetConfirmRF) referenced 2 times from lto-llvm-22260d.o(.text.serial_if_g3mac_api_parser)
 <LI><a href="#[62]">_Callback_MacWrapperMlmeResetConfirm</a> from lto-llvm-22260d.o(.text._Callback_MacWrapperMlmeResetConfirm) referenced 2 times from lto-llvm-22260d.o(.text.HyALInitialize)
 <LI><a href="#[62]">_Callback_MacWrapperMlmeResetConfirm</a> from lto-llvm-22260d.o(.text._Callback_MacWrapperMlmeResetConfirm) referenced 2 times from lto-llvm-22260d.o(.text.serial_if_g3mac_api_parser)
 <LI><a href="#[76]">_Callback_MacWrapperMlmeResetConfirmRF</a> from lto-llvm-22260d.o(.text._Callback_MacWrapperMlmeResetConfirmRF) referenced 2 times from lto-llvm-22260d.o(.text.HyALInitialize)
 <LI><a href="#[76]">_Callback_MacWrapperMlmeResetConfirmRF</a> from lto-llvm-22260d.o(.text._Callback_MacWrapperMlmeResetConfirmRF) referenced 2 times from lto-llvm-22260d.o(.text.serial_if_g3mac_api_parser)
 <LI><a href="#[64]">_Callback_MacWrapperMlmeScanConfirm</a> from lto-llvm-22260d.o(.text._Callback_MacWrapperMlmeScanConfirm) referenced 2 times from lto-llvm-22260d.o(.text.HyALInitialize)
 <LI><a href="#[64]">_Callback_MacWrapperMlmeScanConfirm</a> from lto-llvm-22260d.o(.text._Callback_MacWrapperMlmeScanConfirm) referenced 2 times from lto-llvm-22260d.o(.text.serial_if_g3mac_api_parser)
 <LI><a href="#[78]">_Callback_MacWrapperMlmeScanConfirmRF</a> from lto-llvm-22260d.o(.text._Callback_MacWrapperMlmeScanConfirmRF) referenced 2 times from lto-llvm-22260d.o(.text.HyALInitialize)
 <LI><a href="#[78]">_Callback_MacWrapperMlmeScanConfirmRF</a> from lto-llvm-22260d.o(.text._Callback_MacWrapperMlmeScanConfirmRF) referenced 2 times from lto-llvm-22260d.o(.text.serial_if_g3mac_api_parser)
 <LI><a href="#[61]">_Callback_MacWrapperMlmeSetConfirm</a> from lto-llvm-22260d.o(.text._Callback_MacWrapperMlmeSetConfirm) referenced 2 times from lto-llvm-22260d.o(.text.HyALInitialize)
 <LI><a href="#[61]">_Callback_MacWrapperMlmeSetConfirm</a> from lto-llvm-22260d.o(.text._Callback_MacWrapperMlmeSetConfirm) referenced 2 times from lto-llvm-22260d.o(.text.serial_if_g3mac_api_parser)
 <LI><a href="#[75]">_Callback_MacWrapperMlmeSetConfirmRF</a> from lto-llvm-22260d.o(.text._Callback_MacWrapperMlmeSetConfirmRF) referenced 2 times from lto-llvm-22260d.o(.text.HyALInitialize)
 <LI><a href="#[75]">_Callback_MacWrapperMlmeSetConfirmRF</a> from lto-llvm-22260d.o(.text._Callback_MacWrapperMlmeSetConfirmRF) referenced 2 times from lto-llvm-22260d.o(.text.serial_if_g3mac_api_parser)
 <LI><a href="#[65]">_Callback_MacWrapperMlmeStartConfirm</a> from lto-llvm-22260d.o(.text._Callback_MacWrapperMlmeStartConfirm) referenced 2 times from lto-llvm-22260d.o(.text.HyALInitialize)
 <LI><a href="#[65]">_Callback_MacWrapperMlmeStartConfirm</a> from lto-llvm-22260d.o(.text._Callback_MacWrapperMlmeStartConfirm) referenced 2 times from lto-llvm-22260d.o(.text.serial_if_g3mac_api_parser)
 <LI><a href="#[79]">_Callback_MacWrapperMlmeStartConfirmRF</a> from lto-llvm-22260d.o(.text._Callback_MacWrapperMlmeStartConfirmRF) referenced 2 times from lto-llvm-22260d.o(.text.HyALInitialize)
 <LI><a href="#[79]">_Callback_MacWrapperMlmeStartConfirmRF</a> from lto-llvm-22260d.o(.text._Callback_MacWrapperMlmeStartConfirmRF) referenced 2 times from lto-llvm-22260d.o(.text.serial_if_g3mac_api_parser)
 <LI><a href="#[31]">_DiscoverRoute_Callback_MAC_DataConfirm</a> from protoloadng.o(.text) referenced from protoloadng.o(.text)
 <LI><a href="#[33]">_DiscoverRoute_TimerExpired_Callback</a> from protoloadng.o(.text) referenced from protoloadng.o(.text)
 <LI><a href="#[53]">_Dummy_Callback_DataSend</a> from lto-llvm-22260d.o(.text._Dummy_Callback_DataSend) referenced 2 times from lto-llvm-22260d.o(.text.BootstrapWrapper_ProcessMessage)
 <LI><a href="#[53]">_Dummy_Callback_DataSend</a> from lto-llvm-22260d.o(.text._Dummy_Callback_DataSend) referenced 2 times from lto-llvm-22260d.o(.text._Join_Process_Accepted)
 <LI><a href="#[52]">_Join_Callback_DataSend</a> from lto-llvm-22260d.o(.text._Join_Callback_DataSend) referenced 2 times from lto-llvm-22260d.o(.text.BootstrapWrapper_JoinRequest)
 <LI><a href="#[52]">_Join_Callback_DataSend</a> from lto-llvm-22260d.o(.text._Join_Callback_DataSend) referenced 4 times from lto-llvm-22260d.o(.text._Join_Process_Challenge)
 <LI><a href="#[51]">_Join_TimerExpired_Callback</a> from lto-llvm-22260d.o(.text._Join_TimerExpired_Callback) referenced 2 times from lto-llvm-22260d.o(.text.BootstrapWrapper_JoinRequest)
 <LI><a href="#[47]">_Kick_Callback_AdpMac_ResetConfirm</a> from adpnetwork.o(.text) referenced from adpnetwork.o(.text)
 <LI><a href="#[48]">_Kick_TimerExpired_Callback</a> from adpnetwork.o(.text) referenced from adpnetwork.o(.text)
 <LI><a href="#[3c]">_Lbp_Callback_DataSend</a> from adplbp.o(.text) referenced from adplbp.o(.text)
 <LI><a href="#[49]">_Leave_Callback_AdpMac_ResetConfirm</a> from adpnetwork.o(.text) referenced from adpnetwork.o(.text)
 <LI><a href="#[4a]">_PathDiscovery_Callback</a> from adppathdiscovery.o(.text) referenced from adppathdiscovery.o(.text)
 <LI><a href="#[2f]">_PathDiscovery_Callback_MAC_DataConfirm</a> from protoloadng.o(.text) referenced from protoloadng.o(.text)
 <LI><a href="#[2e]">_PathDiscovery_TimerExpired_Callback</a> from protoloadng.o(.text) referenced from protoloadng.o(.text)
 <LI><a href="#[35]">_PathForward_Callback_MAC_DataConfirm</a> from protoloadng.o(.text) referenced 3 times from protoloadng.o(.text)
 <LI><a href="#[36]">_Process_RREQ_TimerExpired_Callback</a> from protoloadng.o(.text) referenced from protoloadng.o(.text)
 <LI><a href="#[30]">_RREQRERRWait_TimerExpired_Callback</a> from protoloadng.o(.text) referenced 2 times from protoloadng.o(.text)
 <LI><a href="#[9a]">_Rekey_TimerExpired_Callback</a> from lto-llvm-22260d.o(.text._Rekey_TimerExpired_Callback) referenced 2 times from lto-llvm-22260d.o(.text._Join_Process_Challenge)
 <LI><a href="#[50]">_RouteDiscover_Callback</a> from adpcommon.o(.text) referenced from adpcommon.o(.text)
 <LI><a href="#[34]">_RouteDiscover_Callback_MAC_DataConfirm</a> from protoloadng.o(.text) referenced 3 times from protoloadng.o(.text)
 <LI><a href="#[4c]">_RouteDiscovery_DiscoverRoute_Callback</a> from adproutediscovery.o(.text) referenced from adproutediscovery.o(.text)
 <LI><a href="#[37]">_RouteErrorForward_Callback_MAC_DataConfirm</a> from protoloadng.o(.text) referenced from protoloadng.o(.text)
 <LI><a href="#[32]">_RouteErrorGeneration_Callback_MAC_DataConfirm</a> from protoloadng.o(.text) referenced from protoloadng.o(.text)
 <LI><a href="#[4f]">_RouteRepair_Callback</a> from adpcommon.o(.text) referenced 2 times from adpcommon.o(.text)
 <LI><a href="#[46]">_Start_Callback_MAC_StartConfirm</a> from adpnetwork.o(.text) referenced from adpnetwork.o(.text)
 <LI><a href="#[2d]">__main</a> from entry.o(.ARM.Collect$$$$00000000) referenced from startup_samg55.o(.text)
 <LI><a href="#[8b]">_at86rf_exception_cb</a> from lto-llvm-22260d.o(.text._at86rf_exception_cb) referenced 2 times from lto-llvm-22260d.o(.text.PalRfInitialize)
 <LI><a href="#[8d]">_at86rf_rx_ind_cb</a> from lto-llvm-22260d.o(.text._at86rf_rx_ind_cb) referenced 2 times from lto-llvm-22260d.o(.text.PalRfInitialize)
 <LI><a href="#[8c]">_at86rf_tx_cfm_cb</a> from lto-llvm-22260d.o(.text._at86rf_tx_cfm_cb) referenced 2 times from lto-llvm-22260d.o(.text.PalRfInitialize)
 <LI><a href="#[89]">_exception_event_cb</a> from lto-llvm-22260d.o(.text._exception_event_cb) referenced 2 times from lto-llvm-22260d.o(.text.MacRtInitialize)
 <LI><a href="#[89]">_exception_event_cb</a> from lto-llvm-22260d.o(.text._exception_event_cb) referenced 2 times from lto-llvm-22260d.o(.text.MacRtResetRequest)
 <LI><a href="#[85]">_handler_atpl360_ext_int</a> from lto-llvm-22260d.o(.text._handler_atpl360_ext_int) referenced 2 times from lto-llvm-22260d.o(.text.MacRtInitialize)
 <LI><a href="#[85]">_handler_atpl360_ext_int</a> from lto-llvm-22260d.o(.text._handler_atpl360_ext_int) referenced 2 times from lto-llvm-22260d.o(.text.MacRtResetRequest)
 <LI><a href="#[a4]">_oss_1ms_timer_handler</a> from lto-llvm-22260d.o(.text._oss_1ms_timer_handler) referenced 2 times from lto-llvm-22260d.o(.text.oss_start)
 <LI><a href="#[88]">_plme_get_confirm_cb</a> from lto-llvm-22260d.o(.text._plme_get_confirm_cb) referenced 2 times from lto-llvm-22260d.o(.text.MacRtInitialize)
 <LI><a href="#[88]">_plme_get_confirm_cb</a> from lto-llvm-22260d.o(.text._plme_get_confirm_cb) referenced 2 times from lto-llvm-22260d.o(.text.MacRtResetRequest)
 <LI><a href="#[a6]">_prf_if_int_handler</a> from lto-llvm-22260d.o(.text._prf_if_int_handler) referenced 2 times from lto-llvm-22260d.o(.text.prf_if_set_handler)
 <LI><a href="#[87]">_process_frame_cb</a> from lto-llvm-22260d.o(.text._process_frame_cb) referenced 2 times from lto-llvm-22260d.o(.text.MacRtInitialize)
 <LI><a href="#[87]">_process_frame_cb</a> from lto-llvm-22260d.o(.text._process_frame_cb) referenced 2 times from lto-llvm-22260d.o(.text.MacRtResetRequest)
 <LI><a href="#[8a]">_restore_configuration</a> from lto-llvm-22260d.o(.text._restore_configuration) referenced 2 times from lto-llvm-22260d.o(.text.MacRtInitialize)
 <LI><a href="#[8a]">_restore_configuration</a> from lto-llvm-22260d.o(.text._restore_configuration) referenced 2 times from lto-llvm-22260d.o(.text.MacRtResetRequest)
 <LI><a href="#[86]">_tx_confirm_cb</a> from lto-llvm-22260d.o(.text._tx_confirm_cb) referenced 2 times from lto-llvm-22260d.o(.text.MacRtInitialize)
 <LI><a href="#[86]">_tx_confirm_cb</a> from lto-llvm-22260d.o(.text._tx_confirm_cb) referenced 2 times from lto-llvm-22260d.o(.text.MacRtResetRequest)
 <LI><a href="#[9b]">_tx_prog_handler</a> from lto-llvm-22260d.o(.text._tx_prog_handler) referenced 2 times from lto-llvm-22260d.o(.text._tx_prog_handler)
 <LI><a href="#[9b]">_tx_prog_handler</a> from lto-llvm-22260d.o(.text._tx_prog_handler) referenced 2 times from lto-llvm-22260d.o(.text.at86rf_tx_req)
 <LI><a href="#[9b]">_tx_prog_handler</a> from lto-llvm-22260d.o(.text._tx_prog_handler) referenced 4 times from lto-llvm-22260d.o(.text.rf215_irq_handler)
 <LI><a href="#[a2]">adp_mac_serial_if_init</a> from lto-llvm-22260d.o(.text.adp_mac_serial_if_init) referenced 2 times from lto-llvm-22260d.o(.text.main)
 <LI><a href="#[a3]">adp_mac_serial_if_process</a> from lto-llvm-22260d.o(.text.adp_mac_serial_if_process) referenced 2 times from lto-llvm-22260d.o(.text.main)
 <LI><a href="#[db]">aes_crypt_ecb_wrap</a> from lto-llvm-22260d.o(.text.aes_crypt_ecb_wrap) referenced from lto-llvm-22260d.o(.rodata)
 <LI><a href="#[de]">aes_ctx_alloc</a> from lto-llvm-22260d.o(.text.aes_ctx_alloc) referenced from lto-llvm-22260d.o(.rodata)
 <LI><a href="#[df]">aes_ctx_free</a> from lto-llvm-22260d.o(.text.aes_ctx_free) referenced from lto-llvm-22260d.o(.rodata)
 <LI><a href="#[dd]">aes_setkey_dec_wrap</a> from lto-llvm-22260d.o(.text.aes_setkey_dec_wrap) referenced from lto-llvm-22260d.o(.rodata)
 <LI><a href="#[dc]">aes_setkey_enc_wrap</a> from lto-llvm-22260d.o(.text.aes_setkey_enc_wrap) referenced from lto-llvm-22260d.o(.rodata)
 <LI><a href="#[a0]">buffer_alloc_calloc</a> from lto-llvm-22260d.o(.text.buffer_alloc_calloc) referenced 2 times from lto-llvm-22260d.o(.text.crypto_init)
 <LI><a href="#[a1]">buffer_alloc_free</a> from lto-llvm-22260d.o(.text.buffer_alloc_free) referenced 2 times from lto-llvm-22260d.o(.text.crypto_init)
 <LI><a href="#[da]">fputc</a> from lto-llvm-22260d.o(.text.fputc) referenced from printfa.o(i.__0printf)
 <LI><a href="#[2b]">main</a> from lto-llvm-22260d.o(.text.main) referenced from entry9a.o(.ARM.Collect$$$$0000000B)
 <LI><a href="#[e0]">memset</a> from memseta.o(.text) referenced from lto-llvm-22260d.o(.rodata)
 <LI><a href="#[e6]">platform_calloc_uninit</a> from lto-llvm-22260d.o(.text.platform_calloc_uninit) referenced from lto-llvm-22260d.o(.data)
 <LI><a href="#[e7]">platform_free_uninit</a> from lto-llvm-22260d.o(.text.platform_free_uninit) referenced from lto-llvm-22260d.o(.data)
 <LI><a href="#[7d]">pplc_if_delay</a> from lto-llvm-22260d.o(.text.pplc_if_delay) referenced 2 times from lto-llvm-22260d.o(.text.MacRtInitialize)
 <LI><a href="#[84]">pplc_if_enable_interrupt</a> from lto-llvm-22260d.o(.text.pplc_if_enable_interrupt) referenced 2 times from lto-llvm-22260d.o(.text.MacRtInitialize)
 <LI><a href="#[7e]">pplc_if_get_thermal_warning</a> from lto-llvm-22260d.o(.text.pplc_if_get_thermal_warning) referenced 2 times from lto-llvm-22260d.o(.text.MacRtInitialize)
 <LI><a href="#[7c]">pplc_if_init</a> from lto-llvm-22260d.o(.text.pplc_if_init) referenced 2 times from lto-llvm-22260d.o(.text.MacRtInitialize)
 <LI><a href="#[a5]">pplc_if_int_handler</a> from lto-llvm-22260d.o(.text.pplc_if_int_handler) referenced 2 times from lto-llvm-22260d.o(.text.pplc_if_set_handler)
 <LI><a href="#[7f]">pplc_if_reset</a> from lto-llvm-22260d.o(.text.pplc_if_reset) referenced 2 times from lto-llvm-22260d.o(.text.MacRtInitialize)
 <LI><a href="#[82]">pplc_if_send_boot_cmd</a> from lto-llvm-22260d.o(.text.pplc_if_send_boot_cmd) referenced 2 times from lto-llvm-22260d.o(.text.MacRtInitialize)
 <LI><a href="#[83]">pplc_if_send_wrrd_cmd</a> from lto-llvm-22260d.o(.text.pplc_if_send_wrrd_cmd) referenced 2 times from lto-llvm-22260d.o(.text.MacRtInitialize)
 <LI><a href="#[81]">pplc_if_set_handler</a> from lto-llvm-22260d.o(.text.pplc_if_set_handler) referenced 2 times from lto-llvm-22260d.o(.text.MacRtInitialize)
 <LI><a href="#[80]">pplc_if_set_stby_mode</a> from lto-llvm-22260d.o(.text.pplc_if_set_stby_mode) referenced 2 times from lto-llvm-22260d.o(.text.MacRtInitialize)
 <LI><a href="#[90]">prf_if_enable_interrupt</a> from lto-llvm-22260d.o(.text.prf_if_enable_interrupt) referenced 2 times from lto-llvm-22260d.o(.text.PalRfInitialize)
 <LI><a href="#[8e]">prf_if_init</a> from lto-llvm-22260d.o(.text.prf_if_init) referenced 2 times from lto-llvm-22260d.o(.text.PalRfInitialize)
 <LI><a href="#[93]">prf_if_is_spi_busy</a> from lto-llvm-22260d.o(.text.prf_if_is_spi_busy) referenced 2 times from lto-llvm-22260d.o(.text.PalRfInitialize)
 <LI><a href="#[94]">prf_if_led</a> from lto-llvm-22260d.o(.text.prf_if_led) referenced 2 times from lto-llvm-22260d.o(.text.PalRfInitialize)
 <LI><a href="#[8f]">prf_if_reset</a> from lto-llvm-22260d.o(.text.prf_if_reset) referenced 2 times from lto-llvm-22260d.o(.text.PalRfInitialize)
 <LI><a href="#[92]">prf_if_send_spi_cmd</a> from lto-llvm-22260d.o(.text.prf_if_send_spi_cmd) referenced 2 times from lto-llvm-22260d.o(.text.PalRfInitialize)
 <LI><a href="#[91]">prf_if_set_handler</a> from lto-llvm-22260d.o(.text.prf_if_set_handler) referenced 2 times from lto-llvm-22260d.o(.text.PalRfInitialize)
 <LI><a href="#[9f]">rf215_irq_handler</a> from lto-llvm-22260d.o(.text.rf215_irq_handler) referenced 2 times from lto-llvm-22260d.o(.text.at86rf_enable)
 <LI><a href="#[9e]">serial_if_coordinator_api_parser</a> from lto-llvm-22260d.o(.text.serial_if_coordinator_api_parser) referenced 2 times from lto-llvm-22260d.o(.text.adp_mac_serial_if_init)
 <LI><a href="#[9d]">serial_if_g3adp_api_parser</a> from lto-llvm-22260d.o(.text.serial_if_g3adp_api_parser) referenced 2 times from lto-llvm-22260d.o(.text.adp_mac_serial_if_init)
 <LI><a href="#[9c]">serial_if_g3mac_api_parser</a> from lto-llvm-22260d.o(.text.serial_if_g3mac_api_parser) referenced 2 times from lto-llvm-22260d.o(.text.adp_mac_serial_if_init)
 <LI><a href="#[c1]">store_persistent_info</a> from lto-llvm-22260d.o(.text.store_persistent_info) referenced 2 times from lto-llvm-22260d.o(.text.serial_if_g3adp_api_parser)
 <LI><a href="#[98]">timer_1us_cancel_int</a> from lto-llvm-22260d.o(.text.timer_1us_cancel_int) referenced 2 times from lto-llvm-22260d.o(.text.PalRfInitialize)
 <LI><a href="#[96]">timer_1us_enable_interrupt</a> from lto-llvm-22260d.o(.text.timer_1us_enable_interrupt) referenced 2 times from lto-llvm-22260d.o(.text.PalRfInitialize)
 <LI><a href="#[95]">timer_1us_get</a> from lto-llvm-22260d.o(.text.timer_1us_get) referenced 2 times from lto-llvm-22260d.o(.text.PalRfInitialize)
 <LI><a href="#[97]">timer_1us_set_int</a> from lto-llvm-22260d.o(.text.timer_1us_set_int) referenced 2 times from lto-llvm-22260d.o(.text.PalRfInitialize)
 <LI><a href="#[99]">udc_valid_address</a> from lto-llvm-22260d.o(.text.udc_valid_address) referenced 2 times from lto-llvm-22260d.o(.text.UDP_Handler)
 <LI><a href="#[e9]">udi_cdc_comm_disable</a> from lto-llvm-22260d.o(.text.udi_cdc_comm_disable) referenced from lto-llvm-22260d.o(.data)
 <LI><a href="#[e8]">udi_cdc_comm_enable</a> from lto-llvm-22260d.o(.text.udi_cdc_comm_enable) referenced from lto-llvm-22260d.o(.data)
 <LI><a href="#[ea]">udi_cdc_comm_setup</a> from lto-llvm-22260d.o(.text.udi_cdc_comm_setup) referenced from lto-llvm-22260d.o(.data)
 <LI><a href="#[ed]">udi_cdc_data_disable</a> from lto-llvm-22260d.o(.text.udi_cdc_data_disable) referenced from lto-llvm-22260d.o(.data)
 <LI><a href="#[ec]">udi_cdc_data_enable</a> from lto-llvm-22260d.o(.text.udi_cdc_data_enable) referenced from lto-llvm-22260d.o(.data)
 <LI><a href="#[d7]">udi_cdc_data_received</a> from lto-llvm-22260d.o(.text.udi_cdc_data_received) referenced 2 times from lto-llvm-22260d.o(.text.udi_cdc_data_received)
 <LI><a href="#[d7]">udi_cdc_data_received</a> from lto-llvm-22260d.o(.text.udi_cdc_data_received) referenced 2 times from lto-llvm-22260d.o(.text.udi_cdc_rx_start)
 <LI><a href="#[d9]">udi_cdc_data_sent</a> from lto-llvm-22260d.o(.text.udi_cdc_data_sent) referenced 2 times from lto-llvm-22260d.o(.text.udi_cdc_tx_send)
 <LI><a href="#[ee]">udi_cdc_data_setup</a> from lto-llvm-22260d.o(.text.udi_cdc_data_setup) referenced from lto-llvm-22260d.o(.data)
 <LI><a href="#[ef]">udi_cdc_data_sof_notify</a> from lto-llvm-22260d.o(.text.udi_cdc_data_sof_notify) referenced from lto-llvm-22260d.o(.data)
 <LI><a href="#[eb]">udi_cdc_getsetting</a> from lto-llvm-22260d.o(.text.udi_cdc_getsetting) referenced 2 times from lto-llvm-22260d.o(.data)
 <LI><a href="#[d6]">udi_cdc_line_coding_received</a> from lto-llvm-22260d.o(.text.udi_cdc_line_coding_received) referenced 2 times from lto-llvm-22260d.o(.text.udi_cdc_comm_setup)
 <LI><a href="#[d8]">udi_cdc_serial_state_msg_sent</a> from lto-llvm-22260d.o(.text.udi_cdc_serial_state_msg_sent) referenced 2 times from lto-llvm-22260d.o(.text.udi_cdc_serial_state_msg_sent)
 <LI><a href="#[d8]">udi_cdc_serial_state_msg_sent</a> from lto-llvm-22260d.o(.text.udi_cdc_serial_state_msg_sent) referenced 2 times from lto-llvm-22260d.o(.text.usb_wrp_udc_write_buf)
</UL>
<P>
<H3>
Global Symbols
</H3>
<P><STRONG><a name="[2d]"></a>__main</STRONG> (Thumb, 0 bytes, Stack size unknown bytes, entry.o(.ARM.Collect$$$$00000000))
<BR>[Address Reference Count : 1]<UL><LI> startup_samg55.o(.text)
</UL>
<P><STRONG><a name="[2c1]"></a>_main_stk</STRONG> (Thumb, 0 bytes, Stack size unknown bytes, entry2.o(.ARM.Collect$$$$00000001))

<P><STRONG><a name="[f0]"></a>_main_scatterload</STRONG> (Thumb, 0 bytes, Stack size unknown bytes, entry5.o(.ARM.Collect$$$$00000004))
<BR><BR>[Calls]<UL><LI><a href="#[f1]">&gt;&gt;</a>&nbsp;&nbsp;&nbsp;__scatterload
</UL>

<P><STRONG><a name="[25d]"></a>__main_after_scatterload</STRONG> (Thumb, 0 bytes, Stack size unknown bytes, entry5.o(.ARM.Collect$$$$00000004))
<BR><BR>[Called By]<UL><LI><a href="#[f1]">&gt;&gt;</a>&nbsp;&nbsp;&nbsp;__scatterload
</UL>

<P><STRONG><a name="[2c2]"></a>_main_clock</STRONG> (Thumb, 0 bytes, Stack size unknown bytes, entry7b.o(.ARM.Collect$$$$00000008))

<P><STRONG><a name="[2c3]"></a>_main_cpp_init</STRONG> (Thumb, 0 bytes, Stack size unknown bytes, entry8b.o(.ARM.Collect$$$$0000000A))

<P><STRONG><a name="[2c4]"></a>_main_init</STRONG> (Thumb, 0 bytes, Stack size unknown bytes, entry9a.o(.ARM.Collect$$$$0000000B))

<P><STRONG><a name="[2c5]"></a>__rt_final_cpp</STRONG> (Thumb, 0 bytes, Stack size unknown bytes, entry10a.o(.ARM.Collect$$$$0000000D))

<P><STRONG><a name="[2c6]"></a>__rt_final_exit</STRONG> (Thumb, 0 bytes, Stack size unknown bytes, entry11a.o(.ARM.Collect$$$$0000000F))

<P><STRONG><a name="[0]"></a>Reset_Handler</STRONG> (Thumb, 8 bytes, Stack size 0 bytes, startup_samg55.o(.text))
<BR>[Address Reference Count : 1]<UL><LI> startup_samg55.o(RESET)
</UL>
<P><STRONG><a name="[2]"></a>HardFault_Handler</STRONG> (Thumb, 2 bytes, Stack size 0 bytes, startup_samg55.o(.text))
<BR><BR>[Calls]<UL><LI><a href="#[2]">&gt;&gt;</a>&nbsp;&nbsp;&nbsp;HardFault_Handler
</UL>
<BR>[Called By]<UL><LI><a href="#[2]">&gt;&gt;</a>&nbsp;&nbsp;&nbsp;HardFault_Handler
</UL>
<BR>[Address Reference Count : 1]<UL><LI> startup_samg55.o(RESET)
</UL>
<P><STRONG><a name="[6]"></a>SVC_Handler</STRONG> (Thumb, 2 bytes, Stack size 0 bytes, startup_samg55.o(.text))
<BR><BR>[Calls]<UL><LI><a href="#[6]">&gt;&gt;</a>&nbsp;&nbsp;&nbsp;SVC_Handler
</UL>
<BR>[Called By]<UL><LI><a href="#[6]">&gt;&gt;</a>&nbsp;&nbsp;&nbsp;SVC_Handler
</UL>
<BR>[Address Reference Count : 1]<UL><LI> startup_samg55.o(RESET)
</UL>
<P><STRONG><a name="[7]"></a>DebugMon_Handler</STRONG> (Thumb, 2 bytes, Stack size 0 bytes, startup_samg55.o(.text))
<BR><BR>[Calls]<UL><LI><a href="#[7]">&gt;&gt;</a>&nbsp;&nbsp;&nbsp;DebugMon_Handler
</UL>
<BR>[Called By]<UL><LI><a href="#[7]">&gt;&gt;</a>&nbsp;&nbsp;&nbsp;DebugMon_Handler
</UL>
<BR>[Address Reference Count : 1]<UL><LI> startup_samg55.o(RESET)
</UL>
<P><STRONG><a name="[8]"></a>PendSV_Handler</STRONG> (Thumb, 2 bytes, Stack size 0 bytes, startup_samg55.o(.text))
<BR><BR>[Calls]<UL><LI><a href="#[8]">&gt;&gt;</a>&nbsp;&nbsp;&nbsp;PendSV_Handler
</UL>
<BR>[Called By]<UL><LI><a href="#[8]">&gt;&gt;</a>&nbsp;&nbsp;&nbsp;PendSV_Handler
</UL>
<BR>[Address Reference Count : 1]<UL><LI> startup_samg55.o(RESET)
</UL>
<P><STRONG><a name="[9]"></a>SysTick_Handler</STRONG> (Thumb, 2 bytes, Stack size 0 bytes, startup_samg55.o(.text))
<BR><BR>[Calls]<UL><LI><a href="#[9]">&gt;&gt;</a>&nbsp;&nbsp;&nbsp;SysTick_Handler
</UL>
<BR>[Called By]<UL><LI><a href="#[9]">&gt;&gt;</a>&nbsp;&nbsp;&nbsp;SysTick_Handler
</UL>
<BR>[Address Reference Count : 1]<UL><LI> startup_samg55.o(RESET)
</UL>
<P><STRONG><a name="[27]"></a>ARM_Handler</STRONG> (Thumb, 0 bytes, Stack size 0 bytes, startup_samg55.o(.text))
<BR><BR>[Calls]<UL><LI><a href="#[27]">&gt;&gt;</a>&nbsp;&nbsp;&nbsp;ARM_Handler
</UL>
<BR>[Called By]<UL><LI><a href="#[27]">&gt;&gt;</a>&nbsp;&nbsp;&nbsp;ARM_Handler
</UL>
<BR>[Address Reference Count : 1]<UL><LI> startup_samg55.o(RESET)
</UL>
<P><STRONG><a name="[2a]"></a>CRCCU_Handler</STRONG> (Thumb, 0 bytes, Stack size 0 bytes, startup_samg55.o(.text))
<BR>[Address Reference Count : 1]<UL><LI> startup_samg55.o(RESET)
</UL>
<P><STRONG><a name="[10]"></a>EFC_Handler</STRONG> (Thumb, 0 bytes, Stack size 0 bytes, startup_samg55.o(.text))
<BR>[Address Reference Count : 1]<UL><LI> startup_samg55.o(RESET)
</UL>
<P><STRONG><a name="[13]"></a>FLEXCOM1_Handler</STRONG> (Thumb, 0 bytes, Stack size 0 bytes, startup_samg55.o(.text))
<BR>[Address Reference Count : 1]<UL><LI> startup_samg55.o(RESET)
</UL>
<P><STRONG><a name="[17]"></a>FLEXCOM2_Handler</STRONG> (Thumb, 0 bytes, Stack size 0 bytes, startup_samg55.o(.text))
<BR>[Address Reference Count : 1]<UL><LI> startup_samg55.o(RESET)
</UL>
<P><STRONG><a name="[1c]"></a>FLEXCOM3_Handler</STRONG> (Thumb, 0 bytes, Stack size 0 bytes, startup_samg55.o(.text))
<BR>[Address Reference Count : 1]<UL><LI> startup_samg55.o(RESET)
</UL>
<P><STRONG><a name="[1e]"></a>FLEXCOM5_Handler</STRONG> (Thumb, 0 bytes, Stack size 0 bytes, startup_samg55.o(.text))
<BR>[Address Reference Count : 1]<UL><LI> startup_samg55.o(RESET)
</UL>
<P><STRONG><a name="[1f]"></a>FLEXCOM6_Handler</STRONG> (Thumb, 0 bytes, Stack size 0 bytes, startup_samg55.o(.text))
<BR>[Address Reference Count : 1]<UL><LI> startup_samg55.o(RESET)
</UL>
<P><STRONG><a name="[11]"></a>FLEXCOM7_Handler</STRONG> (Thumb, 0 bytes, Stack size 0 bytes, startup_samg55.o(.text))
<BR>[Address Reference Count : 1]<UL><LI> startup_samg55.o(RESET)
</UL>
<P><STRONG><a name="[19]"></a>I2SC0_Handler</STRONG> (Thumb, 0 bytes, Stack size 0 bytes, startup_samg55.o(.text))
<BR>[Address Reference Count : 1]<UL><LI> startup_samg55.o(RESET)
</UL>
<P><STRONG><a name="[1a]"></a>I2SC1_Handler</STRONG> (Thumb, 0 bytes, Stack size 0 bytes, startup_samg55.o(.text))
<BR>[Address Reference Count : 1]<UL><LI> startup_samg55.o(RESET)
</UL>
<P><STRONG><a name="[18]"></a>MEM2MEM_Handler</STRONG> (Thumb, 0 bytes, Stack size 0 bytes, startup_samg55.o(.text))
<BR>[Address Reference Count : 1]<UL><LI> startup_samg55.o(RESET)
</UL>
<P><STRONG><a name="[16]"></a>PDMIC0_Handler</STRONG> (Thumb, 0 bytes, Stack size 0 bytes, startup_samg55.o(.text))
<BR>[Address Reference Count : 1]<UL><LI> startup_samg55.o(RESET)
</UL>
<P><STRONG><a name="[1b]"></a>PDMIC1_Handler</STRONG> (Thumb, 0 bytes, Stack size 0 bytes, startup_samg55.o(.text))
<BR>[Address Reference Count : 1]<UL><LI> startup_samg55.o(RESET)
</UL>
<P><STRONG><a name="[f]"></a>PMC_Handler</STRONG> (Thumb, 0 bytes, Stack size 0 bytes, startup_samg55.o(.text))
<BR>[Address Reference Count : 1]<UL><LI> startup_samg55.o(RESET)
</UL>
<P><STRONG><a name="[c]"></a>RTC_Handler</STRONG> (Thumb, 0 bytes, Stack size 0 bytes, startup_samg55.o(.text))
<BR>[Address Reference Count : 1]<UL><LI> startup_samg55.o(RESET)
</UL>
<P><STRONG><a name="[d]"></a>RTT_Handler</STRONG> (Thumb, 0 bytes, Stack size 0 bytes, startup_samg55.o(.text))
<BR>[Address Reference Count : 1]<UL><LI> startup_samg55.o(RESET)
</UL>
<P><STRONG><a name="[20]"></a>TC0_Handler</STRONG> (Thumb, 0 bytes, Stack size 0 bytes, startup_samg55.o(.text))
<BR>[Address Reference Count : 1]<UL><LI> startup_samg55.o(RESET)
</UL>
<P><STRONG><a name="[21]"></a>TC1_Handler</STRONG> (Thumb, 0 bytes, Stack size 0 bytes, startup_samg55.o(.text))
<BR>[Address Reference Count : 1]<UL><LI> startup_samg55.o(RESET)
</UL>
<P><STRONG><a name="[25]"></a>TC5_Handler</STRONG> (Thumb, 0 bytes, Stack size 0 bytes, startup_samg55.o(.text))
<BR>[Address Reference Count : 1]<UL><LI> startup_samg55.o(RESET)
</UL>
<P><STRONG><a name="[28]"></a>UHP_Handler</STRONG> (Thumb, 0 bytes, Stack size 0 bytes, startup_samg55.o(.text))
<BR>[Address Reference Count : 1]<UL><LI> startup_samg55.o(RESET)
</UL>
<P><STRONG><a name="[e]"></a>WDT_Handler</STRONG> (Thumb, 0 bytes, Stack size 0 bytes, startup_samg55.o(.text))
<BR>[Address Reference Count : 1]<UL><LI> startup_samg55.o(RESET)
</UL>
<P><STRONG><a name="[f2]"></a>MacMibReset</STRONG> (Thumb, 10 bytes, Stack size 0 bytes, macmib.o(.text))
<BR><BR>[Stack]<UL><LI>Max Depth = 32<LI>Call Chain = MacMibReset &rArr; MibResetInternal &rArr; Random32
</UL>
<BR>[Calls]<UL><LI><a href="#[f3]">&gt;&gt;</a>&nbsp;&nbsp;&nbsp;MibResetInternal
</UL>
<BR>[Called By]<UL><LI><a href="#[108]">&gt;&gt;</a>&nbsp;&nbsp;&nbsp;MacLowResetRequest
</UL>

<P><STRONG><a name="[f4]"></a>MacMibInitialize</STRONG> (Thumb, 28 bytes, Stack size 8 bytes, macmib.o(.text))
<BR><BR>[Stack]<UL><LI>Max Depth = 40<LI>Call Chain = MacMibInitialize &rArr; MibResetInternal &rArr; Random32
</UL>
<BR>[Calls]<UL><LI><a href="#[f3]">&gt;&gt;</a>&nbsp;&nbsp;&nbsp;MibResetInternal
</UL>
<BR>[Called By]<UL><LI><a href="#[117]">&gt;&gt;</a>&nbsp;&nbsp;&nbsp;MacInitialize
</UL>

<P><STRONG><a name="[f7]"></a>MibGetNeighbourEntry</STRONG> (Thumb, 86 bytes, Stack size 12 bytes, macmib.o(.text))
<BR><BR>[Stack]<UL><LI>Max Depth = 12<LI>Call Chain = MibGetNeighbourEntry
</UL>
<BR>[Called By]<UL><LI><a href="#[11a]">&gt;&gt;</a>&nbsp;&nbsp;&nbsp;MacEventHandler
<LI><a href="#[f5]">&gt;&gt;</a>&nbsp;&nbsp;&nbsp;MacMlmeGetRequestSync
<LI><a href="#[e2]">&gt;&gt;</a>&nbsp;&nbsp;&nbsp;MacRtCbTxConfirm
<LI><a href="#[e1]">&gt;&gt;</a>&nbsp;&nbsp;&nbsp;MacRtCbProcessFrame
<LI><a href="#[10a]">&gt;&gt;</a>&nbsp;&nbsp;&nbsp;MacLowTxRequest
<LI><a href="#[112]">&gt;&gt;</a>&nbsp;&nbsp;&nbsp;HandleToneMapResponse
</UL>

<P><STRONG><a name="[1fe]"></a>MibGetPOSEntry</STRONG> (Thumb, 50 bytes, Stack size 4 bytes, macmib.o(.text))
<BR><BR>[Stack]<UL><LI>Max Depth = 4<LI>Call Chain = MibGetPOSEntry
</UL>
<BR>[Called By]<UL><LI><a href="#[e1]">&gt;&gt;</a>&nbsp;&nbsp;&nbsp;MacRtCbProcessFrame
</UL>

<P><STRONG><a name="[f5]"></a>MacMlmeGetRequestSync</STRONG> (Thumb, 1558 bytes, Stack size 40 bytes, macmib.o(.text))
<BR><BR>[Stack]<UL><LI>Max Depth = 152<LI>Call Chain = MacMlmeGetRequestSync &rArr; MacRtGetRequestSync &rArr; _get_req &rArr; atpl360_boot_download_firmware
</UL>
<BR>[Calls]<UL><LI><a href="#[f6]">&gt;&gt;</a>&nbsp;&nbsp;&nbsp;__aeabi_memcpy
<LI><a href="#[f7]">&gt;&gt;</a>&nbsp;&nbsp;&nbsp;MibGetNeighbourEntry
<LI><a href="#[f8]">&gt;&gt;</a>&nbsp;&nbsp;&nbsp;MacRtGetRequestSync
</UL>
<BR>[Called By]<UL><LI><a href="#[105]">&gt;&gt;</a>&nbsp;&nbsp;&nbsp;MacMlmeGetRequest
<LI><a href="#[112]">&gt;&gt;</a>&nbsp;&nbsp;&nbsp;HandleToneMapResponse
<LI><a href="#[68]">&gt;&gt;</a>&nbsp;&nbsp;&nbsp;_Callback_HyALMacWrpDataConfirmRF
<LI><a href="#[155]">&gt;&gt;</a>&nbsp;&nbsp;&nbsp;HyALGetRequestSync
</UL>

<P><STRONG><a name="[f9]"></a>MacMlmeSetRequestSync</STRONG> (Thumb, 2082 bytes, Stack size 184 bytes, macmib.o(.text))
<BR><BR>[Stack]<UL><LI>Max Depth = 304<LI>Call Chain = MacMlmeSetRequestSync &rArr; MacRtSetRequestSync &rArr; _set_req &rArr; atpl360_boot_download_firmware
</UL>
<BR>[Calls]<UL><LI><a href="#[fd]">&gt;&gt;</a>&nbsp;&nbsp;&nbsp;memcmp
<LI><a href="#[fe]">&gt;&gt;</a>&nbsp;&nbsp;&nbsp;__aeabi_memclr
<LI><a href="#[fa]">&gt;&gt;</a>&nbsp;&nbsp;&nbsp;__aeabi_memmove
<LI><a href="#[f6]">&gt;&gt;</a>&nbsp;&nbsp;&nbsp;__aeabi_memcpy
<LI><a href="#[fb]">&gt;&gt;</a>&nbsp;&nbsp;&nbsp;__ARM_common_memcpy4_5
<LI><a href="#[fc]">&gt;&gt;</a>&nbsp;&nbsp;&nbsp;MacRtSetRequestSync
</UL>
<BR>[Called By]<UL><LI><a href="#[10b]">&gt;&gt;</a>&nbsp;&nbsp;&nbsp;MacMlmeStartRequest
<LI><a href="#[106]">&gt;&gt;</a>&nbsp;&nbsp;&nbsp;MacMlmeSetRequest
<LI><a href="#[109]">&gt;&gt;</a>&nbsp;&nbsp;&nbsp;MacMlmeScanRequest
<LI><a href="#[9c]">&gt;&gt;</a>&nbsp;&nbsp;&nbsp;serial_if_g3mac_api_parser
<LI><a href="#[1d8]">&gt;&gt;</a>&nbsp;&nbsp;&nbsp;HyALSetRequestSync
</UL>

<P><STRONG><a name="[ff]"></a>MibGetDeviceEntry</STRONG> (Thumb, 152 bytes, Stack size 32 bytes, macmib.o(.text))
<BR><BR>[Stack]<UL><LI>Max Depth = 40<LI>Call Chain = MibGetDeviceEntry &rArr; __aeabi_memmove
</UL>
<BR>[Calls]<UL><LI><a href="#[fa]">&gt;&gt;</a>&nbsp;&nbsp;&nbsp;__aeabi_memmove
<LI><a href="#[100]">&gt;&gt;</a>&nbsp;&nbsp;&nbsp;__ARM_common_memclr4_6
</UL>
<BR>[Called By]<UL><LI><a href="#[1fa]">&gt;&gt;</a>&nbsp;&nbsp;&nbsp;ProcessDataFrame
</UL>

<P><STRONG><a name="[103]"></a>MacMcpsDataRequest</STRONG> (Thumb, 164 bytes, Stack size 24 bytes, macsublayer.o(.text))
<BR><BR>[Stack]<UL><LI>Max Depth = 32<LI>Call Chain = MacMcpsDataRequest &rArr; __aeabi_memcpy
</UL>
<BR>[Calls]<UL><LI><a href="#[f6]">&gt;&gt;</a>&nbsp;&nbsp;&nbsp;__aeabi_memcpy
<LI><a href="#[104]">&gt;&gt;</a>&nbsp;&nbsp;&nbsp;oss_get_up_time_ms
</UL>
<BR>[Called By]<UL><LI><a href="#[9c]">&gt;&gt;</a>&nbsp;&nbsp;&nbsp;serial_if_g3mac_api_parser
<LI><a href="#[68]">&gt;&gt;</a>&nbsp;&nbsp;&nbsp;_Callback_HyALMacWrpDataConfirmRF
<LI><a href="#[1d2]">&gt;&gt;</a>&nbsp;&nbsp;&nbsp;HyALDataRequest
</UL>

<P><STRONG><a name="[105]"></a>MacMlmeGetRequest</STRONG> (Thumb, 50 bytes, Stack size 168 bytes, macsublayer.o(.text))
<BR><BR>[Stack]<UL><LI>Max Depth = 320<LI>Call Chain = MacMlmeGetRequest &rArr; MacMlmeGetRequestSync &rArr; MacRtGetRequestSync &rArr; _get_req &rArr; atpl360_boot_download_firmware
</UL>
<BR>[Calls]<UL><LI><a href="#[f5]">&gt;&gt;</a>&nbsp;&nbsp;&nbsp;MacMlmeGetRequestSync
</UL>
<BR>[Called By]<UL><LI><a href="#[9c]">&gt;&gt;</a>&nbsp;&nbsp;&nbsp;serial_if_g3mac_api_parser
</UL>

<P><STRONG><a name="[106]"></a>MacMlmeSetRequest</STRONG> (Thumb, 44 bytes, Stack size 16 bytes, macsublayer.o(.text))
<BR><BR>[Stack]<UL><LI>Max Depth = 320<LI>Call Chain = MacMlmeSetRequest &rArr; MacMlmeSetRequestSync &rArr; MacRtSetRequestSync &rArr; _set_req &rArr; atpl360_boot_download_firmware
</UL>
<BR>[Calls]<UL><LI><a href="#[f9]">&gt;&gt;</a>&nbsp;&nbsp;&nbsp;MacMlmeSetRequestSync
</UL>
<BR>[Called By]<UL><LI><a href="#[9c]">&gt;&gt;</a>&nbsp;&nbsp;&nbsp;serial_if_g3mac_api_parser
</UL>

<P><STRONG><a name="[107]"></a>MacMlmeResetRequest</STRONG> (Thumb, 44 bytes, Stack size 16 bytes, macsublayer.o(.text))
<BR><BR>[Stack]<UL><LI>Max Depth = 528<LI>Call Chain = MacMlmeResetRequest &rArr; MacLowResetRequest &rArr; MacRtResetRequest &rArr; pl360_g3_coup_tx_config &rArr; _set_req &rArr; atpl360_boot_download_firmware
</UL>
<BR>[Calls]<UL><LI><a href="#[101]">&gt;&gt;</a>&nbsp;&nbsp;&nbsp;__aeabi_memcpy4
<LI><a href="#[108]">&gt;&gt;</a>&nbsp;&nbsp;&nbsp;MacLowResetRequest
</UL>
<BR>[Called By]<UL><LI><a href="#[9c]">&gt;&gt;</a>&nbsp;&nbsp;&nbsp;serial_if_g3mac_api_parser
<LI><a href="#[1d7]">&gt;&gt;</a>&nbsp;&nbsp;&nbsp;HyALResetRequest
</UL>

<P><STRONG><a name="[109]"></a>MacMlmeScanRequest</STRONG> (Thumb, 154 bytes, Stack size 208 bytes, macsublayer.o(.text))
<BR><BR>[Stack]<UL><LI>Max Depth = 760<LI>Call Chain = MacMlmeScanRequest &rArr; MacLowTxRequest &rArr; cipher_wrapper_ccm_encrypt_and_tag &rArr; ccm_auth_crypt &rArr; mbedtls_gcm_update &rArr;  mbedtls_gcm_update (Cycle)
</UL>
<BR>[Calls]<UL><LI><a href="#[f9]">&gt;&gt;</a>&nbsp;&nbsp;&nbsp;MacMlmeSetRequestSync
<LI><a href="#[10a]">&gt;&gt;</a>&nbsp;&nbsp;&nbsp;MacLowTxRequest
</UL>
<BR>[Called By]<UL><LI><a href="#[9c]">&gt;&gt;</a>&nbsp;&nbsp;&nbsp;serial_if_g3mac_api_parser
<LI><a href="#[1d5]">&gt;&gt;</a>&nbsp;&nbsp;&nbsp;HyALScanRequest
</UL>

<P><STRONG><a name="[10b]"></a>MacMlmeStartRequest</STRONG> (Thumb, 84 bytes, Stack size 160 bytes, macsublayer.o(.text))
<BR><BR>[Stack]<UL><LI>Max Depth = 464<LI>Call Chain = MacMlmeStartRequest &rArr; MacMlmeSetRequestSync &rArr; MacRtSetRequestSync &rArr; _set_req &rArr; atpl360_boot_download_firmware
</UL>
<BR>[Calls]<UL><LI><a href="#[f9]">&gt;&gt;</a>&nbsp;&nbsp;&nbsp;MacMlmeSetRequestSync
<LI><a href="#[10c]">&gt;&gt;</a>&nbsp;&nbsp;&nbsp;MacRtSetCoordinator
</UL>
<BR>[Called By]<UL><LI><a href="#[9c]">&gt;&gt;</a>&nbsp;&nbsp;&nbsp;serial_if_g3mac_api_parser
<LI><a href="#[1d4]">&gt;&gt;</a>&nbsp;&nbsp;&nbsp;HyALStartRequest
</UL>

<P><STRONG><a name="[10d]"></a>MacLowTxConfirm</STRONG> (Thumb, 150 bytes, Stack size 32 bytes, macsublayer.o(.text))
<BR><BR>[Stack]<UL><LI>Max Depth = 40<LI>Call Chain = MacLowTxConfirm &rArr; __aeabi_memmove
</UL>
<BR>[Calls]<UL><LI><a href="#[fa]">&gt;&gt;</a>&nbsp;&nbsp;&nbsp;__aeabi_memmove
<LI><a href="#[104]">&gt;&gt;</a>&nbsp;&nbsp;&nbsp;oss_get_up_time_ms
</UL>
<BR>[Called By]<UL><LI><a href="#[1ff]">&gt;&gt;</a>&nbsp;&nbsp;&nbsp;SendTxConfirm
</UL>

<P><STRONG><a name="[111]"></a>MacLowRxIndication</STRONG> (Thumb, 834 bytes, Stack size 104 bytes, macsublayer.o(.text))
<BR><BR>[Stack]<UL><LI>Max Depth = 472<LI>Call Chain = MacLowRxIndication &rArr; HandleToneMapResponse &rArr; MacMlmeGetRequestSync &rArr; MacRtGetRequestSync &rArr; _get_req &rArr; atpl360_boot_download_firmware
</UL>
<BR>[Calls]<UL><LI><a href="#[112]">&gt;&gt;</a>&nbsp;&nbsp;&nbsp;HandleToneMapResponse
<LI><a href="#[10e]">&gt;&gt;</a>&nbsp;&nbsp;&nbsp;CreateToneMapResponse
<LI><a href="#[104]">&gt;&gt;</a>&nbsp;&nbsp;&nbsp;oss_get_up_time_ms
<LI><a href="#[114]">&gt;&gt;</a>&nbsp;&nbsp;&nbsp;Random32Ex
<LI><a href="#[113]">&gt;&gt;</a>&nbsp;&nbsp;&nbsp;MacRtGetPhyTime
</UL>
<BR>[Called By]<UL><LI><a href="#[1fa]">&gt;&gt;</a>&nbsp;&nbsp;&nbsp;ProcessDataFrame
</UL>

<P><STRONG><a name="[115]"></a>MacLowMacSnifferIndication</STRONG> (Thumb, 222 bytes, Stack size 88 bytes, macsublayer.o(.text))
<BR><BR>[Stack]<UL><LI>Max Depth = 104<LI>Call Chain = MacLowMacSnifferIndication &rArr; CreateToneMapResponse
</UL>
<BR>[Calls]<UL><LI><a href="#[116]">&gt;&gt;</a>&nbsp;&nbsp;&nbsp;__ARM_common_memcpy4_10
<LI><a href="#[10e]">&gt;&gt;</a>&nbsp;&nbsp;&nbsp;CreateToneMapResponse
<LI><a href="#[104]">&gt;&gt;</a>&nbsp;&nbsp;&nbsp;oss_get_up_time_ms
</UL>
<BR>[Called By]<UL><LI><a href="#[1fa]">&gt;&gt;</a>&nbsp;&nbsp;&nbsp;ProcessDataFrame
</UL>

<P><STRONG><a name="[1fd]"></a>MacLowCommStatusIndication</STRONG> (Thumb, 12 bytes, Stack size 0 bytes, macsublayer.o(.text))
<BR><BR>[Called By]<UL><LI><a href="#[1fa]">&gt;&gt;</a>&nbsp;&nbsp;&nbsp;ProcessDataFrame
</UL>

<P><STRONG><a name="[117]"></a>MacInitialize</STRONG> (Thumb, 112 bytes, Stack size 176 bytes, macsublayer.o(.text))
<BR><BR>[Stack]<UL><LI>Max Depth = 696<LI>Call Chain = MacInitialize &rArr; MacLowInitialize &rArr; MacRtInitialize &rArr; pl360_g3_coup_tx_config &rArr; _set_req &rArr; atpl360_boot_download_firmware
</UL>
<BR>[Calls]<UL><LI><a href="#[101]">&gt;&gt;</a>&nbsp;&nbsp;&nbsp;__aeabi_memcpy4
<LI><a href="#[119]">&gt;&gt;</a>&nbsp;&nbsp;&nbsp;MacLowInitialize
<LI><a href="#[118]">&gt;&gt;</a>&nbsp;&nbsp;&nbsp;MacConstantsInitialize
<LI><a href="#[f4]">&gt;&gt;</a>&nbsp;&nbsp;&nbsp;MacMibInitialize
<LI><a href="#[f8]">&gt;&gt;</a>&nbsp;&nbsp;&nbsp;MacRtGetRequestSync
</UL>
<BR>[Called By]<UL><LI><a href="#[9c]">&gt;&gt;</a>&nbsp;&nbsp;&nbsp;serial_if_g3mac_api_parser
<LI><a href="#[1ce]">&gt;&gt;</a>&nbsp;&nbsp;&nbsp;HyALInitialize
</UL>

<P><STRONG><a name="[11a]"></a>MacEventHandler</STRONG> (Thumb, 578 bytes, Stack size 80 bytes, macsublayer.o(.text))
<BR><BR>[Stack]<UL><LI>Max Depth = 632<LI>Call Chain = MacEventHandler &rArr; MacLowTxRequest &rArr; cipher_wrapper_ccm_encrypt_and_tag &rArr; ccm_auth_crypt &rArr; mbedtls_gcm_update &rArr;  mbedtls_gcm_update (Cycle)
</UL>
<BR>[Calls]<UL><LI><a href="#[f6]">&gt;&gt;</a>&nbsp;&nbsp;&nbsp;__aeabi_memcpy
<LI><a href="#[10a]">&gt;&gt;</a>&nbsp;&nbsp;&nbsp;MacLowTxRequest
<LI><a href="#[11b]">&gt;&gt;</a>&nbsp;&nbsp;&nbsp;MacLowEventHandler
<LI><a href="#[f7]">&gt;&gt;</a>&nbsp;&nbsp;&nbsp;MibGetNeighbourEntry
<LI><a href="#[104]">&gt;&gt;</a>&nbsp;&nbsp;&nbsp;oss_get_up_time_ms
<LI><a href="#[113]">&gt;&gt;</a>&nbsp;&nbsp;&nbsp;MacRtGetPhyTime
</UL>
<BR>[Called By]<UL><LI><a href="#[a3]">&gt;&gt;</a>&nbsp;&nbsp;&nbsp;adp_mac_serial_if_process
<LI><a href="#[1cf]">&gt;&gt;</a>&nbsp;&nbsp;&nbsp;HyALEventHandler
</UL>

<P><STRONG><a name="[11d]"></a>LOADNG_Reset</STRONG> (Thumb, 372 bytes, Stack size 24 bytes, protoloadng.o(.text))
<BR><BR>[Stack]<UL><LI>Max Depth = 24<LI>Call Chain = LOADNG_Reset
</UL>
<BR>[Calls]<UL><LI><a href="#[11e]">&gt;&gt;</a>&nbsp;&nbsp;&nbsp;__aeabi_memclr4
<LI><a href="#[fe]">&gt;&gt;</a>&nbsp;&nbsp;&nbsp;__aeabi_memclr
<LI><a href="#[11c]">&gt;&gt;</a>&nbsp;&nbsp;&nbsp;__aeabi_memset
</UL>
<BR>[Called By]<UL><LI><a href="#[187]">&gt;&gt;</a>&nbsp;&nbsp;&nbsp;Routing_Reset
</UL>

<P><STRONG><a name="[123]"></a>LOADNG_GetRouteEntry</STRONG> (Thumb, 74 bytes, Stack size 24 bytes, protoloadng.o(.text))
<BR><BR>[Stack]<UL><LI>Max Depth = 24<LI>Call Chain = LOADNG_GetRouteEntry
</UL>
<BR>[Calls]<UL><LI><a href="#[122]">&gt;&gt;</a>&nbsp;&nbsp;&nbsp;Timer_IsPast
</UL>
<BR>[Called By]<UL><LI><a href="#[124]">&gt;&gt;</a>&nbsp;&nbsp;&nbsp;LOADNG_GetRouteAndMediaType
<LI><a href="#[158]">&gt;&gt;</a>&nbsp;&nbsp;&nbsp;LOADNG_RefreshRoute
<LI><a href="#[15e]">&gt;&gt;</a>&nbsp;&nbsp;&nbsp;LOADNG_GetMib
<LI><a href="#[15b]">&gt;&gt;</a>&nbsp;&nbsp;&nbsp;LOADNG_GetRoute
<LI><a href="#[126]">&gt;&gt;</a>&nbsp;&nbsp;&nbsp;LOADNG_RouteExists
<LI><a href="#[132]">&gt;&gt;</a>&nbsp;&nbsp;&nbsp;_RouteEstablished
<LI><a href="#[14c]">&gt;&gt;</a>&nbsp;&nbsp;&nbsp;_ProcessMessage
<LI><a href="#[148]">&gt;&gt;</a>&nbsp;&nbsp;&nbsp;_Process_RREQ_RREP
<LI><a href="#[1be]">&gt;&gt;</a>&nbsp;&nbsp;&nbsp;Routing_GetRouteEntry
</UL>

<P><STRONG><a name="[124]"></a>LOADNG_GetRouteAndMediaType</STRONG> (Thumb, 96 bytes, Stack size 24 bytes, protoloadng.o(.text))
<BR><BR>[Stack]<UL><LI>Max Depth = 496<LI>Call Chain = LOADNG_GetRouteAndMediaType &rArr; GetAdpShortAddress &rArr; AdpMacGetRequestSync &rArr; HyALGetRequestSync &rArr; MacMlmeGetRequestSync &rArr; MacRtGetRequestSync &rArr; _get_req &rArr; atpl360_boot_download_firmware
</UL>
<BR>[Calls]<UL><LI><a href="#[123]">&gt;&gt;</a>&nbsp;&nbsp;&nbsp;LOADNG_GetRouteEntry
<LI><a href="#[125]">&gt;&gt;</a>&nbsp;&nbsp;&nbsp;GetAdpShortAddress
<LI><a href="#[121]">&gt;&gt;</a>&nbsp;&nbsp;&nbsp;_IsBlacklisted
</UL>
<BR>[Called By]<UL><LI><a href="#[127]">&gt;&gt;</a>&nbsp;&nbsp;&nbsp;LOADNG_DiscoverPath
<LI><a href="#[14c]">&gt;&gt;</a>&nbsp;&nbsp;&nbsp;_ProcessMessage
<LI><a href="#[35]">&gt;&gt;</a>&nbsp;&nbsp;&nbsp;_PathForward_Callback_MAC_DataConfirm
<LI><a href="#[13a]">&gt;&gt;</a>&nbsp;&nbsp;&nbsp;_GenerateRouteError
<LI><a href="#[135]">&gt;&gt;</a>&nbsp;&nbsp;&nbsp;_DiscoverRoute
<LI><a href="#[240]">&gt;&gt;</a>&nbsp;&nbsp;&nbsp;Routing_GetRouteAndMediaType
</UL>

<P><STRONG><a name="[126]"></a>LOADNG_RouteExists</STRONG> (Thumb, 70 bytes, Stack size 8 bytes, protoloadng.o(.text))
<BR><BR>[Stack]<UL><LI>Max Depth = 40<LI>Call Chain = LOADNG_RouteExists &rArr; _IsBlacklisted
</UL>
<BR>[Calls]<UL><LI><a href="#[123]">&gt;&gt;</a>&nbsp;&nbsp;&nbsp;LOADNG_GetRouteEntry
<LI><a href="#[121]">&gt;&gt;</a>&nbsp;&nbsp;&nbsp;_IsBlacklisted
</UL>
<BR>[Called By]<UL><LI><a href="#[127]">&gt;&gt;</a>&nbsp;&nbsp;&nbsp;LOADNG_DiscoverPath
<LI><a href="#[14c]">&gt;&gt;</a>&nbsp;&nbsp;&nbsp;_ProcessMessage
<LI><a href="#[35]">&gt;&gt;</a>&nbsp;&nbsp;&nbsp;_PathForward_Callback_MAC_DataConfirm
<LI><a href="#[13a]">&gt;&gt;</a>&nbsp;&nbsp;&nbsp;_GenerateRouteError
<LI><a href="#[135]">&gt;&gt;</a>&nbsp;&nbsp;&nbsp;_DiscoverRoute
<LI><a href="#[198]">&gt;&gt;</a>&nbsp;&nbsp;&nbsp;Routing_RouteExists
</UL>

<P><STRONG><a name="[127]"></a>LOADNG_DiscoverPath</STRONG> (Thumb, 162 bytes, Stack size 296 bytes, protoloadng.o(.text))
<BR><BR>[Stack]<UL><LI>Max Depth = 856<LI>Call Chain = LOADNG_DiscoverPath &rArr; AdpMac_DataRequestHelper &rArr; AdpMac_DataRequest &rArr; HyALDataRequest &rArr; MacMcpsDataRequestRF &rArr; __aeabi_memcpy
</UL>
<BR>[Calls]<UL><LI><a href="#[124]">&gt;&gt;</a>&nbsp;&nbsp;&nbsp;LOADNG_GetRouteAndMediaType
<LI><a href="#[126]">&gt;&gt;</a>&nbsp;&nbsp;&nbsp;LOADNG_RouteExists
<LI><a href="#[11c]">&gt;&gt;</a>&nbsp;&nbsp;&nbsp;__aeabi_memset
<LI><a href="#[129]">&gt;&gt;</a>&nbsp;&nbsp;&nbsp;LoWPAN_Encode_CMD_Loadng
<LI><a href="#[125]">&gt;&gt;</a>&nbsp;&nbsp;&nbsp;GetAdpShortAddress
<LI><a href="#[12a]">&gt;&gt;</a>&nbsp;&nbsp;&nbsp;AdpMac_DataRequestHelper
<LI><a href="#[128]">&gt;&gt;</a>&nbsp;&nbsp;&nbsp;_Encode_PREQ
</UL>
<BR>[Called By]<UL><LI><a href="#[1f5]">&gt;&gt;</a>&nbsp;&nbsp;&nbsp;Routing_DiscoverPath
</UL>

<P><STRONG><a name="[12b]"></a>LOADNG_AddBlacklistOnMedium</STRONG> (Thumb, 148 bytes, Stack size 40 bytes, protoloadng.o(.text))
<BR><BR>[Stack]<UL><LI>Max Depth = 40<LI>Call Chain = LOADNG_AddBlacklistOnMedium
</UL>
<BR>[Calls]<UL><LI><a href="#[12c]">&gt;&gt;</a>&nbsp;&nbsp;&nbsp;Timer_SignedSysGetUpTimeTenthsSeconds
<LI><a href="#[12d]">&gt;&gt;</a>&nbsp;&nbsp;&nbsp;Timer_IsPastCmp
<LI><a href="#[122]">&gt;&gt;</a>&nbsp;&nbsp;&nbsp;Timer_IsPast
</UL>
<BR>[Called By]<UL><LI><a href="#[12e]">&gt;&gt;</a>&nbsp;&nbsp;&nbsp;LOADNG_DeleteRoute
<LI><a href="#[159]">&gt;&gt;</a>&nbsp;&nbsp;&nbsp;LOADNG_DeleteRoutePosition
<LI><a href="#[35]">&gt;&gt;</a>&nbsp;&nbsp;&nbsp;_PathForward_Callback_MAC_DataConfirm
<LI><a href="#[34]">&gt;&gt;</a>&nbsp;&nbsp;&nbsp;_RouteDiscover_Callback_MAC_DataConfirm
<LI><a href="#[237]">&gt;&gt;</a>&nbsp;&nbsp;&nbsp;Routing_AddBlacklistOnMedium
</UL>

<P><STRONG><a name="[12e]"></a>LOADNG_DeleteRoute</STRONG> (Thumb, 142 bytes, Stack size 32 bytes, protoloadng.o(.text))
<BR><BR>[Stack]<UL><LI>Max Depth = 656<LI>Call Chain = LOADNG_DeleteRoute &rArr; GetAdpCoordShortAddress &rArr; AdpGetRequestSync &rArr; AdpGetMib &rArr; _GetNeighbourLQI &rArr; HyALGetRequestSync &rArr; MacMlmeGetRequestSync &rArr; MacRtGetRequestSync &rArr; _get_req &rArr; atpl360_boot_download_firmware
</UL>
<BR>[Calls]<UL><LI><a href="#[12b]">&gt;&gt;</a>&nbsp;&nbsp;&nbsp;LOADNG_AddBlacklistOnMedium
<LI><a href="#[130]">&gt;&gt;</a>&nbsp;&nbsp;&nbsp;AdpMac_SetRcCoordSync
<LI><a href="#[131]">&gt;&gt;</a>&nbsp;&nbsp;&nbsp;__aeabi_memmove4
<LI><a href="#[12f]">&gt;&gt;</a>&nbsp;&nbsp;&nbsp;GetAdpCoordShortAddress
<LI><a href="#[122]">&gt;&gt;</a>&nbsp;&nbsp;&nbsp;Timer_IsPast
</UL>
<BR>[Called By]<UL><LI><a href="#[14c]">&gt;&gt;</a>&nbsp;&nbsp;&nbsp;_ProcessMessage
<LI><a href="#[34]">&gt;&gt;</a>&nbsp;&nbsp;&nbsp;_RouteDiscover_Callback_MAC_DataConfirm
<LI><a href="#[31]">&gt;&gt;</a>&nbsp;&nbsp;&nbsp;_DiscoverRoute_Callback_MAC_DataConfirm
<LI><a href="#[19b]">&gt;&gt;</a>&nbsp;&nbsp;&nbsp;Routing_DeleteRoute
</UL>

<P><STRONG><a name="[13d]"></a>LOADNG_NotifyRouteError</STRONG> (Thumb, 32 bytes, Stack size 24 bytes, protoloadng.o(.text))
<BR><BR>[Stack]<UL><LI>Max Depth = 952<LI>Call Chain = LOADNG_NotifyRouteError &rArr; _GenerateRouteError &rArr; _RREQRERRWait_FindEmptyQueueSlot &rArr;  _GenerateRouteError (Cycle)
</UL>
<BR>[Calls]<UL><LI><a href="#[125]">&gt;&gt;</a>&nbsp;&nbsp;&nbsp;GetAdpShortAddress
<LI><a href="#[13e]">&gt;&gt;</a>&nbsp;&nbsp;&nbsp;GetAdpMaxHops
<LI><a href="#[13a]">&gt;&gt;</a>&nbsp;&nbsp;&nbsp;_GenerateRouteError
</UL>
<BR>[Called By]<UL><LI><a href="#[1b0]">&gt;&gt;</a>&nbsp;&nbsp;&nbsp;Routing_NotifyRouteError
</UL>

<P><STRONG><a name="[13f]"></a>LOADNG_DiscoverRoute</STRONG> (Thumb, 186 bytes, Stack size 32 bytes, protoloadng.o(.text))
<BR><BR>[Stack]<UL><LI>Max Depth = 768<LI>Call Chain = LOADNG_DiscoverRoute &rArr; _DiscoverRoute &rArr;  _RREQRERRWait_FindEmptyQueueSlot (Cycle)
</UL>
<BR>[Calls]<UL><LI><a href="#[133]">&gt;&gt;</a>&nbsp;&nbsp;&nbsp;GetAdpNetTraversalTime
<LI><a href="#[135]">&gt;&gt;</a>&nbsp;&nbsp;&nbsp;_DiscoverRoute
<LI><a href="#[120]">&gt;&gt;</a>&nbsp;&nbsp;&nbsp;Timer_Register
</UL>
<BR>[Called By]<UL><LI><a href="#[1f8]">&gt;&gt;</a>&nbsp;&nbsp;&nbsp;Routing_DiscoverRoute
</UL>

<P><STRONG><a name="[149]"></a>LOADNG_IsInDestinationAddressSet</STRONG> (Thumb, 68 bytes, Stack size 8 bytes, protoloadng.o(.text))
<BR><BR>[Stack]<UL><LI>Max Depth = 8<LI>Call Chain = LOADNG_IsInDestinationAddressSet
</UL>
<BR>[Called By]<UL><LI><a href="#[14c]">&gt;&gt;</a>&nbsp;&nbsp;&nbsp;_ProcessMessage
<LI><a href="#[148]">&gt;&gt;</a>&nbsp;&nbsp;&nbsp;_Process_RREQ_RREP
<LI><a href="#[196]">&gt;&gt;</a>&nbsp;&nbsp;&nbsp;Routing_IsInDestinationAddressSet
</UL>

<P><STRONG><a name="[140]"></a>LOADNG_AddRouteEntry</STRONG> (Thumb, 174 bytes, Stack size 32 bytes, protoloadng.o(.text))
<BR><BR>[Stack]<UL><LI>Max Depth = 40<LI>Call Chain = LOADNG_AddRouteEntry &rArr; __aeabi_memmove4
</UL>
<BR>[Calls]<UL><LI><a href="#[131]">&gt;&gt;</a>&nbsp;&nbsp;&nbsp;__aeabi_memmove4
<LI><a href="#[122]">&gt;&gt;</a>&nbsp;&nbsp;&nbsp;Timer_IsPast
</UL>
<BR>[Called By]<UL><LI><a href="#[162]">&gt;&gt;</a>&nbsp;&nbsp;&nbsp;LOADNG_SetMib
<LI><a href="#[158]">&gt;&gt;</a>&nbsp;&nbsp;&nbsp;LOADNG_RefreshRoute
<LI><a href="#[157]">&gt;&gt;</a>&nbsp;&nbsp;&nbsp;LOADNG_AddRoute
<LI><a href="#[142]">&gt;&gt;</a>&nbsp;&nbsp;&nbsp;_ProcessSuccessfulRREPConfirm
<LI><a href="#[145]">&gt;&gt;</a>&nbsp;&nbsp;&nbsp;_UpdateRoute
[...]
<LI><a href="#[1b6]">&gt;&gt;</a>&nbsp;&nbsp;&nbsp;AdpDiscoveryRequest
<LI><a href="#[1f1]">&gt;&gt;</a>&nbsp;&nbsp;&nbsp;AdpNetworkLeaveRequest
<LI><a href="#[1f6]">&gt;&gt;</a>&nbsp;&nbsp;&nbsp;AdpResetRequest
<LI><a href="#[188]">&gt;&gt;</a>&nbsp;&nbsp;&nbsp;AdpInitialize
<LI><a href="#[1e5]">&gt;&gt;</a>&nbsp;&nbsp;&nbsp;AdpMacSetRequest
<LI><a href="#[1c6]">&gt;&gt;</a>&nbsp;&nbsp;&nbsp;AdpSetRequest
<LI><a href="#[1c9]">&gt;&gt;</a>&nbsp;&nbsp;&nbsp;AdpLbpRequest
<LI><a href="#[160]">&gt;&gt;</a>&nbsp;&nbsp;&nbsp;AdpSetRequestSync
<LI><a href="#[f6]">&gt;&gt;</a>&nbsp;&nbsp;&nbsp;__aeabi_memcpy
<LI><a href="#[260]">&gt;&gt;</a>&nbsp;&nbsp;&nbsp;puts
<LI><a href="#[2b5]">&gt;&gt;</a>&nbsp;&nbsp;&nbsp;process_MIB_set_request
<LI><a href="#[28b]">&gt;&gt;</a>&nbsp;&nbsp;&nbsp;efc_perform_read_sequence (via Veneer)
<LI><a href="#[2b7]">&gt;&gt;</a>&nbsp;&nbsp;&nbsp;efc_perform_fcr (via Veneer)
<LI><a href="#[2a2]">&gt;&gt;</a>&nbsp;&nbsp;&nbsp;adp_mac_serial_if_set_state
<LI><a href="#[261]">&gt;&gt;</a>&nbsp;&nbsp;&nbsp;__2printf
<LI><a href="#[25e]">&gt;&gt;</a>&nbsp;&nbsp;&nbsp;usi_send_cmd
</UL>
<BR>[Address Reference Count : 1]<UL><LI> lto-llvm-22260d.o(.text.adp_mac_serial_if_init)
</UL>
<P><STRONG><a name="[9c]"></a>serial_if_g3mac_api_parser</STRONG> (Thumb, 1820 bytes, Stack size 184 bytes, lto-llvm-22260d.o(.text.serial_if_g3mac_api_parser))
<BR><BR>[Stack]<UL><LI>Max Depth = 1016<LI>Call Chain = serial_if_g3mac_api_parser &rArr; AdpInitialize &rArr; AdpMac_Initialize &rArr; HyALInitialize &rArr; MacInitialize &rArr; MacLowInitialize &rArr; MacRtInitialize &rArr; pl360_g3_coup_tx_config &rArr; _set_req &rArr; atpl360_boot_download_firmware
</UL>
<BR>[Calls]<UL><LI><a href="#[170]">&gt;&gt;</a>&nbsp;&nbsp;&nbsp;MacMcpsDataRequestRF
<LI><a href="#[171]">&gt;&gt;</a>&nbsp;&nbsp;&nbsp;MacMlmeGetRequestRF
<LI><a href="#[17b]">&gt;&gt;</a>&nbsp;&nbsp;&nbsp;MacInitializeRF
<LI><a href="#[175]">&gt;&gt;</a>&nbsp;&nbsp;&nbsp;MacMlmeScanRequestRF
<LI><a href="#[10b]">&gt;&gt;</a>&nbsp;&nbsp;&nbsp;MacMlmeStartRequest
<LI><a href="#[106]">&gt;&gt;</a>&nbsp;&nbsp;&nbsp;MacMlmeSetRequest
<LI><a href="#[f9]">&gt;&gt;</a>&nbsp;&nbsp;&nbsp;MacMlmeSetRequestSync
<LI><a href="#[172]">&gt;&gt;</a>&nbsp;&nbsp;&nbsp;MacMlmeSetRequestRF
<LI><a href="#[27a]">&gt;&gt;</a>&nbsp;&nbsp;&nbsp;MacMlmeStartRequestRF
<LI><a href="#[109]">&gt;&gt;</a>&nbsp;&nbsp;&nbsp;MacMlmeScanRequest
<LI><a href="#[107]">&gt;&gt;</a>&nbsp;&nbsp;&nbsp;MacMlmeResetRequest
<LI><a href="#[103]">&gt;&gt;</a>&nbsp;&nbsp;&nbsp;MacMcpsDataRequest
<LI><a href="#[105]">&gt;&gt;</a>&nbsp;&nbsp;&nbsp;MacMlmeGetRequest
<LI><a href="#[117]">&gt;&gt;</a>&nbsp;&nbsp;&nbsp;MacInitialize
<LI><a href="#[173]">&gt;&gt;</a>&nbsp;&nbsp;&nbsp;MacMlmeResetRequestRF
<LI><a href="#[188]">&gt;&gt;</a>&nbsp;&nbsp;&nbsp;AdpInitialize
<LI><a href="#[11e]">&gt;&gt;</a>&nbsp;&nbsp;&nbsp;__aeabi_memclr4
<LI><a href="#[279]">&gt;&gt;</a>&nbsp;&nbsp;&nbsp;__aeabi_memset4
<LI><a href="#[2b5]">&gt;&gt;</a>&nbsp;&nbsp;&nbsp;process_MIB_set_request
<LI><a href="#[28b]">&gt;&gt;</a>&nbsp;&nbsp;&nbsp;efc_perform_read_sequence (via Veneer)
<LI><a href="#[2a2]">&gt;&gt;</a>&nbsp;&nbsp;&nbsp;adp_mac_serial_if_set_state
<LI><a href="#[25e]">&gt;&gt;</a>&nbsp;&nbsp;&nbsp;usi_send_cmd
</UL>
<BR>[Address Reference Count : 1]<UL><LI> lto-llvm-22260d.o(.text.adp_mac_serial_if_init)
</UL>
<P><STRONG><a name="[c1]"></a>store_persistent_info</STRONG> (Thumb, 828 bytes, Stack size 256 bytes, lto-llvm-22260d.o(.text.store_persistent_info))
<BR><BR>[Stack]<UL><LI>Max Depth = 800<LI>Call Chain = store_persistent_info &rArr; AdpGetRequestSync &rArr; AdpGetMib &rArr; _GetNeighbourLQI &rArr; HyALGetRequestSync &rArr; MacMlmeGetRequestSync &rArr; MacRtGetRequestSync &rArr; _get_req &rArr; atpl360_boot_download_firmware
</UL>
<BR>[Calls]<UL><LI><a href="#[163]">&gt;&gt;</a>&nbsp;&nbsp;&nbsp;AdpMacGetRequestSync
<LI><a href="#[161]">&gt;&gt;</a>&nbsp;&nbsp;&nbsp;AdpGetRequestSync
<LI><a href="#[101]">&gt;&gt;</a>&nbsp;&nbsp;&nbsp;__aeabi_memcpy4
<LI><a href="#[f6]">&gt;&gt;</a>&nbsp;&nbsp;&nbsp;__aeabi_memcpy
<LI><a href="#[2b7]">&gt;&gt;</a>&nbsp;&nbsp;&nbsp;efc_perform_fcr (via Veneer)
</UL>
<BR>[Called By]<UL><LI><a href="#[a]">&gt;&gt;</a>&nbsp;&nbsp;&nbsp;SUPC_Handler
<LI><a href="#[b]">&gt;&gt;</a>&nbsp;&nbsp;&nbsp;RSTC_Handler
</UL>
<BR>[Address Reference Count : 1]<UL><LI> lto-llvm-22260d.o(.text.serial_if_g3adp_api_parser)
</UL>
<P><STRONG><a name="[98]"></a>timer_1us_cancel_int</STRONG> (Thumb, 276 bytes, Stack size 32 bytes, lto-llvm-22260d.o(.text.timer_1us_cancel_int))
<BR><BR>[Stack]<UL><LI>Max Depth = 40<LI>Call Chain = timer_1us_cancel_int &rArr; __aeabi_memmove4
</UL>
<BR>[Calls]<UL><LI><a href="#[131]">&gt;&gt;</a>&nbsp;&nbsp;&nbsp;__aeabi_memmove4
</UL>
<BR>[Address Reference Count : 1]<UL><LI> lto-llvm-22260d.o(.text.PalRfInitialize)
</UL>
<P><STRONG><a name="[96]"></a>timer_1us_enable_interrupt</STRONG> (Thumb, 78 bytes, Stack size 0 bytes, lto-llvm-22260d.o(.text.timer_1us_enable_interrupt))
<BR>[Address Reference Count : 1]<UL><LI> lto-llvm-22260d.o(.text.PalRfInitialize)
</UL>
<P><STRONG><a name="[95]"></a>timer_1us_get</STRONG> (Thumb, 230 bytes, Stack size 16 bytes, lto-llvm-22260d.o(.text.timer_1us_get))
<BR><BR>[Stack]<UL><LI>Max Depth = 16<LI>Call Chain = timer_1us_get
</UL>
<BR>[Address Reference Count : 1]<UL><LI> lto-llvm-22260d.o(.text.PalRfInitialize)
</UL>
<P><STRONG><a name="[97]"></a>timer_1us_set_int</STRONG> (Thumb, 954 bytes, Stack size 48 bytes, lto-llvm-22260d.o(.text.timer_1us_set_int))
<BR><BR>[Stack]<UL><LI>Max Depth = 56<LI>Call Chain = timer_1us_set_int &rArr; __aeabi_memmove4
</UL>
<BR>[Calls]<UL><LI><a href="#[131]">&gt;&gt;</a>&nbsp;&nbsp;&nbsp;__aeabi_memmove4
</UL>
<BR>[Address Reference Count : 1]<UL><LI> lto-llvm-22260d.o(.text.PalRfInitialize)
</UL>
<P><STRONG><a name="[28e]"></a>udc_iface_disable</STRONG> (Thumb, 454 bytes, Stack size 40 bytes, lto-llvm-22260d.o(.text.udc_iface_disable))
<BR><BR>[Stack]<UL><LI>Max Depth = 40<LI>Call Chain = udc_iface_disable
</UL>
<BR>[Called By]<UL><LI><a href="#[276]">&gt;&gt;</a>&nbsp;&nbsp;&nbsp;udc_stop
<LI><a href="#[29]">&gt;&gt;</a>&nbsp;&nbsp;&nbsp;UDP_Handler
</UL>

<P><STRONG><a name="[291]"></a>udc_iface_enable</STRONG> (Thumb, 506 bytes, Stack size 40 bytes, lto-llvm-22260d.o(.text.udc_iface_enable))
<BR><BR>[Stack]<UL><LI>Max Depth = 40<LI>Call Chain = udc_iface_enable
</UL>
<BR>[Called By]<UL><LI><a href="#[29]">&gt;&gt;</a>&nbsp;&nbsp;&nbsp;UDP_Handler
</UL>

<P><STRONG><a name="[276]"></a>udc_stop</STRONG> (Thumb, 274 bytes, Stack size 32 bytes, lto-llvm-22260d.o(.text.udc_stop))
<BR><BR>[Stack]<UL><LI>Max Depth = 72<LI>Call Chain = udc_stop &rArr; udc_iface_disable
</UL>
<BR>[Calls]<UL><LI><a href="#[28e]">&gt;&gt;</a>&nbsp;&nbsp;&nbsp;udc_iface_disable
</UL>
<BR>[Called By]<UL><LI><a href="#[5]">&gt;&gt;</a>&nbsp;&nbsp;&nbsp;UsageFault_Handler
<LI><a href="#[b]">&gt;&gt;</a>&nbsp;&nbsp;&nbsp;RSTC_Handler
<LI><a href="#[1]">&gt;&gt;</a>&nbsp;&nbsp;&nbsp;NMI_Handler
<LI><a href="#[3]">&gt;&gt;</a>&nbsp;&nbsp;&nbsp;MemManage_Handler
<LI><a href="#[4]">&gt;&gt;</a>&nbsp;&nbsp;&nbsp;BusFault_Handler
</UL>

<P><STRONG><a name="[99]"></a>udc_valid_address</STRONG> (Thumb, 78 bytes, Stack size 0 bytes, lto-llvm-22260d.o(.text.udc_valid_address))
<BR>[Address Reference Count : 1]<UL><LI> lto-llvm-22260d.o(.text.UDP_Handler)
</UL>
<P><STRONG><a name="[292]"></a>udd_ctrl_in_sent</STRONG> (Thumb, 618 bytes, Stack size 32 bytes, lto-llvm-22260d.o(.text.udd_ctrl_in_sent))
<BR><BR>[Stack]<UL><LI>Max Depth = 32<LI>Call Chain = udd_ctrl_in_sent
</UL>
<BR>[Called By]<UL><LI><a href="#[29]">&gt;&gt;</a>&nbsp;&nbsp;&nbsp;UDP_Handler
</UL>

<P><STRONG><a name="[28f]"></a>udd_ep_ack_out_received</STRONG> (Thumb, 246 bytes, Stack size 16 bytes, lto-llvm-22260d.o(.text.udd_ep_ack_out_received))
<BR><BR>[Stack]<UL><LI>Max Depth = 16<LI>Call Chain = udd_ep_ack_out_received
</UL>
<BR>[Called By]<UL><LI><a href="#[29]">&gt;&gt;</a>&nbsp;&nbsp;&nbsp;UDP_Handler
</UL>

<P><STRONG><a name="[290]"></a>udd_ep_in_sent</STRONG> (Thumb, 760 bytes, Stack size 44 bytes, lto-llvm-22260d.o(.text.udd_ep_in_sent))
<BR><BR>[Stack]<UL><LI>Max Depth = 44<LI>Call Chain = udd_ep_in_sent
</UL>
<BR>[Called By]<UL><LI><a href="#[2b8]">&gt;&gt;</a>&nbsp;&nbsp;&nbsp;udd_ep_run
<LI><a href="#[29]">&gt;&gt;</a>&nbsp;&nbsp;&nbsp;UDP_Handler
</UL>

<P><STRONG><a name="[2b8]"></a>udd_ep_run</STRONG> (Thumb, 332 bytes, Stack size 48 bytes, lto-llvm-22260d.o(.text.udd_ep_run))
<BR><BR>[Stack]<UL><LI>Max Depth = 92<LI>Call Chain = udd_ep_run &rArr; udd_ep_in_sent
</UL>
<BR>[Calls]<UL><LI><a href="#[290]">&gt;&gt;</a>&nbsp;&nbsp;&nbsp;udd_ep_in_sent
</UL>
<BR>[Called By]<UL><LI><a href="#[2b9]">&gt;&gt;</a>&nbsp;&nbsp;&nbsp;udi_cdc_tx_send
<LI><a href="#[d8]">&gt;&gt;</a>&nbsp;&nbsp;&nbsp;udi_cdc_serial_state_msg_sent
<LI><a href="#[2ba]">&gt;&gt;</a>&nbsp;&nbsp;&nbsp;udi_cdc_rx_start
<LI><a href="#[d7]">&gt;&gt;</a>&nbsp;&nbsp;&nbsp;udi_cdc_data_received
<LI><a href="#[2ab]">&gt;&gt;</a>&nbsp;&nbsp;&nbsp;usb_wrp_udc_write_buf
</UL>

<P><STRONG><a name="[e9]"></a>udi_cdc_comm_disable</STRONG> (Thumb, 16 bytes, Stack size 0 bytes, lto-llvm-22260d.o(.text.udi_cdc_comm_disable))
<BR>[Address Reference Count : 1]<UL><LI> lto-llvm-22260d.o(.data)
</UL>
<P><STRONG><a name="[e8]"></a>udi_cdc_comm_enable</STRONG> (Thumb, 76 bytes, Stack size 0 bytes, lto-llvm-22260d.o(.text.udi_cdc_comm_enable))
<BR>[Address Reference Count : 1]<UL><LI> lto-llvm-22260d.o(.data)
</UL>
<P><STRONG><a name="[ea]"></a>udi_cdc_comm_setup</STRONG> (Thumb, 102 bytes, Stack size 0 bytes, lto-llvm-22260d.o(.text.udi_cdc_comm_setup))
<BR>[Address Reference Count : 1]<UL><LI> lto-llvm-22260d.o(.data)
</UL>
<P><STRONG><a name="[ed]"></a>udi_cdc_data_disable</STRONG> (Thumb, 30 bytes, Stack size 0 bytes, lto-llvm-22260d.o(.text.udi_cdc_data_disable))
<BR>[Address Reference Count : 1]<UL><LI> lto-llvm-22260d.o(.data)
</UL>
<P><STRONG><a name="[ec]"></a>udi_cdc_data_enable</STRONG> (Thumb, 144 bytes, Stack size 16 bytes, lto-llvm-22260d.o(.text.udi_cdc_data_enable))
<BR><BR>[Stack]<UL><LI>Max Depth = 172<LI>Call Chain = udi_cdc_data_enable &rArr; udi_cdc_rx_start &rArr;  udi_cdc_rx_start (Cycle)
</UL>
<BR>[Calls]<UL><LI><a href="#[2b9]">&gt;&gt;</a>&nbsp;&nbsp;&nbsp;udi_cdc_tx_send
<LI><a href="#[2ba]">&gt;&gt;</a>&nbsp;&nbsp;&nbsp;udi_cdc_rx_start
</UL>
<BR>[Address Reference Count : 1]<UL><LI> lto-llvm-22260d.o(.data)
</UL>
<P><STRONG><a name="[d7]"></a>udi_cdc_data_received</STRONG> (Thumb, 106 bytes, Stack size 16 bytes, lto-llvm-22260d.o(.text.udi_cdc_data_received))
<BR><BR>[Stack]<UL><LI>Max Depth = 172<LI>Call Chain = udi_cdc_data_received &rArr; udi_cdc_rx_start &rArr;  udi_cdc_rx_start (Cycle)
</UL>
<BR>[Calls]<UL><LI><a href="#[2ba]">&gt;&gt;</a>&nbsp;&nbsp;&nbsp;udi_cdc_rx_start
<LI><a href="#[2b8]">&gt;&gt;</a>&nbsp;&nbsp;&nbsp;udd_ep_run
</UL>
<BR>[Address Reference Count : 2]<UL><LI> lto-llvm-22260d.o(.text.udi_cdc_rx_start)
<LI> lto-llvm-22260d.o(.text.udi_cdc_data_received)
</UL>
<P><STRONG><a name="[d9]"></a>udi_cdc_data_sent</STRONG> (Thumb, 60 bytes, Stack size 0 bytes, lto-llvm-22260d.o(.text.udi_cdc_data_sent))
<BR><BR>[Stack]<UL><LI>Max Depth = 132<LI>Call Chain = udi_cdc_data_sent &rArr; udi_cdc_tx_send &rArr; udd_ep_run &rArr; udd_ep_in_sent
</UL>
<BR>[Calls]<UL><LI><a href="#[2b9]">&gt;&gt;</a>&nbsp;&nbsp;&nbsp;udi_cdc_tx_send
</UL>
<BR>[Address Reference Count : 1]<UL><LI> lto-llvm-22260d.o(.text.udi_cdc_tx_send)
</UL>
<P><STRONG><a name="[ee]"></a>udi_cdc_data_setup</STRONG> (Thumb, 4 bytes, Stack size 0 bytes, lto-llvm-22260d.o(.text.udi_cdc_data_setup))
<BR>[Address Reference Count : 1]<UL><LI> lto-llvm-22260d.o(.data)
</UL>
<P><STRONG><a name="[ef]"></a>udi_cdc_data_sof_notify</STRONG> (Thumb, 4 bytes, Stack size 0 bytes, lto-llvm-22260d.o(.text.udi_cdc_data_sof_notify))
<BR><BR>[Stack]<UL><LI>Max Depth = 132<LI>Call Chain = udi_cdc_data_sof_notify &rArr; udi_cdc_tx_send &rArr; udd_ep_run &rArr; udd_ep_in_sent
</UL>
<BR>[Calls]<UL><LI><a href="#[2b9]">&gt;&gt;</a>&nbsp;&nbsp;&nbsp;udi_cdc_tx_send
</UL>
<BR>[Address Reference Count : 1]<UL><LI> lto-llvm-22260d.o(.data)
</UL>
<P><STRONG><a name="[eb]"></a>udi_cdc_getsetting</STRONG> (Thumb, 4 bytes, Stack size 0 bytes, lto-llvm-22260d.o(.text.udi_cdc_getsetting))
<BR>[Address Reference Count : 1]<UL><LI> lto-llvm-22260d.o(.data)
</UL>
<P><STRONG><a name="[d6]"></a>udi_cdc_line_coding_received</STRONG> (Thumb, 2 bytes, Stack size 0 bytes, lto-llvm-22260d.o(.text.udi_cdc_line_coding_received))
<BR>[Address Reference Count : 1]<UL><LI> lto-llvm-22260d.o(.text.udi_cdc_comm_setup)
</UL>
<P><STRONG><a name="[2ba]"></a>udi_cdc_rx_start</STRONG> (Thumb, 836 bytes, Stack size 64 bytes, lto-llvm-22260d.o(.text.udi_cdc_rx_start))
<BR><BR>[Stack]<UL><LI>Max Depth = 156 + In Cycle
<LI>Call Chain = udi_cdc_rx_start &rArr;  udi_cdc_rx_start (Cycle)
</UL>
<BR>[Calls]<UL><LI><a href="#[f6]">&gt;&gt;</a>&nbsp;&nbsp;&nbsp;__aeabi_memcpy
<LI><a href="#[2ba]">&gt;&gt;</a>&nbsp;&nbsp;&nbsp;udi_cdc_rx_start
<LI><a href="#[2b8]">&gt;&gt;</a>&nbsp;&nbsp;&nbsp;udd_ep_run
</UL>
<BR>[Called By]<UL><LI><a href="#[2ba]">&gt;&gt;</a>&nbsp;&nbsp;&nbsp;udi_cdc_rx_start
<LI><a href="#[d7]">&gt;&gt;</a>&nbsp;&nbsp;&nbsp;udi_cdc_data_received
<LI><a href="#[ec]">&gt;&gt;</a>&nbsp;&nbsp;&nbsp;udi_cdc_data_enable
</UL>

<P><STRONG><a name="[d8]"></a>udi_cdc_serial_state_msg_sent</STRONG> (Thumb, 86 bytes, Stack size 24 bytes, lto-llvm-22260d.o(.text.udi_cdc_serial_state_msg_sent))
<BR><BR>[Stack]<UL><LI>Max Depth = 116<LI>Call Chain = udi_cdc_serial_state_msg_sent &rArr; udd_ep_run &rArr; udd_ep_in_sent
</UL>
<BR>[Calls]<UL><LI><a href="#[2b8]">&gt;&gt;</a>&nbsp;&nbsp;&nbsp;udd_ep_run
</UL>
<BR>[Address Reference Count : 2]<UL><LI> lto-llvm-22260d.o(.text.usb_wrp_udc_write_buf)
<LI> lto-llvm-22260d.o(.text.udi_cdc_serial_state_msg_sent)
</UL>
<P><STRONG><a name="[2b9]"></a>udi_cdc_tx_send</STRONG> (Thumb, 266 bytes, Stack size 40 bytes, lto-llvm-22260d.o(.text.udi_cdc_tx_send))
<BR><BR>[Stack]<UL><LI>Max Depth = 132<LI>Call Chain = udi_cdc_tx_send &rArr; udd_ep_run &rArr; udd_ep_in_sent
</UL>
<BR>[Calls]<UL><LI><a href="#[2b8]">&gt;&gt;</a>&nbsp;&nbsp;&nbsp;udd_ep_run
</UL>
<BR>[Called By]<UL><LI><a href="#[ef]">&gt;&gt;</a>&nbsp;&nbsp;&nbsp;udi_cdc_data_sof_notify
<LI><a href="#[d9]">&gt;&gt;</a>&nbsp;&nbsp;&nbsp;udi_cdc_data_sent
<LI><a href="#[ec]">&gt;&gt;</a>&nbsp;&nbsp;&nbsp;udi_cdc_data_enable
</UL>

<P><STRONG><a name="[2ab]"></a>usb_wrp_udc_write_buf</STRONG> (Thumb, 570 bytes, Stack size 64 bytes, lto-llvm-22260d.o(.text.usb_wrp_udc_write_buf))
<BR><BR>[Stack]<UL><LI>Max Depth = 156<LI>Call Chain = usb_wrp_udc_write_buf &rArr; udd_ep_run &rArr; udd_ep_in_sent
</UL>
<BR>[Calls]<UL><LI><a href="#[f6]">&gt;&gt;</a>&nbsp;&nbsp;&nbsp;__aeabi_memcpy
<LI><a href="#[2b8]">&gt;&gt;</a>&nbsp;&nbsp;&nbsp;udd_ep_run
</UL>
<BR>[Called By]<UL><LI><a href="#[da]">&gt;&gt;</a>&nbsp;&nbsp;&nbsp;fputc
</UL>

<P><STRONG><a name="[25e]"></a>usi_send_cmd</STRONG> (Thumb, 1296 bytes, Stack size 56 bytes, lto-llvm-22260d.o(.text.usi_send_cmd))
<BR><BR>[Stack]<UL><LI>Max Depth = 244<LI>Call Chain = usi_send_cmd &rArr; puts &rArr; fputc &rArr; usb_wrp_udc_write_buf &rArr; udd_ep_run &rArr; udd_ep_in_sent
</UL>
<BR>[Calls]<UL><LI><a href="#[2b2]">&gt;&gt;</a>&nbsp;&nbsp;&nbsp;memchr
<LI><a href="#[f6]">&gt;&gt;</a>&nbsp;&nbsp;&nbsp;__aeabi_memcpy
<LI><a href="#[260]">&gt;&gt;</a>&nbsp;&nbsp;&nbsp;puts
<LI><a href="#[2b3]">&gt;&gt;</a>&nbsp;&nbsp;&nbsp;pcrc_calculate_crc
<LI><a href="#[2b4]">&gt;&gt;</a>&nbsp;&nbsp;&nbsp;_usi_prot_id2idx
<LI><a href="#[261]">&gt;&gt;</a>&nbsp;&nbsp;&nbsp;__2printf
</UL>
<BR>[Called By]<UL><LI><a href="#[9c]">&gt;&gt;</a>&nbsp;&nbsp;&nbsp;serial_if_g3mac_api_parser
<LI><a href="#[9d]">&gt;&gt;</a>&nbsp;&nbsp;&nbsp;serial_if_g3adp_api_parser
<LI><a href="#[9e]">&gt;&gt;</a>&nbsp;&nbsp;&nbsp;serial_if_coordinator_api_parser
<LI><a href="#[c9]">&gt;&gt;</a>&nbsp;&nbsp;&nbsp;MacNotification_StartConfirmRF
<LI><a href="#[d3]">&gt;&gt;</a>&nbsp;&nbsp;&nbsp;MacNotification_StartConfirm
<LI><a href="#[c5]">&gt;&gt;</a>&nbsp;&nbsp;&nbsp;MacNotification_SetConfirmRF
<LI><a href="#[cf]">&gt;&gt;</a>&nbsp;&nbsp;&nbsp;MacNotification_SetConfirm
<LI><a href="#[c8]">&gt;&gt;</a>&nbsp;&nbsp;&nbsp;MacNotification_ScanConfirmRF
<LI><a href="#[d2]">&gt;&gt;</a>&nbsp;&nbsp;&nbsp;MacNotification_ScanConfirm
<LI><a href="#[c6]">&gt;&gt;</a>&nbsp;&nbsp;&nbsp;MacNotification_ResetConfirmRF
<LI><a href="#[d0]">&gt;&gt;</a>&nbsp;&nbsp;&nbsp;MacNotification_ResetConfirm
<LI><a href="#[cb]">&gt;&gt;</a>&nbsp;&nbsp;&nbsp;MacNotification_MacSnifferIndicationRF
<LI><a href="#[d5]">&gt;&gt;</a>&nbsp;&nbsp;&nbsp;MacNotification_MacSnifferIndication
<LI><a href="#[c4]">&gt;&gt;</a>&nbsp;&nbsp;&nbsp;MacNotification_GetConfirmRF
<LI><a href="#[ce]">&gt;&gt;</a>&nbsp;&nbsp;&nbsp;MacNotification_GetConfirm
<LI><a href="#[c3]">&gt;&gt;</a>&nbsp;&nbsp;&nbsp;MacNotification_DataIndicationRF
<LI><a href="#[cd]">&gt;&gt;</a>&nbsp;&nbsp;&nbsp;MacNotification_DataIndication
<LI><a href="#[c2]">&gt;&gt;</a>&nbsp;&nbsp;&nbsp;MacNotification_DataConfirmRF
<LI><a href="#[cc]">&gt;&gt;</a>&nbsp;&nbsp;&nbsp;MacNotification_DataConfirm
<LI><a href="#[ca]">&gt;&gt;</a>&nbsp;&nbsp;&nbsp;MacNotification_CommStatusIndicationRF
<LI><a href="#[d4]">&gt;&gt;</a>&nbsp;&nbsp;&nbsp;MacNotification_CommStatusIndication
<LI><a href="#[c7]">&gt;&gt;</a>&nbsp;&nbsp;&nbsp;MacNotification_BeaconNotifyRF
<LI><a href="#[d1]">&gt;&gt;</a>&nbsp;&nbsp;&nbsp;MacNotification_BeaconNotify
<LI><a href="#[c0]">&gt;&gt;</a>&nbsp;&nbsp;&nbsp;BootstrapNotification_LeaveIndication
<LI><a href="#[bf]">&gt;&gt;</a>&nbsp;&nbsp;&nbsp;BootstrapNotification_JoinIndication
<LI><a href="#[b1]">&gt;&gt;</a>&nbsp;&nbsp;&nbsp;AppAdpNotification_RouteNotFoundIndication
<LI><a href="#[bb]">&gt;&gt;</a>&nbsp;&nbsp;&nbsp;AppAdpNotification_PREQIndication
<LI><a href="#[b4]">&gt;&gt;</a>&nbsp;&nbsp;&nbsp;AdpNotification_SetMacConfirm
<LI><a href="#[b3]">&gt;&gt;</a>&nbsp;&nbsp;&nbsp;AdpNotification_SetConfirm
<LI><a href="#[b7]">&gt;&gt;</a>&nbsp;&nbsp;&nbsp;AdpNotification_RouteDiscoveryConfirm
<LI><a href="#[b2]">&gt;&gt;</a>&nbsp;&nbsp;&nbsp;AdpNotification_ResetConfirm
<LI><a href="#[b8]">&gt;&gt;</a>&nbsp;&nbsp;&nbsp;AdpNotification_PathDiscoveryConfirm
<LI><a href="#[b9]">&gt;&gt;</a>&nbsp;&nbsp;&nbsp;AdpNotification_NetworkStatusIndication
<LI><a href="#[ab]">&gt;&gt;</a>&nbsp;&nbsp;&nbsp;AdpNotification_NetworkStartConfirm
<LI><a href="#[ad]">&gt;&gt;</a>&nbsp;&nbsp;&nbsp;AdpNotification_NetworkLeaveIndication
<LI><a href="#[ae]">&gt;&gt;</a>&nbsp;&nbsp;&nbsp;AdpNotification_NetworkLeaveConfirm
<LI><a href="#[ac]">&gt;&gt;</a>&nbsp;&nbsp;&nbsp;AdpNotification_NetworkJoinConfirm
<LI><a href="#[af]">&gt;&gt;</a>&nbsp;&nbsp;&nbsp;AdpNotification_LbpIndication.45
<LI><a href="#[be]">&gt;&gt;</a>&nbsp;&nbsp;&nbsp;AdpNotification_LbpIndication
<LI><a href="#[b0]">&gt;&gt;</a>&nbsp;&nbsp;&nbsp;AdpNotification_LbpConfirm.44
<LI><a href="#[bd]">&gt;&gt;</a>&nbsp;&nbsp;&nbsp;AdpNotification_LbpConfirm
<LI><a href="#[b6]">&gt;&gt;</a>&nbsp;&nbsp;&nbsp;AdpNotification_GetMacConfirm
<LI><a href="#[b5]">&gt;&gt;</a>&nbsp;&nbsp;&nbsp;AdpNotification_GetConfirm
<LI><a href="#[aa]">&gt;&gt;</a>&nbsp;&nbsp;&nbsp;AdpNotification_DiscoveryIndication
<LI><a href="#[a9]">&gt;&gt;</a>&nbsp;&nbsp;&nbsp;AdpNotification_DiscoveryConfirm
<LI><a href="#[a7]">&gt;&gt;</a>&nbsp;&nbsp;&nbsp;AdpNotification_DataConfirm
<LI><a href="#[ba]">&gt;&gt;</a>&nbsp;&nbsp;&nbsp;AdpNotification_BufferIndication
<LI><a href="#[a8]">&gt;&gt;</a>&nbsp;&nbsp;&nbsp;AdpNotification_AdpdDataIndication
</UL>
<P>
<H3>
Undefined Global Symbols
</H3><HR></body></html>
